******************************************************************************
                  TI ARM Linker PC v20.2.7                     
******************************************************************************
>> Linked Tue May 30 18:05:18 2023

OUTPUT FILE NAME:   <p2_CCS_ex2.out>
ENTRY POINT SYMBOL: "_c_int00_noargs"  address: 0000187d


MEMORY CONFIGURATION

         name            origin    length      used     unused   attr    fill
----------------------  --------  ---------  --------  --------  ----  --------
  FLASH                 00000000   00100000  00001dc8  000fe238  R  X
  SRAM                  20000000   00040000  0003e891  0000176f  RW X


SEGMENT ALLOCATION MAP

run origin  load origin   length   init length attrs members
----------  ----------- ---------- ----------- ----- -------
00000000    00000000    00001dc8   00001dc8    r-x
  00000000    00000000    00000200   00000200    r-- .intvecs
  00000200    00000200    000018cc   000018cc    r-x .text
  00001acc    00001acc    0000026c   0000026c    r-- .const
  00001d38    00001d38    00000090   00000090    r-- .cinit
20000000    20000000    0003e891   00000000    rw-
  20000000    20000000    0003c000   00000000    rw- .sysmem
  2003c000    2003c000    00002000   00000000    rw- .stack
  2003e000    2003e000    000006a8   00000000    rw- .bss
  2003e6a8    2003e6a8    000001e9   00000000    rw- .data


SECTION ALLOCATION MAP

 output                                  attributes/
section   page    origin      length       input sections
--------  ----  ----------  ----------   ----------------
.intvecs   0    00000000    00000200     
                  00000000    00000200     startup_ccs.obj (.intvecs)

.text      0    00000200    000018cc     
                  00000200    0000020c     pinout.obj (.text:PinoutSet)
                  0000040c    00000200     driverlib.lib : sysctl.obj (.text:SysCtlClockFreqSet)
                  0000060c    000001ee     uartstdio.obj (.text:UARTvprintf)
                  000007fa    00000132     driverlib.lib : gpio.obj (.text:GPIOPadConfigSet)
                  0000092c    0000011e     ucontext_asm.obj (.text)
                  00000a4a    00000002     startup_ccs.obj (.text:FaultISR)
                  00000a4c    00000100     rtsv7M4_T_le_v4SPD16_eabi.lib : memory.c.obj (.text:aligned_alloc)
                  00000b4c    000000e4                                   : memory.c.obj (.text:free)
                  00000c30    000000dc                                   : setvbuf.c.obj (.text:setvbuf)
                  00000d0c    000000a4     test_p2_ex2.obj (.text:task)
                  00000db0    000000a0     ppos_core.obj (.text:ppos_init)
                  00000e50    0000009c     rtsv7M4_T_le_v4SPD16_eabi.lib : memcpy_t2.asm.obj (.text)
                  00000eec    00000088     hello.obj (.text:main)
                  00000f74    00000080     ppos_core.obj (.text:task_create)
                  00000ff4    0000007a     rtsv7M4_T_le_v4SPD16_eabi.lib : memset_t2.asm.obj (.text)
                  0000106e    00000002     startup_ccs.obj (.text:IntDefaultHandler)
                  00001070    00000078     test_p2_ex2.obj (.text:BodyTask)
                  000010e8    00000074     rtsv7M4_T_le_v4SPD16_eabi.lib : fclose.c.obj (.text:__TI_closefile)
                  0000115c    00000070                                   : memory.c.obj (.text:split)
                  000011cc    0000006c                                   : hostrename.c.obj (.text:HOSTrename)
                  00001238    00000068                                   : hostlseek.c.obj (.text:HOSTlseek)
                  000012a0    00000068                                   : copy_decompress_lzss.c.obj (.text:decompress:lzss:__TI_decompress_lzss)
                  00001308    00000060                                   : hostopen.c.obj (.text:HOSTopen)
                  00001368    00000060     uartstdio.obj (.text:UARTStdioConfig)
                  000013c8    0000005c     hello.obj (.text:ConfigureUART)
                  00001424    0000005c     rtsv7M4_T_le_v4SPD16_eabi.lib : close.c.obj (.text:close)
                  00001480    00000058                                   : hostread.c.obj (.text:HOSTread)
                  000014d8    00000058                                   : hostwrite.c.obj (.text:HOSTwrite)
                  00001530    0000004c                                   : fflush.c.obj (.text:__TI_doflush)
                  0000157c    00000048     uartstdio.obj (.text:UARTwrite)
                  000015c4    00000048     driverlib.lib : sysctl.obj (.text:_SysCtlFrequencyGet)
                  0000160c    00000048     rtsv7M4_T_le_v4SPD16_eabi.lib : exit.c.obj (.text:exit)
                  00001654    00000044                                   : hostclose.c.obj (.text:HOSTclose)
                  00001698    00000044                                   : hostunlink.c.obj (.text:HOSTunlink)
                  000016dc    00000044                                   : autoinit.c.obj (.text:__TI_auto_init_nobinit_nopinit:__TI_auto_init_nobinit_nopinit)
                  00001720    00000044                                   : getdevice.c.obj (.text:getdevice)
                  00001764    00000040                                   : u_divt2.asm.obj (.text)
                  000017a4    00000038                                   : trgmsg.c.obj (.text:__TI_writemsg)
                  000017dc    00000036                                   : strncpy.c.obj (.text:strncpy)
                  00001812    00000002     startup_ccs.obj (.text:NmiSR)
                  00001814    00000034     rtsv7M4_T_le_v4SPD16_eabi.lib : fopen.c.obj (.text:__TI_cleanup)
                  00001848    00000034                                   : trgmsg.c.obj (.text:__TI_readmsg)
                  0000187c    00000034                                   : boot_cortex_m.c.obj (.text:_c_int00_noargs:_c_int00_noargs)
                  000018b0    00000030                                   : getdevice.c.obj (.text:finddevice)
                  000018e0    0000002c                                   : unlink.c.obj (.text:unlink)
                  0000190c    0000002a     driverlib.lib : gpio.obj (.text:GPIODirModeSet)
                  00001936    00000002     rtsv7M4_T_le_v4SPD16_eabi.lib : _lock.c.obj (.text:_nop)
                  00001938    00000028                                   : memory.c.obj (.text:free_list_insert)
                  00001960    00000028                                   : write.c.obj (.text:write)
                  00001988    00000020     driverlib.lib : sysctl.obj (.text:_SysCtlMemTimingGet)
                  000019a8    0000001c     rtsv7M4_T_le_v4SPD16_eabi.lib : memory.c.obj (.text:free_list_remove)
                  000019c4    0000001c     ppos_core.obj (.text:task_exit)
                  000019e0    0000001c     ppos_core.obj (.text:task_switch)
                  000019fc    0000001a     uartstdio.obj (.text:UARTprintf)
                  00001a16    00000018     rtsv7M4_T_le_v4SPD16_eabi.lib : strcmp.c.obj (.text:strcmp)
                  00001a2e    00000016                                   : strchr.c.obj (.text:strchr)
                  00001a44    00000014                                   : strcpy.c.obj (.text:strcpy)
                  00001a58    00000014                                   : strlen.c.obj (.text:strlen)
                  00001a6c    00000012     driverlib.lib : gpio.obj (.text:GPIOPinTypeEthernetLED)
                  00001a7e    0000000e     rtsv7M4_T_le_v4SPD16_eabi.lib : copy_decompress_none.c.obj (.text:decompress:none:__TI_decompress_none)
                  00001a8c    0000000c                                   : copy_zero_init.c.obj (.text:decompress:ZI:__TI_zero_init)
                  00001a98    0000000c     ppos_core.obj (.text:task_id)
                  00001aa4    0000000a     ucontext.obj (.text:makecontextMain)
                  00001aae    00000008     rtsv7M4_T_le_v4SPD16_eabi.lib : memory.c.obj (.text:malloc)
                  00001ab6    00000006     startup_ccs.obj (.text:ResetISR)
                  00001abc    00000006     ucontext.obj (.text:makecontext)
                  00001ac2    00000004     rtsv7M4_T_le_v4SPD16_eabi.lib : pre_init.c.obj (.text:_system_pre_init)
                  00001ac6    00000004                                   : exit.c.obj (.text:abort:abort)
                  00001aca    00000002                                   : div0.asm.obj (.text)

.const     0    00001acc    0000026c     
                  00001acc    000001b0     driverlib.lib : sysctl.obj (.const:g_pppui32XTALtoVCO)
                  00001c7c    0000006c                   : sysctl.obj (.const:g_pui32Xtals)
                  00001ce8    00000030                   : sysctl.obj (.const:g_sXTALtoMEMTIM)
                  00001d18    0000000c     uartstdio.obj (.const:g_ui32UARTBase)
                  00001d24    0000000c     uartstdio.obj (.const:g_ui32UARTPeriph)
                  00001d30    00000008     driverlib.lib : sysctl.obj (.const)

.cinit     0    00001d38    00000090     
                  00001d38    00000068     (.cinit..data.load) [load image, compression = lzss]
                  00001da0    0000000c     (__TI_handler_table)
                  00001dac    00000004     --HOLE-- [fill = 0]
                  00001db0    00000008     (.cinit..bss.load) [load image, compression = zero_init]
                  00001db8    00000010     (__TI_cinit_table)

.init_array 
*          0    00000000    00000000     UNINITIALIZED

.sysmem    0    20000000    0003c000     UNINITIALIZED
                  20000000    00000010     rtsv7M4_T_le_v4SPD16_eabi.lib : memory.c.obj (.sysmem)
                  20000010    0003bff0     --HOLE--

.stack     0    2003c000    00002000     UNINITIALIZED
                  2003c000    00000004     rtsv7M4_T_le_v4SPD16_eabi.lib : boot_cortex_m.c.obj (.stack)
                  2003c004    00001ffc     --HOLE--

.bss       0    2003e000    000006a8     UNINITIALIZED
                  2003e000    000004d0     (.common:task_2)
                  2003e4d0    00000120     rtsv7M4_T_le_v4SPD16_eabi.lib : trgmsg.c.obj (.bss:_CIOBUF_)
                  2003e5f0    000000a0     (.common:__TI_tmpnams)
                  2003e690    00000008     (.common:parmbuf)
                  2003e698    00000004     (.common:g_ui32SysClock)
                  2003e69c    00000004     (.common:taskAtual)
                  2003e6a0    00000004     (.common:taskID)
                  2003e6a4    00000004     (.common:taskMain)

.data      0    2003e6a8    000001e9     UNINITIALIZED
                  2003e6a8    000000f0     rtsv7M4_T_le_v4SPD16_eabi.lib : defs.c.obj (.data:_ftable)
                  2003e798    00000078                                   : host_device.c.obj (.data:_device)
                  2003e810    00000050                                   : host_device.c.obj (.data:_stream)
                  2003e860    00000010                                   : defs.c.obj (.data)
                  2003e870    0000000c                                   : exit.c.obj (.data:$O1$$)
                  2003e87c    00000008                                   : _lock.c.obj (.data:$O1$$)
                  2003e884    00000008                                   : memory.c.obj (.data:$O1$$)
                  2003e88c    00000005     uartstdio.obj (.data)

__llvm_prf_cnts 
*          0    20000000    00000000     UNINITIALIZED

MODULE SUMMARY

       Module                       code   ro data   rw data
       ------                       ----   -------   -------
    .\
       test_p2_ex2.obj              284    0         1232   
       startup_ccs.obj              12     512       0      
       ppos_core.obj                356    0         12     
       ucontext_asm.obj             286    0         0      
       hello.obj                    228    0         4      
       ucontext.obj                 16     0         0      
    +--+----------------------------+------+---------+---------+
       Total:                       1182   512       1248   
                                                            
    .\drivers\
       pinout.obj                   524    0         0      
    +--+----------------------------+------+---------+---------+
       Total:                       524    0         0      
                                                            
    .\utils\
       uartstdio.obj                688    24        5      
    +--+----------------------------+------+---------+---------+
       Total:                       688    24        5      
                                                            
    C:/ti/tivaware_c_series_2_1_4_178/driverlib/ccs/Debug/driverlib.lib
       sysctl.obj                   616    596       0      
       gpio.obj                     366    0         0      
    +--+----------------------------+------+---------+---------+
       Total:                       982    596       0      
                                                            
    D:\CCS\ccs\tools\compiler\ti-cgt-arm_20.2.7.LTS\lib\rtsv7M4_T_le_v4SPD16_eabi.lib
       memory.c.obj                 672    0         8      
       defs.c.obj                   0      0         416    
       trgmsg.c.obj                 108    0         288    
       setvbuf.c.obj                220    0         0      
       host_device.c.obj            0      0         200    
       memcpy_t2.asm.obj            156    0         0      
       memset_t2.asm.obj            122    0         0      
       fclose.c.obj                 116    0         0      
       getdevice.c.obj              116    0         0      
       hostrename.c.obj             108    0         0      
       copy_decompress_lzss.c.obj   104    0         0      
       hostlseek.c.obj              104    0         0      
       hostopen.c.obj               96     0         8      
       close.c.obj                  92     0         0      
       exit.c.obj                   76     0         12     
       hostread.c.obj               88     0         0      
       hostwrite.c.obj              88     0         0      
       fflush.c.obj                 76     0         0      
       autoinit.c.obj               68     0         0      
       hostclose.c.obj              68     0         0      
       hostunlink.c.obj             68     0         0      
       u_divt2.asm.obj              64     0         0      
       strncpy.c.obj                54     0         0      
       boot_cortex_m.c.obj          52     0         0      
       fopen.c.obj                  52     0         0      
       unlink.c.obj                 44     0         0      
       write.c.obj                  40     0         0      
       strcmp.c.obj                 24     0         0      
       strchr.c.obj                 22     0         0      
       strcpy.c.obj                 20     0         0      
       strlen.c.obj                 20     0         0      
       copy_decompress_none.c.obj   14     0         0      
       copy_zero_init.c.obj         12     0         0      
       _lock.c.obj                  2      0         8      
       pre_init.c.obj               4      0         0      
       div0.asm.obj                 2      0         0      
    +--+----------------------------+------+---------+---------+
       Total:                       2972   0         940    
                                                            
       Heap:                        0      0         245760 
       Stack:                       0      0         8192   
       Linker Generated:            0      140       0      
    +--+----------------------------+------+---------+---------+
       Grand Total:                 6348   1272      256145 


LINKER GENERATED COPY TABLES

__TI_cinit_table @ 00001db8 records: 2, size/record: 8, table size: 16
	.data: load addr=00001d38, load size=00000068 bytes, run addr=2003e6a8, run size=000001e9 bytes, compression=lzss
	.bss: load addr=00001db0, load size=00000008 bytes, run addr=2003e000, run size=000006a8 bytes, compression=zero_init


LINKER GENERATED HANDLER TABLE

__TI_handler_table @ 00001da0 records: 3, size/record: 4, table size: 12
	index: 0, handler: __TI_decompress_lzss
	index: 1, handler: __TI_decompress_none
	index: 2, handler: __TI_zero_init


GLOBAL SYMBOLS: SORTED ALPHABETICALLY BY Name 

address   name                           
-------   ----                           
00001071  BodyTask                       
00001ac7  C$$EXIT                        
000017d3  C$$IO$$                        
000013c9  ConfigureUART                  
0000190d  GPIODirModeSet                 
000007fb  GPIOPadConfigSet               
00001a6d  GPIOPinTypeEthernetLED         
00001655  HOSTclose                      
00001239  HOSTlseek                      
00001309  HOSTopen                       
00001481  HOSTread                       
000011cd  HOSTrename                     
00001699  HOSTunlink                     
000014d9  HOSTwrite                      
00000201  PinoutSet                      
00001ab7  ResetISR                       
0000040d  SysCtlClockFreqSet             
00001369  UARTStdioConfig                
000019fd  UARTprintf                     
0000060d  UARTvprintf                    
0000157d  UARTwrite                      
2003e4d0  __CIOBUF_                      
2003e000  __STACK_END                    
00002000  __STACK_SIZE                   
2003c200  __STACK_TOP                    
0003c000  __SYSMEM_SIZE                  
00001db8  __TI_CINIT_Base                
00001dc8  __TI_CINIT_Limit               
00001da0  __TI_Handler_Table_Base        
00001dac  __TI_Handler_Table_Limit       
000016dd  __TI_auto_init_nobinit_nopinit 
00001815  __TI_cleanup                   
2003e870  __TI_cleanup_ptr               
000010e9  __TI_closefile                 
000012a1  __TI_decompress_lzss           
00001a7f  __TI_decompress_none           
00001531  __TI_doflush                   
2003e874  __TI_dtors_ptr                 
2003e878  __TI_enable_exit_profile_output
2003e860  __TI_ft_end                    
ffffffff  __TI_pprof_out_hndl            
ffffffff  __TI_prof_data_size            
ffffffff  __TI_prof_data_start           
00001849  __TI_readmsg                   
00000000  __TI_static_base__             
2003e5f0  __TI_tmpnams                   
000017a5  __TI_writemsg                  
00001a8d  __TI_zero_init                 
00001acb  __aeabi_idiv0                  
00001acb  __aeabi_ldiv0                  
00000ff5  __aeabi_memclr                 
00000ff5  __aeabi_memclr4                
00000ff5  __aeabi_memclr8                
00000e51  __aeabi_memcpy                 
00000e51  __aeabi_memcpy4                
00000e51  __aeabi_memcpy8                
00000ff7  __aeabi_memset                 
00000ff7  __aeabi_memset4                
00000ff7  __aeabi_memset8                
2003e86c  __aeabi_stderr                 
2003e864  __aeabi_stdin                  
2003e868  __aeabi_stdout                 
00001765  __aeabi_uidiv                  
00001765  __aeabi_uidivmod               
ffffffff  __binit__                      
ffffffff  __c_args__                     
UNDEFED   __mpu_init                     
2003c000  __stack                        
20000000  __start___llvm_prf_cnts        
20000000  __stop___llvm_prf_cnts         
0000187d  _c_int00_noargs                
2003e798  _device                        
2003e6a8  _ftable                        
2003e87c  _lock                          
00001937  _nop                           
2003e810  _stream                        
20000000  _sys_memory                    
UNDEFED   _system_post_cinit             
00001ac3  _system_pre_init               
2003e880  _unlock                        
00001ac7  abort                          
00000a4d  aligned_alloc                  
ffffffff  binit                          
00001425  close                          
0000160d  exit                           
000018b1  finddevice                     
00000b4d  free                           
00000000  g_pfnVectors                   
2003e698  g_ui32SysClock                 
0000092d  get_context_asm                
00001721  getdevice                      
00000eed  main                           
00001abd  makecontext                    
00001aa5  makecontextMain                
00001aaf  malloc                         
00000a4d  memalign                       
00000e51  memcpy                         
00000ffd  memset                         
2003e690  parmbuf                        
00000db1  ppos_init                      
000018e1  remove                         
00000973  set_context_asm                
00000c31  setvbuf                        
00001a2f  strchr                         
00001a17  strcmp                         
00001a45  strcpy                         
00001a59  strlen                         
000017dd  strncpy                        
000009bd  swap_context_asm               
00000d0d  task                           
2003e69c  taskAtual                      
2003e6a0  taskID                         
2003e6a4  taskMain                       
2003e000  task_2                         
00000f75  task_create                    
000019c5  task_exit                      
00001a99  task_id                        
000019e1  task_switch                    
000018e1  unlink                         
00001961  write                          


GLOBAL SYMBOLS: SORTED BY Symbol Address 

address   name                           
-------   ----                           
00000000  __TI_static_base__             
00000000  g_pfnVectors                   
00000201  PinoutSet                      
0000040d  SysCtlClockFreqSet             
0000060d  UARTvprintf                    
000007fb  GPIOPadConfigSet               
0000092d  get_context_asm                
00000973  set_context_asm                
000009bd  swap_context_asm               
00000a4d  aligned_alloc                  
00000a4d  memalign                       
00000b4d  free                           
00000c31  setvbuf                        
00000d0d  task                           
00000db1  ppos_init                      
00000e51  __aeabi_memcpy                 
00000e51  __aeabi_memcpy4                
00000e51  __aeabi_memcpy8                
00000e51  memcpy                         
00000eed  main                           
00000f75  task_create                    
00000ff5  __aeabi_memclr                 
00000ff5  __aeabi_memclr4                
00000ff5  __aeabi_memclr8                
00000ff7  __aeabi_memset                 
00000ff7  __aeabi_memset4                
00000ff7  __aeabi_memset8                
00000ffd  memset                         
00001071  BodyTask                       
000010e9  __TI_closefile                 
000011cd  HOSTrename                     
00001239  HOSTlseek                      
000012a1  __TI_decompress_lzss           
00001309  HOSTopen                       
00001369  UARTStdioConfig                
000013c9  ConfigureUART                  
00001425  close                          
00001481  HOSTread                       
000014d9  HOSTwrite                      
00001531  __TI_doflush                   
0000157d  UARTwrite                      
0000160d  exit                           
00001655  HOSTclose                      
00001699  HOSTunlink                     
000016dd  __TI_auto_init_nobinit_nopinit 
00001721  getdevice                      
00001765  __aeabi_uidiv                  
00001765  __aeabi_uidivmod               
000017a5  __TI_writemsg                  
000017d3  C$$IO$$                        
000017dd  strncpy                        
00001815  __TI_cleanup                   
00001849  __TI_readmsg                   
0000187d  _c_int00_noargs                
000018b1  finddevice                     
000018e1  remove                         
000018e1  unlink                         
0000190d  GPIODirModeSet                 
00001937  _nop                           
00001961  write                          
000019c5  task_exit                      
000019e1  task_switch                    
000019fd  UARTprintf                     
00001a17  strcmp                         
00001a2f  strchr                         
00001a45  strcpy                         
00001a59  strlen                         
00001a6d  GPIOPinTypeEthernetLED         
00001a7f  __TI_decompress_none           
00001a8d  __TI_zero_init                 
00001a99  task_id                        
00001aa5  makecontextMain                
00001aaf  malloc                         
00001ab7  ResetISR                       
00001abd  makecontext                    
00001ac3  _system_pre_init               
00001ac7  C$$EXIT                        
00001ac7  abort                          
00001acb  __aeabi_idiv0                  
00001acb  __aeabi_ldiv0                  
00001da0  __TI_Handler_Table_Base        
00001dac  __TI_Handler_Table_Limit       
00001db8  __TI_CINIT_Base                
00001dc8  __TI_CINIT_Limit               
00002000  __STACK_SIZE                   
0003c000  __SYSMEM_SIZE                  
20000000  __start___llvm_prf_cnts        
20000000  __stop___llvm_prf_cnts         
20000000  _sys_memory                    
2003c000  __stack                        
2003c200  __STACK_TOP                    
2003e000  __STACK_END                    
2003e000  task_2                         
2003e4d0  __CIOBUF_                      
2003e5f0  __TI_tmpnams                   
2003e690  parmbuf                        
2003e698  g_ui32SysClock                 
2003e69c  taskAtual                      
2003e6a0  taskID                         
2003e6a4  taskMain                       
2003e6a8  _ftable                        
2003e798  _device                        
2003e810  _stream                        
2003e860  __TI_ft_end                    
2003e864  __aeabi_stdin                  
2003e868  __aeabi_stdout                 
2003e86c  __aeabi_stderr                 
2003e870  __TI_cleanup_ptr               
2003e874  __TI_dtors_ptr                 
2003e878  __TI_enable_exit_profile_output
2003e87c  _lock                          
2003e880  _unlock                        
ffffffff  __TI_pprof_out_hndl            
ffffffff  __TI_prof_data_size            
ffffffff  __TI_prof_data_start           
ffffffff  __binit__                      
ffffffff  __c_args__                     
ffffffff  binit                          
UNDEFED   __mpu_init                     
UNDEFED   _system_post_cinit             

[120 symbols]
