Component: ARM Compiler 5.06 update 7 (build 960) Tool: armlink [4d3601]

==============================================================================

Section Cross References

    main.o(i.I2C0_config) refers to sysctl.o(i.SysCtlPeripheralEnable) for SysCtlPeripheralEnable
    main.o(i.I2C0_config) refers to sysctl.o(i.SysCtlPeripheralReady) for SysCtlPeripheralReady
    main.o(i.I2C0_config) refers to gpio.o(i.GPIOPinConfigure) for GPIOPinConfigure
    main.o(i.I2C0_config) refers to gpio.o(i.GPIOPinTypeI2CSCL) for GPIOPinTypeI2CSCL
    main.o(i.I2C0_config) refers to gpio.o(i.GPIOPinTypeI2C) for GPIOPinTypeI2C
    main.o(i.I2C0_config) refers to sysctl.o(i.SysCtlClockGet) for SysCtlClockGet
    main.o(i.I2C0_config) refers to i2c.o(i.I2CMasterInitExpClk) for I2CMasterInitExpClk
    main.o(i.I2C0_sendMultipleBytes) refers to i2c.o(i.I2CMasterSlaveAddrSet) for I2CMasterSlaveAddrSet
    main.o(i.I2C0_sendMultipleBytes) refers to i2c.o(i.I2CMasterDataPut) for I2CMasterDataPut
    main.o(i.I2C0_sendMultipleBytes) refers to i2c.o(i.I2CMasterControl) for I2CMasterControl
    main.o(i.I2C0_sendMultipleBytes) refers to i2c.o(i.I2CMasterBusy) for I2CMasterBusy
    main.o(i.I2C0_sendSingleByte) refers to i2c.o(i.I2CMasterSlaveAddrSet) for I2CMasterSlaveAddrSet
    main.o(i.I2C0_sendSingleByte) refers to i2c.o(i.I2CMasterDataPut) for I2CMasterDataPut
    main.o(i.I2C0_sendSingleByte) refers to i2c.o(i.I2CMasterControl) for I2CMasterControl
    main.o(i.I2C0_sendSingleByte) refers to i2c.o(i.I2CMasterBusy) for I2CMasterBusy
    main.o(i.I2C7_config) refers to sysctl.o(i.SysCtlPeripheralEnable) for SysCtlPeripheralEnable
    main.o(i.I2C7_config) refers to sysctl.o(i.SysCtlPeripheralReady) for SysCtlPeripheralReady
    main.o(i.I2C7_config) refers to gpio.o(i.GPIOPinConfigure) for GPIOPinConfigure
    main.o(i.I2C7_config) refers to gpio.o(i.GPIOPinTypeI2CSCL) for GPIOPinTypeI2CSCL
    main.o(i.I2C7_config) refers to gpio.o(i.GPIOPinTypeI2C) for GPIOPinTypeI2C
    main.o(i.I2C7_config) refers to sysctl.o(i.SysCtlClockGet) for SysCtlClockGet
    main.o(i.I2C7_config) refers to i2c.o(i.I2CMasterInitExpClk) for I2CMasterInitExpClk
    main.o(i.I2C7_sendMultipleBytes) refers to i2c.o(i.I2CMasterSlaveAddrSet) for I2CMasterSlaveAddrSet
    main.o(i.I2C7_sendMultipleBytes) refers to i2c.o(i.I2CMasterDataPut) for I2CMasterDataPut
    main.o(i.I2C7_sendMultipleBytes) refers to i2c.o(i.I2CMasterControl) for I2CMasterControl
    main.o(i.I2C7_sendMultipleBytes) refers to i2c.o(i.I2CMasterBusy) for I2CMasterBusy
    main.o(i.I2C7_sendSingleByte) refers to i2c.o(i.I2CMasterSlaveAddrSet) for I2CMasterSlaveAddrSet
    main.o(i.I2C7_sendSingleByte) refers to i2c.o(i.I2CMasterDataPut) for I2CMasterDataPut
    main.o(i.I2C7_sendSingleByte) refers to i2c.o(i.I2CMasterControl) for I2CMasterControl
    main.o(i.I2C7_sendSingleByte) refers to i2c.o(i.I2CMasterBusy) for I2CMasterBusy
    main.o(i.PortL_config) refers to sysctl.o(i.SysCtlPeripheralEnable) for SysCtlPeripheralEnable
    main.o(i.PortL_config) refers to sysctl.o(i.SysCtlPeripheralReady) for SysCtlPeripheralReady
    main.o(i.PortL_config) refers to gpio.o(i.GPIOPinTypeGPIOInput) for GPIOPinTypeGPIOInput
    main.o(i.PortL_config) refers to gpio.o(i.GPIOPadConfigSet) for GPIOPadConfigSet
    main.o(i.PortM_config) refers to sysctl.o(i.SysCtlPeripheralEnable) for SysCtlPeripheralEnable
    main.o(i.PortM_config) refers to sysctl.o(i.SysCtlPeripheralReady) for SysCtlPeripheralReady
    main.o(i.PortM_config) refers to gpio.o(i.GPIOPinTypeGPIOOutput) for GPIOPinTypeGPIOOutput
    main.o(i.RelesTela) refers to ssd1306.o(i.SSD1306_I2C0_cls) for SSD1306_I2C0_cls
    main.o(i.RelesTela) refers to ssd1306.o(i.SSD1306_I2C0_DrawBitmap) for SSD1306_I2C0_DrawBitmap
    main.o(i.RelesTela) refers to ssd1306.o(i.SSD1306_I2C0_UpdateScreen) for SSD1306_I2C0_UpdateScreen
    main.o(i.RelesTela) refers to main.o(.data) for rele1
    main.o(i.RelesTela) refers to main.o(.constdata) for Rele1
    main.o(i.SetupSystick) refers to systick.o(i.SysTickDisable) for SysTickDisable
    main.o(i.SetupSystick) refers to systick.o(i.SysTickPeriodSet) for SysTickPeriodSet
    main.o(i.SetupSystick) refers to systick.o(i.SysTickIntRegister) for SysTickIntRegister
    main.o(i.SetupSystick) refers to systick.o(i.SysTickIntEnable) for SysTickIntEnable
    main.o(i.SetupSystick) refers to systick.o(i.SysTickEnable) for SysTickEnable
    main.o(i.SetupSystick) refers to main.o(.data) for SysTicks1ms
    main.o(i.SetupSystick) refers to main.o(i.SysTickIntHandler) for SysTickIntHandler
    main.o(i.SetupUart) refers to sysctl.o(i.SysCtlPeripheralEnable) for SysCtlPeripheralEnable
    main.o(i.SetupUart) refers to sysctl.o(i.SysCtlPeripheralReady) for SysCtlPeripheralReady
    main.o(i.SetupUart) refers to uart.o(i.UARTConfigSetExpClk) for UARTConfigSetExpClk
    main.o(i.SetupUart) refers to uart.o(i.UARTFIFODisable) for UARTFIFODisable
[...]
    libinit.o(.ARM.Collect$$libinit$$00000000) refers (Special) to libinit2.o(.ARM.Collect$$libinit$$00000032) for __rt_lib_init_cpp_1
    libinit.o(.ARM.Collect$$libinit$$00000000) refers (Special) to libinit2.o(.ARM.Collect$$libinit$$00000030) for __rt_lib_init_exceptions_1
    libinit.o(.ARM.Collect$$libinit$$00000000) refers (Special) to libinit2.o(.ARM.Collect$$libinit$$00000001) for __rt_lib_init_fp_1
    libinit.o(.ARM.Collect$$libinit$$00000000) refers (Special) to libinit2.o(.ARM.Collect$$libinit$$0000001F) for __rt_lib_init_fp_trap_1
    libinit.o(.ARM.Collect$$libinit$$00000000) refers (Special) to libinit2.o(.ARM.Collect$$libinit$$00000023) for __rt_lib_init_getenv_1
    libinit.o(.ARM.Collect$$libinit$$00000000) refers (Special) to libinit2.o(.ARM.Collect$$libinit$$0000000A) for __rt_lib_init_heap_1
    libinit.o(.ARM.Collect$$libinit$$00000000) refers (Special) to libinit2.o(.ARM.Collect$$libinit$$00000011) for __rt_lib_init_lc_collate_1
    libinit.o(.ARM.Collect$$libinit$$00000000) refers (Special) to libinit2.o(.ARM.Collect$$libinit$$00000013) for __rt_lib_init_lc_ctype_1
    libinit.o(.ARM.Collect$$libinit$$00000000) refers (Special) to libinit2.o(.ARM.Collect$$libinit$$00000015) for __rt_lib_init_lc_monetary_1
    libinit.o(.ARM.Collect$$libinit$$00000000) refers (Special) to libinit2.o(.ARM.Collect$$libinit$$00000017) for __rt_lib_init_lc_numeric_1
    libinit.o(.ARM.Collect$$libinit$$00000000) refers (Special) to libinit2.o(.ARM.Collect$$libinit$$00000019) for __rt_lib_init_lc_time_1
    libinit.o(.ARM.Collect$$libinit$$00000000) refers (Special) to libinit2.o(.ARM.Collect$$libinit$$00000004) for __rt_lib_init_preinit_1
    libinit.o(.ARM.Collect$$libinit$$00000000) refers (Special) to libinit2.o(.ARM.Collect$$libinit$$0000000E) for __rt_lib_init_rand_1
    libinit.o(.ARM.Collect$$libinit$$00000000) refers (Special) to libinit2.o(.ARM.Collect$$libinit$$00000033) for __rt_lib_init_return
    libinit.o(.ARM.Collect$$libinit$$00000000) refers (Special) to libinit2.o(.ARM.Collect$$libinit$$0000001D) for __rt_lib_init_signal_1
    libinit.o(.ARM.Collect$$libinit$$00000000) refers (Special) to libinit2.o(.ARM.Collect$$libinit$$00000025) for __rt_lib_init_stdio_1
    libinit.o(.ARM.Collect$$libinit$$00000000) refers (Special) to libinit2.o(.ARM.Collect$$libinit$$0000000C) for __rt_lib_init_user_alloc_1
    libspace.o(.text) refers to libspace.o(.bss) for __libspace_start
    rtexit.o(.ARM.Collect$$rtexit$$00000000) refers (Special) to rtexit2.o(.ARM.Collect$$rtexit$$00000004) for __rt_exit_exit
    rtexit.o(.ARM.Collect$$rtexit$$00000000) refers (Special) to rtexit2.o(.ARM.Collect$$rtexit$$00000003) for __rt_exit_ls
    rtexit.o(.ARM.Collect$$rtexit$$00000000) refers (Special) to rtexit2.o(.ARM.Collect$$rtexit$$00000002) for __rt_exit_prels_1
    rtexit.o(.ARM.exidx) refers (Special) to rtexit2.o(.ARM.Collect$$rtexit$$00000004) for __rt_exit_exit
    rtexit.o(.ARM.exidx) refers (Special) to rtexit2.o(.ARM.Collect$$rtexit$$00000003) for __rt_exit_ls
    rtexit.o(.ARM.exidx) refers (Special) to rtexit2.o(.ARM.Collect$$rtexit$$00000002) for __rt_exit_prels_1
    rtexit.o(.ARM.exidx) refers to rtexit.o(.ARM.Collect$$rtexit$$00000000) for .ARM.Collect$$rtexit$$00000000
    libinit2.o(.ARM.Collect$$libinit$$00000001) refers to fpinit.o(x$fpl$fpinit) for _fp_init
    libinit2.o(.ARM.Collect$$libinit$$00000010) refers to libinit2.o(.ARM.Collect$$libinit$$0000000F) for .ARM.Collect$$libinit$$0000000F
    libinit2.o(.ARM.Collect$$libinit$$00000012) refers to libinit2.o(.ARM.Collect$$libinit$$0000000F) for .ARM.Collect$$libinit$$0000000F
    libinit2.o(.ARM.Collect$$libinit$$00000014) refers to libinit2.o(.ARM.Collect$$libinit$$0000000F) for .ARM.Collect$$libinit$$0000000F
    libinit2.o(.ARM.Collect$$libinit$$00000016) refers to libinit2.o(.ARM.Collect$$libinit$$0000000F) for .ARM.Collect$$libinit$$0000000F
    libinit2.o(.ARM.Collect$$libinit$$00000018) refers to libinit2.o(.ARM.Collect$$libinit$$0000000F) for .ARM.Collect$$libinit$$0000000F
    libinit2.o(.ARM.Collect$$libinit$$00000026) refers to argv_veneer.o(.emb_text) for __ARM_argv_veneer
    libinit2.o(.ARM.Collect$$libinit$$00000027) refers to argv_veneer.o(.emb_text) for __ARM_argv_veneer
    rtexit2.o(.ARM.Collect$$rtexit$$00000003) refers to libshutdown.o(.ARM.Collect$$libshutdown$$00000000) for __rt_lib_shutdown
    rtexit2.o(.ARM.Collect$$rtexit$$00000004) refers to sys_exit.o(.text) for _sys_exit
    rtexit2.o(.ARM.exidx) refers to rtexit2.o(.ARM.Collect$$rtexit$$00000001) for .ARM.Collect$$rtexit$$00000001
    rtexit2.o(.ARM.exidx) refers to rtexit2.o(.ARM.Collect$$rtexit$$00000003) for .ARM.Collect$$rtexit$$00000003
    rtexit2.o(.ARM.exidx) refers to rtexit2.o(.ARM.Collect$$rtexit$$00000004) for .ARM.Collect$$rtexit$$00000004
    argv_veneer.o(.emb_text) refers to no_argv.o(.text) for __ARM_get_argv
    sys_exit.o(.text) refers (Special) to use_no_semi.o(.text) for __I$use$semihosting
    sys_exit.o(.text) refers (Special) to indicate_semi.o(.text) for __semihosting_library_function
    _get_argv_nomalloc.o(.text) refers (Special) to hrguard.o(.text) for __heap_region$guard
    _get_argv_nomalloc.o(.text) refers to defsig_rtmem_outer.o(.text) for __rt_SIGRTMEM
    _get_argv_nomalloc.o(.text) refers to sys_command.o(.text) for _sys_command_string
    libshutdown.o(.ARM.Collect$$libshutdown$$00000000) refers (Special) to libshutdown2.o(.ARM.Collect$$libshutdown$$00000004) for __rt_lib_shutdown_cpp_1
    libshutdown.o(.ARM.Collect$$libshutdown$$00000000) refers (Special) to libshutdown2.o(.ARM.Collect$$libshutdown$$00000002) for __rt_lib_shutdown_fini_1
    libshutdown.o(.ARM.Collect$$libshutdown$$00000000) refers (Special) to libshutdown2.o(.ARM.Collect$$libshutdown$$00000009) for __rt_lib_shutdown_fp_trap_1
    libshutdown.o(.ARM.Collect$$libshutdown$$00000000) refers (Special) to libshutdown2.o(.ARM.Collect$$libshutdown$$00000011) for __rt_lib_shutdown_heap_1
    libshutdown.o(.ARM.Collect$$libshutdown$$00000000) refers (Special) to libshutdown2.o(.ARM.Collect$$libshutdown$$00000012) for __rt_lib_shutdown_return
    libshutdown.o(.ARM.Collect$$libshutdown$$00000000) refers (Special) to libshutdown2.o(.ARM.Collect$$libshutdown$$0000000C) for __rt_lib_shutdown_signal_1
    libshutdown.o(.ARM.Collect$$libshutdown$$00000000) refers (Special) to libshutdown2.o(.ARM.Collect$$libshutdown$$00000006) for __rt_lib_shutdown_stdio_1
    libshutdown.o(.ARM.Collect$$libshutdown$$00000000) refers (Special) to libshutdown2.o(.ARM.Collect$$libshutdown$$0000000E) for __rt_lib_shutdown_user_alloc_1
    sys_command.o(.text) refers (Special) to use_no_semi.o(.text) for __I$use$semihosting
    sys_command.o(.text) refers (Special) to indicate_semi.o(.text) for __semihosting_library_function
    defsig_rtmem_outer.o(.text) refers to defsig_rtmem_inner.o(.text) for __rt_SIGRTMEM_inner
    defsig_rtmem_outer.o(.text) refers to defsig_exit.o(.text) for __sig_exit
    defsig_rtmem_formal.o(.text) refers to rt_raise.o(.text) for __rt_raise
    rt_raise.o(.text) refers to __raise.o(.text) for __raise
    rt_raise.o(.text) refers to sys_exit.o(.text) for _sys_exit
    defsig_exit.o(.text) refers to sys_exit.o(.text) for _sys_exit
    defsig_rtmem_inner.o(.text) refers to defsig_general.o(.text) for __default_signal_display
    __raise.o(.text) refers to defsig.o(CL$$defsig) for __default_signal_handler
    defsig_general.o(.text) refers to sys_wrch.o(.text) for _ttywrch
    sys_wrch.o(.text) refers (Special) to use_no_semi.o(.text) for __I$use$semihosting
    sys_wrch.o(.text) refers (Special) to indicate_semi.o(.text) for __semihosting_library_function
    defsig.o(CL$$defsig) refers to defsig_rtmem_inner.o(.text) for __rt_SIGRTMEM_inner
    defsig_abrt_inner.o(.text) refers to defsig_general.o(.text) for __default_signal_display
    defsig_fpe_inner.o(.text) refers to defsig_general.o(.text) for __default_signal_display
    defsig_rtred_inner.o(.text) refers to defsig_general.o(.text) for __default_signal_display
    defsig_stak_inner.o(.text) refers to defsig_general.o(.text) for __default_signal_display
    defsig_pvfn_inner.o(.text) refers to defsig_general.o(.text) for __default_signal_display
    defsig_cppl_inner.o(.text) refers to defsig_general.o(.text) for __default_signal_display
    defsig_segv_inner.o(.text) refers to defsig_general.o(.text) for __default_signal_display
    defsig_other.o(.text) refers to defsig_general.o(.text) for __default_signal_display


==============================================================================

Removing Unused input sections from the image.

    Removing main.o(i.I2C0_sendSingleByte), (52 bytes).
    Removing main.o(i.I2C7_sendSingleByte), (52 bytes).
    Removing ssd1306.o(i.OLED0_clearDisplay), (42 bytes).
    Removing ssd1306.o(i.OLED0_displayOff), (10 bytes).
    Removing ssd1306.o(i.OLED0_displayOn), (10 bytes).
    Removing ssd1306.o(i.OLED0_resetDisplay), (16 bytes).
    Removing ssd1306.o(i.OLED0_sendChar), (32 bytes).
    Removing ssd1306.o(i.OLED0_sendCharXY), (72 bytes).
    Removing ssd1306.o(i.OLED0_sendCharXYI), (228 bytes).
    Removing ssd1306.o(i.OLED0_sendStrXY), (38 bytes).
    Removing ssd1306.o(i.OLED0_sendStrXYI), (38 bytes).
    Removing ssd1306.o(i.OLED0_setColAddress), (22 bytes).
    Removing ssd1306.o(i.OLED0_setPageAddress), (22 bytes).
    Removing ssd1306.o(i.OLED0_setXY), (40 bytes).
    Removing ssd1306.o(i.OLED7_data), (32 bytes).
    Removing ssd1306.o(i.OLED7_displayOff), (10 bytes).
    Removing ssd1306.o(i.OLED7_displayOn), (10 bytes).
    Removing ssd1306.o(i.OLED7_resetDisplay), (16 bytes).
    Removing ssd1306.o(i.OLED7_sendCharXY), (72 bytes).
    Removing ssd1306.o(i.OLED7_sendStrXY), (38 bytes).
    Removing ssd1306.o(i.OLED7_setColAddress), (22 bytes).
    Removing ssd1306.o(i.OLED7_setPageAddress), (22 bytes).
    Removing gpio.o(i.GPIOADCTriggerDisable), (14 bytes).
    Removing gpio.o(i.GPIOADCTriggerEnable), (12 bytes).
    Removing gpio.o(i.GPIODMATriggerDisable), (14 bytes).
    Removing gpio.o(i.GPIODMATriggerEnable), (12 bytes).
    Removing gpio.o(i.GPIODirModeGet), (34 bytes).
    Removing gpio.o(i.GPIOIntClear), (6 bytes).
    Removing gpio.o(i.GPIOIntDisable), (14 bytes).
    Removing gpio.o(i.GPIOIntEnable), (12 bytes).
    Removing gpio.o(i.GPIOIntRegister), (26 bytes).
    Removing gpio.o(i.GPIOIntRegisterPin), (30 bytes).
    Removing gpio.o(i.GPIOIntStatus), (14 bytes).
    Removing gpio.o(i.GPIOIntTypeGet), (70 bytes).
    Removing gpio.o(i.GPIOIntTypeSet), (80 bytes).
    Removing gpio.o(i.GPIOIntUnregister), (22 bytes).
    Removing gpio.o(i.GPIOIntUnregisterPin), (26 bytes).
    Removing gpio.o(i.GPIOPadConfigGet), (248 bytes).
    Removing gpio.o(i.GPIOPinTypeADC), (28 bytes).
    Removing gpio.o(i.GPIOPinTypeCAN), (28 bytes).
    Removing gpio.o(i.GPIOPinTypeComparator), (28 bytes).
    Removing gpio.o(i.GPIOPinTypeComparatorOutput), (28 bytes).
    Removing gpio.o(i.GPIOPinTypeDIVSCLK), (28 bytes).
    Removing gpio.o(i.GPIOPinTypeEPI), (28 bytes).
    Removing gpio.o(i.GPIOPinTypeEthernetLED), (28 bytes).
    Removing gpio.o(i.GPIOPinTypeEthernetMII), (28 bytes).
    Removing gpio.o(i.GPIOPinTypeGPIOOutputOD), (28 bytes).
    Removing gpio.o(i.GPIOPinTypeHibernateRTCCLK), (28 bytes).
    Removing gpio.o(i.GPIOPinTypeLCD), (28 bytes).
    Removing gpio.o(i.GPIOPinTypeOneWire), (28 bytes).
    Removing gpio.o(i.GPIOPinTypeQEI), (28 bytes).
    Removing gpio.o(i.GPIOPinTypeSSI), (28 bytes).
    Removing gpio.o(i.GPIOPinTypeTimer), (28 bytes).
    Removing gpio.o(i.GPIOPinTypeTrace), (28 bytes).
    Removing gpio.o(i.GPIOPinTypeUSBAnalog), (28 bytes).
    Removing gpio.o(i.GPIOPinTypeUSBDigital), (28 bytes).
    Removing gpio.o(i.GPIOPinTypeWakeHigh), (30 bytes).
    Removing gpio.o(i.GPIOPinTypeWakeLow), (30 bytes).
    Removing gpio.o(i.GPIOPinWakeStatus), (6 bytes).
    Removing gpio.o(i.GPIOUnlockPin), (24 bytes).
    Removing gpio.o(i._GPIOIntNumberGet), (80 bytes).
    Removing i2c.o(i.I2CFIFODataGet), (16 bytes).
    Removing i2c.o(i.I2CFIFODataGetNonBlocking), (24 bytes).
    Removing i2c.o(i.I2CFIFODataPut), (16 bytes).
    Removing i2c.o(i.I2CFIFODataPutNonBlocking), (20 bytes).
    Removing i2c.o(i.I2CFIFOStatus), (6 bytes).
    Removing i2c.o(i.I2CIntRegister), (96 bytes).
    Removing i2c.o(i.I2CIntUnregister), (96 bytes).
    Removing i2c.o(i.I2CLoopbackEnable), (10 bytes).
    Removing i2c.o(i.I2CMasterBurstCountGet), (4 bytes).
    Removing i2c.o(i.I2CMasterBurstLengthSet), (4 bytes).
    Removing i2c.o(i.I2CMasterBusBusy), (12 bytes).
    Removing i2c.o(i.I2CMasterDataGet), (4 bytes).
    Removing i2c.o(i.I2CMasterDisable), (10 bytes).
    Removing i2c.o(i.I2CMasterEnable), (10 bytes).
    Removing i2c.o(i.I2CMasterErr), (24 bytes).
    Removing i2c.o(i.I2CMasterGlitchFilterConfigSet), (84 bytes).
    Removing i2c.o(i.I2CMasterIntClear), (8 bytes).
    Removing i2c.o(i.I2CMasterIntClearEx), (4 bytes).
    Removing i2c.o(i.I2CMasterIntDisable), (6 bytes).
    Removing i2c.o(i.I2CMasterIntDisableEx), (10 bytes).
    Removing i2c.o(i.I2CMasterIntEnable), (6 bytes).
    Removing i2c.o(i.I2CMasterIntEnableEx), (8 bytes).
    Removing i2c.o(i.I2CMasterIntStatus), (24 bytes).
    Removing i2c.o(i.I2CMasterIntStatusEx), (10 bytes).
    Removing i2c.o(i.I2CMasterLineStateGet), (4 bytes).
    Removing i2c.o(i.I2CMasterTimeoutSet), (4 bytes).
    Removing i2c.o(i.I2CRxFIFOConfigSet), (22 bytes).
    Removing i2c.o(i.I2CRxFIFOFlush), (14 bytes).
    Removing i2c.o(i.I2CSlaveACKOverride), (22 bytes).
    Removing i2c.o(i.I2CSlaveACKValueSet), (22 bytes).
    Removing i2c.o(i.I2CSlaveAddressSet), (24 bytes).
    Removing i2c.o(i.I2CSlaveDataGet), (6 bytes).
    Removing i2c.o(i.I2CSlaveDataPut), (6 bytes).
    Removing i2c.o(i.I2CSlaveDisable), (16 bytes).
    Removing i2c.o(i.I2CSlaveEnable), (16 bytes).
    Removing i2c.o(i.I2CSlaveFIFODisable), (8 bytes).
    Removing i2c.o(i.I2CSlaveFIFOEnable), (10 bytes).
    Removing i2c.o(i.I2CSlaveInit), (20 bytes).
    Removing i2c.o(i.I2CSlaveIntClear), (8 bytes).
    Removing i2c.o(i.I2CSlaveIntClearEx), (6 bytes).
    Removing i2c.o(i.I2CSlaveIntDisable), (14 bytes).
    Removing i2c.o(i.I2CSlaveIntDisableEx), (14 bytes).
    Removing i2c.o(i.I2CSlaveIntEnable), (14 bytes).
    Removing i2c.o(i.I2CSlaveIntEnableEx), (12 bytes).
    Removing i2c.o(i.I2CSlaveIntStatus), (28 bytes).
    Removing i2c.o(i.I2CSlaveIntStatusEx), (14 bytes).
    Removing i2c.o(i.I2CSlaveStatus), (6 bytes).
    Removing i2c.o(i.I2CTxFIFOConfigSet), (24 bytes).
    Removing i2c.o(i.I2CTxFIFOFlush), (14 bytes).
    Removing i2c.o(.constdata), (128 bytes).
    Removing pwm.o(i.PWMClockGet), (26 bytes).
    Removing pwm.o(i.PWMClockSet), (20 bytes).
    Removing pwm.o(i.PWMDeadBandDisable), (12 bytes).
    Removing pwm.o(i.PWMDeadBandEnable), (16 bytes).
    Removing pwm.o(i.PWMFaultIntClear), (8 bytes).
    Removing pwm.o(i.PWMFaultIntClearExt), (4 bytes).
    Removing pwm.o(i.PWMFaultIntRegister), (92 bytes).
    Removing pwm.o(i.PWMFaultIntUnregister), (84 bytes).
    Removing pwm.o(i.PWMGenDisable), (10 bytes).
    Removing pwm.o(i.PWMGenFaultClear), (18 bytes).
    Removing pwm.o(i.PWMGenFaultConfigure), (18 bytes).
    Removing pwm.o(i.PWMGenFaultStatus), (18 bytes).
    Removing pwm.o(i.PWMGenFaultTriggerGet), (12 bytes).
    Removing pwm.o(i.PWMGenFaultTriggerSet), (12 bytes).
    Removing pwm.o(i.PWMGenIntClear), (6 bytes).
    Removing pwm.o(i.PWMGenIntRegister), (26 bytes).
    Removing pwm.o(i.PWMGenIntStatus), (12 bytes).
    Removing pwm.o(i.PWMGenIntTrigDisable), (10 bytes).
    Removing pwm.o(i.PWMGenIntTrigEnable), (10 bytes).
    Removing pwm.o(i.PWMGenIntUnregister), (22 bytes).
    Removing pwm.o(i.PWMIntDisable), (10 bytes).
    Removing pwm.o(i.PWMIntEnable), (8 bytes).
    Removing pwm.o(i.PWMIntStatus), (10 bytes).
    Removing pwm.o(i.PWMOutputFault), (16 bytes).
    Removing pwm.o(i.PWMOutputFaultLevel), (16 bytes).
    Removing pwm.o(i.PWMOutputInvert), (16 bytes).
    Removing pwm.o(i.PWMOutputUpdateMode), (62 bytes).
    Removing pwm.o(i.PWMPulseWidthGet), (32 bytes).
    Removing pwm.o(i.PWMSyncTimeBase), (4 bytes).
    Removing pwm.o(i.PWMSyncUpdate), (4 bytes).
    Removing pwm.o(i._PWMGenIntNumberGet), (224 bytes).
    Removing sysctl.o(.emb_text), (6 bytes).
    Removing sysctl.o(i.SysCtlAltClkConfig), (12 bytes).
    Removing sysctl.o(i.SysCtlClockOutConfig), (20 bytes).
    Removing sysctl.o(i.SysCtlClockSet), (288 bytes).
    Removing sysctl.o(i.SysCtlDeepSleep), (32 bytes).
    Removing sysctl.o(i.SysCtlDeepSleepClockConfigSet), (112 bytes).
    Removing sysctl.o(i.SysCtlDeepSleepClockSet), (12 bytes).
    Removing sysctl.o(i.SysCtlDeepSleepPowerSet), (12 bytes).
    Removing sysctl.o(i.SysCtlFlashSectorSizeGet), (56 bytes).
    Removing sysctl.o(i.SysCtlFlashSizeGet), (56 bytes).
    Removing sysctl.o(i.SysCtlGPIOAHBDisable), (28 bytes).
    Removing sysctl.o(i.SysCtlGPIOAHBEnable), (24 bytes).
    Removing sysctl.o(i.SysCtlIntClear), (12 bytes).
    Removing sysctl.o(i.SysCtlIntDisable), (16 bytes).
    Removing sysctl.o(i.SysCtlIntEnable), (16 bytes).
    Removing sysctl.o(i.SysCtlIntRegister), (20 bytes).
    Removing sysctl.o(i.SysCtlIntStatus), (16 bytes).
    Removing sysctl.o(i.SysCtlIntUnregister), (18 bytes).
    Removing sysctl.o(i.SysCtlLDODeepSleepGet), (12 bytes).
    Removing sysctl.o(i.SysCtlLDODeepSleepSet), (12 bytes).
    Removing sysctl.o(i.SysCtlLDOSleepGet), (12 bytes).
    Removing sysctl.o(i.SysCtlLDOSleepSet), (12 bytes).
    Removing sysctl.o(i.SysCtlMOSCConfigSet), (12 bytes).
    Removing sysctl.o(i.SysCtlNMIClear), (16 bytes).
    Removing sysctl.o(i.SysCtlNMIStatus), (12 bytes).
    Removing sysctl.o(i.SysCtlPIOSCCalibrate), (76 bytes).
    Removing sysctl.o(i.SysCtlPWMClockGet), (24 bytes).
    Removing sysctl.o(i.SysCtlPeripheralClockGating), (68 bytes).
    Removing sysctl.o(i.SysCtlPeripheralDeepSleepDisable), (40 bytes).
    Removing sysctl.o(i.SysCtlPeripheralDeepSleepEnable), (40 bytes).
    Removing sysctl.o(i.SysCtlPeripheralDisable), (40 bytes).
    Removing sysctl.o(i.SysCtlPeripheralPowerOff), (40 bytes).
    Removing sysctl.o(i.SysCtlPeripheralPowerOn), (40 bytes).
    Removing sysctl.o(i.SysCtlPeripheralPresent), (44 bytes).
    Removing sysctl.o(i.SysCtlPeripheralReset), (60 bytes).
    Removing sysctl.o(i.SysCtlPeripheralSleepDisable), (40 bytes).
    Removing sysctl.o(i.SysCtlPeripheralSleepEnable), (40 bytes).
    Removing sysctl.o(i.SysCtlReset), (16 bytes).
    Removing sysctl.o(i.SysCtlResetBehaviorGet), (12 bytes).
    Removing sysctl.o(i.SysCtlResetBehaviorSet), (12 bytes).
    Removing sysctl.o(i.SysCtlResetCauseClear), (16 bytes).
    Removing sysctl.o(i.SysCtlResetCauseGet), (12 bytes).
    Removing sysctl.o(i.SysCtlSRAMSizeGet), (16 bytes).
    Removing sysctl.o(i.SysCtlSleep), (4 bytes).
    Removing sysctl.o(i.SysCtlSleepPowerSet), (12 bytes).
    Removing sysctl.o(i.SysCtlUSBPLLDisable), (16 bytes).
    Removing sysctl.o(i.SysCtlUSBPLLEnable), (16 bytes).
    Removing sysctl.o(i.SysCtlVCOGet), (120 bytes).
    Removing sysctl.o(i.SysCtlVoltageEventClear), (16 bytes).
    Removing sysctl.o(i.SysCtlVoltageEventConfig), (12 bytes).
    Removing sysctl.o(i.SysCtlVoltageEventStatus), (12 bytes).
    Removing systick.o(i.SysTickIntDisable), (14 bytes).
    Removing systick.o(i.SysTickIntUnregister), (18 bytes).
    Removing systick.o(i.SysTickPeriodGet), (10 bytes).
    Removing systick.o(i.SysTickValueGet), (8 bytes).
    Removing uart.o(i.UART9BitAddrSend), (38 bytes).
    Removing uart.o(i.UART9BitAddrSet), (10 bytes).
    Removing uart.o(i.UART9BitDisable), (14 bytes).
    Removing uart.o(i.UART9BitEnable), (14 bytes).
    Removing uart.o(i.UARTBreakCtl), (18 bytes).
    Removing uart.o(i.UARTBusy), (8 bytes).
    Removing uart.o(i.UARTCharGet), (12 bytes).
    Removing uart.o(i.UARTCharPutNonBlocking), (16 bytes).
    Removing uart.o(i.UARTCharsAvail), (10 bytes).
    Removing uart.o(i.UARTClockSourceGet), (6 bytes).
    Removing uart.o(i.UARTClockSourceSet), (6 bytes).
    Removing uart.o(i.UARTConfigGetExpClk), (46 bytes).
    Removing uart.o(i.UARTDMADisable), (10 bytes).
    Removing uart.o(i.UARTDMAEnable), (8 bytes).
    Removing uart.o(i.UARTDisable), (30 bytes).
    Removing uart.o(i.UARTDisableSIR), (10 bytes).
    Removing uart.o(i.UARTEnable), (20 bytes).
    Removing uart.o(i.UARTEnableSIR), (18 bytes).
    Removing uart.o(i.UARTFIFOEnable), (10 bytes).
    Removing uart.o(i.UARTFIFOLevelGet), (16 bytes).
    Removing uart.o(i.UARTFIFOLevelSet), (6 bytes).
    Removing uart.o(i.UARTFlowControlGet), (8 bytes).
    Removing uart.o(i.UARTFlowControlSet), (12 bytes).
    Removing uart.o(i.UARTIntDisable), (10 bytes).
    Removing uart.o(i.UARTIntUnregister), (88 bytes).
    Removing uart.o(i.UARTLoopbackEnable), (10 bytes).
    Removing uart.o(i.UARTModemControlClear), (14 bytes).
    Removing uart.o(i.UARTModemControlGet), (8 bytes).
    Removing uart.o(i.UARTModemControlSet), (12 bytes).
    Removing uart.o(i.UARTModemStatusGet), (10 bytes).
    Removing uart.o(i.UARTParityModeGet), (8 bytes).
    Removing uart.o(i.UARTParityModeSet), (12 bytes).
    Removing uart.o(i.UARTRxErrorClear), (6 bytes).
    Removing uart.o(i.UARTRxErrorGet), (8 bytes).
    Removing uart.o(i.UARTSmartCardDisable), (10 bytes).
    Removing uart.o(i.UARTSmartCardEnable), (22 bytes).
    Removing uart.o(i.UARTSpaceAvail), (10 bytes).
    Removing uart.o(i.UARTTxIntModeGet), (8 bytes).
    Removing uart.o(i.UARTTxIntModeSet), (12 bytes).
    Removing cpu.o(.emb_text), (38 bytes).
    Removing interrupt.o(i.IntDisable), (100 bytes).
    Removing interrupt.o(i.IntIsEnabled), (96 bytes).
    Removing interrupt.o(i.IntMasterDisable), (14 bytes).
    Removing interrupt.o(i.IntMasterEnable), (14 bytes).
    Removing interrupt.o(i.IntPendClear), (68 bytes).
    Removing interrupt.o(i.IntPendSet), (84 bytes).
    Removing interrupt.o(i.IntPriorityGet), (28 bytes).
    Removing interrupt.o(i.IntPriorityGroupingGet), (36 bytes).
    Removing interrupt.o(i.IntPriorityGroupingSet), (28 bytes).
    Removing interrupt.o(i.IntPriorityMaskGet), (4 bytes).
    Removing interrupt.o(i.IntPriorityMaskSet), (4 bytes).
    Removing interrupt.o(i.IntPrioritySet), (40 bytes).
    Removing interrupt.o(i.IntTrigger), (12 bytes).
    Removing interrupt.o(i.IntUnregister), (20 bytes).
    Removing interrupt.o(i._IntDefaultHandler), (2 bytes).

252 unused section(s) (total 6950 bytes) removed from the image.

==============================================================================

Image Symbol Table

    Local Symbols

    Symbol Name                              Value     Ov Type        Size  Object(Section)

    RESET                                    0x00000000   Section      540  startup_rvmdk.o(RESET)
    ../clib/angel/boardlib.s                 0x00000000   Number         0  boardinit3.o ABSOLUTE
    ../clib/angel/boardlib.s                 0x00000000   Number         0  boardinit2.o ABSOLUTE
    ../clib/angel/boardlib.s                 0x00000000   Number         0  boardinit1.o ABSOLUTE
    ../clib/angel/boardlib.s                 0x00000000   Number         0  boardshut.o ABSOLUTE
    ../clib/angel/dczerorl.s                 0x00000000   Number         0  __dczerorl.o ABSOLUTE
    ../clib/angel/handlers.s                 0x00000000   Number         0  __scatter_zi.o ABSOLUTE
    ../clib/angel/kernel.s                   0x00000000   Number         0  rtexit.o ABSOLUTE
    ../clib/angel/kernel.s                   0x00000000   Number         0  __rtentry2.o ABSOLUTE
    ../clib/angel/kernel.s                   0x00000000   Number         0  __rtentry.o ABSOLUTE
    ../clib/angel/kernel.s                   0x00000000   Number         0  rtexit2.o ABSOLUTE
    ../clib/angel/kernel.s                   0x00000000   Number         0  __rtentry4.o ABSOLUTE
    ../clib/angel/rt.s                       0x00000000   Number         0  rt_raise.o ABSOLUTE
    ../clib/angel/scatter.s                  0x00000000   Number         0  __scatter.o ABSOLUTE
    ../clib/angel/startup.s                  0x00000000   Number         0  __main.o ABSOLUTE
    ../clib/angel/sys.s                      0x00000000   Number         0  use_no_semi.o ABSOLUTE
    ../clib/angel/sys.s                      0x00000000   Number         0  sys_stackheap_outer.o ABSOLUTE
    ../clib/angel/sys.s                      0x00000000   Number         0  indicate_semi.o ABSOLUTE
    ../clib/angel/sys.s                      0x00000000   Number         0  libspace.o ABSOLUTE
    ../clib/angel/sysapp.c                   0x00000000   Number         0  sys_command.o ABSOLUTE
    ../clib/angel/sysapp.c                   0x00000000   Number         0  sys_wrch.o ABSOLUTE
    ../clib/angel/sysapp.c                   0x00000000   Number         0  sys_exit.o ABSOLUTE
    ../clib/armsys.c                         0x00000000   Number         0  argv_veneer.o ABSOLUTE
    ../clib/armsys.c                         0x00000000   Number         0  argv_veneer.o ABSOLUTE
    ../clib/armsys.c                         0x00000000   Number         0  no_argv.o ABSOLUTE
    ../clib/armsys.c                         0x00000000   Number         0  _get_argv_nomalloc.o ABSOLUTE
    ../clib/heapalloc.c                      0x00000000   Number         0  hrguard.o ABSOLUTE
    ../clib/heapaux.c                        0x00000000   Number         0  heapauxi.o ABSOLUTE
    ../clib/libinit.s                        0x00000000   Number         0  libshutdown2.o ABSOLUTE
    ../clib/libinit.s                        0x00000000   Number         0  libinit.o ABSOLUTE
    ../clib/libinit.s                        0x00000000   Number         0  libinit2.o ABSOLUTE
    ../clib/libinit.s                        0x00000000   Number         0  libshutdown.o ABSOLUTE
    ../clib/printf.c                         0x00000000   Number         0  __printf_flags_ss.o ABSOLUTE
    ../clib/printf.c                         0x00000000   Number         0  __printf_wp.o ABSOLUTE
    ../clib/printf.c                         0x00000000   Number         0  __printf_flags_wp.o ABSOLUTE
    ../clib/printf.c                         0x00000000   Number         0  __printf_ss_wp.o ABSOLUTE
    ../clib/printf.c                         0x00000000   Number         0  __printf_flags_ss_wp.o ABSOLUTE
    ../clib/printf.c                         0x00000000   Number         0  __printf_ss.o ABSOLUTE
    ../clib/printf.c                         0x00000000   Number         0  _printf_char_common.o ABSOLUTE
    ../clib/printf.c                         0x00000000   Number         0  __printf.o ABSOLUTE
    ../clib/printf.c                         0x00000000   Number         0  _sputc.o ABSOLUTE
    ../clib/printf.c                         0x00000000   Number         0  _printf_char.o ABSOLUTE
    ../clib/printf.c                         0x00000000   Number         0  __printf_nopercent.o ABSOLUTE
    ../clib/printf.c                         0x00000000   Number         0  noretval__2sprintf.o ABSOLUTE
    ../clib/printf.c                         0x00000000   Number         0  __2sprintf.o ABSOLUTE
    ../clib/printf.c                         0x00000000   Number         0  _printf_str.o ABSOLUTE
    ../clib/printf.c                         0x00000000   Number         0  __printf_flags.o ABSOLUTE
    ../clib/printf_percent.s                 0x00000000   Number         0  _printf_c.o ABSOLUTE
    ../clib/printf_percent.s                 0x00000000   Number         0  _printf_percent_end.o ABSOLUTE
    ../clib/printf_percent.s                 0x00000000   Number         0  _printf_percent.o ABSOLUTE
    ../clib/signal.c                         0x00000000   Number         0  defsig_rtred_inner.o ABSOLUTE
    ../clib/signal.c                         0x00000000   Number         0  defsig_fpe_inner.o ABSOLUTE
    ../clib/signal.c                         0x00000000   Number         0  defsig_abrt_inner.o ABSOLUTE
    ../clib/signal.c                         0x00000000   Number         0  defsig_segv_inner.o ABSOLUTE
    ../clib/signal.c                         0x00000000   Number         0  defsig_general.o ABSOLUTE
    ../clib/signal.c                         0x00000000   Number         0  __raise.o ABSOLUTE
    ../clib/signal.c                         0x00000000   Number         0  defsig_rtmem_inner.o ABSOLUTE
    ../clib/signal.c                         0x00000000   Number         0  defsig_other.o ABSOLUTE
    ../clib/signal.c                         0x00000000   Number         0  defsig_exit.o ABSOLUTE
    ../clib/signal.c                         0x00000000   Number         0  defsig_rtmem_formal.o ABSOLUTE
    ../clib/signal.c                         0x00000000   Number         0  defsig_rtmem_outer.o ABSOLUTE
    ../clib/signal.c                         0x00000000   Number         0  defsig_stak_inner.o ABSOLUTE
    ../clib/signal.c                         0x00000000   Number         0  defsig_pvfn_inner.o ABSOLUTE
    ../clib/signal.c                         0x00000000   Number         0  defsig_cppl_inner.o ABSOLUTE
    ../clib/signal.s                         0x00000000   Number         0  defsig.o ABSOLUTE
    ../clib/stdlib.c                         0x00000000   Number         0  exit.o ABSOLUTE
    ../fplib/fpinit.s                        0x00000000   Number         0  fpinit.o ABSOLUTE
    cpu.c                                    0x00000000   Number         0  cpu.o ABSOLUTE
    cpu.c                                    0x00000000   Number         0  cpu.o ABSOLUTE
    dc.s                                     0x00000000   Number         0  dc.o ABSOLUTE
    gpio.c                                   0x00000000   Number         0  gpio.o ABSOLUTE
    i2c.c                                    0x00000000   Number         0  i2c.o ABSOLUTE
    interrupt.c                              0x00000000   Number         0  interrupt.o ABSOLUTE
    main.c                                   0x00000000   Number         0  main.o ABSOLUTE
    pwm.c                                    0x00000000   Number         0  pwm.o ABSOLUTE
    ssd1306.c                                0x00000000   Number         0  ssd1306.o ABSOLUTE
    startup_rvmdk.S                          0x00000000   Number         0  startup_rvmdk.o ABSOLUTE
    sysctl.c                                 0x00000000   Number         0  sysctl.o ABSOLUTE
    sysctl.c                                 0x00000000   Number         0  sysctl.o ABSOLUTE
    systick.c                                0x00000000   Number         0  systick.o ABSOLUTE
    teclado.c                                0x00000000   Number         0  teclado.o ABSOLUTE
    uart.c                                   0x00000000   Number         0  uart.o ABSOLUTE
    $v0                                      0x00000200   Number         0  startup_rvmdk.o(RESET)
    NmiSR                                    0x00000215   Thumb Code     0  startup_rvmdk.o(RESET)
    FaultISR                                 0x00000217   Thumb Code     0  startup_rvmdk.o(RESET)
    IntDefaultHandler                        0x00000219   Thumb Code     0  startup_rvmdk.o(RESET)
    !!!main                                  0x0000021c   Section        8  __main.o(!!!main)
    !!!scatter                               0x00000224   Section       52  __scatter.o(!!!scatter)
    !!dczerorl                               0x00000258   Section       58  __dczerorl.o(!!dczerorl)
    !!handler_zi                             0x00000294   Section       28  __scatter_zi.o(!!handler_zi)
    .ARM.Collect$$_printf_percent$$00000000  0x000002b0   Section        0  _printf_percent.o(.ARM.Collect$$_printf_percent$$00000000)
    .ARM.Collect$$_printf_percent$$00000013  0x000002b0   Section        6  _printf_c.o(.ARM.Collect$$_printf_percent$$00000013)
    .ARM.Collect$$_printf_percent$$00000017  0x000002b6   Section        4  _printf_percent_end.o(.ARM.Collect$$_printf_percent$$00000017)
    .ARM.Collect$$libinit$$00000000          0x000002ba   Section        2  libinit.o(.ARM.Collect$$libinit$$00000000)
    .ARM.Collect$$libinit$$00000001          0x000002bc   Section        4  libinit2.o(.ARM.Collect$$libinit$$00000001)
    .ARM.Collect$$libinit$$00000004          0x000002c0   Section        0  libinit2.o(.ARM.Collect$$libinit$$00000004)
    .ARM.Collect$$libinit$$0000000A          0x000002c0   Section        0  libinit2.o(.ARM.Collect$$libinit$$0000000A)
    .ARM.Collect$$libinit$$0000000C          0x000002c0   Section        0  libinit2.o(.ARM.Collect$$libinit$$0000000C)
    .ARM.Collect$$libinit$$0000000E          0x000002c0   Section        0  libinit2.o(.ARM.Collect$$libinit$$0000000E)
    .ARM.Collect$$libinit$$00000011          0x000002c0   Section        0  libinit2.o(.ARM.Collect$$libinit$$00000011)
    .ARM.Collect$$libinit$$00000013          0x000002c0   Section        0  libinit2.o(.ARM.Collect$$libinit$$00000013)
    .ARM.Collect$$libinit$$00000015          0x000002c0   Section        0  libinit2.o(.ARM.Collect$$libinit$$00000015)
    .ARM.Collect$$libinit$$00000017          0x000002c0   Section        0  libinit2.o(.ARM.Collect$$libinit$$00000017)
    .ARM.Collect$$libinit$$00000019          0x000002c0   Section        0  libinit2.o(.ARM.Collect$$libinit$$00000019)
    .ARM.Collect$$libinit$$0000001B          0x000002c0   Section        0  libinit2.o(.ARM.Collect$$libinit$$0000001B)
    .ARM.Collect$$libinit$$0000001D          0x000002c0   Section        0  libinit2.o(.ARM.Collect$$libinit$$0000001D)
    .ARM.Collect$$libinit$$0000001F          0x000002c0   Section        0  libinit2.o(.ARM.Collect$$libinit$$0000001F)
    .ARM.Collect$$libinit$$00000021          0x000002c0   Section        0  libinit2.o(.ARM.Collect$$libinit$$00000021)
    .ARM.Collect$$libinit$$00000023          0x000002c0   Section        0  libinit2.o(.ARM.Collect$$libinit$$00000023)
    .ARM.Collect$$libinit$$00000025          0x000002c0   Section        0  libinit2.o(.ARM.Collect$$libinit$$00000025)
    .ARM.Collect$$libinit$$0000002C          0x000002c0   Section        0  libinit2.o(.ARM.Collect$$libinit$$0000002C)
    .ARM.Collect$$libinit$$0000002E          0x000002c0   Section        0  libinit2.o(.ARM.Collect$$libinit$$0000002E)
    .ARM.Collect$$libinit$$00000030          0x000002c0   Section        0  libinit2.o(.ARM.Collect$$libinit$$00000030)
    .ARM.Collect$$libinit$$00000032          0x000002c0   Section        0  libinit2.o(.ARM.Collect$$libinit$$00000032)
    .ARM.Collect$$libinit$$00000033          0x000002c0   Section        2  libinit2.o(.ARM.Collect$$libinit$$00000033)
    .ARM.Collect$$libshutdown$$00000000      0x000002c2   Section        2  libshutdown.o(.ARM.Collect$$libshutdown$$00000000)
    .ARM.Collect$$libshutdown$$00000002      0x000002c4   Section        0  libshutdown2.o(.ARM.Collect$$libshutdown$$00000002)
    .ARM.Collect$$libshutdown$$00000004      0x000002c4   Section        0  libshutdown2.o(.ARM.Collect$$libshutdown$$00000004)
    .ARM.Collect$$libshutdown$$00000006      0x000002c4   Section        0  libshutdown2.o(.ARM.Collect$$libshutdown$$00000006)
    .ARM.Collect$$libshutdown$$00000009      0x000002c4   Section        0  libshutdown2.o(.ARM.Collect$$libshutdown$$00000009)
    .ARM.Collect$$libshutdown$$0000000C      0x000002c4   Section        0  libshutdown2.o(.ARM.Collect$$libshutdown$$0000000C)
    .ARM.Collect$$libshutdown$$0000000E      0x000002c4   Section        0  libshutdown2.o(.ARM.Collect$$libshutdown$$0000000E)
    .ARM.Collect$$libshutdown$$00000011      0x000002c4   Section        0  libshutdown2.o(.ARM.Collect$$libshutdown$$00000011)
    .ARM.Collect$$libshutdown$$00000012      0x000002c4   Section        2  libshutdown2.o(.ARM.Collect$$libshutdown$$00000012)
    .ARM.Collect$$rtentry$$00000000          0x000002c6   Section        0  __rtentry.o(.ARM.Collect$$rtentry$$00000000)
    .ARM.Collect$$rtentry$$00000002          0x000002c6   Section        0  __rtentry2.o(.ARM.Collect$$rtentry$$00000002)
    .ARM.Collect$$rtentry$$00000004          0x000002c6   Section        6  __rtentry4.o(.ARM.Collect$$rtentry$$00000004)
    .ARM.Collect$$rtentry$$00000009          0x000002cc   Section        0  __rtentry2.o(.ARM.Collect$$rtentry$$00000009)
    .ARM.Collect$$rtentry$$0000000A          0x000002cc   Section        4  __rtentry2.o(.ARM.Collect$$rtentry$$0000000A)
    .ARM.Collect$$rtentry$$0000000C          0x000002d0   Section        0  __rtentry2.o(.ARM.Collect$$rtentry$$0000000C)
    .ARM.Collect$$rtentry$$0000000D          0x000002d0   Section        8  __rtentry2.o(.ARM.Collect$$rtentry$$0000000D)
    .ARM.Collect$$rtexit$$00000000           0x000002d8   Section        2  rtexit.o(.ARM.Collect$$rtexit$$00000000)
    .ARM.Collect$$rtexit$$00000002           0x000002da   Section        0  rtexit2.o(.ARM.Collect$$rtexit$$00000002)
    .ARM.Collect$$rtexit$$00000003           0x000002da   Section        4  rtexit2.o(.ARM.Collect$$rtexit$$00000003)
    .ARM.Collect$$rtexit$$00000004           0x000002de   Section        6  rtexit2.o(.ARM.Collect$$rtexit$$00000004)
    .text                                    0x000002e4   Section       24  startup_rvmdk.o(.text)
    $v0                                      0x000002e4   Number         0  startup_rvmdk.o(.text)
    .text                                    0x000002fc   Section        0  noretval__2sprintf.o(.text)
    .text                                    0x00000324   Section        0  __printf.o(.text)
    .text                                    0x0000038c   Section        0  _printf_str.o(.text)
    .text                                    0x000003de   Section        0  heapauxi.o(.text)
    .text                                    0x000003e4   Section        0  _printf_char_common.o(.text)
    _printf_input_char                       0x000003e5   Thumb Code    10  _printf_char_common.o(.text)
    .text                                    0x00000414   Section        0  _sputc.o(.text)
    .text                                    0x0000041e   Section        0  _printf_char.o(.text)
    .text                                    0x0000044a   Section       74  sys_stackheap_outer.o(.text)
    .text                                    0x00000494   Section        0  exit.o(.text)
    .text                                    0x000004a8   Section        8  libspace.o(.text)
    .text                                    0x000004b0   Section        0  sys_exit.o(.text)
    .text                                    0x000004bc   Section        2  use_no_semi.o(.text)
    .text                                    0x000004be   Section        0  indicate_semi.o(.text)
    i.AtivaColuna                            0x000004c0   Section        0  teclado.o(i.AtivaColuna)
    i.GPIODirModeSet                         0x0000051c   Section        0  gpio.o(i.GPIODirModeSet)
    i.GPIOPadConfigSet                       0x00000544   Section        0  gpio.o(i.GPIOPadConfigSet)
    i.GPIOPinConfigure                       0x000006b4   Section        0  gpio.o(i.GPIOPinConfigure)
    i.GPIOPinRead                            0x000006f8   Section        0  gpio.o(i.GPIOPinRead)
    i.GPIOPinTypeGPIOInput                   0x000006fe   Section        0  gpio.o(i.GPIOPinTypeGPIOInput)
    i.GPIOPinTypeGPIOOutput                  0x0000071a   Section        0  gpio.o(i.GPIOPinTypeGPIOOutput)
    i.GPIOPinTypeI2C                         0x00000736   Section        0  gpio.o(i.GPIOPinTypeI2C)
    i.GPIOPinTypeI2CSCL                      0x00000752   Section        0  gpio.o(i.GPIOPinTypeI2CSCL)
    i.GPIOPinTypePWM                         0x0000076e   Section        0  gpio.o(i.GPIOPinTypePWM)
    i.GPIOPinTypeUART                        0x0000078a   Section        0  gpio.o(i.GPIOPinTypeUART)
    i.GPIOPinWrite                           0x000007a6   Section        0  gpio.o(i.GPIOPinWrite)
    i.I2C0_config                            0x000007ac   Section        0  main.o(i.I2C0_config)
    i.I2C0_sendMultipleBytes                 0x00000818   Section        0  main.o(i.I2C0_sendMultipleBytes)
    i.I2C7_config                            0x00000898   Section        0  main.o(i.I2C7_config)
    i.I2C7_sendMultipleBytes                 0x00000904   Section        0  main.o(i.I2C7_sendMultipleBytes)
    i.I2CMasterBusy                          0x00000984   Section        0  i2c.o(i.I2CMasterBusy)
    i.I2CMasterControl                       0x00000990   Section        0  i2c.o(i.I2CMasterControl)
    i.I2CMasterDataPut                       0x00000994   Section        0  i2c.o(i.I2CMasterDataPut)
    i.I2CMasterInitExpClk                    0x00000998   Section        0  i2c.o(i.I2CMasterInitExpClk)
    i.I2CMasterSlaveAddrSet                  0x000009ec   Section        0  i2c.o(i.I2CMasterSlaveAddrSet)
    i.IntEnable                              0x000009f4   Section        0  interrupt.o(i.IntEnable)
    i.IntRegister                            0x00000a58   Section        0  interrupt.o(i.IntRegister)
    i.LeLinha                                0x00000a8c   Section        0  teclado.o(i.LeLinha)
    i.OLED0_Init                             0x00000ac0   Section        0  ssd1306.o(i.OLED0_Init)
    i.OLED0_command                          0x00000b72   Section        0  ssd1306.o(i.OLED0_command)
    i.OLED0_data                             0x00000b8c   Section        0  ssd1306.o(i.OLED0_data)
    i.OLED7_Init                             0x00000bac   Section        0  ssd1306.o(i.OLED7_Init)
    i.OLED7_clearDisplay                     0x00000c3a   Section        0  ssd1306.o(i.OLED7_clearDisplay)
    i.OLED7_command                          0x00000c64   Section        0  ssd1306.o(i.OLED7_command)
    i.OLED7_sendChar                         0x00000c80   Section        0  ssd1306.o(i.OLED7_sendChar)
    i.OLED7_sendCharXYI                      0x00000ca0   Section        0  ssd1306.o(i.OLED7_sendCharXYI)
    i.OLED7_sendStrXYI                       0x00000d84   Section        0  ssd1306.o(i.OLED7_sendStrXYI)
    i.OLED7_setXY                            0x00000daa   Section        0  ssd1306.o(i.OLED7_setXY)
    i.PWMGenConfigure                        0x00000dd2   Section        0  pwm.o(i.PWMGenConfigure)
    i.PWMGenEnable                           0x00000df8   Section        0  pwm.o(i.PWMGenEnable)
    i.PWMGenPeriodGet                        0x00000e02   Section        0  pwm.o(i.PWMGenPeriodGet)
    i.PWMGenPeriodSet                        0x00000e14   Section        0  pwm.o(i.PWMGenPeriodSet)
    i.PWMOutputState                         0x00000e26   Section        0  pwm.o(i.PWMOutputState)
    i.PWMPulseWidthSet                       0x00000e36   Section        0  pwm.o(i.PWMPulseWidthSet)
    i.PortL_config                           0x00000e58   Section        0  main.o(i.PortL_config)
    i.PortM_config                           0x00000e8c   Section        0  main.o(i.PortM_config)
    i.RelesTela                              0x00000eb4   Section        0  main.o(i.RelesTela)
    i.SSD1306_I2C0_DrawBitmap                0x00000fb8   Section        0  ssd1306.o(i.SSD1306_I2C0_DrawBitmap)
    i.SSD1306_I2C0_DrawPixel                 0x00001034   Section        0  ssd1306.o(i.SSD1306_I2C0_DrawPixel)
    i.SSD1306_I2C0_UpdateScreen              0x000010c0   Section        0  ssd1306.o(i.SSD1306_I2C0_UpdateScreen)
    i.SSD1306_I2C0_cls                       0x00001104   Section        0  ssd1306.o(i.SSD1306_I2C0_cls)
    i.SetupSystick                           0x00001120   Section        0  main.o(i.SetupSystick)
    i.SetupUart                              0x00001150   Section        0  main.o(i.SetupUart)
    i.SysCtlClockFreqSet                     0x000011cc   Section        0  sysctl.o(i.SysCtlClockFreqSet)
    i.SysCtlClockGet                         0x000014b0   Section        0  sysctl.o(i.SysCtlClockGet)
    i.SysCtlPWMClockSet                      0x00001604   Section        0  sysctl.o(i.SysCtlPWMClockSet)
    i.SysCtlPeripheralEnable                 0x00001618   Section        0  sysctl.o(i.SysCtlPeripheralEnable)
    i.SysCtlPeripheralReady                  0x00001640   Section        0  sysctl.o(i.SysCtlPeripheralReady)
    i.SysTickDisable                         0x0000166c   Section        0  systick.o(i.SysTickDisable)
    i.SysTickEnable                          0x0000167a   Section        0  systick.o(i.SysTickEnable)
    i.SysTickIntEnable                       0x00001688   Section        0  systick.o(i.SysTickIntEnable)
    i.SysTickIntHandler                      0x00001698   Section        0  main.o(i.SysTickIntHandler)
    i.SysTickIntRegister                     0x000016a8   Section        0  systick.o(i.SysTickIntRegister)
    i.SysTickPeriodSet                       0x000016c0   Section        0  systick.o(i.SysTickPeriodSet)
    i.UARTCharGetNonBlocking                 0x000016ca   Section        0  uart.o(i.UARTCharGetNonBlocking)
    i.UARTCharPut                            0x000016da   Section        0  uart.o(i.UARTCharPut)
    i.UARTConfigSetExpClk                    0x000016e6   Section        0  uart.o(i.UARTConfigSetExpClk)
    i.UARTFIFODisable                        0x00001754   Section        0  uart.o(i.UARTFIFODisable)
    i.UARTIntClear                           0x0000175e   Section        0  uart.o(i.UARTIntClear)
    i.UARTIntEnable                          0x00001762   Section        0  uart.o(i.UARTIntEnable)
    i.UARTIntRegister                        0x0000176c   Section        0  uart.o(i.UARTIntRegister)
    i.UARTIntStatus                          0x000017c4   Section        0  uart.o(i.UARTIntStatus)
    i.UARTStringSend                         0x000017d0   Section        0  main.o(i.UARTStringSend)
    i.UART_Interruption_Handler              0x000017f0   Section        0  main.o(i.UART_Interruption_Handler)
    i.VarreTeclado                           0x00001838   Section        0  teclado.o(i.VarreTeclado)
    i.main                                   0x00001910   Section        0  main.o(i.main)
    x$fpl$fpinit                             0x00001f44   Section       10  fpinit.o(x$fpl$fpinit)
    $v0                                      0x00001f44   Number         0  fpinit.o(x$fpl$fpinit)
    .constdata                               0x00001f4e   Section      800  main.o(.constdata)
    .constdata                               0x0000226e   Section      480  ssd1306.o(.constdata)
    .constdata                               0x00002450   Section      552  gpio.o(.constdata)
    g_ppui32GPIOIntMapBlizzard               0x00002450   Data         192  gpio.o(.constdata)
    g_ppui32GPIOIntMapSnowflake              0x00002510   Data         216  gpio.o(.constdata)
    g_pui32GPIOBaseAddrs                     0x000025e8   Data         144  gpio.o(.constdata)
    .constdata                               0x00002678   Section      596  sysctl.o(.constdata)
    g_pui32VCOFrequencies                    0x00002678   Data           8  sysctl.o(.constdata)
    g_pui32Xtals                             0x00002680   Data         108  sysctl.o(.constdata)
    g_pppui32XTALtoVCO                       0x000026ec   Data         432  sysctl.o(.constdata)
    g_sXTALtoMEMTIM                          0x0000289c   Data          48  sysctl.o(.constdata)
    .constdata                               0x000028cc   Section      128  uart.o(.constdata)
    g_ppui32UARTIntMap                       0x000028cc   Data          64  uart.o(.constdata)
    g_ppui32UARTIntMapSnowflake              0x0000290c   Data          64  uart.o(.constdata)
    .constdata                               0x0000294c   Section      268  interrupt.o(.constdata)
    g_pui32Priority                          0x0000294c   Data          32  interrupt.o(.constdata)
    g_pui32Regs                              0x0000296c   Data         156  interrupt.o(.constdata)
    g_pui32EnRegs                            0x00002a08   Data          20  interrupt.o(.constdata)
    g_pui32Dii16Regs                         0x00002a1c   Data          20  interrupt.o(.constdata)
    g_pui32PendRegs                          0x00002a30   Data          20  interrupt.o(.constdata)
    g_pui32UnpendRegs                        0x00002a44   Data          20  interrupt.o(.constdata)
    .data                                    0x20000000   Section       16  main.o(.data)
    SysTicks1ms                              0x20000000   Data           4  main.o(.data)
    vtable                                   0x20000400   Section      620  interrupt.o(vtable)
    g_pfnRAMVectors                          0x20000400   Data         620  interrupt.o(vtable)
    .bss                                     0x2000066c   Section     1024  ssd1306.o(.bss)
    .bss                                     0x20000a6c   Section       96  libspace.o(.bss)
    HEAP                                     0x20000ad0   Section        0  startup_rvmdk.o(HEAP)
    STACK                                    0x20000ad0   Section      512  startup_rvmdk.o(STACK)
    HeapMem                                  0x20000ad0   Data           0  startup_rvmdk.o(HEAP)
    StackMem                                 0x20000ad0   Data           0  startup_rvmdk.o(STACK)

    Global Symbols

    Symbol Name                              Value     Ov Type        Size  Object(Section)

    BuildAttributes$$THM_ISAv4$E$P$D$K$B$S$7EM$VFPi3$EXTD16$VFPS$VFMA$PE$A:L22UL41UL21$X:L11$S22US41US21$IEEE1$IW$USESV6$~STKCKD$USESV7$~SHL$OTIME$ROPI$EBA8$UX$STANDARDLIB$REQ8$PRES8$EABIv2 0x00000000   Number         0  anon$$obj.o ABSOLUTE
    __ARM_use_no_argv                        0x00000000   Number         0  main.o ABSOLUTE
    __Vectors                                0x00000000   Data           0  startup_rvmdk.o(RESET)
    __ARM_exceptions_init                     - Undefined Weak Reference
    __alloca_initialize                       - Undefined Weak Reference
    __arm_fini_                               - Undefined Weak Reference
    __arm_preinit_                            - Undefined Weak Reference
    __cpp_initialize__aeabi_                  - Undefined Weak Reference
    __cxa_finalize                            - Undefined Weak Reference
    __rt_locale                               - Undefined Weak Reference
    __sigvec_lookup                           - Undefined Weak Reference
    _atexit_init                              - Undefined Weak Reference
    _call_atexit_fns                          - Undefined Weak Reference
    _clock_init                               - Undefined Weak Reference
    _fp_trap_init                             - Undefined Weak Reference
    _fp_trap_shutdown                         - Undefined Weak Reference
    _get_lc_collate                           - Undefined Weak Reference
    _get_lc_ctype                             - Undefined Weak Reference
    _get_lc_monetary                          - Undefined Weak Reference
    _get_lc_numeric                           - Undefined Weak Reference
    _get_lc_time                              - Undefined Weak Reference
    _getenv_init                              - Undefined Weak Reference
    _handle_redirection                       - Undefined Weak Reference
    _init_alloc                               - Undefined Weak Reference
    _init_user_alloc                          - Undefined Weak Reference
    _initio                                   - Undefined Weak Reference
    _printf_mbtowc                            - Undefined Weak Reference
    _printf_post_padding                      - Undefined Weak Reference
    _printf_pre_padding                       - Undefined Weak Reference
    _rand_init                                - Undefined Weak Reference
    _signal_finish                            - Undefined Weak Reference
    _signal_init                              - Undefined Weak Reference
    _terminate_alloc                          - Undefined Weak Reference
    _terminate_user_alloc                     - Undefined Weak Reference
    _terminateio                              - Undefined Weak Reference
    Reset_Handler                            0x00000201   Thumb Code     0  startup_rvmdk.o(RESET)
    __main                                   0x0000021d   Thumb Code     8  __main.o(!!!main)
    __scatterload                            0x00000225   Thumb Code     0  __scatter.o(!!!scatter)
    __scatterload_rt2                        0x00000225   Thumb Code    44  __scatter.o(!!!scatter)
    __scatterload_rt2_thumb_only             0x00000225   Thumb Code     0  __scatter.o(!!!scatter)
    __scatterload_null                       0x00000233   Thumb Code     0  __scatter.o(!!!scatter)
    __decompress                             0x00000259   Thumb Code    58  __dczerorl.o(!!dczerorl)
    __decompress0                            0x00000259   Thumb Code     0  __dczerorl.o(!!dczerorl)
    __scatterload_zeroinit                   0x00000295   Thumb Code    28  __scatter_zi.o(!!handler_zi)
    _printf_c                                0x000002b1   Thumb Code     0  _printf_c.o(.ARM.Collect$$_printf_percent$$00000013)
    _printf_percent                          0x000002b1   Thumb Code     0  _printf_percent.o(.ARM.Collect$$_printf_percent$$00000000)
    _printf_percent_end                      0x000002b7   Thumb Code     0  _printf_percent_end.o(.ARM.Collect$$_printf_percent$$00000017)
    __rt_lib_init                            0x000002bb   Thumb Code     0  libinit.o(.ARM.Collect$$libinit$$00000000)
    __rt_lib_init_fp_1                       0x000002bd   Thumb Code     0  libinit2.o(.ARM.Collect$$libinit$$00000001)
    __rt_lib_init_alloca_1                   0x000002c1   Thumb Code     0  libinit2.o(.ARM.Collect$$libinit$$0000002E)
    __rt_lib_init_argv_1                     0x000002c1   Thumb Code     0  libinit2.o(.ARM.Collect$$libinit$$0000002C)
    __rt_lib_init_atexit_1                   0x000002c1   Thumb Code     0  libinit2.o(.ARM.Collect$$libinit$$0000001B)
    __rt_lib_init_clock_1                    0x000002c1   Thumb Code     0  libinit2.o(.ARM.Collect$$libinit$$00000021)
    __rt_lib_init_cpp_1                      0x000002c1   Thumb Code     0  libinit2.o(.ARM.Collect$$libinit$$00000032)
    __rt_lib_init_exceptions_1               0x000002c1   Thumb Code     0  libinit2.o(.ARM.Collect$$libinit$$00000030)
    __rt_lib_init_fp_trap_1                  0x000002c1   Thumb Code     0  libinit2.o(.ARM.Collect$$libinit$$0000001F)
    __rt_lib_init_getenv_1                   0x000002c1   Thumb Code     0  libinit2.o(.ARM.Collect$$libinit$$00000023)
    __rt_lib_init_heap_1                     0x000002c1   Thumb Code     0  libinit2.o(.ARM.Collect$$libinit$$0000000A)
    __rt_lib_init_lc_collate_1               0x000002c1   Thumb Code     0  libinit2.o(.ARM.Collect$$libinit$$00000011)
    __rt_lib_init_lc_ctype_1                 0x000002c1   Thumb Code     0  libinit2.o(.ARM.Collect$$libinit$$00000013)
    __rt_lib_init_lc_monetary_1              0x000002c1   Thumb Code     0  libinit2.o(.ARM.Collect$$libinit$$00000015)
    __rt_lib_init_lc_numeric_1               0x000002c1   Thumb Code     0  libinit2.o(.ARM.Collect$$libinit$$00000017)
    __rt_lib_init_lc_time_1                  0x000002c1   Thumb Code     0  libinit2.o(.ARM.Collect$$libinit$$00000019)
    __rt_lib_init_preinit_1                  0x000002c1   Thumb Code     0  libinit2.o(.ARM.Collect$$libinit$$00000004)
    __rt_lib_init_rand_1                     0x000002c1   Thumb Code     0  libinit2.o(.ARM.Collect$$libinit$$0000000E)
    __rt_lib_init_return                     0x000002c1   Thumb Code     0  libinit2.o(.ARM.Collect$$libinit$$00000033)
    __rt_lib_init_signal_1                   0x000002c1   Thumb Code     0  libinit2.o(.ARM.Collect$$libinit$$0000001D)
    __rt_lib_init_stdio_1                    0x000002c1   Thumb Code     0  libinit2.o(.ARM.Collect$$libinit$$00000025)
    __rt_lib_init_user_alloc_1               0x000002c1   Thumb Code     0  libinit2.o(.ARM.Collect$$libinit$$0000000C)
    __rt_lib_shutdown                        0x000002c3   Thumb Code     0  libshutdown.o(.ARM.Collect$$libshutdown$$00000000)
    __rt_lib_shutdown_cpp_1                  0x000002c5   Thumb Code     0  libshutdown2.o(.ARM.Collect$$libshutdown$$00000004)
    __rt_lib_shutdown_fini_1                 0x000002c5   Thumb Code     0  libshutdown2.o(.ARM.Collect$$libshutdown$$00000002)
    __rt_lib_shutdown_fp_trap_1              0x000002c5   Thumb Code     0  libshutdown2.o(.ARM.Collect$$libshutdown$$00000009)
    __rt_lib_shutdown_heap_1                 0x000002c5   Thumb Code     0  libshutdown2.o(.ARM.Collect$$libshutdown$$00000011)
    __rt_lib_shutdown_return                 0x000002c5   Thumb Code     0  libshutdown2.o(.ARM.Collect$$libshutdown$$00000012)
    __rt_lib_shutdown_signal_1               0x000002c5   Thumb Code     0  libshutdown2.o(.ARM.Collect$$libshutdown$$0000000C)
    __rt_lib_shutdown_stdio_1                0x000002c5   Thumb Code     0  libshutdown2.o(.ARM.Collect$$libshutdown$$00000006)
    __rt_lib_shutdown_user_alloc_1           0x000002c5   Thumb Code     0  libshutdown2.o(.ARM.Collect$$libshutdown$$0000000E)
    __rt_entry                               0x000002c7   Thumb Code     0  __rtentry.o(.ARM.Collect$$rtentry$$00000000)
    __rt_entry_presh_1                       0x000002c7   Thumb Code     0  __rtentry2.o(.ARM.Collect$$rtentry$$00000002)
    __rt_entry_sh                            0x000002c7   Thumb Code     0  __rtentry4.o(.ARM.Collect$$rtentry$$00000004)
    __rt_entry_li                            0x000002cd   Thumb Code     0  __rtentry2.o(.ARM.Collect$$rtentry$$0000000A)
    __rt_entry_postsh_1                      0x000002cd   Thumb Code     0  __rtentry2.o(.ARM.Collect$$rtentry$$00000009)
    __rt_entry_main                          0x000002d1   Thumb Code     0  __rtentry2.o(.ARM.Collect$$rtentry$$0000000D)
    __rt_entry_postli_1                      0x000002d1   Thumb Code     0  __rtentry2.o(.ARM.Collect$$rtentry$$0000000C)
    __rt_exit                                0x000002d9   Thumb Code     0  rtexit.o(.ARM.Collect$$rtexit$$00000000)
    __rt_exit_ls                             0x000002db   Thumb Code     0  rtexit2.o(.ARM.Collect$$rtexit$$00000003)
    __rt_exit_prels_1                        0x000002db   Thumb Code     0  rtexit2.o(.ARM.Collect$$rtexit$$00000002)
    __rt_exit_exit                           0x000002df   Thumb Code     0  rtexit2.o(.ARM.Collect$$rtexit$$00000004)
    __user_initial_stackheap                 0x000002e5   Thumb Code     0  startup_rvmdk.o(.text)
    __2sprintf                               0x000002fd   Thumb Code    34  noretval__2sprintf.o(.text)
    __printf                                 0x00000325   Thumb Code   104  __printf.o(.text)
    _printf_str                              0x0000038d   Thumb Code    82  _printf_str.o(.text)
    __use_two_region_memory                  0x000003df   Thumb Code     2  heapauxi.o(.text)
    __rt_heap_escrow$2region                 0x000003e1   Thumb Code     2  heapauxi.o(.text)
    __rt_heap_expand$2region                 0x000003e3   Thumb Code     2  heapauxi.o(.text)
    _printf_char_common                      0x000003ef   Thumb Code    32  _printf_char_common.o(.text)
    _sputc                                   0x00000415   Thumb Code    10  _sputc.o(.text)
    _printf_cs_common                        0x0000041f   Thumb Code    20  _printf_char.o(.text)
    _printf_char                             0x00000433   Thumb Code    16  _printf_char.o(.text)
    _printf_string                           0x00000443   Thumb Code     8  _printf_char.o(.text)
    __user_setup_stackheap                   0x0000044b   Thumb Code    74  sys_stackheap_outer.o(.text)
    exit                                     0x00000495   Thumb Code    18  exit.o(.text)
    __user_libspace                          0x000004a9   Thumb Code     8  libspace.o(.text)
    __user_perproc_libspace                  0x000004a9   Thumb Code     0  libspace.o(.text)
    __user_perthread_libspace                0x000004a9   Thumb Code     0  libspace.o(.text)
    _sys_exit                                0x000004b1   Thumb Code     8  sys_exit.o(.text)
    __I$use$semihosting                      0x000004bd   Thumb Code     0  use_no_semi.o(.text)
    __use_no_semihosting_swi                 0x000004bd   Thumb Code     2  use_no_semi.o(.text)
    __semihosting_library_function           0x000004bf   Thumb Code     0  indicate_semi.o(.text)
    AtivaColuna                              0x000004c1   Thumb Code    86  teclado.o(i.AtivaColuna)
    GPIODirModeSet                           0x0000051d   Thumb Code    40  gpio.o(i.GPIODirModeSet)
    GPIOPadConfigSet                         0x00000545   Thumb Code   354  gpio.o(i.GPIOPadConfigSet)
    GPIOPinConfigure                         0x000006b5   Thumb Code    60  gpio.o(i.GPIOPinConfigure)
    GPIOPinRead                              0x000006f9   Thumb Code     6  gpio.o(i.GPIOPinRead)
    GPIOPinTypeGPIOInput                     0x000006ff   Thumb Code    28  gpio.o(i.GPIOPinTypeGPIOInput)
    GPIOPinTypeGPIOOutput                    0x0000071b   Thumb Code    28  gpio.o(i.GPIOPinTypeGPIOOutput)
    GPIOPinTypeI2C                           0x00000737   Thumb Code    28  gpio.o(i.GPIOPinTypeI2C)
    GPIOPinTypeI2CSCL                        0x00000753   Thumb Code    28  gpio.o(i.GPIOPinTypeI2CSCL)
    GPIOPinTypePWM                           0x0000076f   Thumb Code    28  gpio.o(i.GPIOPinTypePWM)
    GPIOPinTypeUART                          0x0000078b   Thumb Code    28  gpio.o(i.GPIOPinTypeUART)
    GPIOPinWrite                             0x000007a7   Thumb Code     6  gpio.o(i.GPIOPinWrite)
    I2C0_config                              0x000007ad   Thumb Code    82  main.o(i.I2C0_config)
    I2C0_sendMultipleBytes                   0x00000819   Thumb Code   122  main.o(i.I2C0_sendMultipleBytes)
    I2C7_config                              0x00000899   Thumb Code    82  main.o(i.I2C7_config)
    I2C7_sendMultipleBytes                   0x00000905   Thumb Code   122  main.o(i.I2C7_sendMultipleBytes)
    I2CMasterBusy                            0x00000985   Thumb Code    12  i2c.o(i.I2CMasterBusy)
    I2CMasterControl                         0x00000991   Thumb Code     4  i2c.o(i.I2CMasterControl)
    I2CMasterDataPut                         0x00000995   Thumb Code     4  i2c.o(i.I2CMasterDataPut)
    I2CMasterInitExpClk                      0x00000999   Thumb Code    72  i2c.o(i.I2CMasterInitExpClk)
    I2CMasterSlaveAddrSet                    0x000009ed   Thumb Code     8  i2c.o(i.I2CMasterSlaveAddrSet)
    IntEnable                                0x000009f5   Thumb Code    92  interrupt.o(i.IntEnable)
    IntRegister                              0x00000a59   Thumb Code    44  interrupt.o(i.IntRegister)
    LeLinha                                  0x00000a8d   Thumb Code    48  teclado.o(i.LeLinha)
    OLED0_Init                               0x00000ac1   Thumb Code   178  ssd1306.o(i.OLED0_Init)
    OLED0_command                            0x00000b73   Thumb Code    26  ssd1306.o(i.OLED0_command)
    OLED0_data                               0x00000b8d   Thumb Code    26  ssd1306.o(i.OLED0_data)
    OLED7_Init                               0x00000bad   Thumb Code   142  ssd1306.o(i.OLED7_Init)
    OLED7_clearDisplay                       0x00000c3b   Thumb Code    42  ssd1306.o(i.OLED7_clearDisplay)
    OLED7_command                            0x00000c65   Thumb Code    26  ssd1306.o(i.OLED7_command)
    OLED7_sendChar                           0x00000c81   Thumb Code    26  ssd1306.o(i.OLED7_sendChar)
    OLED7_sendCharXYI                        0x00000ca1   Thumb Code   222  ssd1306.o(i.OLED7_sendCharXYI)
    OLED7_sendStrXYI                         0x00000d85   Thumb Code    38  ssd1306.o(i.OLED7_sendStrXYI)
    OLED7_setXY                              0x00000dab   Thumb Code    40  ssd1306.o(i.OLED7_setXY)
    PWMGenConfigure                          0x00000dd3   Thumb Code    38  pwm.o(i.PWMGenConfigure)
    PWMGenEnable                             0x00000df9   Thumb Code    10  pwm.o(i.PWMGenEnable)
    PWMGenPeriodGet                          0x00000e03   Thumb Code    18  pwm.o(i.PWMGenPeriodGet)
    PWMGenPeriodSet                          0x00000e15   Thumb Code    18  pwm.o(i.PWMGenPeriodSet)
    PWMOutputState                           0x00000e27   Thumb Code    16  pwm.o(i.PWMOutputState)
    PWMPulseWidthSet                         0x00000e37   Thumb Code    32  pwm.o(i.PWMPulseWidthSet)
    PortL_config                             0x00000e59   Thumb Code    42  main.o(i.PortL_config)
    PortM_config                             0x00000e8d   Thumb Code    30  main.o(i.PortM_config)
    RelesTela                                0x00000eb5   Thumb Code   228  main.o(i.RelesTela)
    SSD1306_I2C0_DrawBitmap                  0x00000fb9   Thumb Code   122  ssd1306.o(i.SSD1306_I2C0_DrawBitmap)
    SSD1306_I2C0_DrawPixel                   0x00001035   Thumb Code   136  ssd1306.o(i.SSD1306_I2C0_DrawPixel)
    SSD1306_I2C0_UpdateScreen                0x000010c1   Thumb Code    64  ssd1306.o(i.SSD1306_I2C0_UpdateScreen)
    SSD1306_I2C0_cls                         0x00001105   Thumb Code    22  ssd1306.o(i.SSD1306_I2C0_cls)
    SetupSystick                             0x00001121   Thumb Code    34  main.o(i.SetupSystick)
    SetupUart                                0x00001151   Thumb Code   102  main.o(i.SetupUart)
    SysCtlClockFreqSet                       0x000011cd   Thumb Code   700  sysctl.o(i.SysCtlClockFreqSet)
    SysCtlClockGet                           0x000014b1   Thumb Code   304  sysctl.o(i.SysCtlClockGet)
    SysCtlPWMClockSet                        0x00001605   Thumb Code    14  sysctl.o(i.SysCtlPWMClockSet)
    SysCtlPeripheralEnable                   0x00001619   Thumb Code    36  sysctl.o(i.SysCtlPeripheralEnable)
    SysCtlPeripheralReady                    0x00001641   Thumb Code    40  sysctl.o(i.SysCtlPeripheralReady)
    SysTickDisable                           0x0000166d   Thumb Code    14  systick.o(i.SysTickDisable)
    SysTickEnable                            0x0000167b   Thumb Code    14  systick.o(i.SysTickEnable)
    SysTickIntEnable                         0x00001689   Thumb Code    14  systick.o(i.SysTickIntEnable)
    SysTickIntHandler                        0x00001699   Thumb Code    12  main.o(i.SysTickIntHandler)
    SysTickIntRegister                       0x000016a9   Thumb Code    24  systick.o(i.SysTickIntRegister)
    SysTickPeriodSet                         0x000016c1   Thumb Code    10  systick.o(i.SysTickPeriodSet)
    UARTCharGetNonBlocking                   0x000016cb   Thumb Code    16  uart.o(i.UARTCharGetNonBlocking)
    UARTCharPut                              0x000016db   Thumb Code    12  uart.o(i.UARTCharPut)
    UARTConfigSetExpClk                      0x000016e7   Thumb Code   110  uart.o(i.UARTConfigSetExpClk)
    UARTFIFODisable                          0x00001755   Thumb Code    10  uart.o(i.UARTFIFODisable)
    UARTIntClear                             0x0000175f   Thumb Code     4  uart.o(i.UARTIntClear)
    UARTIntEnable                            0x00001763   Thumb Code     8  uart.o(i.UARTIntEnable)
    UARTIntRegister                          0x0000176d   Thumb Code    70  uart.o(i.UARTIntRegister)
    UARTIntStatus                            0x000017c5   Thumb Code    10  uart.o(i.UARTIntStatus)
    UARTStringSend                           0x000017d1   Thumb Code    28  main.o(i.UARTStringSend)
    UART_Interruption_Handler                0x000017f1   Thumb Code    60  main.o(i.UART_Interruption_Handler)
    VarreTeclado                             0x00001839   Thumb Code   214  teclado.o(i.VarreTeclado)
    main                                     0x00001911   Thumb Code  1572  main.o(i.main)
    _fp_init                                 0x00001f45   Thumb Code    10  fpinit.o(x$fpl$fpinit)
    __fplib_config_fpu_vfp                   0x00001f4d   Thumb Code     0  fpinit.o(x$fpl$fpinit)
    __fplib_config_pureend_doubles           0x00001f4d   Thumb Code     0  fpinit.o(x$fpl$fpinit)
    ReleOn                                   0x00001f4e   Data         160  main.o(.constdata)
    ReleOff                                  0x00001fee   Data         160  main.o(.constdata)
    Rele1                                    0x0000208e   Data         160  main.o(.constdata)
    Rele2                                    0x0000212e   Data         160  main.o(.constdata)
    Rele3                                    0x000021ce   Data         160  main.o(.constdata)
    ASCII_font5x8                            0x0000226e   Data         480  ssd1306.o(.constdata)
    Region$$Table$$Base                      0x00002a58   Number         0  anon$$obj.o(Region$$Table)
    Region$$Table$$Limit                     0x00002a78   Number         0  anon$$obj.o(Region$$Table)
    SysClock                                 0x20000004   Data           4  main.o(.data)
    rxbuffer                                 0x20000008   Data           4  main.o(.data)
    newUart                                  0x2000000c   Data           1  main.o(.data)
    rele1                                    0x2000000d   Data           1  main.o(.data)
    rele2                                    0x2000000e   Data           1  main.o(.data)
    rele3                                    0x2000000f   Data           1  main.o(.data)
    SSD1306_Buffer                           0x2000066c   Data        1024  ssd1306.o(.bss)
    __libspace_start                         0x20000a6c   Data          96  libspace.o(.bss)
    __temporary_stack_top$libspace           0x20000acc   Data           0  libspace.o(.bss)



==============================================================================

Memory Map of the image

  Image Entry point : 0x00000201

  Load Region LR_1 (Base: 0x00000000, Size: 0x000030e4, Max: 0xffffffff, ABSOLUTE, COMPRESSED[0x00002a88])

    Execution Region ER_RO (Exec base: 0x00000000, Load base: 0x00000000, Size: 0x00002a78, Max: 0xffffffff, ABSOLUTE)

    Exec Addr    Load Addr    Size         Type   Attr      Idx    E Section Name        Object

    0x00000000   0x00000000   0x0000021c   Code   RO          387  * RESET               startup_rvmdk.o
    0x0000021c   0x0000021c   0x00000008   Code   RO         2197  * !!!main             c_w.l(__main.o)
    0x00000224   0x00000224   0x00000034   Code   RO         2367    !!!scatter          c_w.l(__scatter.o)
    0x00000258   0x00000258   0x0000003a   Code   RO         2365    !!dczerorl          c_w.l(__dczerorl.o)
    0x00000292   0x00000292   0x00000002   PAD
    0x00000294   0x00000294   0x0000001c   Code   RO         2369    !!handler_zi        c_w.l(__scatter_zi.o)
    0x000002b0   0x000002b0   0x00000000   Code   RO         2194    .ARM.Collect$$_printf_percent$$00000000  c_w.l(_printf_percent.o)
    0x000002b0   0x000002b0   0x00000006   Code   RO         2193    .ARM.Collect$$_printf_percent$$00000013  c_w.l(_printf_c.o)
    0x000002b6   0x000002b6   0x00000004   Code   RO         2206    .ARM.Collect$$_printf_percent$$00000017  c_w.l(_printf_percent_end.o)
    0x000002ba   0x000002ba   0x00000002   Code   RO         2233    .ARM.Collect$$libinit$$00000000  c_w.l(libinit.o)
    0x000002bc   0x000002bc   0x00000004   Code   RO         2239    .ARM.Collect$$libinit$$00000001  c_w.l(libinit2.o)
    0x000002c0   0x000002c0   0x00000000   Code   RO         2242    .ARM.Collect$$libinit$$00000004  c_w.l(libinit2.o)
    0x000002c0   0x000002c0   0x00000000   Code   RO         2245    .ARM.Collect$$libinit$$0000000A  c_w.l(libinit2.o)
    0x000002c0   0x000002c0   0x00000000   Code   RO         2247    .ARM.Collect$$libinit$$0000000C  c_w.l(libinit2.o)
    0x000002c0   0x000002c0   0x00000000   Code   RO         2249    .ARM.Collect$$libinit$$0000000E  c_w.l(libinit2.o)
    0x000002c0   0x000002c0   0x00000000   Code   RO         2252    .ARM.Collect$$libinit$$00000011  c_w.l(libinit2.o)
    0x000002c0   0x000002c0   0x00000000   Code   RO         2254    .ARM.Collect$$libinit$$00000013  c_w.l(libinit2.o)
    0x000002c0   0x000002c0   0x00000000   Code   RO         2256    .ARM.Collect$$libinit$$00000015  c_w.l(libinit2.o)
    0x000002c0   0x000002c0   0x00000000   Code   RO         2258    .ARM.Collect$$libinit$$00000017  c_w.l(libinit2.o)
    0x000002c0   0x000002c0   0x00000000   Code   RO         2260    .ARM.Collect$$libinit$$00000019  c_w.l(libinit2.o)
    0x000002c0   0x000002c0   0x00000000   Code   RO         2262    .ARM.Collect$$libinit$$0000001B  c_w.l(libinit2.o)
    0x000002c0   0x000002c0   0x00000000   Code   RO         2264    .ARM.Collect$$libinit$$0000001D  c_w.l(libinit2.o)
    0x000002c0   0x000002c0   0x00000000   Code   RO         2266    .ARM.Collect$$libinit$$0000001F  c_w.l(libinit2.o)
    0x000002c0   0x000002c0   0x00000000   Code   RO         2268    .ARM.Collect$$libinit$$00000021  c_w.l(libinit2.o)
    0x000002c0   0x000002c0   0x00000000   Code   RO         2270    .ARM.Collect$$libinit$$00000023  c_w.l(libinit2.o)
    0x000002c0   0x000002c0   0x00000000   Code   RO         2272    .ARM.Collect$$libinit$$00000025  c_w.l(libinit2.o)
    0x000002c0   0x000002c0   0x00000000   Code   RO         2276    .ARM.Collect$$libinit$$0000002C  c_w.l(libinit2.o)
    0x000002c0   0x000002c0   0x00000000   Code   RO         2278    .ARM.Collect$$libinit$$0000002E  c_w.l(libinit2.o)
    0x000002c0   0x000002c0   0x00000000   Code   RO         2280    .ARM.Collect$$libinit$$00000030  c_w.l(libinit2.o)
    0x000002c0   0x000002c0   0x00000000   Code   RO         2282    .ARM.Collect$$libinit$$00000032  c_w.l(libinit2.o)
    0x000002c0   0x000002c0   0x00000002   Code   RO         2283    .ARM.Collect$$libinit$$00000033  c_w.l(libinit2.o)
    0x000002c2   0x000002c2   0x00000002   Code   RO         2303    .ARM.Collect$$libshutdown$$00000000  c_w.l(libshutdown.o)
    0x000002c4   0x000002c4   0x00000000   Code   RO         2316    .ARM.Collect$$libshutdown$$00000002  c_w.l(libshutdown2.o)
    0x000002c4   0x000002c4   0x00000000   Code   RO         2318    .ARM.Collect$$libshutdown$$00000004  c_w.l(libshutdown2.o)
    0x000002c4   0x000002c4   0x00000000   Code   RO         2320    .ARM.Collect$$libshutdown$$00000006  c_w.l(libshutdown2.o)
    0x000002c4   0x000002c4   0x00000000   Code   RO         2323    .ARM.Collect$$libshutdown$$00000009  c_w.l(libshutdown2.o)
    0x000002c4   0x000002c4   0x00000000   Code   RO         2326    .ARM.Collect$$libshutdown$$0000000C  c_w.l(libshutdown2.o)
    0x000002c4   0x000002c4   0x00000000   Code   RO         2328    .ARM.Collect$$libshutdown$$0000000E  c_w.l(libshutdown2.o)
    0x000002c4   0x000002c4   0x00000000   Code   RO         2331    .ARM.Collect$$libshutdown$$00000011  c_w.l(libshutdown2.o)
    0x000002c4   0x000002c4   0x00000002   Code   RO         2332    .ARM.Collect$$libshutdown$$00000012  c_w.l(libshutdown2.o)
    0x000002c6   0x000002c6   0x00000000   Code   RO         2199    .ARM.Collect$$rtentry$$00000000  c_w.l(__rtentry.o)
    0x000002c6   0x000002c6   0x00000000   Code   RO         2208    .ARM.Collect$$rtentry$$00000002  c_w.l(__rtentry2.o)
    0x000002c6   0x000002c6   0x00000006   Code   RO         2220    .ARM.Collect$$rtentry$$00000004  c_w.l(__rtentry4.o)
    0x000002cc   0x000002cc   0x00000000   Code   RO         2210    .ARM.Collect$$rtentry$$00000009  c_w.l(__rtentry2.o)
    0x000002cc   0x000002cc   0x00000004   Code   RO         2211    .ARM.Collect$$rtentry$$0000000A  c_w.l(__rtentry2.o)
    0x000002d0   0x000002d0   0x00000000   Code   RO         2213    .ARM.Collect$$rtentry$$0000000C  c_w.l(__rtentry2.o)
    0x000002d0   0x000002d0   0x00000008   Code   RO         2214    .ARM.Collect$$rtentry$$0000000D  c_w.l(__rtentry2.o)
    0x000002d8   0x000002d8   0x00000002   Code   RO         2237    .ARM.Collect$$rtexit$$00000000  c_w.l(rtexit.o)
    0x000002da   0x000002da   0x00000000   Code   RO         2285    .ARM.Collect$$rtexit$$00000002  c_w.l(rtexit2.o)
    0x000002da   0x000002da   0x00000004   Code   RO         2286    .ARM.Collect$$rtexit$$00000003  c_w.l(rtexit2.o)
    0x000002de   0x000002de   0x00000006   Code   RO         2287    .ARM.Collect$$rtexit$$00000004  c_w.l(rtexit2.o)
    0x000002e4   0x000002e4   0x00000018   Code   RO          388    .text               startup_rvmdk.o
    0x000002fc   0x000002fc   0x00000028   Code   RO         2167    .text               c_w.l(noretval__2sprintf.o)
    0x00000324   0x00000324   0x00000068   Code   RO         2169    .text               c_w.l(__printf.o)
    0x0000038c   0x0000038c   0x00000052   Code   RO         2171    .text               c_w.l(_printf_str.o)
    0x000003de   0x000003de   0x00000006   Code   RO         2195    .text               c_w.l(heapauxi.o)
    0x000003e4   0x000003e4   0x00000030   Code   RO         2200    .text               c_w.l(_printf_char_common.o)
    0x00000414   0x00000414   0x0000000a   Code   RO         2202    .text               c_w.l(_sputc.o)
    0x0000041e   0x0000041e   0x0000002c   Code   RO         2204    .text               c_w.l(_printf_char.o)
    0x0000044a   0x0000044a   0x0000004a   Code   RO         2224    .text               c_w.l(sys_stackheap_outer.o)
    0x00000494   0x00000494   0x00000012   Code   RO         2226    .text               c_w.l(exit.o)
    0x000004a6   0x000004a6   0x00000002   PAD
    0x000004a8   0x000004a8   0x00000008   Code   RO         2234    .text               c_w.l(libspace.o)
    0x000004b0   0x000004b0   0x0000000c   Code   RO         2295    .text               c_w.l(sys_exit.o)
    0x000004bc   0x000004bc   0x00000002   Code   RO         2306    .text               c_w.l(use_no_semi.o)
    0x000004be   0x000004be   0x00000000   Code   RO         2308    .text               c_w.l(indicate_semi.o)
    0x000004be   0x000004be   0x00000002   PAD
    0x000004c0   0x000004c0   0x0000005c   Code   RO          394    i.AtivaColuna       teclado.o
    0x0000051c   0x0000051c   0x00000028   Code   RO          429    i.GPIODirModeSet    driverlib.lib(gpio.o)
    0x00000544   0x00000544   0x00000170   Code   RO          441    i.GPIOPadConfigSet  driverlib.lib(gpio.o)
    0x000006b4   0x000006b4   0x00000044   Code   RO          442    i.GPIOPinConfigure  driverlib.lib(gpio.o)
    0x000006f8   0x000006f8   0x00000006   Code   RO          443    i.GPIOPinRead       driverlib.lib(gpio.o)
    0x000006fe   0x000006fe   0x0000001c   Code   RO          452    i.GPIOPinTypeGPIOInput  driverlib.lib(gpio.o)
    0x0000071a   0x0000071a   0x0000001c   Code   RO          453    i.GPIOPinTypeGPIOOutput  driverlib.lib(gpio.o)
    0x00000736   0x00000736   0x0000001c   Code   RO          456    i.GPIOPinTypeI2C    driverlib.lib(gpio.o)
    0x00000752   0x00000752   0x0000001c   Code   RO          457    i.GPIOPinTypeI2CSCL  driverlib.lib(gpio.o)
    0x0000076e   0x0000076e   0x0000001c   Code   RO          460    i.GPIOPinTypePWM    driverlib.lib(gpio.o)
    0x0000078a   0x0000078a   0x0000001c   Code   RO          465    i.GPIOPinTypeUART   driverlib.lib(gpio.o)
    0x000007a6   0x000007a6   0x00000006   Code   RO          471    i.GPIOPinWrite      driverlib.lib(gpio.o)
    0x000007ac   0x000007ac   0x0000006c   Code   RO            1    i.I2C0_config       main.o
    0x00000818   0x00000818   0x00000080   Code   RO            2    i.I2C0_sendMultipleBytes  main.o
    0x00000898   0x00000898   0x0000006c   Code   RO            4    i.I2C7_config       main.o
    0x00000904   0x00000904   0x00000080   Code   RO            5    i.I2C7_sendMultipleBytes  main.o
    0x00000984   0x00000984   0x0000000c   Code   RO          772    i.I2CMasterBusy     driverlib.lib(i2c.o)
    0x00000990   0x00000990   0x00000004   Code   RO          773    i.I2CMasterControl  driverlib.lib(i2c.o)
    0x00000994   0x00000994   0x00000004   Code   RO          775    i.I2CMasterDataPut  driverlib.lib(i2c.o)
    0x00000998   0x00000998   0x00000054   Code   RO          780    i.I2CMasterInitExpClk  driverlib.lib(i2c.o)
    0x000009ec   0x000009ec   0x00000008   Code   RO          790    i.I2CMasterSlaveAddrSet  driverlib.lib(i2c.o)
    0x000009f4   0x000009f4   0x00000064   Code   RO         2054    i.IntEnable         driverlib.lib(interrupt.o)
    0x00000a58   0x00000a58   0x00000034   Code   RO         2066    i.IntRegister       driverlib.lib(interrupt.o)
    0x00000a8c   0x00000a8c   0x00000034   Code   RO          395    i.LeLinha           teclado.o
    0x00000ac0   0x00000ac0   0x000000b2   Code   RO          165    i.OLED0_Init        ssd1306.o
    0x00000b72   0x00000b72   0x0000001a   Code   RO          167    i.OLED0_command     ssd1306.o
    0x00000b8c   0x00000b8c   0x00000020   Code   RO          168    i.OLED0_data        ssd1306.o
    0x00000bac   0x00000bac   0x0000008e   Code   RO          180    i.OLED7_Init        ssd1306.o
    0x00000c3a   0x00000c3a   0x0000002a   Code   RO          181    i.OLED7_clearDisplay  ssd1306.o
    0x00000c64   0x00000c64   0x0000001a   Code   RO          182    i.OLED7_command     ssd1306.o
    0x00000c7e   0x00000c7e   0x00000002   PAD
    0x00000c80   0x00000c80   0x00000020   Code   RO          187    i.OLED7_sendChar    ssd1306.o
    0x00000ca0   0x00000ca0   0x000000e4   Code   RO          189    i.OLED7_sendCharXYI  ssd1306.o
    0x00000d84   0x00000d84   0x00000026   Code   RO          191    i.OLED7_sendStrXYI  ssd1306.o
    0x00000daa   0x00000daa   0x00000028   Code   RO          194    i.OLED7_setXY       ssd1306.o
    0x00000dd2   0x00000dd2   0x00000026   Code   RO         1106    i.PWMGenConfigure   driverlib.lib(pwm.o)
    0x00000df8   0x00000df8   0x0000000a   Code   RO         1108    i.PWMGenEnable      driverlib.lib(pwm.o)
    0x00000e02   0x00000e02   0x00000012   Code   RO         1120    i.PWMGenPeriodGet   driverlib.lib(pwm.o)
    0x00000e14   0x00000e14   0x00000012   Code   RO         1121    i.PWMGenPeriodSet   driverlib.lib(pwm.o)
    0x00000e26   0x00000e26   0x00000010   Code   RO         1128    i.PWMOutputState    driverlib.lib(pwm.o)
    0x00000e36   0x00000e36   0x00000020   Code   RO         1131    i.PWMPulseWidthSet  driverlib.lib(pwm.o)
    0x00000e56   0x00000e56   0x00000002   PAD
    0x00000e58   0x00000e58   0x00000034   Code   RO            7    i.PortL_config      main.o
    0x00000e8c   0x00000e8c   0x00000028   Code   RO            8    i.PortM_config      main.o
    0x00000eb4   0x00000eb4   0x00000104   Code   RO            9    i.RelesTela         main.o
    0x00000fb8   0x00000fb8   0x0000007a   Code   RO          195    i.SSD1306_I2C0_DrawBitmap  ssd1306.o
    0x00001032   0x00001032   0x00000002   PAD
    0x00001034   0x00001034   0x0000008c   Code   RO          196    i.SSD1306_I2C0_DrawPixel  ssd1306.o
    0x000010c0   0x000010c0   0x00000044   Code   RO          197    i.SSD1306_I2C0_UpdateScreen  ssd1306.o
    0x00001104   0x00001104   0x0000001c   Code   RO          198    i.SSD1306_I2C0_cls  ssd1306.o
    0x00001120   0x00001120   0x00000030   Code   RO           10    i.SetupSystick      main.o
    0x00001150   0x00001150   0x0000007c   Code   RO           11    i.SetupUart         main.o
    0x000011cc   0x000011cc   0x000002e4   Code   RO         1333    i.SysCtlClockFreqSet  driverlib.lib(sysctl.o)
    0x000014b0   0x000014b0   0x00000154   Code   RO         1334    i.SysCtlClockGet    driverlib.lib(sysctl.o)
    0x00001604   0x00001604   0x00000014   Code   RO         1360    i.SysCtlPWMClockSet  driverlib.lib(sysctl.o)
    0x00001618   0x00001618   0x00000028   Code   RO         1365    i.SysCtlPeripheralEnable  driverlib.lib(sysctl.o)
    0x00001640   0x00001640   0x0000002c   Code   RO         1369    i.SysCtlPeripheralReady  driverlib.lib(sysctl.o)
    0x0000166c   0x0000166c   0x0000000e   Code   RO         1685    i.SysTickDisable    driverlib.lib(systick.o)
    0x0000167a   0x0000167a   0x0000000e   Code   RO         1686    i.SysTickEnable     driverlib.lib(systick.o)
    0x00001688   0x00001688   0x0000000e   Code   RO         1688    i.SysTickIntEnable  driverlib.lib(systick.o)
    0x00001696   0x00001696   0x00000002   PAD
    0x00001698   0x00001698   0x00000010   Code   RO           12    i.SysTickIntHandler  main.o
    0x000016a8   0x000016a8   0x00000018   Code   RO         1689    i.SysTickIntRegister  driverlib.lib(systick.o)
    0x000016c0   0x000016c0   0x0000000a   Code   RO         1692    i.SysTickPeriodSet  driverlib.lib(systick.o)
    0x000016ca   0x000016ca   0x00000010   Code   RO         1755    i.UARTCharGetNonBlocking  driverlib.lib(uart.o)
    0x000016da   0x000016da   0x0000000c   Code   RO         1756    i.UARTCharPut       driverlib.lib(uart.o)
    0x000016e6   0x000016e6   0x0000006e   Code   RO         1762    i.UARTConfigSetExpClk  driverlib.lib(uart.o)
    0x00001754   0x00001754   0x0000000a   Code   RO         1769    i.UARTFIFODisable   driverlib.lib(uart.o)
    0x0000175e   0x0000175e   0x00000004   Code   RO         1775    i.UARTIntClear      driverlib.lib(uart.o)
    0x00001762   0x00001762   0x00000008   Code   RO         1777    i.UARTIntEnable     driverlib.lib(uart.o)
    0x0000176a   0x0000176a   0x00000002   PAD
    0x0000176c   0x0000176c   0x00000058   Code   RO         1778    i.UARTIntRegister   driverlib.lib(uart.o)
    0x000017c4   0x000017c4   0x0000000a   Code   RO         1779    i.UARTIntStatus     driverlib.lib(uart.o)
    0x000017ce   0x000017ce   0x00000002   PAD
    0x000017d0   0x000017d0   0x00000020   Code   RO           13    i.UARTStringSend    main.o
    0x000017f0   0x000017f0   0x00000048   Code   RO           14    i.UART_Interruption_Handler  main.o
    0x00001838   0x00001838   0x000000d6   Code   RO          396    i.VarreTeclado      teclado.o
    0x0000190e   0x0000190e   0x00000002   PAD
    0x00001910   0x00001910   0x00000634   Code   RO           15    i.main              main.o
    0x00001f44   0x00001f44   0x0000000a   Code   RO         2293    x$fpl$fpinit        fz_wm.l(fpinit.o)
    0x00001f4e   0x00001f4e   0x00000320   Data   RO           16    .constdata          main.o
    0x0000226e   0x0000226e   0x000001e0   Data   RO          200    .constdata          ssd1306.o
    0x0000244e   0x0000244e   0x00000002   PAD
    0x00002450   0x00002450   0x00000228   Data   RO          474    .constdata          driverlib.lib(gpio.o)
    0x00002678   0x00002678   0x00000254   Data   RO         1387    .constdata          driverlib.lib(sysctl.o)
    0x000028cc   0x000028cc   0x00000080   Data   RO         1795    .constdata          driverlib.lib(uart.o)
    0x0000294c   0x0000294c   0x0000010c   Data   RO         2070    .constdata          driverlib.lib(interrupt.o)
    0x00002a58   0x00002a58   0x00000020   Data   RO         2363    Region$$Table       anon$$obj.o


    Execution Region ER_RW (Exec base: 0x20000000, Load base: 0x00002a78, Size: 0x0000066c, Max: 0xffffffff, ABSOLUTE, COMPRESSED[0x00000010])

    Exec Addr    Load Addr    Size         Type   Attr      Idx    E Section Name        Object

    0x20000000   COMPRESSED   0x00000010   Data   RW           17    .data               main.o
    0x20000010   COMPRESSED   0x000003f0   PAD
    0x20000400   COMPRESSED   0x0000026c   Data   RW         2071    vtable              driverlib.lib(interrupt.o)


    Execution Region ER_ZI (Exec base: 0x2000066c, Load base: 0x00002a88, Size: 0x00000664, Max: 0xffffffff, ABSOLUTE)

    Exec Addr    Load Addr    Size         Type   Attr      Idx    E Section Name        Object

    0x2000066c        -       0x00000400   Zero   RW          199    .bss                ssd1306.o
    0x20000a6c        -       0x00000060   Zero   RW         2235    .bss                c_w.l(libspace.o)
    0x20000acc   0x00002a88   0x00000004   PAD
    0x20000ad0        -       0x00000000   Zero   RW          386    HEAP                startup_rvmdk.o
    0x20000ad0        -       0x00000200   Zero   RW          385    STACK               startup_rvmdk.o


==============================================================================

Image component sizes


      Code (inc. data)   RO Data    RW Data    ZI Data      Debug   Object Name

      2704        384        800         16          0      13994   main.o
      1142         32        480          0       1024       9215   ssd1306.o
       564        528          0          0        512        492   startup_rvmdk.o
       358         10          0          0          0       1723   teclado.o

    ----------------------------------------------------------------------
      4774        954       1314       1024       1536      25424   Object Totals
         0          0         32          0          0          0   (incl. Generated)
         6          0          2       1008          0          0   (incl. Padding)

    ----------------------------------------------------------------------

      Code (inc. data)   RO Data    RW Data    ZI Data      Debug   Library Member Name

        58          0          0          0          0          0   __dczerorl.o
         8          0          0          0          0         68   __main.o
       104          0          0          0          0         84   __printf.o
         0          0          0          0          0          0   __rtentry.o
        12          0          0          0          0          0   __rtentry2.o
         6          0          0          0          0          0   __rtentry4.o
        52          8          0          0          0          0   __scatter.o
        28          0          0          0          0          0   __scatter_zi.o
         6          0          0          0          0          0   _printf_c.o
        44          0          0          0          0        108   _printf_char.o
        48          6          0          0          0         96   _printf_char_common.o
         0          0          0          0          0          0   _printf_percent.o
         4          0          0          0          0          0   _printf_percent_end.o
        82          0          0          0          0         80   _printf_str.o
        10          0          0          0          0         68   _sputc.o
        18          0          0          0          0         80   exit.o
         6          0          0          0          0        152   heapauxi.o
         0          0          0          0          0          0   indicate_semi.o
         2          0          0          0          0          0   libinit.o
         6          0          0          0          0          0   libinit2.o
         2          0          0          0          0          0   libshutdown.o
         2          0          0          0          0          0   libshutdown2.o
         8          4          0          0         96         68   libspace.o
        40          6          0          0          0         84   noretval__2sprintf.o
         2          0          0          0          0          0   rtexit.o
        10          0          0          0          0          0   rtexit2.o
        12          4          0          0          0         68   sys_exit.o
        74          0          0          0          0         80   sys_stackheap_outer.o
         2          0          0          0          0         68   use_no_semi.o
       656         22        552          0          0      10343   gpio.o
       112         12          0          0          0       3481   i2c.o
       152         16        268        620          0       2150   interrupt.o
       132          0          0          0          0       3169   pwm.o
      1184         90        596          0          0       5923   sysctl.o
        76          0          0          0          0       2400   systick.o
       258         18        128          0          0       5457   uart.o
        10          0          0          0          0        116   fpinit.o

    ----------------------------------------------------------------------
      3240        186       1544        620        100      34143   Library Totals
        14          0          0          0          4          0   (incl. Padding)

    ----------------------------------------------------------------------

      Code (inc. data)   RO Data    RW Data    ZI Data      Debug   Library Name

       646         28          0          0         96       1104   c_w.l
      2570        158       1544        620          0      32923   driverlib.lib
        10          0          0          0          0        116   fz_wm.l

    ----------------------------------------------------------------------
      3240        186       1544        620        100      34143   Library Totals

    ----------------------------------------------------------------------

==============================================================================


      Code (inc. data)   RO Data    RW Data    ZI Data      Debug   

      8014       1140       2858       1644       1636      52799   Grand Totals
      8014       1140       2858         16       1636      52799   ELF Image Totals (compressed)
      8014       1140       2858         16          0          0   ROM Totals

==============================================================================

    Total RO  Size (Code + RO Data)                10872 (  10.62kB)
    Total RW  Size (RW Data + ZI Data)              3280 (   3.20kB)
    Total ROM Size (Code + RO Data + RW Data)      10888 (  10.63kB)

==============================================================================

