******************************************************************************
                  TI ARM Linker PC v20.2.7                     
******************************************************************************
>> Linked Tue May 30 18:13:00 2023

OUTPUT FILE NAME:   <p3_CCS.out>
ENTRY POINT SYMBOL: "_c_int00_noargs"  address: 000019e9


MEMORY CONFIGURATION

         name            origin    length      used     unused   attr    fill
----------------------  --------  ---------  --------  --------  ----  --------
  FLASH                 00000000   00100000  00001f42  000fe0be  R  X
  SRAM                  20000000   00040000  0003e699  00001967  RW X


SEGMENT ALLOCATION MAP

run origin  load origin   length   init length attrs members
----------  ----------- ---------- ----------- ----- -------
00000000    00000000    00001f48   00001f48    r-x
  00000000    00000000    00000200   00000200    r-- .intvecs
  00000200    00000200    00001a46   00001a46    r-x .text
  00001c48    00001c48    0000026c   0000026c    r-- .const
  00001eb8    00001eb8    00000090   00000090    r-- .cinit
20000000    20000000    0003e699   00000000    rw-
  20000000    20000000    0003c000   00000000    rw- .sysmem
  2003c000    2003c000    00002000   00000000    rw- .stack
  2003e000    2003e000    000004b0   00000000    rw- .bss
  2003e4b0    2003e4b0    000001e9   00000000    rw- .data


SECTION ALLOCATION MAP

 output                                  attributes/
section   page    origin      length       input sections
--------  ----  ----------  ----------   ----------------
.intvecs   0    00000000    00000200     
                  00000000    00000200     startup_ccs.obj (.intvecs)

.text      0    00000200    00001a46     
                  00000200    0000020c     pinout.obj (.text:PinoutSet)
                  0000040c    00000200     driverlib.lib : sysctl.obj (.text:SysCtlClockFreqSet)
                  0000060c    000001ee     uartstdio.obj (.text:UARTvprintf)
                  000007fa    00000132     driverlib.lib : gpio.obj (.text:GPIOPadConfigSet)
                  0000092c    0000012c     disp.obj (.text:p3_disp)
                  00000a58    00000120     ucontext_asm.obj (.text)
                  00000b78    00000100     rtsv7M4_T_le_v4SPD16_eabi.lib : memory.c.obj (.text:aligned_alloc)
                  00000c78    000000e4                                   : memory.c.obj (.text:free)
                  00000d5c    000000dc                                   : setvbuf.c.obj (.text:setvbuf)
                  00000e38    000000bc     ppos_core.obj (.text:ppos_init)
                  00000ef4    0000009c     rtsv7M4_T_le_v4SPD16_eabi.lib : memcpy_t2.asm.obj (.text)
                  00000f90    0000009c     ppos_core.obj (.text:task_create)
                  0000102c    0000007a     rtsv7M4_T_le_v4SPD16_eabi.lib : memset_t2.asm.obj (.text)
                  000010a6    00000002     startup_ccs.obj (.text:FaultISR)
                  000010a8    00000074     rtsv7M4_T_le_v4SPD16_eabi.lib : fclose.c.obj (.text:__TI_closefile)
                  0000111c    00000070                                   : memory.c.obj (.text:split)
                  0000118c    0000006c                                   : hostrename.c.obj (.text:HOSTrename)
                  000011f8    00000068                                   : hostlseek.c.obj (.text:HOSTlseek)
                  00001260    00000068                                   : copy_decompress_lzss.c.obj (.text:decompress:lzss:__TI_decompress_lzss)
                  000012c8    00000068     queue.obj (.text:queue_remove)
                  00001330    00000060     rtsv7M4_T_le_v4SPD16_eabi.lib : hostopen.c.obj (.text:HOSTopen)
                  00001390    00000060     uartstdio.obj (.text:UARTStdioConfig)
                  000013f0    0000005c     hello.obj (.text:ConfigureUART)
                  0000144c    0000005c     rtsv7M4_T_le_v4SPD16_eabi.lib : close.c.obj (.text:close)
                  000014a8    00000058                                   : hostread.c.obj (.text:HOSTread)
                  00001500    00000058                                   : hostwrite.c.obj (.text:HOSTwrite)
                  00001558    00000052     disp.obj (.text:Body)
                  000015aa    0000004c     rtsv7M4_T_le_v4SPD16_eabi.lib : fflush.c.obj (.text:__TI_doflush)
                  000015f6    00000002     startup_ccs.obj (.text:IntDefaultHandler)
                  000015f8    0000004c     hello.obj (.text:main)
                  00001644    00000048     uartstdio.obj (.text:UARTwrite)
                  0000168c    00000048     driverlib.lib : sysctl.obj (.text:_SysCtlFrequencyGet)
                  000016d4    00000048     rtsv7M4_T_le_v4SPD16_eabi.lib : exit.c.obj (.text:exit)
                  0000171c    00000044                                   : hostclose.c.obj (.text:HOSTclose)
                  00001760    00000044                                   : hostunlink.c.obj (.text:HOSTunlink)
                  000017a4    00000044                                   : autoinit.c.obj (.text:__TI_auto_init_nobinit_nopinit:__TI_auto_init_nobinit_nopinit)
                  000017e8    00000044                                   : getdevice.c.obj (.text:getdevice)
                  0000182c    00000040                                   : u_divt2.asm.obj (.text)
                  0000186c    00000038     ppos_core.obj (.text:Bodydispatcher)
                  000018a4    00000038     rtsv7M4_T_le_v4SPD16_eabi.lib : trgmsg.c.obj (.text:__TI_writemsg)
                  000018dc    00000038     ppos_core.obj (.text:task_exit)
                  00001914    00000036     queue.obj (.text:queue_append)
                  0000194a    00000036     rtsv7M4_T_le_v4SPD16_eabi.lib : strncpy.c.obj (.text:strncpy)
                  00001980    00000034                                   : fopen.c.obj (.text:__TI_cleanup)
                  000019b4    00000034                                   : trgmsg.c.obj (.text:__TI_readmsg)
                  000019e8    00000034                                   : boot_cortex_m.c.obj (.text:_c_int00_noargs:_c_int00_noargs)
                  00001a1c    00000030                                   : getdevice.c.obj (.text:finddevice)
                  00001a4c    0000002c                                   : unlink.c.obj (.text:unlink)
                  00001a78    0000002a     driverlib.lib : gpio.obj (.text:GPIODirModeSet)
                  00001aa2    00000002     startup_ccs.obj (.text:NmiSR)
                  00001aa4    00000028     rtsv7M4_T_le_v4SPD16_eabi.lib : memory.c.obj (.text:free_list_insert)
                  00001acc    00000028     ppos_core.obj (.text:task_yield)
                  00001af4    00000028     rtsv7M4_T_le_v4SPD16_eabi.lib : write.c.obj (.text:write)
                  00001b1c    00000020     driverlib.lib : sysctl.obj (.text:_SysCtlMemTimingGet)
                  00001b3c    0000001c     rtsv7M4_T_le_v4SPD16_eabi.lib : memory.c.obj (.text:free_list_remove)
                  00001b58    0000001c     ppos_core.obj (.text:task_switch)
                  00001b74    0000001a     uartstdio.obj (.text:UARTprintf)
                  00001b8e    00000018     rtsv7M4_T_le_v4SPD16_eabi.lib : strcmp.c.obj (.text:strcmp)
                  00001ba6    00000016                                   : strchr.c.obj (.text:strchr)
                  00001bbc    00000014                                   : strcpy.c.obj (.text:strcpy)
                  00001bd0    00000014                                   : strlen.c.obj (.text:strlen)
                  00001be4    00000012     driverlib.lib : gpio.obj (.text:GPIOPinTypeEthernetLED)
                  00001bf6    0000000e     rtsv7M4_T_le_v4SPD16_eabi.lib : copy_decompress_none.c.obj (.text:decompress:none:__TI_decompress_none)
                  00001c04    0000000c                                   : copy_zero_init.c.obj (.text:decompress:ZI:__TI_zero_init)
                  00001c10    0000000c     ppos_core.obj (.text:scheduler)
                  00001c1c    0000000a     ucontext.obj (.text:makecontextMain)
                  00001c26    00000008     rtsv7M4_T_le_v4SPD16_eabi.lib : memory.c.obj (.text:malloc)
                  00001c2e    00000006     startup_ccs.obj (.text:ResetISR)
                  00001c34    00000006     ucontext.obj (.text:makecontext)
                  00001c3a    00000004     rtsv7M4_T_le_v4SPD16_eabi.lib : pre_init.c.obj (.text:_system_pre_init)
                  00001c3e    00000004                                   : exit.c.obj (.text:abort:abort)
                  00001c42    00000002                                   : _lock.c.obj (.text:_nop)
                  00001c44    00000002                                   : div0.asm.obj (.text)

.const     0    00001c48    0000026c     
                  00001c48    000001b0     driverlib.lib : sysctl.obj (.const:g_pppui32XTALtoVCO)
                  00001df8    0000006c                   : sysctl.obj (.const:g_pui32Xtals)
                  00001e64    00000030                   : sysctl.obj (.const:g_sXTALtoMEMTIM)
                  00001e94    0000000c     uartstdio.obj (.const:g_ui32UARTBase)
                  00001ea0    0000000c     uartstdio.obj (.const:g_ui32UARTPeriph)
                  00001eac    00000008     driverlib.lib : sysctl.obj (.const)

.cinit     0    00001eb8    00000090     
                  00001eb8    0000006a     (.cinit..data.load) [load image, compression = lzss]
                  00001f22    00000002     --HOLE-- [fill = 0]
                  00001f24    0000000c     (__TI_handler_table)
                  00001f30    00000008     (.cinit..bss.load) [load image, compression = zero_init]
                  00001f38    00000010     (__TI_cinit_table)

.init_array 
*          0    00000000    00000000     UNINITIALIZED

.sysmem    0    20000000    0003c000     UNINITIALIZED
                  20000000    00000010     rtsv7M4_T_le_v4SPD16_eabi.lib : memory.c.obj (.sysmem)
                  20000010    0003bff0     --HOLE--

.stack     0    2003c000    00002000     UNINITIALIZED
                  2003c000    00000004     rtsv7M4_T_le_v4SPD16_eabi.lib : boot_cortex_m.c.obj (.stack)
                  2003c004    00001ffc     --HOLE--

.bss       0    2003e000    000004b0     UNINITIALIZED
                  2003e000    00000120     rtsv7M4_T_le_v4SPD16_eabi.lib : trgmsg.c.obj (.bss:_CIOBUF_)
                  2003e120    000000a0     (.common:__TI_tmpnams)
                  2003e1c0    00000078     (.common:Pang)
                  2003e238    00000078     (.common:Peng)
                  2003e2b0    00000078     (.common:Ping)
                  2003e328    00000078     (.common:Pong)
                  2003e3a0    00000078     (.common:Pung)
                  2003e418    00000078     (.common:taskdisp)
                  2003e490    00000008     (.common:parmbuf)
                  2003e498    00000004     (.common:g_ui32SysClock)
                  2003e49c    00000004     (.common:taskAtual)
                  2003e4a0    00000004     (.common:taskID)
                  2003e4a4    00000004     (.common:taskMain)
                  2003e4a8    00000004     (.common:taskNext)
                  2003e4ac    00000004     (.common:taskQueue)

.data      0    2003e4b0    000001e9     UNINITIALIZED
                  2003e4b0    000000f0     rtsv7M4_T_le_v4SPD16_eabi.lib : defs.c.obj (.data:_ftable)
                  2003e5a0    00000078                                   : host_device.c.obj (.data:_device)
                  2003e618    00000050                                   : host_device.c.obj (.data:_stream)
                  2003e668    00000010                                   : defs.c.obj (.data)
                  2003e678    0000000c                                   : exit.c.obj (.data:$O1$$)
                  2003e684    00000008                                   : _lock.c.obj (.data:$O1$$)
                  2003e68c    00000008                                   : memory.c.obj (.data:$O1$$)
                  2003e694    00000005     uartstdio.obj (.data)

__llvm_prf_cnts 
*          0    20000000    00000000     UNINITIALIZED

MODULE SUMMARY

       Module                       code   ro data   rw data
       ------                       ----   -------   -------
    .\
       disp.obj                     382    0         600    
       ppos_core.obj                536    0         140    
       startup_ccs.obj              12     512       0      
       ucontext_asm.obj             288    0         0      
       hello.obj                    168    0         4      
       queue.obj                    158    0         0      
       ucontext.obj                 16     0         0      
    +--+----------------------------+------+---------+---------+
       Total:                       1560   512       744    
                                                            
    .\drivers\
       pinout.obj                   524    0         0      
    +--+----------------------------+------+---------+---------+
       Total:                       524    0         0      
                                                            
    .\utils\
       uartstdio.obj                688    24        5      
    +--+----------------------------+------+---------+---------+
       Total:                       688    24        5      
                                                            
    C:/ti/tivaware_c_series_2_1_4_178/driverlib/ccs/Debug/driverlib.lib
       sysctl.obj                   616    596       0      
       gpio.obj                     366    0         0      
    +--+----------------------------+------+---------+---------+
       Total:                       982    596       0      
                                                            
    D:\CCS\ccs\tools\compiler\ti-cgt-arm_20.2.7.LTS\lib\rtsv7M4_T_le_v4SPD16_eabi.lib
       memory.c.obj                 672    0         8      
       defs.c.obj                   0      0         416    
       trgmsg.c.obj                 108    0         288    
       setvbuf.c.obj                220    0         0      
       host_device.c.obj            0      0         200    
       memcpy_t2.asm.obj            156    0         0      
       memset_t2.asm.obj            122    0         0      
       fclose.c.obj                 116    0         0      
       getdevice.c.obj              116    0         0      
       hostrename.c.obj             108    0         0      
       copy_decompress_lzss.c.obj   104    0         0      
       hostlseek.c.obj              104    0         0      
       hostopen.c.obj               96     0         8      
       close.c.obj                  92     0         0      
       exit.c.obj                   76     0         12     
       hostread.c.obj               88     0         0      
       hostwrite.c.obj              88     0         0      
       fflush.c.obj                 76     0         0      
       autoinit.c.obj               68     0         0      
       hostclose.c.obj              68     0         0      
       hostunlink.c.obj             68     0         0      
       u_divt2.asm.obj              64     0         0      
       strncpy.c.obj                54     0         0      
       boot_cortex_m.c.obj          52     0         0      
       fopen.c.obj                  52     0         0      
       unlink.c.obj                 44     0         0      
       write.c.obj                  40     0         0      
       strcmp.c.obj                 24     0         0      
       strchr.c.obj                 22     0         0      
       strcpy.c.obj                 20     0         0      
       strlen.c.obj                 20     0         0      
       copy_decompress_none.c.obj   14     0         0      
       copy_zero_init.c.obj         12     0         0      
       _lock.c.obj                  2      0         8      
       pre_init.c.obj               4      0         0      
       div0.asm.obj                 2      0         0      
    +--+----------------------------+------+---------+---------+
       Total:                       2972   0         940    
                                                            
       Heap:                        0      0         245760 
       Stack:                       0      0         8192   
       Linker Generated:            0      142       0      
    +--+----------------------------+------+---------+---------+
       Grand Total:                 6726   1274      255641 


LINKER GENERATED COPY TABLES

__TI_cinit_table @ 00001f38 records: 2, size/record: 8, table size: 16
	.data: load addr=00001eb8, load size=0000006a bytes, run addr=2003e4b0, run size=000001e9 bytes, compression=lzss
	.bss: load addr=00001f30, load size=00000008 bytes, run addr=2003e000, run size=000004b0 bytes, compression=zero_init


LINKER GENERATED HANDLER TABLE

__TI_handler_table @ 00001f24 records: 3, size/record: 4, table size: 12
	index: 0, handler: __TI_decompress_lzss
	index: 1, handler: __TI_decompress_none
	index: 2, handler: __TI_zero_init


GLOBAL SYMBOLS: SORTED ALPHABETICALLY BY Name 

address   name                           
-------   ----                           
00001559  Body                           
0000186d  Bodydispatcher                 
00001c3f  C$$EXIT                        
000018d3  C$$IO$$                        
000013f1  ConfigureUART                  
00001a79  GPIODirModeSet                 
000007fb  GPIOPadConfigSet               
00001be5  GPIOPinTypeEthernetLED         
0000171d  HOSTclose                      
000011f9  HOSTlseek                      
00001331  HOSTopen                       
000014a9  HOSTread                       
0000118d  HOSTrename                     
00001761  HOSTunlink                     
00001501  HOSTwrite                      
2003e1c0  Pang                           
2003e238  Peng                           
2003e2b0  Ping                           
00000201  PinoutSet                      
2003e328  Pong                           
2003e3a0  Pung                           
00001c2f  ResetISR                       
0000040d  SysCtlClockFreqSet             
00001391  UARTStdioConfig                
00001b75  UARTprintf                     
0000060d  UARTvprintf                    
00001645  UARTwrite                      
2003e000  __CIOBUF_                      
2003e000  __STACK_END                    
00002000  __STACK_SIZE                   
2003c200  __STACK_TOP                    
0003c000  __SYSMEM_SIZE                  
00001f38  __TI_CINIT_Base                
00001f48  __TI_CINIT_Limit               
00001f24  __TI_Handler_Table_Base        
00001f30  __TI_Handler_Table_Limit       
000017a5  __TI_auto_init_nobinit_nopinit 
00001981  __TI_cleanup                   
2003e678  __TI_cleanup_ptr               
000010a9  __TI_closefile                 
00001261  __TI_decompress_lzss           
00001bf7  __TI_decompress_none           
000015ab  __TI_doflush                   
2003e67c  __TI_dtors_ptr                 
2003e680  __TI_enable_exit_profile_output
2003e668  __TI_ft_end                    
ffffffff  __TI_pprof_out_hndl            
ffffffff  __TI_prof_data_size            
ffffffff  __TI_prof_data_start           
000019b5  __TI_readmsg                   
00000000  __TI_static_base__             
2003e120  __TI_tmpnams                   
000018a5  __TI_writemsg                  
00001c05  __TI_zero_init                 
00001c45  __aeabi_idiv0                  
00001c45  __aeabi_ldiv0                  
0000102d  __aeabi_memclr                 
0000102d  __aeabi_memclr4                
0000102d  __aeabi_memclr8                
00000ef5  __aeabi_memcpy                 
00000ef5  __aeabi_memcpy4                
00000ef5  __aeabi_memcpy8                
0000102f  __aeabi_memset                 
0000102f  __aeabi_memset4                
0000102f  __aeabi_memset8                
2003e674  __aeabi_stderr                 
2003e66c  __aeabi_stdin                  
2003e670  __aeabi_stdout                 
0000182d  __aeabi_uidiv                  
0000182d  __aeabi_uidivmod               
ffffffff  __binit__                      
ffffffff  __c_args__                     
UNDEFED   __mpu_init                     
2003c000  __stack                        
20000000  __start___llvm_prf_cnts        
20000000  __stop___llvm_prf_cnts         
000019e9  _c_int00_noargs                
2003e5a0  _device                        
2003e4b0  _ftable                        
2003e684  _lock                          
00001c43  _nop                           
2003e618  _stream                        
20000000  _sys_memory                    
UNDEFED   _system_post_cinit             
00001c3b  _system_pre_init               
2003e688  _unlock                        
00001c3f  abort                          
00000b79  aligned_alloc                  
ffffffff  binit                          
0000144d  close                          
000016d5  exit                           
00001a1d  finddevice                     
00000c79  free                           
00000000  g_pfnVectors                   
2003e498  g_ui32SysClock                 
00000a59  get_context_asm                
000017e9  getdevice                      
000015f9  main                           
00001c35  makecontext                    
00001c1d  makecontextMain                
00001c27  malloc                         
00000b79  memalign                       
00000ef5  memcpy                         
00001035  memset                         
0000092d  p3_disp                        
2003e490  parmbuf                        
00000e39  ppos_init                      
00001915  queue_append                   
000012c9  queue_remove                   
00001a4d  remove                         
00001c11  scheduler                      
00000aa1  set_context_asm                
00000d5d  setvbuf                        
00001ba7  strchr                         
00001b8f  strcmp                         
00001bbd  strcpy                         
00001bd1  strlen                         
0000194b  strncpy                        
00000aeb  swap_context_asm               
2003e49c  taskAtual                      
2003e4a0  taskID                         
2003e4a4  taskMain                       
2003e4a8  taskNext                       
2003e4ac  taskQueue                      
00000f91  task_create                    
000018dd  task_exit                      
00001b59  task_switch                    
00001acd  task_yield                     
2003e418  taskdisp                       
00001a4d  unlink                         
00001af5  write                          


GLOBAL SYMBOLS: SORTED BY Symbol Address 

address   name                           
-------   ----                           
00000000  __TI_static_base__             
00000000  g_pfnVectors                   
00000201  PinoutSet                      
0000040d  SysCtlClockFreqSet             
0000060d  UARTvprintf                    
000007fb  GPIOPadConfigSet               
0000092d  p3_disp                        
00000a59  get_context_asm                
00000aa1  set_context_asm                
00000aeb  swap_context_asm               
00000b79  aligned_alloc                  
00000b79  memalign                       
00000c79  free                           
00000d5d  setvbuf                        
00000e39  ppos_init                      
00000ef5  __aeabi_memcpy                 
00000ef5  __aeabi_memcpy4                
00000ef5  __aeabi_memcpy8                
00000ef5  memcpy                         
00000f91  task_create                    
0000102d  __aeabi_memclr                 
0000102d  __aeabi_memclr4                
0000102d  __aeabi_memclr8                
0000102f  __aeabi_memset                 
0000102f  __aeabi_memset4                
0000102f  __aeabi_memset8                
00001035  memset                         
000010a9  __TI_closefile                 
0000118d  HOSTrename                     
000011f9  HOSTlseek                      
00001261  __TI_decompress_lzss           
000012c9  queue_remove                   
00001331  HOSTopen                       
00001391  UARTStdioConfig                
000013f1  ConfigureUART                  
0000144d  close                          
000014a9  HOSTread                       
00001501  HOSTwrite                      
00001559  Body                           
000015ab  __TI_doflush                   
000015f9  main                           
00001645  UARTwrite                      
000016d5  exit                           
0000171d  HOSTclose                      
00001761  HOSTunlink                     
000017a5  __TI_auto_init_nobinit_nopinit 
000017e9  getdevice                      
0000182d  __aeabi_uidiv                  
0000182d  __aeabi_uidivmod               
0000186d  Bodydispatcher                 
000018a5  __TI_writemsg                  
000018d3  C$$IO$$                        
000018dd  task_exit                      
00001915  queue_append                   
0000194b  strncpy                        
00001981  __TI_cleanup                   
000019b5  __TI_readmsg                   
000019e9  _c_int00_noargs                
00001a1d  finddevice                     
00001a4d  remove                         
00001a4d  unlink                         
00001a79  GPIODirModeSet                 
00001acd  task_yield                     
00001af5  write                          
00001b59  task_switch                    
00001b75  UARTprintf                     
00001b8f  strcmp                         
00001ba7  strchr                         
00001bbd  strcpy                         
00001bd1  strlen                         
00001be5  GPIOPinTypeEthernetLED         
00001bf7  __TI_decompress_none           
00001c05  __TI_zero_init                 
00001c11  scheduler                      
00001c1d  makecontextMain                
00001c27  malloc                         
00001c2f  ResetISR                       
00001c35  makecontext                    
00001c3b  _system_pre_init               
00001c3f  C$$EXIT                        
00001c3f  abort                          
00001c43  _nop                           
00001c45  __aeabi_idiv0                  
00001c45  __aeabi_ldiv0                  
00001f24  __TI_Handler_Table_Base        
00001f30  __TI_Handler_Table_Limit       
00001f38  __TI_CINIT_Base                
00001f48  __TI_CINIT_Limit               
00002000  __STACK_SIZE                   
0003c000  __SYSMEM_SIZE                  
20000000  __start___llvm_prf_cnts        
20000000  __stop___llvm_prf_cnts         
20000000  _sys_memory                    
2003c000  __stack                        
2003c200  __STACK_TOP                    
2003e000  __CIOBUF_                      
2003e000  __STACK_END                    
2003e120  __TI_tmpnams                   
2003e1c0  Pang                           
2003e238  Peng                           
2003e2b0  Ping                           
2003e328  Pong                           
2003e3a0  Pung                           
2003e418  taskdisp                       
2003e490  parmbuf                        
2003e498  g_ui32SysClock                 
2003e49c  taskAtual                      
2003e4a0  taskID                         
2003e4a4  taskMain                       
2003e4a8  taskNext                       
2003e4ac  taskQueue                      
2003e4b0  _ftable                        
2003e5a0  _device                        
2003e618  _stream                        
2003e668  __TI_ft_end                    
2003e66c  __aeabi_stdin                  
2003e670  __aeabi_stdout                 
2003e674  __aeabi_stderr                 
2003e678  __TI_cleanup_ptr               
2003e67c  __TI_dtors_ptr                 
2003e680  __TI_enable_exit_profile_output
2003e684  _lock                          
2003e688  _unlock                        
ffffffff  __TI_pprof_out_hndl            
ffffffff  __TI_prof_data_size            
ffffffff  __TI_prof_data_start           
ffffffff  __binit__                      
ffffffff  __c_args__                     
ffffffff  binit                          
UNDEFED   __mpu_init                     
UNDEFED   _system_post_cinit             

[131 symbols]
