<html>
<body>
<pre>
<h1>µVision Build Log</h1>
<h2>Tool Versions:</h2>
IDE-Version: µVision V5.36.0.0
Copyright (C) 2021 ARM Ltd and ARM Germany GmbH. All rights reserved.
License Information: Jose Albuquerque, UTFPR, LIC=----
 
Tool Versions:
Toolchain:       MDK-Lite  Version: 5.36.0.0
Toolchain Path:  C:\Keil_v5\ARM\ARMCC\Bin
C Compiler:      Armcc.exe V5.06 update 7 (build 960)
Assembler:       Armasm.exe V5.06 update 7 (build 960)
Linker/Locator:  ArmLink.exe V5.06 update 7 (build 960)
Library Manager: ArmAr.exe V5.06 update 7 (build 960)
Hex Converter:   FromElf.exe V5.06 update 7 (build 960)
CPU DLL:         SARMCM3.DLL V5.36.0.0
Dialog DLL:      DCM.DLL V1.17.3.0
Target DLL:      lmidk-agdi.dll V???
Dialog DLL:      TCM.DLL V1.53.0.0
 
<h2>Project:</h2>
C:\Users\Jose\Documents\Embarcados\Boards\TI\DK-TM4C129x\RTX_Blinky\Blinky.uvprojx
Project File Date:  06/15/2024

<h2>Output:</h2>
*** Using Compiler 'V5.06 update 7 (build 960)', folder: 'C:\Keil_v5\ARM\ARMCC\Bin'
Build target 'TM4C129 Flash'
assembling startup_TM4C129.s...
compiling RTX_Conf_CM.c...
compiling system_TM4C129.c...
compiling LED.c...
compiling Blinky.c...
linking...
Program Size: Code=7280 RO-data=740 RW-data=84 ZI-data=3732  
".\Flash\Blinky.axf" - 0 Error(s), 0 Warning(s).

<h2>Software Packages used:</h2>

Package Vendor: ARM
                http://www.keil.com/pack/ARM.CMSIS.5.8.0.pack
                ARM.CMSIS.5.8.0
                CMSIS (Common Microcontroller Software Interface Standard)
   * Component: RTOS Version: 1.0.0
   * Component: CORE Version: 5.5.0
   * Component: Keil RTX Version: 4.82.0

Package Vendor: Keil
                http://www.keil.com/pack/Keil.TM4C_DFP.1.1.0.pack
                Keil.TM4C_DFP.1.1.0
                Texas Instruments Tiva C Series Device Support and Examples
   * Component: Startup Version: 1.0.0

<h2>Collection of Component include folders:</h2>
  .\RTE\_TM4C129_Flash
  C:\Users\Jose\AppData\Local\Arm\Packs\ARM\CMSIS\5.8.0\CMSIS\Core\Include
  C:\Users\Jose\AppData\Local\Arm\Packs\ARM\CMSIS\5.8.0\CMSIS\RTOS\RTX\INC
  C:\Users\Jose\AppData\Local\Arm\Packs\Keil\TM4C_DFP\1.1.0\Device\Include\TM4C129

<h2>Collection of Component Files used:</h2>

   * Component: ::CMSIS:RTOS:1.0.0 (API)

   * Component: ARM::CMSIS:CORE:5.5.0

   * Component: ARM::CMSIS:RTOS:Keil RTX:4.82.0
      Source file:   CMSIS\RTOS\RTX\SRC\ARM\SVC_Table.s
      Source file:   CMSIS\RTOS\RTX\UserCodeTemplates\Mutex.c
      Source file:   CMSIS\RTOS\RTX\UserCodeTemplates\Thread.c
      Source file:   CMSIS\RTOS\RTX\UserCodeTemplates\main.c
      Source file:   CMSIS\RTOS\RTX\Templates\RTX_Conf_CM.c
      Source file:   CMSIS\RTOS\RTX\UserCodeTemplates\Semaphore.c
      Include file:  CMSIS\RTOS\RTX\UserCodeTemplates\osObjects.h
      Source file:   CMSIS\RTOS\RTX\UserCodeTemplates\Timer.c
      Source file:   CMSIS\RTOS\RTX\UserCodeTemplates\MailQueue.c
      Include file:  CMSIS\RTOS\RTX\INC\cmsis_os.h
      Source file:   CMSIS\RTOS\RTX\UserCodeTemplates\MemPool.c
      Source file:   CMSIS\RTOS\RTX\UserCodeTemplates\MsgQueue.c
      Library file:  CMSIS\RTOS\RTX\LIB\ARM\RTX_CM4.lib

   * Component: Keil::Device:Startup:1.0.0
      Source file:   Device\Source\system_TM4C129.c
      Include file:  Device\Include\TM4C129\TM4C129.h
      Source file:   Device\Source\ARM\startup_TM4C129.s
Build Time Elapsed:  00:00:00
</pre>
</body>
</html>
