<html>
<body>
<pre>
<h1>µVision Build Log</h1>
<h2>Tool Versions:</h2>
IDE-Version: µVision V5.37.0.0
Copyright (C) 2022 ARM Ltd and ARM Germany GmbH. All rights reserved.
License Information: M A, U, LIC=----
 
Tool Versions:
Toolchain:       MDK-Lite  Version: 5.37.0.0
Toolchain Path:  C:\Keil_v5\ARM\ARMCLANG\Bin
C Compiler:      ArmClang.exe V6.18
Assembler:       Armasm.exe V6.18
Linker/Locator:  ArmLink.exe V6.18
Library Manager: ArmAr.exe V6.18
Hex Converter:   FromElf.exe V6.18
CPU DLL:         SARMCM3.DLL V5.37.0.0
Dialog DLL:      DCM.DLL V1.17.5.0
Target DLL:      lmidk-agdi.dll V???
Dialog DLL:      TCM.DLL V1.56.1.0
 
<h2>Project:</h2>
C:\Users\mathe\Desktop\labs micro\lab 3\exemplo.uvprojx
Project File Date:  12/15/2022

<h2>Output:</h2>
*** Using Compiler 'V6.18', folder: 'C:\Keil_v5\ARM\ARMCLANG\Bin'
Rebuild target 'Target 1'
assembling utils.s...
assembling startup.s...
main.c(66): warning: passing 'volatile uint32_t *' (aka 'volatile unsigned int *') to parameter of type 'uint32_t *' (aka 'unsigned int *') discards qualifiers [-Wincompatible-pointer-types-discards-qualifiers]
                                nvoltas = Teclas_Input(&GPIO_PORTL_DATA_R,&GPIO_PORTM_DIR_R,&GPIO_PORTM_DATA_R);
                                                       ^~~~~~~~~~~~~~~~~~
main.c(24): note: passing argument to parameter 'parametro' here
uint32_t Teclas_Input(uint32_t* parametro,uint32_t* parametro2,uint32_t* parametro3);
                                ^
main.c(66): warning: passing 'volatile uint32_t *' (aka 'volatile unsigned int *') to parameter of type 'uint32_t *' (aka 'unsigned int *') discards qualifiers [-Wincompatible-pointer-types-discards-qualifiers]
                                nvoltas = Teclas_Input(&GPIO_PORTL_DATA_R,&GPIO_PORTM_DIR_R,&GPIO_PORTM_DATA_R);
                                                                          ^~~~~~~~~~~~~~~~~
main.c(24): note: passing argument to parameter 'parametro2' here
uint32_t Teclas_Input(uint32_t* parametro,uint32_t* parametro2,uint32_t* parametro3);
                                                    ^
main.c(66): warning: passing 'volatile uint32_t *' (aka 'volatile unsigned int *') to parameter of type 'uint32_t *' (aka 'unsigned int *') discards qualifiers [-Wincompatible-pointer-types-discards-qualifiers]
                                nvoltas = Teclas_Input(&GPIO_PORTL_DATA_R,&GPIO_PORTM_DIR_R,&GPIO_PORTM_DATA_R);
                                                                                            ^~~~~~~~~~~~~~~~~~
main.c(24): note: passing argument to parameter 'parametro3' here
uint32_t Teclas_Input(uint32_t* parametro,uint32_t* parametro2,uint32_t* parametro3);
                                                                         ^
main.c(77): warning: passing 'volatile uint32_t *' (aka 'volatile unsigned int *') to parameter of type 'uint32_t *' (aka 'unsigned int *') discards qualifiers [-Wincompatible-pointer-types-discards-qualifiers]
                                direcao = Teclas_Input(&GPIO_PORTL_DATA_R,&GPIO_PORTM_DIR_R,&GPIO_PORTM_DATA_R);
                                                       ^~~~~~~~~~~~~~~~~~
main.c(24): note: passing argument to parameter 'parametro' here
uint32_t Teclas_Input(uint32_t* parametro,uint32_t* parametro2,uint32_t* parametro3);
                                ^
main.c(77): warning: passing 'volatile uint32_t *' (aka 'volatile unsigned int *') to parameter of type 'uint32_t *' (aka 'unsigned int *') discards qualifiers [-Wincompatible-pointer-types-discards-qualifiers]
                                direcao = Teclas_Input(&GPIO_PORTL_DATA_R,&GPIO_PORTM_DIR_R,&GPIO_PORTM_DATA_R);
                                                                          ^~~~~~~~~~~~~~~~~
main.c(24): note: passing argument to parameter 'parametro2' here
uint32_t Teclas_Input(uint32_t* parametro,uint32_t* parametro2,uint32_t* parametro3);
                                                    ^
main.c(77): warning: passing 'volatile uint32_t *' (aka 'volatile unsigned int *') to parameter of type 'uint32_t *' (aka 'unsigned int *') discards qualifiers [-Wincompatible-pointer-types-discards-qualifiers]
                                direcao = Teclas_Input(&GPIO_PORTL_DATA_R,&GPIO_PORTM_DIR_R,&GPIO_PORTM_DATA_R);
                                                                                            ^~~~~~~~~~~~~~~~~~
main.c(24): note: passing argument to parameter 'parametro3' here
uint32_t Teclas_Input(uint32_t* parametro,uint32_t* parametro2,uint32_t* parametro3);
                                                                         ^
main.c(85): warning: passing 'volatile uint32_t *' (aka 'volatile unsigned int *') to parameter of type 'uint32_t *' (aka 'unsigned int *') discards qualifiers [-Wincompatible-pointer-types-discards-qualifiers]
                                velocidade = Teclas_Input(&GPIO_PORTL_DATA_R,&GPIO_PORTM_DIR_R,&GPIO_PORTM_DATA_R);
                                                          ^~~~~~~~~~~~~~~~~~
main.c(24): note: passing argument to parameter 'parametro' here
uint32_t Teclas_Input(uint32_t* parametro,uint32_t* parametro2,uint32_t* parametro3);
                                ^
main.c(85): warning: passing 'volatile uint32_t *' (aka 'volatile unsigned int *') to parameter of type 'uint32_t *' (aka 'unsigned int *') discards qualifiers [-Wincompatible-pointer-types-discards-qualifiers]
                                velocidade = Teclas_Input(&GPIO_PORTL_DATA_R,&GPIO_PORTM_DIR_R,&GPIO_PORTM_DATA_R);
                                                                             ^~~~~~~~~~~~~~~~~
main.c(24): note: passing argument to parameter 'parametro2' here
uint32_t Teclas_Input(uint32_t* parametro,uint32_t* parametro2,uint32_t* parametro3);
                                                    ^
main.c(85): warning: passing 'volatile uint32_t *' (aka 'volatile unsigned int *') to parameter of type 'uint32_t *' (aka 'unsigned int *') discards qualifiers [-Wincompatible-pointer-types-discards-qualifiers]
                                velocidade = Teclas_Input(&GPIO_PORTL_DATA_R,&GPIO_PORTM_DIR_R,&GPIO_PORTM_DATA_R);
                                                                                               ^~~~~~~~~~~~~~~~~~
main.c(24): note: passing argument to parameter 'parametro3' here
uint32_t Teclas_Input(uint32_t* parametro,uint32_t* parametro2,uint32_t* parametro3);
                                                                         ^
9 warnings generated.
compiling main.c...
assembling funcoes.s...
compiling gpio.c...
linking...
Program Size: Code=4256 RO-data=84 RW-data=4 ZI-data=1128  
".\Objects\exemplo.axf" - 0 Error(s), 9 Warning(s).

<h2>Software Packages used:</h2>

Package Vendor: Keil
                http://www.keil.com/pack/Keil.TM4C_DFP.1.1.0.pack
                Keil.TM4C_DFP.1.1.0
                Texas Instruments Tiva C Series Device Support and Examples

<h2>Collection of Component include folders:</h2>
  C:/Users/mathe/AppData/Local/Arm/Packs/Keil/TM4C_DFP/1.1.0/Device/Include/TM4C129

<h2>Collection of Component Files used:</h2>
Build Time Elapsed:  00:00:00
</pre>
</body>
</html>
