Analysis & Synthesis report for Lab5
Mon Nov 07 18:24:21 2022
Quartus Prime Version 18.1.0 Build 625 09/12/2018 SJ Lite Edition


---------------------
; Table of Contents ;
---------------------
  1. Legal Notice
  2. Analysis & Synthesis Summary
  3. Analysis & Synthesis Settings
  4. Parallel Compilation
  5. Analysis & Synthesis Source Files Read
  6. Analysis & Synthesis Resource Usage Summary
  7. Analysis & Synthesis Resource Utilization by Entity
  8. General Register Statistics
  9. Inverted Register Statistics
 10. Post-Synthesis Netlist Statistics for Top Partition
 11. Elapsed Time Per Partition
 12. Analysis & Synthesis Messages



----------------
; Legal Notice ;
----------------
Copyright (C) 2018  Intel Corporation. All rights reserved.
Your use of Intel Corporation's design tools, logic functions 
and other software and tools, and its AMPP partner logic 
functions, and any output files from any of the foregoing 
(including device programming or simulation files), and any 
associated documentation or information are expressly subject 
to the terms and conditions of the Intel Program License 
Subscription Agreement, the Intel Quartus Prime License Agreement,
the Intel FPGA IP License Agreement, or other applicable license
agreement, including, without limitation, that your use is for
the sole purpose of programming logic devices manufactured by
Intel and sold by Intel or its authorized distributors.  Please
refer to the applicable agreement for further details.



+----------------------------------------------------------------------------------+
; Analysis & Synthesis Summary                                                     ;
+------------------------------------+---------------------------------------------+
; Analysis & Synthesis Status        ; Successful - Mon Nov 07 18:24:21 2022       ;
; Quartus Prime Version              ; 18.1.0 Build 625 09/12/2018 SJ Lite Edition ;
; Revision Name                      ; Lab5                                        ;
; Top-level Entity Name              ; Lab5                                        ;
; Family                             ; MAX 10                                      ;
; Total logic elements               ; 191                                         ;
;     Total combinational functions  ; 191                                         ;
;     Dedicated logic registers      ; 91                                          ;
; Total registers                    ; 91                                          ;
; Total pins                         ; 47                                          ;
; Total virtual pins                 ; 0                                           ;
; Total memory bits                  ; 0                                           ;
; Embedded Multiplier 9-bit elements ; 0                                           ;
; Total PLLs                         ; 0                                           ;
; UFM blocks                         ; 0                                           ;
; ADC blocks                         ; 0                                           ;
+------------------------------------+---------------------------------------------+


+------------------------------------------------------------------------------------------------------------+
; Analysis & Synthesis Settings                                                                              ;
+------------------------------------------------------------------+--------------------+--------------------+
; Option                                                           ; Setting            ; Default Value      ;
+------------------------------------------------------------------+--------------------+--------------------+
; Device                                                           ; 10M50DAF484C7G     ;                    ;
; Top-level entity name                                            ; Lab5               ; Lab5               ;
; Family name                                                      ; MAX 10             ; Cyclone V          ;
; Use smart compilation                                            ; Off                ; Off                ;
; Enable parallel Assembler and Timing Analyzer during compilation ; On                 ; On                 ;
; Enable compact report table                                      ; Off                ; Off                ;
; Restructure Multiplexers                                         ; Auto               ; Auto               ;
; Create Debugging Nodes for IP Cores                              ; Off                ; Off                ;
; Preserve fewer node names                                        ; On                 ; On                 ;
; Intel FPGA IP Evaluation Mode                                    ; Enable             ; Enable             ;
; Verilog Version                                                  ; Verilog_2001       ; Verilog_2001       ;
; VHDL Version                                                     ; VHDL_1993          ; VHDL_1993          ;
; State Machine Processing                                         ; Auto               ; Auto               ;
; Safe State Machine                                               ; Off                ; Off                ;
; Extract Verilog State Machines                                   ; On                 ; On                 ;
; Extract VHDL State Machines                                      ; On                 ; On                 ;
; Ignore Verilog initial constructs                                ; Off                ; Off                ;
; Iteration limit for constant Verilog loops                       ; 5000               ; 5000               ;
; Iteration limit for non-constant Verilog loops                   ; 250                ; 250                ;
; Add Pass-Through Logic to Inferred RAMs                          ; On                 ; On                 ;
; Infer RAMs from Raw Logic                                        ; On                 ; On                 ;
; Parallel Synthesis                                               ; On                 ; On                 ;
; DSP Block Balancing                                              ; Auto               ; Auto               ;
; NOT Gate Push-Back                                               ; On                 ; On                 ;
; Power-Up Don't Care                                              ; On                 ; On                 ;
; Remove Redundant Logic Cells                                     ; Off                ; Off                ;
; Remove Duplicate Registers                                       ; On                 ; On                 ;
; Ignore CARRY Buffers                                             ; Off                ; Off                ;
; Ignore CASCADE Buffers                                           ; Off                ; Off                ;
; Ignore GLOBAL Buffers                                            ; Off                ; Off                ;
; Ignore ROW GLOBAL Buffers                                        ; Off                ; Off                ;
; Ignore LCELL Buffers                                             ; Off                ; Off                ;
; Ignore SOFT Buffers                                              ; On                 ; On                 ;
; Limit AHDL Integers to 32 Bits                                   ; Off                ; Off                ;
; Optimization Technique                                           ; Balanced           ; Balanced           ;
; Carry Chain Length                                               ; 70                 ; 70                 ;
; Auto Carry Chains                                                ; On                 ; On                 ;
; Auto Open-Drain Pins                                             ; On                 ; On                 ;
; Perform WYSIWYG Primitive Resynthesis                            ; Off                ; Off                ;
; Auto ROM Replacement                                             ; On                 ; On                 ;
; Auto RAM Replacement                                             ; On                 ; On                 ;
; Auto DSP Block Replacement                                       ; On                 ; On                 ;
; Auto Shift Register Replacement                                  ; Auto               ; Auto               ;
; Allow Shift Register Merging across Hierarchies                  ; Auto               ; Auto               ;
; Auto Clock Enable Replacement                                    ; On                 ; On                 ;
; Strict RAM Replacement                                           ; Off                ; Off                ;
; Allow Synchronous Control Signals                                ; On                 ; On                 ;
; Force Use of Synchronous Clear Signals                           ; Off                ; Off                ;
; Auto RAM Block Balancing                                         ; On                 ; On                 ;
; Auto RAM to Logic Cell Conversion                                ; Off                ; Off                ;
; Auto Resource Sharing                                            ; Off                ; Off                ;
; Allow Any RAM Size For Recognition                               ; Off                ; Off                ;
; Allow Any ROM Size For Recognition                               ; Off                ; Off                ;
; Allow Any Shift Register Size For Recognition                    ; Off                ; Off                ;
; Use LogicLock Constraints during Resource Balancing              ; On                 ; On                 ;
; Ignore translate_off and synthesis_off directives                ; Off                ; Off                ;
; Timing-Driven Synthesis                                          ; On                 ; On                 ;
; Report Parameter Settings                                        ; On                 ; On                 ;
; Report Source Assignments                                        ; On                 ; On                 ;
; Report Connectivity Checks                                       ; On                 ; On                 ;
; Ignore Maximum Fan-Out Assignments                               ; Off                ; Off                ;
; Synchronization Register Chain Length                            ; 2                  ; 2                  ;
; Power Optimization During Synthesis                              ; Normal compilation ; Normal compilation ;
; HDL message level                                                ; Level2             ; Level2             ;
; Suppress Register Optimization Related Messages                  ; Off                ; Off                ;
; Number of Removed Registers Reported in Synthesis Report         ; 5000               ; 5000               ;
; Number of Swept Nodes Reported in Synthesis Report               ; 5000               ; 5000               ;
; Number of Inverted Registers Reported in Synthesis Report        ; 100                ; 100                ;
; Clock MUX Protection                                             ; On                 ; On                 ;
; Auto Gated Clock Conversion                                      ; Off                ; Off                ;
; Block Design Naming                                              ; Auto               ; Auto               ;
; SDC constraint protection                                        ; Off                ; Off                ;
; Synthesis Effort                                                 ; Auto               ; Auto               ;
; Shift Register Replacement - Allow Asynchronous Clear Signal     ; On                 ; On                 ;
; Pre-Mapping Resynthesis Optimization                             ; Off                ; Off                ;
; Analysis & Synthesis Message Level                               ; Medium             ; Medium             ;
; Disable Register Merging Across Hierarchies                      ; Auto               ; Auto               ;
; Resource Aware Inference For Block RAM                           ; On                 ; On                 ;
+------------------------------------------------------------------+--------------------+--------------------+


+------------------------------------------+
; Parallel Compilation                     ;
+----------------------------+-------------+
; Processors                 ; Number      ;
+----------------------------+-------------+
; Number detected on machine ; 8           ;
; Maximum allowed            ; 4           ;
;                            ;             ;
; Average used               ; 1.00        ;
; Maximum used               ; 4           ;
;                            ;             ;
; Usage by Processor         ; % Time Used ;
;     Processor 1            ; 100.0%      ;
;     Processor 2            ;   0.1%      ;
;     Processors 3-4         ;   0.1%      ;
+----------------------------+-------------+


+---------------------------------------------------------------------------------------------------------------------------------------------------------------------------------+
; Analysis & Synthesis Source Files Read                                                                                                                                          ;
+----------------------------------+-----------------+------------------------------------------+-----------------------------------------------------------------------+---------+
; File Name with User-Entered Path ; Used in Netlist ; File Type                                ; File Name with Absolute Path                                          ; Library ;
+----------------------------------+-----------------+------------------------------------------+-----------------------------------------------------------------------+---------+
; Lab5.bdf                         ; yes             ; User Block Diagram/Schematic File        ; C:/Users/Avell/Desktop/Projetos_digitais/Lab5/Lab5.bdf                ;         ;
; Cont9.bdf                        ; yes             ; User Block Diagram/Schematic File        ; C:/Users/Avell/Desktop/Projetos_digitais/Lab5/Cont9.bdf               ;         ;
; Cont6.bdf                        ; yes             ; User Block Diagram/Schematic File        ; C:/Users/Avell/Desktop/Projetos_digitais/Lab5/Cont6.bdf               ;         ;
; Timing_Reference1k.vhd           ; yes             ; User VHDL File                           ; C:/Users/Avell/Desktop/Projetos_digitais/Lab5/Timing_Reference1k.vhd  ;         ;
; Timing_Reference80k.vhd          ; yes             ; User VHDL File                           ; C:/Users/Avell/Desktop/Projetos_digitais/Lab5/Timing_Reference80k.vhd ;         ;
; dec7inv.bdf                      ; yes             ; Auto-Found Block Diagram/Schematic File  ; C:/Users/Avell/Desktop/Projetos_digitais/Lab5/dec7inv.bdf             ;         ;
; inv7.bdf                         ; yes             ; Auto-Found Block Diagram/Schematic File  ; C:/Users/Avell/Desktop/Projetos_digitais/Lab5/inv7.bdf                ;         ;
; decodificador7seg.bdf            ; yes             ; Auto-Found Block Diagram/Schematic File  ; C:/Users/Avell/Desktop/Projetos_digitais/Lab5/decodificador7seg.bdf   ;         ;
; 5or.bdf                          ; yes             ; Auto-Found Block Diagram/Schematic File  ; C:/Users/Avell/Desktop/Projetos_digitais/Lab5/5or.bdf                 ;         ;
; aoub.bdf                         ; yes             ; Auto-Found Block Diagram/Schematic File  ; C:/Users/Avell/Desktop/Projetos_digitais/Lab5/aoub.bdf                ;         ;
+----------------------------------+-----------------+------------------------------------------+-----------------------------------------------------------------------+---------+


+-----------------------------------------------------------+
; Analysis & Synthesis Resource Usage Summary               ;
+---------------------------------------------+-------------+
; Resource                                    ; Usage       ;
+---------------------------------------------+-------------+
; Estimated Total logic elements              ; 191         ;
;                                             ;             ;
; Total combinational functions               ; 191         ;
; Logic element usage by number of LUT inputs ;             ;
;     -- 4 input functions                    ; 76          ;
;     -- 3 input functions                    ; 2           ;
;     -- <=2 input functions                  ; 113         ;
;                                             ;             ;
; Logic elements by mode                      ;             ;
;     -- normal mode                          ; 129         ;
;     -- arithmetic mode                      ; 62          ;
;                                             ;             ;
; Total registers                             ; 91          ;
;     -- Dedicated logic registers            ; 91          ;
;     -- I/O registers                        ; 0           ;
;                                             ;             ;
; I/O pins                                    ; 47          ;
;                                             ;             ;
; Embedded Multiplier 9-bit elements          ; 0           ;
;                                             ;             ;
; Maximum fan-out node                        ; Clock~input ;
; Maximum fan-out                             ; 66          ;
; Total fan-out                               ; 804         ;
; Average fan-out                             ; 2.14        ;
+---------------------------------------------+-------------+


+--------------------------------------------------------------------------------------------------------------------------------------------------------------------------------------------------------------------------------------------------------------------------------------+
; Analysis & Synthesis Resource Utilization by Entity                                                                                                                                                                                                                                  ;
+---------------------------------+---------------------+---------------------------+-------------+------------+--------------+---------+-----------+------+--------------+------------+----------------------------------------------------------+---------------------+--------------+
; Compilation Hierarchy Node      ; Combinational ALUTs ; Dedicated Logic Registers ; Memory Bits ; UFM Blocks ; DSP Elements ; DSP 9x9 ; DSP 18x18 ; Pins ; Virtual Pins ; ADC blocks ; Full Hierarchy Name                                      ; Entity Name         ; Library Name ;
+---------------------------------+---------------------+---------------------------+-------------+------------+--------------+---------+-----------+------+--------------+------------+----------------------------------------------------------+---------------------+--------------+
; |Lab5                           ; 191 (10)            ; 91 (1)                    ; 0           ; 0          ; 0            ; 0       ; 0         ; 47   ; 0            ; 0          ; |Lab5                                                    ; Lab5                ; work         ;
;    |AouB:inst4|                 ; 1 (1)               ; 0 (0)                     ; 0           ; 0          ; 0            ; 0       ; 0         ; 0    ; 0            ; 0          ; |Lab5|AouB:inst4                                         ; AouB                ; work         ;
;    |AouB:inst8|                 ; 1 (1)               ; 0 (0)                     ; 0           ; 0          ; 0            ; 0       ; 0         ; 0    ; 0            ; 0          ; |Lab5|AouB:inst8                                         ; AouB                ; work         ;
;    |Cont6:inst49|               ; 6 (6)               ; 4 (4)                     ; 0           ; 0          ; 0            ; 0       ; 0         ; 0    ; 0            ; 0          ; |Lab5|Cont6:inst49                                       ; Cont6               ; work         ;
;    |Cont9:inst10|               ; 6 (6)               ; 4 (4)                     ; 0           ; 0          ; 0            ; 0       ; 0         ; 0    ; 0            ; 0          ; |Lab5|Cont9:inst10                                       ; Cont9               ; work         ;
;    |Cont9:inst13|               ; 6 (6)               ; 4 (4)                     ; 0           ; 0          ; 0            ; 0       ; 0         ; 0    ; 0            ; 0          ; |Lab5|Cont9:inst13                                       ; Cont9               ; work         ;
;    |Cont9:inst20|               ; 6 (6)               ; 4 (4)                     ; 0           ; 0          ; 0            ; 0       ; 0         ; 0    ; 0            ; 0          ; |Lab5|Cont9:inst20                                       ; Cont9               ; work         ;
;    |Cont9:inst2|                ; 6 (6)               ; 4 (4)                     ; 0           ; 0          ; 0            ; 0       ; 0         ; 0    ; 0            ; 0          ; |Lab5|Cont9:inst2                                        ; Cont9               ; work         ;
;    |Cont9:inst|                 ; 6 (6)               ; 4 (4)                     ; 0           ; 0          ; 0            ; 0       ; 0         ; 0    ; 0            ; 0          ; |Lab5|Cont9:inst                                         ; Cont9               ; work         ;
;    |Dec7Inv:inst500|            ; 7 (0)               ; 0 (0)                     ; 0           ; 0          ; 0            ; 0       ; 0         ; 0    ; 0            ; 0          ; |Lab5|Dec7Inv:inst500                                    ; Dec7Inv             ; work         ;
;       |Decodificador7Seg:inst2| ; 7 (2)               ; 0 (0)                     ; 0           ; 0          ; 0            ; 0       ; 0         ; 0    ; 0            ; 0          ; |Lab5|Dec7Inv:inst500|Decodificador7Seg:inst2            ; Decodificador7Seg   ; work         ;
;          |5or:inst51|           ; 1 (1)               ; 0 (0)                     ; 0           ; 0          ; 0            ; 0       ; 0         ; 0    ; 0            ; 0          ; |Lab5|Dec7Inv:inst500|Decodificador7Seg:inst2|5or:inst51 ; 5or                 ; work         ;
;          |5or:inst52|           ; 1 (1)               ; 0 (0)                     ; 0           ; 0          ; 0            ; 0       ; 0         ; 0    ; 0            ; 0          ; |Lab5|Dec7Inv:inst500|Decodificador7Seg:inst2|5or:inst52 ; 5or                 ; work         ;
;          |5or:inst53|           ; 1 (1)               ; 0 (0)                     ; 0           ; 0          ; 0            ; 0       ; 0         ; 0    ; 0            ; 0          ; |Lab5|Dec7Inv:inst500|Decodificador7Seg:inst2|5or:inst53 ; 5or                 ; work         ;
;          |5or:inst54|           ; 1 (1)               ; 0 (0)                     ; 0           ; 0          ; 0            ; 0       ; 0         ; 0    ; 0            ; 0          ; |Lab5|Dec7Inv:inst500|Decodificador7Seg:inst2|5or:inst54 ; 5or                 ; work         ;
;          |5or:inst55|           ; 1 (1)               ; 0 (0)                     ; 0           ; 0          ; 0            ; 0       ; 0         ; 0    ; 0            ; 0          ; |Lab5|Dec7Inv:inst500|Decodificador7Seg:inst2|5or:inst55 ; 5or                 ; work         ;
;    |Dec7Inv:inst501|            ; 7 (0)               ; 0 (0)                     ; 0           ; 0          ; 0            ; 0       ; 0         ; 0    ; 0            ; 0          ; |Lab5|Dec7Inv:inst501                                    ; Dec7Inv             ; work         ;
;       |Decodificador7Seg:inst2| ; 7 (2)               ; 0 (0)                     ; 0           ; 0          ; 0            ; 0       ; 0         ; 0    ; 0            ; 0          ; |Lab5|Dec7Inv:inst501|Decodificador7Seg:inst2            ; Decodificador7Seg   ; work         ;
;          |5or:inst51|           ; 1 (1)               ; 0 (0)                     ; 0           ; 0          ; 0            ; 0       ; 0         ; 0    ; 0            ; 0          ; |Lab5|Dec7Inv:inst501|Decodificador7Seg:inst2|5or:inst51 ; 5or                 ; work         ;
;          |5or:inst52|           ; 1 (1)               ; 0 (0)                     ; 0           ; 0          ; 0            ; 0       ; 0         ; 0    ; 0            ; 0          ; |Lab5|Dec7Inv:inst501|Decodificador7Seg:inst2|5or:inst52 ; 5or                 ; work         ;
;          |5or:inst53|           ; 1 (1)               ; 0 (0)                     ; 0           ; 0          ; 0            ; 0       ; 0         ; 0    ; 0            ; 0          ; |Lab5|Dec7Inv:inst501|Decodificador7Seg:inst2|5or:inst53 ; 5or                 ; work         ;
;          |5or:inst54|           ; 1 (1)               ; 0 (0)                     ; 0           ; 0          ; 0            ; 0       ; 0         ; 0    ; 0            ; 0          ; |Lab5|Dec7Inv:inst501|Decodificador7Seg:inst2|5or:inst54 ; 5or                 ; work         ;
;          |5or:inst55|           ; 1 (1)               ; 0 (0)                     ; 0           ; 0          ; 0            ; 0       ; 0         ; 0    ; 0            ; 0          ; |Lab5|Dec7Inv:inst501|Decodificador7Seg:inst2|5or:inst55 ; 5or                 ; work         ;
;    |Dec7Inv:inst600|            ; 7 (0)               ; 0 (0)                     ; 0           ; 0          ; 0            ; 0       ; 0         ; 0    ; 0            ; 0          ; |Lab5|Dec7Inv:inst600                                    ; Dec7Inv             ; work         ;
;       |Decodificador7Seg:inst2| ; 7 (2)               ; 0 (0)                     ; 0           ; 0          ; 0            ; 0       ; 0         ; 0    ; 0            ; 0          ; |Lab5|Dec7Inv:inst600|Decodificador7Seg:inst2            ; Decodificador7Seg   ; work         ;
;          |5or:inst51|           ; 1 (1)               ; 0 (0)                     ; 0           ; 0          ; 0            ; 0       ; 0         ; 0    ; 0            ; 0          ; |Lab5|Dec7Inv:inst600|Decodificador7Seg:inst2|5or:inst51 ; 5or                 ; work         ;
;          |5or:inst52|           ; 1 (1)               ; 0 (0)                     ; 0           ; 0          ; 0            ; 0       ; 0         ; 0    ; 0            ; 0          ; |Lab5|Dec7Inv:inst600|Decodificador7Seg:inst2|5or:inst52 ; 5or                 ; work         ;
;          |5or:inst53|           ; 1 (1)               ; 0 (0)                     ; 0           ; 0          ; 0            ; 0       ; 0         ; 0    ; 0            ; 0          ; |Lab5|Dec7Inv:inst600|Decodificador7Seg:inst2|5or:inst53 ; 5or                 ; work         ;
;          |5or:inst54|           ; 1 (1)               ; 0 (0)                     ; 0           ; 0          ; 0            ; 0       ; 0         ; 0    ; 0            ; 0          ; |Lab5|Dec7Inv:inst600|Decodificador7Seg:inst2|5or:inst54 ; 5or                 ; work         ;
;          |5or:inst55|           ; 1 (1)               ; 0 (0)                     ; 0           ; 0          ; 0            ; 0       ; 0         ; 0    ; 0            ; 0          ; |Lab5|Dec7Inv:inst600|Decodificador7Seg:inst2|5or:inst55 ; 5or                 ; work         ;
;    |Dec7Inv:inst602|            ; 7 (0)               ; 0 (0)                     ; 0           ; 0          ; 0            ; 0       ; 0         ; 0    ; 0            ; 0          ; |Lab5|Dec7Inv:inst602                                    ; Dec7Inv             ; work         ;
;       |Decodificador7Seg:inst2| ; 7 (2)               ; 0 (0)                     ; 0           ; 0          ; 0            ; 0       ; 0         ; 0    ; 0            ; 0          ; |Lab5|Dec7Inv:inst602|Decodificador7Seg:inst2            ; Decodificador7Seg   ; work         ;
;          |5or:inst51|           ; 1 (1)               ; 0 (0)                     ; 0           ; 0          ; 0            ; 0       ; 0         ; 0    ; 0            ; 0          ; |Lab5|Dec7Inv:inst602|Decodificador7Seg:inst2|5or:inst51 ; 5or                 ; work         ;
;          |5or:inst52|           ; 1 (1)               ; 0 (0)                     ; 0           ; 0          ; 0            ; 0       ; 0         ; 0    ; 0            ; 0          ; |Lab5|Dec7Inv:inst602|Decodificador7Seg:inst2|5or:inst52 ; 5or                 ; work         ;
;          |5or:inst53|           ; 1 (1)               ; 0 (0)                     ; 0           ; 0          ; 0            ; 0       ; 0         ; 0    ; 0            ; 0          ; |Lab5|Dec7Inv:inst602|Decodificador7Seg:inst2|5or:inst53 ; 5or                 ; work         ;
;          |5or:inst54|           ; 1 (1)               ; 0 (0)                     ; 0           ; 0          ; 0            ; 0       ; 0         ; 0    ; 0            ; 0          ; |Lab5|Dec7Inv:inst602|Decodificador7Seg:inst2|5or:inst54 ; 5or                 ; work         ;
;          |5or:inst55|           ; 1 (1)               ; 0 (0)                     ; 0           ; 0          ; 0            ; 0       ; 0         ; 0    ; 0            ; 0          ; |Lab5|Dec7Inv:inst602|Decodificador7Seg:inst2|5or:inst55 ; 5or                 ; work         ;
;    |Dec7Inv:inst700|            ; 7 (0)               ; 0 (0)                     ; 0           ; 0          ; 0            ; 0       ; 0         ; 0    ; 0            ; 0          ; |Lab5|Dec7Inv:inst700                                    ; Dec7Inv             ; work         ;
;       |Decodificador7Seg:inst2| ; 7 (2)               ; 0 (0)                     ; 0           ; 0          ; 0            ; 0       ; 0         ; 0    ; 0            ; 0          ; |Lab5|Dec7Inv:inst700|Decodificador7Seg:inst2            ; Decodificador7Seg   ; work         ;
;          |5or:inst51|           ; 1 (1)               ; 0 (0)                     ; 0           ; 0          ; 0            ; 0       ; 0         ; 0    ; 0            ; 0          ; |Lab5|Dec7Inv:inst700|Decodificador7Seg:inst2|5or:inst51 ; 5or                 ; work         ;
;          |5or:inst52|           ; 1 (1)               ; 0 (0)                     ; 0           ; 0          ; 0            ; 0       ; 0         ; 0    ; 0            ; 0          ; |Lab5|Dec7Inv:inst700|Decodificador7Seg:inst2|5or:inst52 ; 5or                 ; work         ;
;          |5or:inst53|           ; 1 (1)               ; 0 (0)                     ; 0           ; 0          ; 0            ; 0       ; 0         ; 0    ; 0            ; 0          ; |Lab5|Dec7Inv:inst700|Decodificador7Seg:inst2|5or:inst53 ; 5or                 ; work         ;
;          |5or:inst54|           ; 1 (1)               ; 0 (0)                     ; 0           ; 0          ; 0            ; 0       ; 0         ; 0    ; 0            ; 0          ; |Lab5|Dec7Inv:inst700|Decodificador7Seg:inst2|5or:inst54 ; 5or                 ; work         ;
;          |5or:inst55|           ; 1 (1)               ; 0 (0)                     ; 0           ; 0          ; 0            ; 0       ; 0         ; 0    ; 0            ; 0          ; |Lab5|Dec7Inv:inst700|Decodificador7Seg:inst2|5or:inst55 ; 5or                 ; work         ;
;    |Dec7Inv:inst800|            ; 7 (0)               ; 0 (0)                     ; 0           ; 0          ; 0            ; 0       ; 0         ; 0    ; 0            ; 0          ; |Lab5|Dec7Inv:inst800                                    ; Dec7Inv             ; work         ;
;       |Decodificador7Seg:inst2| ; 7 (2)               ; 0 (0)                     ; 0           ; 0          ; 0            ; 0       ; 0         ; 0    ; 0            ; 0          ; |Lab5|Dec7Inv:inst800|Decodificador7Seg:inst2            ; Decodificador7Seg   ; work         ;
;          |5or:inst51|           ; 1 (1)               ; 0 (0)                     ; 0           ; 0          ; 0            ; 0       ; 0         ; 0    ; 0            ; 0          ; |Lab5|Dec7Inv:inst800|Decodificador7Seg:inst2|5or:inst51 ; 5or                 ; work         ;
;          |5or:inst52|           ; 1 (1)               ; 0 (0)                     ; 0           ; 0          ; 0            ; 0       ; 0         ; 0    ; 0            ; 0          ; |Lab5|Dec7Inv:inst800|Decodificador7Seg:inst2|5or:inst52 ; 5or                 ; work         ;
;          |5or:inst53|           ; 1 (1)               ; 0 (0)                     ; 0           ; 0          ; 0            ; 0       ; 0         ; 0    ; 0            ; 0          ; |Lab5|Dec7Inv:inst800|Decodificador7Seg:inst2|5or:inst53 ; 5or                 ; work         ;
;          |5or:inst54|           ; 1 (1)               ; 0 (0)                     ; 0           ; 0          ; 0            ; 0       ; 0         ; 0    ; 0            ; 0          ; |Lab5|Dec7Inv:inst800|Decodificador7Seg:inst2|5or:inst54 ; 5or                 ; work         ;
;          |5or:inst55|           ; 1 (1)               ; 0 (0)                     ; 0           ; 0          ; 0            ; 0       ; 0         ; 0    ; 0            ; 0          ; |Lab5|Dec7Inv:inst800|Decodificador7Seg:inst2|5or:inst55 ; 5or                 ; work         ;
;    |Timing_Reference1k:inst47|  ; 51 (51)             ; 33 (33)                   ; 0           ; 0          ; 0            ; 0       ; 0         ; 0    ; 0            ; 0          ; |Lab5|Timing_Reference1k:inst47                          ; Timing_Reference1k  ; work         ;
;    |Timing_Reference80k:inst9|  ; 50 (50)             ; 33 (33)                   ; 0           ; 0          ; 0            ; 0       ; 0         ; 0    ; 0            ; 0          ; |Lab5|Timing_Reference80k:inst9                          ; Timing_Reference80k ; work         ;
+---------------------------------+---------------------+---------------------------+-------------+------------+--------------+---------+-----------+------+--------------+------------+----------------------------------------------------------+---------------------+--------------+
Note: For table entries with two numbers listed, the numbers in parentheses indicate the number of resources of the given type used by the specific entity alone. The numbers listed outside of parentheses indicate the total resources of the given type used by the specific entity and all of its sub-entities in the hierarchy.


+------------------------------------------------------+
; General Register Statistics                          ;
+----------------------------------------------+-------+
; Statistic                                    ; Value ;
+----------------------------------------------+-------+
; Total registers                              ; 91    ;
; Number of registers using Synchronous Clear  ; 0     ;
; Number of registers using Synchronous Load   ; 0     ;
; Number of registers using Asynchronous Clear ; 25    ;
; Number of registers using Asynchronous Load  ; 0     ;
; Number of registers using Clock Enable       ; 0     ;
; Number of registers using Preset             ; 0     ;
+----------------------------------------------+-------+


+---------------------------------------------------+
; Inverted Register Statistics                      ;
+-----------------------------------------+---------+
; Inverted Register                       ; Fan out ;
+-----------------------------------------+---------+
; Cont9:inst|inst3                        ; 10      ;
; Cont9:inst|inst1                        ; 11      ;
; Cont9:inst|inst                         ; 11      ;
; Cont9:inst|inst2                        ; 11      ;
; Cont9:inst2|inst3                       ; 10      ;
; Cont9:inst2|inst1                       ; 11      ;
; Cont9:inst2|inst                        ; 11      ;
; Cont9:inst2|inst2                       ; 11      ;
; Cont9:inst10|inst3                      ; 10      ;
; Cont9:inst10|inst1                      ; 11      ;
; Cont9:inst10|inst                       ; 11      ;
; Cont9:inst10|inst2                      ; 11      ;
; Cont9:inst20|inst3                      ; 10      ;
; Cont9:inst20|inst1                      ; 11      ;
; Cont9:inst20|inst                       ; 11      ;
; Cont9:inst20|inst2                      ; 11      ;
; Cont6:inst49|inst3                      ; 10      ;
; Cont6:inst49|inst1                      ; 11      ;
; Cont6:inst49|inst                       ; 11      ;
; Cont6:inst49|inst2                      ; 11      ;
; Cont9:inst13|inst3                      ; 10      ;
; Cont9:inst13|inst1                      ; 11      ;
; Cont9:inst13|inst                       ; 11      ;
; Cont9:inst13|inst2                      ; 11      ;
; inst123                                 ; 2       ;
; Timing_Reference1k:inst47|count[0]      ; 2       ;
; Timing_Reference80k:inst9|count[0]      ; 2       ;
; Total number of inverted registers = 27 ;         ;
+-----------------------------------------+---------+


+-----------------------------------------------------+
; Post-Synthesis Netlist Statistics for Top Partition ;
+-----------------------+-----------------------------+
; Type                  ; Count                       ;
+-----------------------+-----------------------------+
; boundary_port         ; 47                          ;
; cycloneiii_ff         ; 91                          ;
;     CLR               ; 25                          ;
;     plain             ; 66                          ;
; cycloneiii_lcell_comb ; 233                         ;
;     arith             ; 62                          ;
;         2 data inputs ; 62                          ;
;     normal            ; 171                         ;
;         1 data inputs ; 70                          ;
;         2 data inputs ; 23                          ;
;         3 data inputs ; 2                           ;
;         4 data inputs ; 76                          ;
;                       ;                             ;
; Max LUT depth         ; 4.10                        ;
; Average LUT depth     ; 2.91                        ;
+-----------------------+-----------------------------+


+-------------------------------+
; Elapsed Time Per Partition    ;
+----------------+--------------+
; Partition Name ; Elapsed Time ;
+----------------+--------------+
; Top            ; 00:00:00     ;
+----------------+--------------+


+-------------------------------+
; Analysis & Synthesis Messages ;
+-------------------------------+
Info: *******************************************************************
Info: Running Quartus Prime Analysis & Synthesis
    Info: Version 18.1.0 Build 625 09/12/2018 SJ Lite Edition
    Info: Processing started: Mon Nov 07 18:24:10 2022
Info: Command: quartus_map --read_settings_files=on --write_settings_files=off Lab5 -c Lab5
Warning (18236): Number of processors has not been specified which may cause overloading on shared machines.  Set the global assignment NUM_PARALLEL_PROCESSORS in your QSF to an appropriate value for best performance.
Info (20030): Parallel compilation is enabled and will use 4 of the 4 processors detected
Info (12021): Found 1 design units, including 1 entities, in source file lab5.bdf
    Info (12023): Found entity 1: Lab5
Info (12021): Found 1 design units, including 1 entities, in source file cont9.bdf
    Info (12023): Found entity 1: Cont9
Info (12021): Found 1 design units, including 1 entities, in source file cont6.bdf
    Info (12023): Found entity 1: Cont6
Info (12021): Found 2 design units, including 1 entities, in source file timing_reference1k.vhd
    Info (12022): Found design unit 1: Timing_Reference1k-freq_div File: C:/Users/Avell/Desktop/Projetos_digitais/Lab5/Timing_Reference1k.vhd Line: 11
    Info (12023): Found entity 1: Timing_Reference1k File: C:/Users/Avell/Desktop/Projetos_digitais/Lab5/Timing_Reference1k.vhd Line: 5
Info (12021): Found 2 design units, including 1 entities, in source file timing_reference80k.vhd
    Info (12022): Found design unit 1: Timing_Reference80k-freq_div File: C:/Users/Avell/Desktop/Projetos_digitais/Lab5/Timing_Reference80k.vhd Line: 11
    Info (12023): Found entity 1: Timing_Reference80k File: C:/Users/Avell/Desktop/Projetos_digitais/Lab5/Timing_Reference80k.vhd Line: 5
Info (12127): Elaborating entity "Lab5" for the top level hierarchy
Warning (275011): Block or symbol "NOT" of instance "inst27" overlaps another block or symbol
Warning (275011): Block or symbol "JKFF" of instance "inst123" overlaps another block or symbol
Warning (275011): Block or symbol "Dec7Inv" of instance "inst500" overlaps another block or symbol
Warning (275011): Block or symbol "Dec7Inv" of instance "inst600" overlaps another block or symbol
Warning (275011): Block or symbol "Dec7Inv" of instance "inst800" overlaps another block or symbol
Warning (275011): Block or symbol "NOR2" of instance "inst17" overlaps another block or symbol
Warning (12125): Using design file dec7inv.bdf, which is not specified as a design file for the current project, but contains definitions for 1 design units and 1 entities in project
    Info (12023): Found entity 1: Dec7Inv
Info (12128): Elaborating entity "Dec7Inv" for hierarchy "Dec7Inv:inst500"
Warning (12125): Using design file inv7.bdf, which is not specified as a design file for the current project, but contains definitions for 1 design units and 1 entities in project
    Info (12023): Found entity 1: Inv7
Info (12128): Elaborating entity "Inv7" for hierarchy "Dec7Inv:inst500|Inv7:inst"
Warning (12125): Using design file decodificador7seg.bdf, which is not specified as a design file for the current project, but contains definitions for 1 design units and 1 entities in project
    Info (12023): Found entity 1: Decodificador7Seg
Info (12128): Elaborating entity "Decodificador7Seg" for hierarchy "Dec7Inv:inst500|Decodificador7Seg:inst2"
Warning (12125): Using design file 5or.bdf, which is not specified as a design file for the current project, but contains definitions for 1 design units and 1 entities in project
    Info (12023): Found entity 1: 5or
Info (12128): Elaborating entity "5or" for hierarchy "Dec7Inv:inst500|Decodificador7Seg:inst2|5or:inst51"
Info (12128): Elaborating entity "Cont9" for hierarchy "Cont9:inst"
Info (12128): Elaborating entity "Cont6" for hierarchy "Cont6:inst49"
Warning (12125): Using design file aoub.bdf, which is not specified as a design file for the current project, but contains definitions for 1 design units and 1 entities in project
    Info (12023): Found entity 1: AouB
Info (12128): Elaborating entity "AouB" for hierarchy "AouB:inst8"
Info (12128): Elaborating entity "Timing_Reference80k" for hierarchy "Timing_Reference80k:inst9"
Warning (10492): VHDL Process Statement warning at Timing_Reference80k.vhd(27): signal "tmp" is read inside the Process Statement but isn't in the Process Statement's sensitivity list File: C:/Users/Avell/Desktop/Projetos_digitais/Lab5/Timing_Reference80k.vhd Line: 27
Info (12128): Elaborating entity "Timing_Reference1k" for hierarchy "Timing_Reference1k:inst47"
Warning (10492): VHDL Process Statement warning at Timing_Reference1k.vhd(27): signal "tmp" is read inside the Process Statement but isn't in the Process Statement's sensitivity list File: C:/Users/Avell/Desktop/Projetos_digitais/Lab5/Timing_Reference1k.vhd Line: 27
Warning (19016): Clock multiplexers are found and protected
    Warning (19017): Found clock multiplexer AouB:inst8|inst2~0
    Warning (19017): Found clock multiplexer AouB:inst4|inst2~0
Info (13000): Registers with preset signals will power-up high
Info (13003): DEV_CLRn pin will set, and not reset, register with preset signal due to NOT Gate Push-Back
Info (286030): Timing-Driven Synthesis is running
Info (16010): Generating hard_block partition "hard_block:auto_generated_inst"
    Info (16011): Adding 0 node(s), including 0 DDIO, 0 PLL, 0 transceiver and 0 LCELL
Info (21057): Implemented 238 device resources after synthesis - the final resource count might be different
    Info (21058): Implemented 5 input pins
    Info (21059): Implemented 42 output pins
    Info (21061): Implemented 191 logic cells
Info: Quartus Prime Analysis & Synthesis was successful. 0 errors, 17 warnings
    Info: Peak virtual memory: 4804 megabytes
    Info: Processing ended: Mon Nov 07 18:24:21 2022
    Info: Elapsed time: 00:00:11
    Info: Total CPU time (on all processors): 00:00:22


