******************************************************************************
                  TI ARM Linker PC v20.2.7                     
******************************************************************************
>> Linked Sun Apr  9 20:43:26 2023

OUTPUT FILE NAME:   <hello_testafila_minha_fila.out>
ENTRY POINT SYMBOL: "_c_int00_noargs"  address: 00002f71


MEMORY CONFIGURATION

         name            origin    length      used     unused   attr    fill
----------------------  --------  ---------  --------  --------  ----  --------
  FLASH                 00000000   00100000  0000353c  000fcac4  R  X
  SRAM                  20000000   00040000  0003f440  00000bc0  RW X


SEGMENT ALLOCATION MAP

run origin  load origin   length   init length attrs members
----------  ----------- ---------- ----------- ----- -------
00000000    00000000    00003540   00003540    r-x
  00000000    00000000    00000200   00000200    r-- .intvecs
  00000200    00000200    00003038   00003038    r-x .text
  00003238    00003238    0000026c   0000026c    r-- .const
  000034a8    000034a8    00000098   00000098    r-- .cinit
20000000    20000000    0003f440   00000000    rw-
  20000000    20000000    0003e800   00000000    rw- .sysmem
  2003e800    2003e800    00000800   00000000    rw- .stack
  2003f000    2003f000    00000250   00000000    rw- .bss
  2003f250    2003f250    000001f0   00000000    rw- .data


SECTION ALLOCATION MAP

 output                                  attributes/
section   page    origin      length       input sections
--------  ----  ----------  ----------   ----------------
.intvecs   0    00000000    00000200     
                  00000000    00000200     startup_ccs.obj (.intvecs)

.text      0    00000200    00003038     
                  00000200    000015d2     testafila.obj (.text:testafila)
                  000017d2    00000002     startup_ccs.obj (.text:FaultISR)
                  000017d4    0000020c     pinout.obj (.text:PinoutSet)
                  000019e0    00000200     driverlib.lib : sysctl.obj (.text:SysCtlClockFreqSet)
                  00001be0    000001ee     uartstdio.obj (.text:UARTvprintf)
                  00001dce    00000132     driverlib.lib : gpio.obj (.text:GPIOPadConfigSet)
                  00001f00    00000114     rtsv7M4_T_le_v4SPD16_eabi.lib : fputs.c.obj (.text:fputs)
                  00002014    00000100                                   : memory.c.obj (.text:aligned_alloc)
                  00002114    000000e4                                   : memory.c.obj (.text:free)
                  000021f8    000000dd     testafila.obj (.text:fila_correta)
                  000022d5    00000001     --HOLE-- [fill = 0]
                  000022d6    00000002     startup_ccs.obj (.text:IntDefaultHandler)
                  000022d8    000000dc     rtsv7M4_T_le_v4SPD16_eabi.lib : setvbuf.c.obj (.text:setvbuf)
                  000023b4    0000009c                                   : memcpy_t2.asm.obj (.text)
                  00002450    00000092     queue.obj (.text:queue_remove)
                  000024e2    00000002     startup_ccs.obj (.text:NmiSR)
                  000024e4    0000007c     rtsv7M4_T_le_v4SPD16_eabi.lib : fflush.c.obj (.text:fflush)
                  00002560    0000007c     hello.obj (.text:main)
                  000025dc    00000074     rtsv7M4_T_le_v4SPD16_eabi.lib : fclose.c.obj (.text:__TI_closefile)
                  00002650    00000070                                   : memory.c.obj (.text:split)
                  000026c0    0000006c                                   : hostrename.c.obj (.text:HOSTrename)
                  0000272c    0000006c     pinout.obj (.text:LEDWrite)
                  00002798    00000068     rtsv7M4_T_le_v4SPD16_eabi.lib : hostlseek.c.obj (.text:HOSTlseek)
                  00002800    00000068                                   : copy_decompress_lzss.c.obj (.text:decompress:lzss:__TI_decompress_lzss)
                  00002868    00000064                                   : fseek.c.obj (.text:fseek)
                  000028cc    00000062                                   : _io_perm.c.obj (.text:__TI_wrt_ok)
                  0000292e    00000002                                   : _lock.c.obj (.text:_nop)
                  00002930    00000060                                   : hostopen.c.obj (.text:HOSTopen)
                  00002990    00000060     uartstdio.obj (.text:UARTStdioConfig)
                  000029f0    0000005c     hello.obj (.text:ConfigureUART)
                  00002a4c    0000005c     rtsv7M4_T_le_v4SPD16_eabi.lib : close.c.obj (.text:close)
                  00002aa8    00000058                                   : hostread.c.obj (.text:HOSTread)
                  00002b00    00000058                                   : hostwrite.c.obj (.text:HOSTwrite)
                  00002b58    00000050     testafila.obj (.text:print_elem)
                  00002ba8    0000004c     rtsv7M4_T_le_v4SPD16_eabi.lib : fflush.c.obj (.text:__TI_doflush)
                  00002bf4    00000048     uartstdio.obj (.text:UARTwrite)
                  00002c3c    00000048     driverlib.lib : sysctl.obj (.text:_SysCtlFrequencyGet)
                  00002c84    00000048     rtsv7M4_T_le_v4SPD16_eabi.lib : exit.c.obj (.text:exit)
                  00002ccc    00000048     queue.obj (.text:queue_print)
                  00002d14    00000044     rtsv7M4_T_le_v4SPD16_eabi.lib : hostclose.c.obj (.text:HOSTclose)
                  00002d58    00000044                                   : hostunlink.c.obj (.text:HOSTunlink)
                  00002d9c    00000044                                   : autoinit.c.obj (.text:__TI_auto_init_nobinit_nopinit:__TI_auto_init_nobinit_nopinit)
                  00002de0    00000044                                   : getdevice.c.obj (.text:getdevice)
                  00002e24    00000040                                   : u_divt2.asm.obj (.text)
                  00002e64    00000038                                   : trgmsg.c.obj (.text:__TI_writemsg)
                  00002e9c    00000036     queue.obj (.text:queue_append)
                  00002ed2    00000036     rtsv7M4_T_le_v4SPD16_eabi.lib : strncpy.c.obj (.text:strncpy)
                  00002f08    00000034                                   : fopen.c.obj (.text:__TI_cleanup)
                  00002f3c    00000034                                   : trgmsg.c.obj (.text:__TI_readmsg)
                  00002f70    00000034                                   : boot_cortex_m.c.obj (.text:_c_int00_noargs:_c_int00_noargs)
                  00002fa4    00000034                                   : rand.c.obj (.text:rand)
                  00002fd8    00000030                                   : getdevice.c.obj (.text:finddevice)
                  00003008    0000002c                                   : unlink.c.obj (.text:unlink)
                  00003034    0000002a     driverlib.lib : gpio.obj (.text:GPIODirModeSet)
                  0000305e    00000002     rtsv7M4_T_le_v4SPD16_eabi.lib : div0.asm.obj (.text)
                  00003060    00000028                                   : memory.c.obj (.text:free_list_insert)
                  00003088    00000028                                   : lseek.c.obj (.text:lseek)
                  000030b0    00000028                                   : write.c.obj (.text:write)
                  000030d8    00000020     driverlib.lib : sysctl.obj (.text:_SysCtlMemTimingGet)
                  000030f8    00000020     rtsv7M4_T_le_v4SPD16_eabi.lib : memchr.c.obj (.text:memchr)
                  00003118    0000001c                                   : assert.c.obj (.text:_abort_msg)
                  00003134    0000001c                                   : copy_zero_init.c.obj (.text:decompress:ZI:__TI_zero_init_nomemset:__TI_zero_init_nomemset)
                  00003150    0000001c                                   : memory.c.obj (.text:free_list_remove)
                  0000316c    0000001a     uartstdio.obj (.text:UARTprintf)
                  00003186    0000001a     queue.obj (.text:queue_size)
                  000031a0    00000018     rtsv7M4_T_le_v4SPD16_eabi.lib : strcmp.c.obj (.text:strcmp)
                  000031b8    00000016                                   : strchr.c.obj (.text:strchr)
                  000031ce    00000014                                   : strcpy.c.obj (.text:strcpy)
                  000031e2    00000014                                   : strlen.c.obj (.text:strlen)
                  000031f6    00000012     driverlib.lib : gpio.obj (.text:GPIOPinTypeEthernetLED)
                  00003208    0000000e     rtsv7M4_T_le_v4SPD16_eabi.lib : copy_decompress_none.c.obj (.text:decompress:none:__TI_decompress_none)
                  00003216    00000008                                   : memory.c.obj (.text:malloc)
                  0000321e    00000006     driverlib.lib : gpio.obj (.text:GPIOPinWrite)
                  00003224    00000006     startup_ccs.obj (.text:ResetISR)
                  0000322a    00000006     driverlib.lib : sysctl.obj (.text:SysCtlDelay)
                  00003230    00000004     rtsv7M4_T_le_v4SPD16_eabi.lib : pre_init.c.obj (.text:_system_pre_init)
                  00003234    00000004                                   : exit.c.obj (.text:abort:abort)

.const     0    00003238    0000026c     
                  00003238    000001b0     driverlib.lib : sysctl.obj (.const:g_pppui32XTALtoVCO)
                  000033e8    0000006c                   : sysctl.obj (.const:g_pui32Xtals)
                  00003454    00000030                   : sysctl.obj (.const:g_sXTALtoMEMTIM)
                  00003484    0000000c     uartstdio.obj (.const:g_ui32UARTBase)
                  00003490    0000000c     uartstdio.obj (.const:g_ui32UARTPeriph)
                  0000349c    00000008     driverlib.lib : sysctl.obj (.const)

.cinit     0    000034a8    00000098     
                  000034a8    0000006d     (.cinit..data.load) [load image, compression = lzss]
                  00003515    00000003     --HOLE-- [fill = 0]
                  00003518    0000000c     (__TI_handler_table)
                  00003524    00000004     --HOLE-- [fill = 0]
                  00003528    00000008     (.cinit..bss.load) [load image, compression = zero_init]
                  00003530    00000010     (__TI_cinit_table)

.init_array 
*          0    00000000    00000000     UNINITIALIZED

.sysmem    0    20000000    0003e800     UNINITIALIZED
                  20000000    00000010     rtsv7M4_T_le_v4SPD16_eabi.lib : memory.c.obj (.sysmem)
                  20000010    0003e7f0     --HOLE--

.stack     0    2003e800    00000800     UNINITIALIZED
                  2003e800    00000004     rtsv7M4_T_le_v4SPD16_eabi.lib : boot_cortex_m.c.obj (.stack)
                  2003e804    000007fc     --HOLE--

.bss       0    2003f000    00000250     UNINITIALIZED
                  2003f000    00000120     rtsv7M4_T_le_v4SPD16_eabi.lib : trgmsg.c.obj (.bss:_CIOBUF_)
                  2003f120    000000a0     (.common:__TI_tmpnams)
                  2003f1c0    00000078     (.common:item)
                  2003f238    00000008     (.common:parmbuf)
                  2003f240    00000004     (.common:aux)
                  2003f244    00000004     (.common:fila0)
                  2003f248    00000004     (.common:fila1)
                  2003f24c    00000004     (.common:g_ui32SysClock)

.data      0    2003f250    000001f0     UNINITIALIZED
                  2003f250    000000f0     rtsv7M4_T_le_v4SPD16_eabi.lib : defs.c.obj (.data:_ftable)
                  2003f340    00000078                                   : host_device.c.obj (.data:_device)
                  2003f3b8    00000050                                   : host_device.c.obj (.data:_stream)
                  2003f408    00000010                                   : defs.c.obj (.data)
                  2003f418    0000000c                                   : exit.c.obj (.data:$O1$$)
                  2003f424    00000008                                   : _lock.c.obj (.data:$O1$$)
                  2003f42c    00000008                                   : memory.c.obj (.data:$O1$$)
                  2003f434    00000005     uartstdio.obj (.data)
                  2003f439    00000003     --HOLE--
                  2003f43c    00000004     rtsv7M4_T_le_v4SPD16_eabi.lib : rand.c.obj (.data)

__llvm_prf_cnts 
*          0    20000000    00000000     UNINITIALIZED

MODULE SUMMARY

       Module                       code    ro data   rw data
       ------                       ----    -------   -------
    .\
       testafila.obj                5887    0         132    
       startup_ccs.obj              12      512       0      
       queue.obj                    298     0         0      
       hello.obj                    216     0         4      
    +--+----------------------------+-------+---------+---------+
       Total:                       6413    512       136    
                                                             
    .\drivers\
       pinout.obj                   632     0         0      
    +--+----------------------------+-------+---------+---------+
       Total:                       632     0         0      
                                                             
    .\utils\
       uartstdio.obj                688     24        5      
    +--+----------------------------+-------+---------+---------+
       Total:                       688     24        5      
                                                             
    C:/ti/tivaware_c_series_2_1_4_178/driverlib/ccs/Debug/driverlib.lib
       sysctl.obj                   622     596       0      
       gpio.obj                     372     0         0      
    +--+----------------------------+-------+---------+---------+
       Total:                       994     596       0      
                                                             
    D:\CCS\ccs\tools\compiler\ti-cgt-arm_20.2.7.LTS\lib\rtsv7M4_T_le_v4SPD16_eabi.lib
       memory.c.obj                 672     0         8      
       defs.c.obj                   0       0         416    
       trgmsg.c.obj                 108     0         288    
       fputs.c.obj                  276     0         0      
       setvbuf.c.obj                220     0         0      
       fflush.c.obj                 200     0         0      
       host_device.c.obj            0       0         200    
       memcpy_t2.asm.obj            156     0         0      
       fclose.c.obj                 116     0         0      
       getdevice.c.obj              116     0         0      
       hostrename.c.obj             108     0         0      
       copy_decompress_lzss.c.obj   104     0         0      
       hostlseek.c.obj              104     0         0      
       hostopen.c.obj               96      0         8      
       fseek.c.obj                  100     0         0      
       _io_perm.c.obj               98      0         0      
       close.c.obj                  92      0         0      
       exit.c.obj                   76      0         12     
       hostread.c.obj               88      0         0      
       hostwrite.c.obj              88      0         0      
       autoinit.c.obj               68      0         0      
       hostclose.c.obj              68      0         0      
       hostunlink.c.obj             68      0         0      
       u_divt2.asm.obj              64      0         0      
       rand.c.obj                   52      0         4      
       strncpy.c.obj                54      0         0      
       boot_cortex_m.c.obj          52      0         0      
       fopen.c.obj                  52      0         0      
       unlink.c.obj                 44      0         0      
       lseek.c.obj                  40      0         0      
       write.c.obj                  40      0         0      
       memchr.c.obj                 32      0         0      
       assert.c.obj                 28      0         0      
       copy_zero_init.c.obj         28      0         0      
       strcmp.c.obj                 24      0         0      
       strchr.c.obj                 22      0         0      
       strcpy.c.obj                 20      0         0      
       strlen.c.obj                 20      0         0      
       copy_decompress_none.c.obj   14      0         0      
       _lock.c.obj                  2       0         8      
       pre_init.c.obj               4       0         0      
       div0.asm.obj                 2       0         0      
    +--+----------------------------+-------+---------+---------+
       Total:                       3616    0         944    
                                                             
       Heap:                        0       0         256000 
       Stack:                       0       0         2048   
       Linker Generated:            0       145       0      
    +--+----------------------------+-------+---------+---------+
       Grand Total:                 12343   1277      259133 


LINKER GENERATED COPY TABLES

__TI_cinit_table @ 00003530 records: 2, size/record: 8, table size: 16
	.data: load addr=000034a8, load size=0000006d bytes, run addr=2003f250, run size=000001f0 bytes, compression=lzss
	.bss: load addr=00003528, load size=00000008 bytes, run addr=2003f000, run size=00000250 bytes, compression=zero_init


LINKER GENERATED HANDLER TABLE

__TI_handler_table @ 00003518 records: 3, size/record: 4, table size: 12
	index: 0, handler: __TI_decompress_lzss
	index: 1, handler: __TI_decompress_none
	index: 2, handler: __TI_zero_init


GLOBAL SYMBOLS: SORTED ALPHABETICALLY BY Name 

address   name                           
-------   ----                           
00003235  C$$EXIT                        
00002e93  C$$IO$$                        
000029f1  ConfigureUART                  
00003035  GPIODirModeSet                 
00001dcf  GPIOPadConfigSet               
000031f7  GPIOPinTypeEthernetLED         
0000321f  GPIOPinWrite                   
00002d15  HOSTclose                      
00002799  HOSTlseek                      
00002931  HOSTopen                       
00002aa9  HOSTread                       
000026c1  HOSTrename                     
00002d59  HOSTunlink                     
00002b01  HOSTwrite                      
0000272d  LEDWrite                       
000017d5  PinoutSet                      
00003225  ResetISR                       
000019e1  SysCtlClockFreqSet             
0000322b  SysCtlDelay                    
00002991  UARTStdioConfig                
0000316d  UARTprintf                     
00001be1  UARTvprintf                    
00002bf5  UARTwrite                      
2003f000  __CIOBUF_                      
2003f000  __STACK_END                    
00000800  __STACK_SIZE                   
2003ea00  __STACK_TOP                    
0003e800  __SYSMEM_SIZE                  
00003530  __TI_CINIT_Base                
00003540  __TI_CINIT_Limit               
00003518  __TI_Handler_Table_Base        
00003524  __TI_Handler_Table_Limit       
00002d9d  __TI_auto_init_nobinit_nopinit 
00002f09  __TI_cleanup                   
2003f418  __TI_cleanup_ptr               
000025dd  __TI_closefile                 
00002801  __TI_decompress_lzss           
00003209  __TI_decompress_none           
00002ba9  __TI_doflush                   
2003f41c  __TI_dtors_ptr                 
2003f420  __TI_enable_exit_profile_output
2003f408  __TI_ft_end                    
ffffffff  __TI_pprof_out_hndl            
ffffffff  __TI_prof_data_size            
ffffffff  __TI_prof_data_start           
00002f3d  __TI_readmsg                   
00000000  __TI_static_base__             
2003f120  __TI_tmpnams                   
00002e65  __TI_writemsg                  
000028cd  __TI_wrt_ok                    
00003135  __TI_zero_init_nomemset        
0000305f  __aeabi_idiv0                  
0000305f  __aeabi_ldiv0                  
000023b5  __aeabi_memcpy                 
000023b5  __aeabi_memcpy4                
000023b5  __aeabi_memcpy8                
2003f414  __aeabi_stderr                 
2003f40c  __aeabi_stdin                  
2003f410  __aeabi_stdout                 
00002e25  __aeabi_uidiv                  
00002e25  __aeabi_uidivmod               
ffffffff  __binit__                      
ffffffff  __c_args__                     
UNDEFED   __mpu_init                     
2003e800  __stack                        
20000000  __start___llvm_prf_cnts        
20000000  __stop___llvm_prf_cnts         
00003119  _abort_msg                     
00002f71  _c_int00_noargs                
2003f340  _device                        
2003f250  _ftable                        
2003f424  _lock                          
0000292f  _nop                           
2003f3b8  _stream                        
20000000  _sys_memory                    
UNDEFED   _system_post_cinit             
00003231  _system_pre_init               
2003f428  _unlock                        
00003235  abort                          
00002015  aligned_alloc                  
2003f240  aux                            
ffffffff  binit                          
00002a4d  close                          
00002c85  exit                           
000024e5  fflush                         
2003f244  fila0                          
2003f248  fila1                          
000021f9  fila_correta                   
00002fd9  finddevice                     
00001f01  fputs                          
00002115  free                           
00002869  fseek                          
00000000  g_pfnVectors                   
2003f24c  g_ui32SysClock                 
00002de1  getdevice                      
2003f1c0  item                           
00003089  lseek                          
00002561  main                           
00003217  malloc                         
00002015  memalign                       
000030f9  memchr                         
000023b5  memcpy                         
2003f238  parmbuf                        
00002b59  print_elem                     
00002e9d  queue_append                   
00002ccd  queue_print                    
00002451  queue_remove                   
00003187  queue_size                     
00002fa5  rand                           
00003009  remove                         
000022d9  setvbuf                        
000031b9  strchr                         
000031a1  strcmp                         
000031cf  strcpy                         
000031e3  strlen                         
00002ed3  strncpy                        
00000201  testafila                      
00003009  unlink                         
000030b1  write                          


GLOBAL SYMBOLS: SORTED BY Symbol Address 

address   name                           
-------   ----                           
00000000  __TI_static_base__             
00000000  g_pfnVectors                   
00000201  testafila                      
00000800  __STACK_SIZE                   
000017d5  PinoutSet                      
000019e1  SysCtlClockFreqSet             
00001be1  UARTvprintf                    
00001dcf  GPIOPadConfigSet               
00001f01  fputs                          
00002015  aligned_alloc                  
00002015  memalign                       
00002115  free                           
000021f9  fila_correta                   
000022d9  setvbuf                        
000023b5  __aeabi_memcpy                 
000023b5  __aeabi_memcpy4                
000023b5  __aeabi_memcpy8                
000023b5  memcpy                         
00002451  queue_remove                   
000024e5  fflush                         
00002561  main                           
000025dd  __TI_closefile                 
000026c1  HOSTrename                     
0000272d  LEDWrite                       
00002799  HOSTlseek                      
00002801  __TI_decompress_lzss           
00002869  fseek                          
000028cd  __TI_wrt_ok                    
0000292f  _nop                           
00002931  HOSTopen                       
00002991  UARTStdioConfig                
000029f1  ConfigureUART                  
00002a4d  close                          
00002aa9  HOSTread                       
00002b01  HOSTwrite                      
00002b59  print_elem                     
00002ba9  __TI_doflush                   
00002bf5  UARTwrite                      
00002c85  exit                           
00002ccd  queue_print                    
00002d15  HOSTclose                      
00002d59  HOSTunlink                     
00002d9d  __TI_auto_init_nobinit_nopinit 
00002de1  getdevice                      
00002e25  __aeabi_uidiv                  
00002e25  __aeabi_uidivmod               
00002e65  __TI_writemsg                  
00002e93  C$$IO$$                        
00002e9d  queue_append                   
00002ed3  strncpy                        
00002f09  __TI_cleanup                   
00002f3d  __TI_readmsg                   
00002f71  _c_int00_noargs                
00002fa5  rand                           
00002fd9  finddevice                     
00003009  remove                         
00003009  unlink                         
00003035  GPIODirModeSet                 
0000305f  __aeabi_idiv0                  
0000305f  __aeabi_ldiv0                  
00003089  lseek                          
000030b1  write                          
000030f9  memchr                         
00003119  _abort_msg                     
00003135  __TI_zero_init_nomemset        
0000316d  UARTprintf                     
00003187  queue_size                     
000031a1  strcmp                         
000031b9  strchr                         
000031cf  strcpy                         
000031e3  strlen                         
000031f7  GPIOPinTypeEthernetLED         
00003209  __TI_decompress_none           
00003217  malloc                         
0000321f  GPIOPinWrite                   
00003225  ResetISR                       
0000322b  SysCtlDelay                    
00003231  _system_pre_init               
00003235  C$$EXIT                        
00003235  abort                          
00003518  __TI_Handler_Table_Base        
00003524  __TI_Handler_Table_Limit       
00003530  __TI_CINIT_Base                
00003540  __TI_CINIT_Limit               
0003e800  __SYSMEM_SIZE                  
20000000  __start___llvm_prf_cnts        
20000000  __stop___llvm_prf_cnts         
20000000  _sys_memory                    
2003e800  __stack                        
2003ea00  __STACK_TOP                    
2003f000  __CIOBUF_                      
2003f000  __STACK_END                    
2003f120  __TI_tmpnams                   
2003f1c0  item                           
2003f238  parmbuf                        
2003f240  aux                            
2003f244  fila0                          
2003f248  fila1                          
2003f24c  g_ui32SysClock                 
2003f250  _ftable                        
2003f340  _device                        
2003f3b8  _stream                        
2003f408  __TI_ft_end                    
2003f40c  __aeabi_stdin                  
2003f410  __aeabi_stdout                 
2003f414  __aeabi_stderr                 
2003f418  __TI_cleanup_ptr               
2003f41c  __TI_dtors_ptr                 
2003f420  __TI_enable_exit_profile_output
2003f424  _lock                          
2003f428  _unlock                        
ffffffff  __TI_pprof_out_hndl            
ffffffff  __TI_prof_data_size            
ffffffff  __TI_prof_data_start           
ffffffff  __binit__                      
ffffffff  __c_args__                     
ffffffff  binit                          
UNDEFED   __mpu_init                     
UNDEFED   _system_post_cinit             

[119 symbols]
