<?xml version="1.0" encoding="ISO-8859-1" ?>
<link_info>
   <banner>TI ARM Linker PC v18.12.3.LTS</banner>
   <copyright>Copyright (c) 1996-2018 Texas Instruments Incorporated</copyright>
   <link_time>0x5e681748</link_time>
   <link_errors>0x4</link_errors>
   <output_file>hello.out</output_file>
   <entry_point>
      <name>_c_int00_noargs</name>
      <address>0x18c5</address>
   </entry_point>
   <input_file_list>
      <input_file id="fl-2">
         <path>.\</path>
         <kind>object</kind>
         <file>hello.obj</file>
         <name>hello.obj</name>
      </input_file>
      <input_file id="fl-3">
         <path>.\</path>
         <kind>object</kind>
         <file>startup_ccs.obj</file>
         <name>startup_ccs.obj</name>
      </input_file>
      <input_file id="fl-4">
         <path>.\</path>
         <kind>object</kind>
         <file>testafila.obj</file>
         <name>testafila.obj</name>
      </input_file>
      <input_file id="fl-5">
         <path>.\</path>
         <kind>object</kind>
         <file>tm4c1294ncpdt_startup_ccs.obj</file>
         <name>tm4c1294ncpdt_startup_ccs.obj</name>
      </input_file>
      <input_file id="fl-6">
         <path>..\Debug__TI\</path>
         <kind>object</kind>
         <file>tm4c1294ncpdt_startup_ccs.obj</file>
         <name>tm4c1294ncpdt_startup_ccs.obj</name>
      </input_file>
      <input_file id="fl-7">
         <path>.\drivers\</path>
         <kind>object</kind>
         <file>pinout.obj</file>
         <name>pinout.obj</name>
      </input_file>
      <input_file id="fl-8">
         <path>.\utils\</path>
         <kind>object</kind>
         <file>uartstdio.obj</file>
         <name>uartstdio.obj</name>
      </input_file>
      <input_file id="fl-d">
         <kind>object</kind>
         <file>&lt;internal&gt;</file>
         <name>&lt;internal&gt;</name>
      </input_file>
      <input_file id="fl-c3">
         <path>E:\ti\ccs920\ccs\tools\compiler\ti-cgt-arm_18.12.3.LTS\lib\</path>
         <kind>archive</kind>
         <file>rtsv7M4_T_le_v4SPD16_eabi.lib</file>
         <name>printf.c.obj</name>
      </input_file>
      <input_file id="fl-c4">
         <path>E:\ti\ccs920\ccs\tools\compiler\ti-cgt-arm_18.12.3.LTS\lib\</path>
         <kind>archive</kind>
         <file>rtsv7M4_T_le_v4SPD16_eabi.lib</file>
         <name>_printfi.c.obj</name>
      </input_file>
      <input_file id="fl-c5">
         <path>E:\ti\ccs920\ccs\tools\compiler\ti-cgt-arm_18.12.3.LTS\lib\</path>
         <kind>archive</kind>
         <file>rtsv7M4_T_le_v4SPD16_eabi.lib</file>
         <name>fputc.c.obj</name>
      </input_file>
      <input_file id="fl-c6">
         <path>E:\ti\ccs920\ccs\tools\compiler\ti-cgt-arm_18.12.3.LTS\lib\</path>
         <kind>archive</kind>
         <file>rtsv7M4_T_le_v4SPD16_eabi.lib</file>
         <name>fputs.c.obj</name>
      </input_file>
      <input_file id="fl-c7">
         <path>E:\ti\ccs920\ccs\tools\compiler\ti-cgt-arm_18.12.3.LTS\lib\</path>
         <kind>archive</kind>
         <file>rtsv7M4_T_le_v4SPD16_eabi.lib</file>
         <name>_io_perm.c.obj</name>
      </input_file>
      <input_file id="fl-c8">
         <path>E:\ti\ccs920\ccs\tools\compiler\ti-cgt-arm_18.12.3.LTS\lib\</path>
         <kind>archive</kind>
         <file>rtsv7M4_T_le_v4SPD16_eabi.lib</file>
         <name>setvbuf.c.obj</name>
      </input_file>
      <input_file id="fl-c9">
         <path>E:\ti\ccs920\ccs\tools\compiler\ti-cgt-arm_18.12.3.LTS\lib\</path>
         <kind>archive</kind>
         <file>rtsv7M4_T_le_v4SPD16_eabi.lib</file>
         <name>wcslen.c.obj</name>
      </input_file>
      <input_file id="fl-ca">
         <path>E:\ti\ccs920\ccs\tools\compiler\ti-cgt-arm_18.12.3.LTS\lib\</path>
         <kind>archive</kind>
         <file>rtsv7M4_T_le_v4SPD16_eabi.lib</file>
         <name>ull_div_t2.asm.obj</name>
      </input_file>
      <input_file id="fl-cb">
         <path>E:\ti\ccs920\ccs\tools\compiler\ti-cgt-arm_18.12.3.LTS\lib\</path>
         <kind>archive</kind>
         <file>rtsv7M4_T_le_v4SPD16_eabi.lib</file>
         <name>memset_t2.asm.obj</name>
      </input_file>
      <input_file id="fl-cc">
         <path>E:\ti\ccs920\ccs\tools\compiler\ti-cgt-arm_18.12.3.LTS\lib\</path>
         <kind>archive</kind>
         <file>rtsv7M4_T_le_v4SPD16_eabi.lib</file>
         <name>fd_add_t2.asm.obj</name>
      </input_file>
      <input_file id="fl-cd">
         <path>E:\ti\ccs920\ccs\tools\compiler\ti-cgt-arm_18.12.3.LTS\lib\</path>
         <kind>archive</kind>
         <file>rtsv7M4_T_le_v4SPD16_eabi.lib</file>
         <name>fd_cmp_t2.asm.obj</name>
      </input_file>
      <input_file id="fl-ce">
         <path>E:\ti\ccs920\ccs\tools\compiler\ti-cgt-arm_18.12.3.LTS\lib\</path>
         <kind>archive</kind>
         <file>rtsv7M4_T_le_v4SPD16_eabi.lib</file>
         <name>fd_div_t2.asm.obj</name>
      </input_file>
      <input_file id="fl-cf">
         <path>E:\ti\ccs920\ccs\tools\compiler\ti-cgt-arm_18.12.3.LTS\lib\</path>
         <kind>archive</kind>
         <file>rtsv7M4_T_le_v4SPD16_eabi.lib</file>
         <name>fd_mul_t2.asm.obj</name>
      </input_file>
      <input_file id="fl-d0">
         <path>E:\ti\ccs920\ccs\tools\compiler\ti-cgt-arm_18.12.3.LTS\lib\</path>
         <kind>archive</kind>
         <file>rtsv7M4_T_le_v4SPD16_eabi.lib</file>
         <name>fd_toi_t2.asm.obj</name>
      </input_file>
      <input_file id="fl-d1">
         <path>E:\ti\ccs920\ccs\tools\compiler\ti-cgt-arm_18.12.3.LTS\lib\</path>
         <kind>archive</kind>
         <file>rtsv7M4_T_le_v4SPD16_eabi.lib</file>
         <name>i_tofd_t2.asm.obj</name>
      </input_file>
      <input_file id="fl-d2">
         <path>E:\ti\ccs920\ccs\tools\compiler\ti-cgt-arm_18.12.3.LTS\lib\</path>
         <kind>archive</kind>
         <file>rtsv7M4_T_le_v4SPD16_eabi.lib</file>
         <name>memcpy_t2.asm.obj</name>
      </input_file>
      <input_file id="fl-d3">
         <path>E:\ti\ccs920\ccs\tools\compiler\ti-cgt-arm_18.12.3.LTS\lib\</path>
         <kind>archive</kind>
         <file>rtsv7M4_T_le_v4SPD16_eabi.lib</file>
         <name>u_divt2.asm.obj</name>
      </input_file>
      <input_file id="fl-d4">
         <path>E:\ti\ccs920\ccs\tools\compiler\ti-cgt-arm_18.12.3.LTS\lib\</path>
         <kind>archive</kind>
         <file>rtsv7M4_T_le_v4SPD16_eabi.lib</file>
         <name>copy_zero_init.c.obj</name>
      </input_file>
      <input_file id="fl-d5">
         <path>E:\ti\ccs920\ccs\tools\compiler\ti-cgt-arm_18.12.3.LTS\lib\</path>
         <kind>archive</kind>
         <file>rtsv7M4_T_le_v4SPD16_eabi.lib</file>
         <name>copy_decompress_none.c.obj</name>
      </input_file>
      <input_file id="fl-d6">
         <path>E:\ti\ccs920\ccs\tools\compiler\ti-cgt-arm_18.12.3.LTS\lib\</path>
         <kind>archive</kind>
         <file>rtsv7M4_T_le_v4SPD16_eabi.lib</file>
         <name>copy_decompress_lzss.c.obj</name>
      </input_file>
      <input_file id="fl-d7">
         <path>E:\ti\ccs920\ccs\tools\compiler\ti-cgt-arm_18.12.3.LTS\lib\</path>
         <kind>archive</kind>
         <file>rtsv7M4_T_le_v4SPD16_eabi.lib</file>
         <name>exit.c.obj</name>
      </input_file>
      <input_file id="fl-d8">
         <path>E:\ti\ccs920\ccs\tools\compiler\ti-cgt-arm_18.12.3.LTS\lib\</path>
         <kind>archive</kind>
         <file>rtsv7M4_T_le_v4SPD16_eabi.lib</file>
         <name>_lock.c.obj</name>
      </input_file>
      <input_file id="fl-d9">
         <path>E:\ti\ccs920\ccs\tools\compiler\ti-cgt-arm_18.12.3.LTS\lib\</path>
         <kind>archive</kind>
         <file>rtsv7M4_T_le_v4SPD16_eabi.lib</file>
         <name>assert.c.obj</name>
      </input_file>
      <input_file id="fl-da">
         <path>E:\ti\ccs920\ccs\tools\compiler\ti-cgt-arm_18.12.3.LTS\lib\</path>
         <kind>archive</kind>
         <file>rtsv7M4_T_le_v4SPD16_eabi.lib</file>
         <name>atoi.c.obj</name>
      </input_file>
      <input_file id="fl-db">
         <path>E:\ti\ccs920\ccs\tools\compiler\ti-cgt-arm_18.12.3.LTS\lib\</path>
         <kind>archive</kind>
         <file>rtsv7M4_T_le_v4SPD16_eabi.lib</file>
         <name>ctype.c.obj</name>
      </input_file>
      <input_file id="fl-dc">
         <path>E:\ti\ccs920\ccs\tools\compiler\ti-cgt-arm_18.12.3.LTS\lib\</path>
         <kind>archive</kind>
         <file>rtsv7M4_T_le_v4SPD16_eabi.lib</file>
         <name>defs.c.obj</name>
      </input_file>
      <input_file id="fl-dd">
         <path>E:\ti\ccs920\ccs\tools\compiler\ti-cgt-arm_18.12.3.LTS\lib\</path>
         <kind>archive</kind>
         <file>rtsv7M4_T_le_v4SPD16_eabi.lib</file>
         <name>ltoa.c.obj</name>
      </input_file>
      <input_file id="fl-de">
         <path>E:\ti\ccs920\ccs\tools\compiler\ti-cgt-arm_18.12.3.LTS\lib\</path>
         <kind>archive</kind>
         <file>rtsv7M4_T_le_v4SPD16_eabi.lib</file>
         <name>memccpy.c.obj</name>
      </input_file>
      <input_file id="fl-df">
         <path>E:\ti\ccs920\ccs\tools\compiler\ti-cgt-arm_18.12.3.LTS\lib\</path>
         <kind>archive</kind>
         <file>rtsv7M4_T_le_v4SPD16_eabi.lib</file>
         <name>memchr.c.obj</name>
      </input_file>
      <input_file id="fl-e0">
         <path>E:\ti\ccs920\ccs\tools\compiler\ti-cgt-arm_18.12.3.LTS\lib\</path>
         <kind>archive</kind>
         <file>rtsv7M4_T_le_v4SPD16_eabi.lib</file>
         <name>memory.c.obj</name>
      </input_file>
      <input_file id="fl-e1">
         <path>E:\ti\ccs920\ccs\tools\compiler\ti-cgt-arm_18.12.3.LTS\lib\</path>
         <kind>archive</kind>
         <file>rtsv7M4_T_le_v4SPD16_eabi.lib</file>
         <name>strchr.c.obj</name>
      </input_file>
      <input_file id="fl-e2">
         <path>E:\ti\ccs920\ccs\tools\compiler\ti-cgt-arm_18.12.3.LTS\lib\</path>
         <kind>archive</kind>
         <file>rtsv7M4_T_le_v4SPD16_eabi.lib</file>
         <name>strlen.c.obj</name>
      </input_file>
      <input_file id="fl-e3">
         <path>E:\ti\ccs920\ccs\tools\compiler\ti-cgt-arm_18.12.3.LTS\lib\</path>
         <kind>archive</kind>
         <file>rtsv7M4_T_le_v4SPD16_eabi.lib</file>
         <name>errno.c.obj</name>
      </input_file>
      <input_file id="fl-e4">
         <path>E:\ti\ccs920\ccs\tools\compiler\ti-cgt-arm_18.12.3.LTS\lib\</path>
         <kind>archive</kind>
         <file>rtsv7M4_T_le_v4SPD16_eabi.lib</file>
         <name>write.c.obj</name>
      </input_file>
      <input_file id="fl-e5">
         <path>E:\ti\ccs920\ccs\tools\compiler\ti-cgt-arm_18.12.3.LTS\lib\</path>
         <kind>archive</kind>
         <file>rtsv7M4_T_le_v4SPD16_eabi.lib</file>
         <name>host_device.c.obj</name>
      </input_file>
      <input_file id="fl-e6">
         <path>E:\ti\ccs920\ccs\tools\compiler\ti-cgt-arm_18.12.3.LTS\lib\</path>
         <kind>archive</kind>
         <file>rtsv7M4_T_le_v4SPD16_eabi.lib</file>
         <name>boot_cortex_m.c.obj</name>
      </input_file>
      <input_file id="fl-e7">
         <path>E:\ti\ccs920\ccs\tools\compiler\ti-cgt-arm_18.12.3.LTS\lib\</path>
         <kind>archive</kind>
         <file>rtsv7M4_T_le_v4SPD16_eabi.lib</file>
         <name>s_frexp.c.obj</name>
      </input_file>
      <input_file id="fl-e8">
         <path>E:\ti\ccs920\ccs\tools\compiler\ti-cgt-arm_18.12.3.LTS\lib\</path>
         <kind>archive</kind>
         <file>rtsv7M4_T_le_v4SPD16_eabi.lib</file>
         <name>s_scalbn.c.obj</name>
      </input_file>
      <input_file id="fl-e9">
         <path>E:\ti\ccs920\ccs\tools\compiler\ti-cgt-arm_18.12.3.LTS\lib\</path>
         <kind>archive</kind>
         <file>rtsv7M4_T_le_v4SPD16_eabi.lib</file>
         <name>fflush.c.obj</name>
      </input_file>
      <input_file id="fl-ea">
         <path>E:\ti\ccs920\ccs\tools\compiler\ti-cgt-arm_18.12.3.LTS\lib\</path>
         <kind>archive</kind>
         <file>rtsv7M4_T_le_v4SPD16_eabi.lib</file>
         <name>fopen.c.obj</name>
      </input_file>
      <input_file id="fl-eb">
         <path>E:\ti\ccs920\ccs\tools\compiler\ti-cgt-arm_18.12.3.LTS\lib\</path>
         <kind>archive</kind>
         <file>rtsv7M4_T_le_v4SPD16_eabi.lib</file>
         <name>fseek.c.obj</name>
      </input_file>
      <input_file id="fl-ec">
         <path>E:\ti\ccs920\ccs\tools\compiler\ti-cgt-arm_18.12.3.LTS\lib\</path>
         <kind>archive</kind>
         <file>rtsv7M4_T_le_v4SPD16_eabi.lib</file>
         <name>div0.asm.obj</name>
      </input_file>
      <input_file id="fl-ed">
         <path>E:\ti\ccs920\ccs\tools\compiler\ti-cgt-arm_18.12.3.LTS\lib\</path>
         <kind>archive</kind>
         <file>rtsv7M4_T_le_v4SPD16_eabi.lib</file>
         <name>autoinit.c.obj</name>
      </input_file>
      <input_file id="fl-ee">
         <path>E:\ti\ccs920\ccs\tools\compiler\ti-cgt-arm_18.12.3.LTS\lib\</path>
         <kind>archive</kind>
         <file>rtsv7M4_T_le_v4SPD16_eabi.lib</file>
         <name>pre_init.c.obj</name>
      </input_file>
      <input_file id="fl-ef">
         <path>E:\ti\ccs920\ccs\tools\compiler\ti-cgt-arm_18.12.3.LTS\lib\</path>
         <kind>archive</kind>
         <file>rtsv7M4_T_le_v4SPD16_eabi.lib</file>
         <name>cpy_tbl.c.obj</name>
      </input_file>
      <input_file id="fl-f0">
         <path>E:\ti\ccs920\ccs\tools\compiler\ti-cgt-arm_18.12.3.LTS\lib\</path>
         <kind>archive</kind>
         <file>rtsv7M4_T_le_v4SPD16_eabi.lib</file>
         <name>args_main.c.obj</name>
      </input_file>
      <input_file id="fl-f1">
         <path>E:\ti\ccs920\ccs\tools\compiler\ti-cgt-arm_18.12.3.LTS\lib\</path>
         <kind>archive</kind>
         <file>rtsv7M4_T_le_v4SPD16_eabi.lib</file>
         <name>hostclose.c.obj</name>
      </input_file>
      <input_file id="fl-f2">
         <path>E:\ti\ccs920\ccs\tools\compiler\ti-cgt-arm_18.12.3.LTS\lib\</path>
         <kind>archive</kind>
         <file>rtsv7M4_T_le_v4SPD16_eabi.lib</file>
         <name>hostlseek.c.obj</name>
      </input_file>
      <input_file id="fl-f3">
         <path>E:\ti\ccs920\ccs\tools\compiler\ti-cgt-arm_18.12.3.LTS\lib\</path>
         <kind>archive</kind>
         <file>rtsv7M4_T_le_v4SPD16_eabi.lib</file>
         <name>hostopen.c.obj</name>
      </input_file>
      <input_file id="fl-f4">
         <path>E:\ti\ccs920\ccs\tools\compiler\ti-cgt-arm_18.12.3.LTS\lib\</path>
         <kind>archive</kind>
         <file>rtsv7M4_T_le_v4SPD16_eabi.lib</file>
         <name>hostread.c.obj</name>
      </input_file>
      <input_file id="fl-f5">
         <path>E:\ti\ccs920\ccs\tools\compiler\ti-cgt-arm_18.12.3.LTS\lib\</path>
         <kind>archive</kind>
         <file>rtsv7M4_T_le_v4SPD16_eabi.lib</file>
         <name>hostrename.c.obj</name>
      </input_file>
      <input_file id="fl-f6">
         <path>E:\ti\ccs920\ccs\tools\compiler\ti-cgt-arm_18.12.3.LTS\lib\</path>
         <kind>archive</kind>
         <file>rtsv7M4_T_le_v4SPD16_eabi.lib</file>
         <name>hostunlink.c.obj</name>
      </input_file>
      <input_file id="fl-f7">
         <path>E:\ti\ccs920\ccs\tools\compiler\ti-cgt-arm_18.12.3.LTS\lib\</path>
         <kind>archive</kind>
         <file>rtsv7M4_T_le_v4SPD16_eabi.lib</file>
         <name>hostwrite.c.obj</name>
      </input_file>
      <input_file id="fl-f8">
         <path>E:\ti\ccs920\ccs\tools\compiler\ti-cgt-arm_18.12.3.LTS\lib\</path>
         <kind>archive</kind>
         <file>rtsv7M4_T_le_v4SPD16_eabi.lib</file>
         <name>trgmsg.c.obj</name>
      </input_file>
      <input_file id="fl-f9">
         <path>E:\ti\ccs920\ccs\tools\compiler\ti-cgt-arm_18.12.3.LTS\lib\</path>
         <kind>archive</kind>
         <file>rtsv7M4_T_le_v4SPD16_eabi.lib</file>
         <name>open.c.obj</name>
      </input_file>
      <input_file id="fl-fa">
         <path>E:\ti\ccs920\ccs\tools\compiler\ti-cgt-arm_18.12.3.LTS\lib\</path>
         <kind>archive</kind>
         <file>rtsv7M4_T_le_v4SPD16_eabi.lib</file>
         <name>lseek.c.obj</name>
      </input_file>
      <input_file id="fl-fb">
         <path>E:\ti\ccs920\ccs\tools\compiler\ti-cgt-arm_18.12.3.LTS\lib\</path>
         <kind>archive</kind>
         <file>rtsv7M4_T_le_v4SPD16_eabi.lib</file>
         <name>s_copysign.c.obj</name>
      </input_file>
      <input_file id="fl-fc">
         <path>E:\ti\ccs920\ccs\tools\compiler\ti-cgt-arm_18.12.3.LTS\lib\</path>
         <kind>archive</kind>
         <file>rtsv7M4_T_le_v4SPD16_eabi.lib</file>
         <name>fclose.c.obj</name>
      </input_file>
      <input_file id="fl-fd">
         <path>E:\ti\ccs920\ccs\tools\compiler\ti-cgt-arm_18.12.3.LTS\lib\</path>
         <kind>archive</kind>
         <file>rtsv7M4_T_le_v4SPD16_eabi.lib</file>
         <name>getdevice.c.obj</name>
      </input_file>
      <input_file id="fl-fe">
         <path>E:\ti\ccs920\ccs\tools\compiler\ti-cgt-arm_18.12.3.LTS\lib\</path>
         <kind>archive</kind>
         <file>rtsv7M4_T_le_v4SPD16_eabi.lib</file>
         <name>strcmp.c.obj</name>
      </input_file>
      <input_file id="fl-ff">
         <path>E:\ti\ccs920\ccs\tools\compiler\ti-cgt-arm_18.12.3.LTS\lib\</path>
         <kind>archive</kind>
         <file>rtsv7M4_T_le_v4SPD16_eabi.lib</file>
         <name>strcpy.c.obj</name>
      </input_file>
      <input_file id="fl-100">
         <path>E:\ti\ccs920\ccs\tools\compiler\ti-cgt-arm_18.12.3.LTS\lib\</path>
         <kind>archive</kind>
         <file>rtsv7M4_T_le_v4SPD16_eabi.lib</file>
         <name>strncpy.c.obj</name>
      </input_file>
      <input_file id="fl-101">
         <path>E:\ti\ccs920\ccs\tools\compiler\ti-cgt-arm_18.12.3.LTS\lib\</path>
         <kind>archive</kind>
         <file>rtsv7M4_T_le_v4SPD16_eabi.lib</file>
         <name>remove.c.obj</name>
      </input_file>
      <input_file id="fl-102">
         <path>E:\ti\ccs920\ccs\tools\compiler\ti-cgt-arm_18.12.3.LTS\lib\</path>
         <kind>archive</kind>
         <file>rtsv7M4_T_le_v4SPD16_eabi.lib</file>
         <name>close.c.obj</name>
      </input_file>
      <input_file id="fl-103">
         <path>E:\ti\ccs920\ccs\tools\compiler\ti-cgt-arm_18.12.3.LTS\lib\</path>
         <kind>archive</kind>
         <file>rtsv7M4_T_le_v4SPD16_eabi.lib</file>
         <name>unlink.c.obj</name>
      </input_file>
      <input_file id="fl-104">
         <path>C:\ti\tivaware_c_series_2_1_4_178\driverlib\ccs\Debug\</path>
         <kind>archive</kind>
         <file>driverlib.lib</file>
         <name>gpio.obj</name>
      </input_file>
      <input_file id="fl-105">
         <path>C:\ti\tivaware_c_series_2_1_4_178\driverlib\ccs\Debug\</path>
         <kind>archive</kind>
         <file>driverlib.lib</file>
         <name>interrupt.obj</name>
      </input_file>
      <input_file id="fl-106">
         <path>C:\ti\tivaware_c_series_2_1_4_178\driverlib\ccs\Debug\</path>
         <kind>archive</kind>
         <file>driverlib.lib</file>
         <name>sysctl.obj</name>
      </input_file>
      <input_file id="fl-107">
         <path>C:\ti\tivaware_c_series_2_1_4_178\driverlib\ccs\Debug\</path>
         <kind>archive</kind>
         <file>driverlib.lib</file>
         <name>cpu.obj</name>
      </input_file>
   </input_file_list>
   <object_component_list>
      <object_component id="oc-f">
         <name>.intvecs</name>
         <load_address>0x0</load_address>
         <run_address>0x0</run_address>
         <size>0x200</size>
         <input_file_ref idref="fl-3"/>
      </object_component>
      <object_component id="oc-f4">
         <name>.text:PinoutSet</name>
         <load_address>0x200</load_address>
         <run_address>0x200</run_address>
         <size>0x20c</size>
         <input_file_ref idref="fl-7"/>
      </object_component>
      <object_component id="oc-ee">
         <name>.text:SysCtlClockFreqSet</name>
         <load_address>0x40c</load_address>
         <run_address>0x40c</run_address>
         <size>0x200</size>
         <input_file_ref idref="fl-106"/>
      </object_component>
      <object_component id="oc-186">
         <name>.text:UARTvprintf</name>
         <load_address>0x60c</load_address>
         <run_address>0x60c</run_address>
         <size>0x1ee</size>
         <input_file_ref idref="fl-8"/>
      </object_component>
      <object_component id="oc-171">
         <name>.text:GPIOPadConfigSet</name>
         <load_address>0x7fa</load_address>
         <run_address>0x7fa</run_address>
         <size>0x132</size>
         <input_file_ref idref="fl-104"/>
      </object_component>
      <object_component id="oc-1fe">
         <name>.text:fputs</name>
         <load_address>0x92c</load_address>
         <run_address>0x92c</run_address>
         <size>0x114</size>
         <input_file_ref idref="fl-c6"/>
      </object_component>
      <object_component id="oc-2fe">
         <name>.text:aligned_alloc</name>
         <load_address>0xa40</load_address>
         <run_address>0xa40</run_address>
         <size>0xf4</size>
         <input_file_ref idref="fl-e0"/>
      </object_component>
      <object_component id="oc-2ba">
         <name>.text:free</name>
         <load_address>0xb34</load_address>
         <run_address>0xb34</run_address>
         <size>0xe8</size>
         <input_file_ref idref="fl-e0"/>
      </object_component>
      <object_component id="oc-297">
         <name>.text:setvbuf</name>
         <load_address>0xc1c</load_address>
         <run_address>0xc1c</run_address>
         <size>0xdc</size>
         <input_file_ref idref="fl-c8"/>
      </object_component>
      <object_component id="oc-106">
         <name>.text:testafila</name>
         <load_address>0xcf8</load_address>
         <run_address>0xcf8</run_address>
         <size>0xd0</size>
         <input_file_ref idref="fl-4"/>
      </object_component>
      <object_component id="oc-4d">
         <name>.text</name>
         <load_address>0xdc8</load_address>
         <run_address>0xdc8</run_address>
         <size>0x9c</size>
         <input_file_ref idref="fl-d2"/>
      </object_component>
      <object_component id="oc-b4">
         <name>.text:main</name>
         <load_address>0xe64</load_address>
         <run_address>0xe64</run_address>
         <size>0x94</size>
         <input_file_ref idref="fl-2"/>
      </object_component>
      <object_component id="oc-204">
         <name>.text:fflush</name>
         <load_address>0xef8</load_address>
         <run_address>0xef8</run_address>
         <size>0x7c</size>
         <input_file_ref idref="fl-e9"/>
      </object_component>
      <object_component id="oc-343">
         <name>.text:split</name>
         <load_address>0xf74</load_address>
         <run_address>0xf74</run_address>
         <size>0x7c</size>
         <input_file_ref idref="fl-e0"/>
      </object_component>
      <object_component id="oc-a8">
         <name>.text</name>
         <load_address>0xff0</load_address>
         <run_address>0xff0</run_address>
         <size>0x7a</size>
         <input_file_ref idref="fl-cb"/>
      </object_component>
      <object_component id="oc-33">
         <name>.text:FaultISR</name>
         <load_address>0x106a</load_address>
         <run_address>0x106a</run_address>
         <size>0x2</size>
         <input_file_ref idref="fl-3"/>
      </object_component>
      <object_component id="oc-305">
         <name>.text:__TI_closefile</name>
         <load_address>0x106c</load_address>
         <run_address>0x106c</run_address>
         <size>0x74</size>
         <input_file_ref idref="fl-fc"/>
      </object_component>
      <object_component id="oc-332">
         <name>.text:HOSTrename</name>
         <load_address>0x10e0</load_address>
         <run_address>0x10e0</run_address>
         <size>0x6c</size>
         <input_file_ref idref="fl-f5"/>
      </object_component>
      <object_component id="oc-10c">
         <name>.text:LEDWrite</name>
         <load_address>0x114c</load_address>
         <run_address>0x114c</run_address>
         <size>0x6c</size>
         <input_file_ref idref="fl-7"/>
      </object_component>
      <object_component id="oc-326">
         <name>.text:HOSTlseek</name>
         <load_address>0x11b8</load_address>
         <run_address>0x11b8</run_address>
         <size>0x68</size>
         <input_file_ref idref="fl-f2"/>
      </object_component>
      <object_component id="oc-12">
         <name>.text:decompress:lzss:__TI_decompress_lzss</name>
         <load_address>0x1220</load_address>
         <run_address>0x1220</run_address>
         <size>0x68</size>
         <input_file_ref idref="fl-d6"/>
      </object_component>
      <object_component id="oc-291">
         <name>.text:fseek</name>
         <load_address>0x1288</load_address>
         <run_address>0x1288</run_address>
         <size>0x64</size>
         <input_file_ref idref="fl-eb"/>
      </object_component>
      <object_component id="oc-251">
         <name>.text:__TI_wrt_ok</name>
         <load_address>0x12ec</load_address>
         <run_address>0x12ec</run_address>
         <size>0x62</size>
         <input_file_ref idref="fl-c7"/>
      </object_component>
      <object_component id="oc-39">
         <name>.text:IntDefaultHandler</name>
         <load_address>0x134e</load_address>
         <run_address>0x134e</run_address>
         <size>0x2</size>
         <input_file_ref idref="fl-3"/>
      </object_component>
      <object_component id="oc-30e">
         <name>.text:HOSTopen</name>
         <load_address>0x1350</load_address>
         <run_address>0x1350</run_address>
         <size>0x60</size>
         <input_file_ref idref="fl-f3"/>
      </object_component>
      <object_component id="oc-17f">
         <name>.text:UARTStdioConfig</name>
         <load_address>0x13b0</load_address>
         <run_address>0x13b0</run_address>
         <size>0x60</size>
         <input_file_ref idref="fl-8"/>
      </object_component>
      <object_component id="oc-fa">
         <name>.text:ConfigureUART</name>
         <load_address>0x1410</load_address>
         <run_address>0x1410</run_address>
         <size>0x5c</size>
         <input_file_ref idref="fl-2"/>
      </object_component>
      <object_component id="oc-34a">
         <name>.text:close</name>
         <load_address>0x146c</load_address>
         <run_address>0x146c</run_address>
         <size>0x5c</size>
         <input_file_ref idref="fl-102"/>
      </object_component>
      <object_component id="oc-31a">
         <name>.text:HOSTread</name>
         <load_address>0x14c8</load_address>
         <run_address>0x14c8</run_address>
         <size>0x58</size>
         <input_file_ref idref="fl-f4"/>
      </object_component>
      <object_component id="oc-320">
         <name>.text:HOSTwrite</name>
         <load_address>0x1520</load_address>
         <run_address>0x1520</run_address>
         <size>0x58</size>
         <input_file_ref idref="fl-f7"/>
      </object_component>
      <object_component id="oc-263">
         <name>.text:__TI_doflush</name>
         <load_address>0x1578</load_address>
         <run_address>0x1578</run_address>
         <size>0x4c</size>
         <input_file_ref idref="fl-e9"/>
      </object_component>
      <object_component id="oc-1f0">
         <name>.text:UARTwrite</name>
         <load_address>0x15c4</load_address>
         <run_address>0x15c4</run_address>
         <size>0x48</size>
         <input_file_ref idref="fl-8"/>
      </object_component>
      <object_component id="oc-15b">
         <name>.text:_SysCtlFrequencyGet</name>
         <load_address>0x160c</load_address>
         <run_address>0x160c</run_address>
         <size>0x48</size>
         <input_file_ref idref="fl-106"/>
      </object_component>
      <object_component id="oc-11b">
         <name>.text:exit</name>
         <load_address>0x1654</load_address>
         <run_address>0x1654</run_address>
         <size>0x48</size>
         <input_file_ref idref="fl-d7"/>
      </object_component>
      <object_component id="oc-314">
         <name>.text:HOSTclose</name>
         <load_address>0x169c</load_address>
         <run_address>0x169c</run_address>
         <size>0x44</size>
         <input_file_ref idref="fl-f1"/>
      </object_component>
      <object_component id="oc-32c">
         <name>.text:HOSTunlink</name>
         <load_address>0x16e0</load_address>
         <run_address>0x16e0</run_address>
         <size>0x44</size>
         <input_file_ref idref="fl-f6"/>
      </object_component>
      <object_component id="oc-121">
         <name>.text:__TI_auto_init_nobinit_nopinit:__TI_auto_init_nobinit_nopinit</name>
         <load_address>0x1724</load_address>
         <run_address>0x1724</run_address>
         <size>0x44</size>
         <input_file_ref idref="fl-ed"/>
      </object_component>
      <object_component id="oc-380">
         <name>.text:getdevice</name>
         <load_address>0x1768</load_address>
         <run_address>0x1768</run_address>
         <size>0x44</size>
         <input_file_ref idref="fl-fd"/>
      </object_component>
      <object_component id="oc-1f6">
         <name>.text</name>
         <load_address>0x17ac</load_address>
         <run_address>0x17ac</run_address>
         <size>0x40</size>
         <input_file_ref idref="fl-d3"/>
      </object_component>
      <object_component id="oc-359">
         <name>.text:__TI_writemsg</name>
         <load_address>0x17ec</load_address>
         <run_address>0x17ec</run_address>
         <size>0x38</size>
         <input_file_ref idref="fl-f8"/>
      </object_component>
      <object_component id="oc-3a8">
         <name>.text:strncpy</name>
         <load_address>0x1824</load_address>
         <run_address>0x1824</run_address>
         <size>0x36</size>
         <input_file_ref idref="fl-100"/>
      </object_component>
      <object_component id="oc-2d">
         <name>.text:NmiSR</name>
         <load_address>0x185a</load_address>
         <run_address>0x185a</run_address>
         <size>0x2</size>
         <input_file_ref idref="fl-3"/>
      </object_component>
      <object_component id="oc-2c6">
         <name>.text:__TI_cleanup</name>
         <load_address>0x185c</load_address>
         <run_address>0x185c</run_address>
         <size>0x34</size>
         <input_file_ref idref="fl-ea"/>
      </object_component>
      <object_component id="oc-35f">
         <name>.text:__TI_readmsg</name>
         <load_address>0x1890</load_address>
         <run_address>0x1890</run_address>
         <size>0x34</size>
         <input_file_ref idref="fl-f8"/>
      </object_component>
      <object_component id="oc-6b">
         <name>.text:_c_int00_noargs:_c_int00_noargs</name>
         <load_address>0x18c4</load_address>
         <run_address>0x18c4</run_address>
         <size>0x34</size>
         <input_file_ref idref="fl-e6"/>
      </object_component>
      <object_component id="oc-3ae">
         <name>.text:finddevice</name>
         <load_address>0x18f8</load_address>
         <run_address>0x18f8</run_address>
         <size>0x30</size>
         <input_file_ref idref="fl-fd"/>
      </object_component>
      <object_component id="oc-350">
         <name>.text:unlink</name>
         <load_address>0x1928</load_address>
         <run_address>0x1928</run_address>
         <size>0x2c</size>
         <input_file_ref idref="fl-103"/>
      </object_component>
      <object_component id="oc-1da">
         <name>.text:GPIODirModeSet</name>
         <load_address>0x1954</load_address>
         <run_address>0x1954</run_address>
         <size>0x2a</size>
         <input_file_ref idref="fl-104"/>
      </object_component>
      <object_component id="oc-21e">
         <name>.text:_nop</name>
         <load_address>0x197e</load_address>
         <run_address>0x197e</run_address>
         <size>0x2</size>
         <input_file_ref idref="fl-d8"/>
      </object_component>
      <object_component id="oc-2f7">
         <name>.text:free_list_insert</name>
         <load_address>0x1980</load_address>
         <run_address>0x1980</run_address>
         <size>0x28</size>
         <input_file_ref idref="fl-e0"/>
      </object_component>
      <object_component id="oc-2b2">
         <name>.text:lseek</name>
         <load_address>0x19a8</load_address>
         <run_address>0x19a8</run_address>
         <size>0x28</size>
         <input_file_ref idref="fl-fa"/>
      </object_component>
      <object_component id="oc-269">
         <name>.text:write</name>
         <load_address>0x19d0</load_address>
         <run_address>0x19d0</run_address>
         <size>0x28</size>
         <input_file_ref idref="fl-e4"/>
      </object_component>
      <object_component id="oc-155">
         <name>.text:_SysCtlMemTimingGet</name>
         <load_address>0x19f8</load_address>
         <run_address>0x19f8</run_address>
         <size>0x20</size>
         <input_file_ref idref="fl-106"/>
      </object_component>
      <object_component id="oc-25d">
         <name>.text:memchr</name>
         <load_address>0x1a18</load_address>
         <run_address>0x1a18</run_address>
         <size>0x20</size>
         <input_file_ref idref="fl-df"/>
      </object_component>
      <object_component id="oc-193">
         <name>.text:_abort_msg</name>
         <load_address>0x1a38</load_address>
         <run_address>0x1a38</run_address>
         <size>0x1c</size>
         <input_file_ref idref="fl-d9"/>
      </object_component>
      <object_component id="oc-2f1">
         <name>.text:free_list_remove</name>
         <load_address>0x1a54</load_address>
         <run_address>0x1a54</run_address>
         <size>0x1c</size>
         <input_file_ref idref="fl-e0"/>
      </object_component>
      <object_component id="oc-100">
         <name>.text:UARTprintf</name>
         <load_address>0x1a70</load_address>
         <run_address>0x1a70</run_address>
         <size>0x1a</size>
         <input_file_ref idref="fl-8"/>
      </object_component>
      <object_component id="oc-3c7">
         <name>.text:strcmp</name>
         <load_address>0x1a8a</load_address>
         <run_address>0x1a8a</run_address>
         <size>0x18</size>
         <input_file_ref idref="fl-fe"/>
      </object_component>
      <object_component id="oc-3a2">
         <name>.text:strchr</name>
         <load_address>0x1aa2</load_address>
         <run_address>0x1aa2</run_address>
         <size>0x16</size>
         <input_file_ref idref="fl-e1"/>
      </object_component>
      <object_component id="oc-373">
         <name>.text:strcpy</name>
         <load_address>0x1ab8</load_address>
         <run_address>0x1ab8</run_address>
         <size>0x14</size>
         <input_file_ref idref="fl-ff"/>
      </object_component>
      <object_component id="oc-257">
         <name>.text:strlen</name>
         <load_address>0x1acc</load_address>
         <run_address>0x1acc</run_address>
         <size>0x14</size>
         <input_file_ref idref="fl-e2"/>
      </object_component>
      <object_component id="oc-177">
         <name>.text:GPIOPinTypeEthernetLED</name>
         <load_address>0x1ae0</load_address>
         <run_address>0x1ae0</run_address>
         <size>0x12</size>
         <input_file_ref idref="fl-104"/>
      </object_component>
      <object_component id="oc-18">
         <name>.text:decompress:none:__TI_decompress_none</name>
         <load_address>0x1af2</load_address>
         <run_address>0x1af2</run_address>
         <size>0xe</size>
         <input_file_ref idref="fl-d5"/>
      </object_component>
      <object_component id="oc-5f">
         <name>.text:decompress:ZI:__TI_zero_init</name>
         <load_address>0x1b00</load_address>
         <run_address>0x1b00</run_address>
         <size>0xc</size>
         <input_file_ref idref="fl-d4"/>
      </object_component>
      <object_component id="oc-2c0">
         <name>.text:malloc</name>
         <load_address>0x1b0c</load_address>
         <run_address>0x1b0c</run_address>
         <size>0x8</size>
         <input_file_ref idref="fl-e0"/>
      </object_component>
      <object_component id="oc-19f">
         <name>.text:GPIOPinWrite</name>
         <load_address>0x1b14</load_address>
         <run_address>0x1b14</run_address>
         <size>0x6</size>
         <input_file_ref idref="fl-104"/>
      </object_component>
      <object_component id="oc-27">
         <name>.text:ResetISR</name>
         <load_address>0x1b1a</load_address>
         <run_address>0x1b1a</run_address>
         <size>0x6</size>
         <input_file_ref idref="fl-3"/>
      </object_component>
      <object_component id="oc-112">
         <name>.text:SysCtlDelay</name>
         <load_address>0x1b20</load_address>
         <run_address>0x1b20</run_address>
         <size>0x6</size>
         <input_file_ref idref="fl-106"/>
      </object_component>
      <object_component id="oc-ae">
         <name>.text:_system_pre_init</name>
         <load_address>0x1b26</load_address>
         <run_address>0x1b26</run_address>
         <size>0x4</size>
         <input_file_ref idref="fl-ee"/>
      </object_component>
      <object_component id="oc-115">
         <name>.text:abort:abort</name>
         <load_address>0x1b2a</load_address>
         <run_address>0x1b2a</run_address>
         <size>0x4</size>
         <input_file_ref idref="fl-d7"/>
      </object_component>
      <object_component id="oc-24b">
         <name>.text</name>
         <load_address>0x1b2e</load_address>
         <run_address>0x1b2e</run_address>
         <size>0x2</size>
         <input_file_ref idref="fl-ec"/>
      </object_component>
      <object_component id="oc-164">
         <name>.const:g_pppui32XTALtoVCO</name>
         <load_address>0x1b30</load_address>
         <run_address>0x1b30</run_address>
         <size>0x1b0</size>
         <input_file_ref idref="fl-106"/>
      </object_component>
      <object_component id="oc-161">
         <name>.const:g_pui32Xtals</name>
         <load_address>0x1ce0</load_address>
         <run_address>0x1ce0</run_address>
         <size>0x6c</size>
         <input_file_ref idref="fl-106"/>
      </object_component>
      <object_component id="oc-1c6">
         <name>.const:g_sXTALtoMEMTIM</name>
         <load_address>0x1d4c</load_address>
         <run_address>0x1d4c</run_address>
         <size>0x30</size>
         <input_file_ref idref="fl-106"/>
      </object_component>
      <object_component id="oc-1e6">
         <name>.const:g_ui32UARTBase</name>
         <load_address>0x1d7c</load_address>
         <run_address>0x1d7c</run_address>
         <size>0xc</size>
         <input_file_ref idref="fl-8"/>
      </object_component>
      <object_component id="oc-1e3">
         <name>.const:g_ui32UARTPeriph</name>
         <load_address>0x1d88</load_address>
         <run_address>0x1d88</run_address>
         <size>0xc</size>
         <input_file_ref idref="fl-8"/>
      </object_component>
      <object_component id="oc-167">
         <name>.const</name>
         <load_address>0x1d94</load_address>
         <run_address>0x1d94</run_address>
         <size>0x8</size>
         <input_file_ref idref="fl-106"/>
      </object_component>
      <object_component id="oc-406">
         <name>.cinit..data.load</name>
         <load_address>0x1da0</load_address>
         <run_address>0x1da0</run_address>
         <size>0x38</size>
      </object_component>
      <object_component id="oc-404">
         <name>__TI_handler_table</name>
         <load_address>0x1dd8</load_address>
         <run_address>0x1dd8</run_address>
         <size>0xc</size>
      </object_component>
      <object_component id="oc-407">
         <name>.cinit..bss.load</name>
         <load_address>0x1de8</load_address>
         <run_address>0x1de8</run_address>
         <size>0x8</size>
      </object_component>
      <object_component id="oc-405">
         <name>__TI_cinit_table</name>
         <load_address>0x1df0</load_address>
         <run_address>0x1df0</run_address>
         <size>0x10</size>
      </object_component>
      <object_component id="oc-1e9">
         <name>.data</name>
         <load_address>0x20000a6c</load_address>
         <run_address>0x20000a6c</run_address>
         <size>0x5</size>
         <input_file_ref idref="fl-8"/>
      </object_component>
      <object_component id="oc-1a7">
         <name>.data:$O1$$</name>
         <load_address>0x20000a50</load_address>
         <run_address>0x20000a50</run_address>
         <size>0xc</size>
         <input_file_ref idref="fl-d7"/>
      </object_component>
      <object_component id="oc-1aa">
         <name>.data:$O1$$</name>
         <load_address>0x20000a5c</load_address>
         <run_address>0x20000a5c</run_address>
         <size>0x8</size>
         <input_file_ref idref="fl-d8"/>
      </object_component>
      <object_component id="oc-20a">
         <name>.data:_ftable</name>
         <load_address>0x20000888</load_address>
         <run_address>0x20000888</run_address>
         <size>0xf0</size>
         <input_file_ref idref="fl-dc"/>
      </object_component>
      <object_component id="oc-271">
         <name>.data</name>
         <load_address>0x20000a40</load_address>
         <run_address>0x20000a40</run_address>
         <size>0x10</size>
         <input_file_ref idref="fl-dc"/>
      </object_component>
      <object_component id="oc-33e">
         <name>.data:$O1$$</name>
         <load_address>0x20000a64</load_address>
         <run_address>0x20000a64</run_address>
         <size>0x8</size>
         <input_file_ref idref="fl-e0"/>
      </object_component>
      <object_component id="oc-2d9">
         <name>.data:_device</name>
         <load_address>0x20000978</load_address>
         <run_address>0x20000978</run_address>
         <size>0x78</size>
         <input_file_ref idref="fl-e5"/>
      </object_component>
      <object_component id="oc-2a4">
         <name>.data:_stream</name>
         <load_address>0x200009f0</load_address>
         <run_address>0x200009f0</run_address>
         <size>0x50</size>
         <input_file_ref idref="fl-e5"/>
      </object_component>
      <object_component id="oc-38a">
         <name>.bss:_CIOBUF_</name>
         <uninitialized>true</uninitialized>
         <run_address>0x200004b0</run_address>
         <size>0x120</size>
         <input_file_ref idref="fl-f8"/>
      </object_component>
      <object_component id="oc-113">
         <name>.common:g_ui32SysClock</name>
         <uninitialized>true</uninitialized>
         <run_address>0x20000680</run_address>
         <size>0x4</size>
      </object_component>
      <object_component id="oc-199">
         <name>.common:item</name>
         <uninitialized>true</uninitialized>
         <run_address>0x20000000</run_address>
         <size>0x4b0</size>
      </object_component>
      <object_component id="oc-19c">
         <name>.common:fila0</name>
         <uninitialized>true</uninitialized>
         <run_address>0x2000067c</run_address>
         <size>0x4</size>
      </object_component>
      <object_component id="oc-19d">
         <name>.common:aux</name>
         <uninitialized>true</uninitialized>
         <run_address>0x20000678</run_address>
         <size>0x4</size>
      </object_component>
      <object_component id="oc-356">
         <name>.common:__TI_tmpnams</name>
         <uninitialized>true</uninitialized>
         <run_address>0x200005d0</run_address>
         <size>0xa0</size>
      </object_component>
      <object_component id="oc-365">
         <name>.common:parmbuf</name>
         <uninitialized>true</uninitialized>
         <run_address>0x20000670</run_address>
         <size>0x8</size>
      </object_component>
      <object_component id="oc-21">
         <name>.sysmem</name>
         <uninitialized>true</uninitialized>
         <run_address>0x20000a78</run_address>
         <size>0x10</size>
         <input_file_ref idref="fl-e0"/>
      </object_component>
      <object_component id="oc-409">
         <name>.sysmem</name>
         <uninitialized>true</uninitialized>
         <run_address>0x20000a78</run_address>
         <size>0x0</size>
      </object_component>
      <object_component id="oc-24">
         <name>.stack</name>
         <uninitialized>true</uninitialized>
         <run_address>0x20000688</run_address>
         <size>0x4</size>
         <input_file_ref idref="fl-e6"/>
      </object_component>
      <object_component id="oc-408">
         <name>.stack</name>
         <uninitialized>true</uninitialized>
         <run_address>0x20000688</run_address>
         <size>0x0</size>
      </object_component>
      <object_component id="oc-dc">
         <name>.debug_info</name>
         <load_address>0x0</load_address>
         <run_address>0x0</run_address>
         <size>0x3d1</size>
         <input_file_ref idref="fl-2"/>
      </object_component>
      <object_component id="oc-fb">
         <name>.debug_info</name>
         <load_address>0x3d1</load_address>
         <run_address>0x3d1</run_address>
         <size>0x145</size>
         <input_file_ref idref="fl-2"/>
      </object_component>
      <object_component id="oc-b5">
         <name>.debug_info</name>
         <load_address>0x516</load_address>
         <run_address>0x516</run_address>
         <size>0x1c1</size>
         <input_file_ref idref="fl-2"/>
      </object_component>
      <object_component id="oc-89">
         <name>.debug_info</name>
         <load_address>0x6d7</load_address>
         <run_address>0x6d7</run_address>
         <size>0x26b</size>
         <input_file_ref idref="fl-2"/>
      </object_component>
      <object_component id="oc-d7">
         <name>.debug_info</name>
         <load_address>0x942</load_address>
         <run_address>0x942</run_address>
         <size>0x8b</size>
         <input_file_ref idref="fl-2"/>
      </object_component>
      <object_component id="oc-d2">
         <name>.debug_info</name>
         <load_address>0x9cd</load_address>
         <run_address>0x9cd</run_address>
         <size>0x297</size>
         <input_file_ref idref="fl-2"/>
      </object_component>
      <object_component id="oc-8e">
         <name>.debug_info</name>
         <load_address>0xc64</load_address>
         <run_address>0xc64</run_address>
         <size>0xbb</size>
         <input_file_ref idref="fl-2"/>
      </object_component>
      <object_component id="oc-18e">
         <name>.debug_info</name>
         <load_address>0xd1f</load_address>
         <run_address>0xd1f</run_address>
         <size>0x2c</size>
         <input_file_ref idref="fl-2"/>
      </object_component>
      <object_component id="oc-41">
         <name>.debug_info</name>
         <load_address>0xd4b</load_address>
         <run_address>0xd4b</run_address>
         <size>0x2a5</size>
         <input_file_ref idref="fl-3"/>
      </object_component>
      <object_component id="oc-10">
         <name>.debug_info</name>
         <load_address>0xff0</load_address>
         <run_address>0xff0</run_address>
         <size>0xe4</size>
         <input_file_ref idref="fl-3"/>
      </object_component>
      <object_component id="oc-28">
         <name>.debug_info</name>
         <load_address>0x10d4</load_address>
         <run_address>0x10d4</run_address>
         <size>0x114</size>
         <input_file_ref idref="fl-3"/>
      </object_component>
      <object_component id="oc-2e">
         <name>.debug_info</name>
         <load_address>0x11e8</load_address>
         <run_address>0x11e8</run_address>
         <size>0x102</size>
         <input_file_ref idref="fl-3"/>
      </object_component>
      <object_component id="oc-3a">
         <name>.debug_info</name>
         <load_address>0x12ea</load_address>
         <run_address>0x12ea</run_address>
         <size>0x11d</size>
         <input_file_ref idref="fl-3"/>
      </object_component>
      <object_component id="oc-34">
         <name>.debug_info</name>
         <load_address>0x1407</load_address>
         <run_address>0x1407</run_address>
         <size>0x108</size>
         <input_file_ref idref="fl-3"/>
      </object_component>
      <object_component id="oc-48">
         <name>.debug_info</name>
         <load_address>0x150f</load_address>
         <run_address>0x150f</run_address>
         <size>0x84</size>
         <input_file_ref idref="fl-3"/>
      </object_component>
      <object_component id="oc-19a">
         <name>.debug_info</name>
         <load_address>0x1593</load_address>
         <run_address>0x1593</run_address>
         <size>0x378</size>
         <input_file_ref idref="fl-4"/>
      </object_component>
      <object_component id="oc-108">
         <name>.debug_info</name>
         <load_address>0x190b</load_address>
         <run_address>0x190b</run_address>
         <size>0x148</size>
         <input_file_ref idref="fl-4"/>
      </object_component>
      <object_component id="oc-211">
         <name>.debug_info</name>
         <load_address>0x1a53</load_address>
         <run_address>0x1a53</run_address>
         <size>0x76</size>
         <input_file_ref idref="fl-4"/>
      </object_component>
      <object_component id="oc-216">
         <name>.debug_info</name>
         <load_address>0x1ac9</load_address>
         <run_address>0x1ac9</run_address>
         <size>0x62</size>
         <input_file_ref idref="fl-4"/>
      </object_component>
      <object_component id="oc-17e">
         <name>.debug_info</name>
         <load_address>0x1b2b</load_address>
         <run_address>0x1b2b</run_address>
         <size>0x3a5</size>
         <input_file_ref idref="fl-7"/>
      </object_component>
      <object_component id="oc-f5">
         <name>.debug_info</name>
         <load_address>0x1ed0</load_address>
         <run_address>0x1ed0</run_address>
         <size>0x370</size>
         <input_file_ref idref="fl-7"/>
      </object_component>
      <object_component id="oc-10d">
         <name>.debug_info</name>
         <load_address>0x2240</load_address>
         <run_address>0x2240</run_address>
         <size>0x2a0</size>
         <input_file_ref idref="fl-7"/>
      </object_component>
      <object_component id="oc-18d">
         <name>.debug_info</name>
         <load_address>0x24e0</load_address>
         <run_address>0x24e0</run_address>
         <size>0x2c1</size>
         <input_file_ref idref="fl-8"/>
      </object_component>
      <object_component id="oc-1ea">
         <name>.debug_info</name>
         <load_address>0x27a1</load_address>
         <run_address>0x27a1</run_address>
         <size>0x102</size>
         <input_file_ref idref="fl-8"/>
      </object_component>
      <object_component id="oc-1e7">
         <name>.debug_info</name>
         <load_address>0x28a3</load_address>
         <run_address>0x28a3</run_address>
         <size>0x10a</size>
         <input_file_ref idref="fl-8"/>
      </object_component>
      <object_component id="oc-1e4">
         <name>.debug_info</name>
         <load_address>0x29ad</load_address>
         <run_address>0x29ad</run_address>
         <size>0x10e</size>
         <input_file_ref idref="fl-8"/>
      </object_component>
      <object_component id="oc-1f1">
         <name>.debug_info</name>
         <load_address>0x2abb</load_address>
         <run_address>0x2abb</run_address>
         <size>0x1f9</size>
         <input_file_ref idref="fl-8"/>
      </object_component>
      <object_component id="oc-188">
         <name>.debug_info</name>
         <load_address>0x2cb4</load_address>
         <run_address>0x2cb4</run_address>
         <size>0x32b</size>
         <input_file_ref idref="fl-8"/>
      </object_component>
      <object_component id="oc-103">
         <name>.debug_info</name>
         <load_address>0x2fdf</load_address>
         <run_address>0x2fdf</run_address>
         <size>0x1c6</size>
         <input_file_ref idref="fl-8"/>
      </object_component>
      <object_component id="oc-1ec">
         <name>.debug_info</name>
         <load_address>0x31a5</load_address>
         <run_address>0x31a5</run_address>
         <size>0x244</size>
         <input_file_ref idref="fl-8"/>
      </object_component>
      <object_component id="oc-182">
         <name>.debug_info</name>
         <load_address>0x33e9</load_address>
         <run_address>0x33e9</run_address>
         <size>0x25c</size>
         <input_file_ref idref="fl-8"/>
      </object_component>
      <object_component id="oc-2b1">
         <name>.debug_info</name>
         <load_address>0x3645</load_address>
         <run_address>0x3645</run_address>
         <size>0x3e6</size>
         <input_file_ref idref="fl-c3"/>
      </object_component>
      <object_component id="oc-27c">
         <name>.debug_info</name>
         <load_address>0x3a2b</load_address>
         <run_address>0x3a2b</run_address>
         <size>0xb2</size>
         <input_file_ref idref="fl-c3"/>
      </object_component>
      <object_component id="oc-3d0">
         <name>.debug_info</name>
         <load_address>0x3add</load_address>
         <run_address>0x3add</run_address>
         <size>0x2c</size>
         <input_file_ref idref="fl-c4"/>
      </object_component>
      <object_component id="oc-270">
         <name>.debug_info</name>
         <load_address>0x3b09</load_address>
         <run_address>0x3b09</run_address>
         <size>0x3fd</size>
         <input_file_ref idref="fl-c6"/>
      </object_component>
      <object_component id="oc-200">
         <name>.debug_info</name>
         <load_address>0x3f06</load_address>
         <run_address>0x3f06</run_address>
         <size>0x2e3</size>
         <input_file_ref idref="fl-c6"/>
      </object_component>
      <object_component id="oc-e5">
         <name>.debug_info</name>
         <load_address>0x41e9</load_address>
         <run_address>0x41e9</run_address>
         <size>0x2c</size>
         <input_file_ref idref="fl-c6"/>
      </object_component>
      <object_component id="oc-29e">
         <name>.debug_info</name>
         <load_address>0x4215</load_address>
         <run_address>0x4215</run_address>
         <size>0x301</size>
         <input_file_ref idref="fl-c7"/>
      </object_component>
      <object_component id="oc-254">
         <name>.debug_info</name>
         <load_address>0x4516</load_address>
         <run_address>0x4516</run_address>
         <size>0x19d</size>
         <input_file_ref idref="fl-c7"/>
      </object_component>
      <object_component id="oc-2ce">
         <name>.debug_info</name>
         <load_address>0x46b3</load_address>
         <run_address>0x46b3</run_address>
         <size>0xbf</size>
         <input_file_ref idref="fl-c7"/>
      </object_component>
      <object_component id="oc-2cd">
         <name>.debug_info</name>
         <load_address>0x4772</load_address>
         <run_address>0x4772</run_address>
         <size>0x375</size>
         <input_file_ref idref="fl-c8"/>
      </object_component>
      <object_component id="oc-299">
         <name>.debug_info</name>
         <load_address>0x4ae7</load_address>
         <run_address>0x4ae7</run_address>
         <size>0x20c</size>
         <input_file_ref idref="fl-c8"/>
      </object_component>
      <object_component id="oc-a9">
         <name>.debug_info</name>
         <load_address>0x4cf3</load_address>
         <run_address>0x4cf3</run_address>
         <size>0x148</size>
         <input_file_ref idref="fl-cb"/>
      </object_component>
      <object_component id="oc-4e">
         <name>.debug_info</name>
         <load_address>0x4e3b</load_address>
         <run_address>0x4e3b</run_address>
         <size>0x11a</size>
         <input_file_ref idref="fl-d2"/>
      </object_component>
      <object_component id="oc-1f8">
         <name>.debug_info</name>
         <load_address>0x4f55</load_address>
         <run_address>0x4f55</run_address>
         <size>0x143</size>
         <input_file_ref idref="fl-d3"/>
      </object_component>
      <object_component id="oc-a7">
         <name>.debug_info</name>
         <load_address>0x5098</load_address>
         <run_address>0x5098</run_address>
         <size>0x2d5</size>
         <input_file_ref idref="fl-d4"/>
      </object_component>
      <object_component id="oc-60">
         <name>.debug_info</name>
         <load_address>0x536d</load_address>
         <run_address>0x536d</run_address>
         <size>0x1b6</size>
         <input_file_ref idref="fl-d4"/>
      </object_component>
      <object_component id="oc-a2">
         <name>.debug_info</name>
         <load_address>0x5523</load_address>
         <run_address>0x5523</run_address>
         <size>0x46</size>
         <input_file_ref idref="fl-d4"/>
      </object_component>
      <object_component id="oc-58">
         <name>.debug_info</name>
         <load_address>0x5569</load_address>
         <run_address>0x5569</run_address>
         <size>0x2a9</size>
         <input_file_ref idref="fl-d5"/>
      </object_component>
      <object_component id="oc-1a">
         <name>.debug_info</name>
         <load_address>0x5812</load_address>
         <run_address>0x5812</run_address>
         <size>0x1eb</size>
         <input_file_ref idref="fl-d5"/>
      </object_component>
      <object_component id="oc-53">
         <name>.debug_info</name>
         <load_address>0x59fd</load_address>
         <run_address>0x59fd</run_address>
         <size>0x46</size>
         <input_file_ref idref="fl-d5"/>
      </object_component>
      <object_component id="oc-9a">
         <name>.debug_info</name>
         <load_address>0x5a43</load_address>
         <run_address>0x5a43</run_address>
         <size>0x2c</size>
         <input_file_ref idref="fl-d5"/>
      </object_component>
      <object_component id="oc-98">
         <name>.debug_info</name>
         <load_address>0x5a6f</load_address>
         <run_address>0x5a6f</run_address>
         <size>0x29f</size>
         <input_file_ref idref="fl-d6"/>
      </object_component>
      <object_component id="oc-14">
         <name>.debug_info</name>
         <load_address>0x5d0e</load_address>
         <run_address>0x5d0e</run_address>
         <size>0x251</size>
         <input_file_ref idref="fl-d6"/>
      </object_component>
      <object_component id="oc-43">
         <name>.debug_info</name>
         <load_address>0x5f5f</load_address>
         <run_address>0x5f5f</run_address>
         <size>0x60</size>
         <input_file_ref idref="fl-d6"/>
      </object_component>
      <object_component id="oc-de">
         <name>.debug_info</name>
         <load_address>0x5fbf</load_address>
         <run_address>0x5fbf</run_address>
         <size>0x46</size>
         <input_file_ref idref="fl-d6"/>
      </object_component>
      <object_component id="oc-93">
         <name>.debug_info</name>
         <load_address>0x6005</load_address>
         <run_address>0x6005</run_address>
         <size>0x39</size>
         <input_file_ref idref="fl-d6"/>
      </object_component>
      <object_component id="oc-1ae">
         <name>.debug_info</name>
         <load_address>0x603e</load_address>
         <run_address>0x603e</run_address>
         <size>0x3ae</size>
         <input_file_ref idref="fl-d7"/>
      </object_component>
      <object_component id="oc-1a8">
         <name>.debug_info</name>
         <load_address>0x63ec</load_address>
         <run_address>0x63ec</run_address>
         <size>0x191</size>
         <input_file_ref idref="fl-d7"/>
      </object_component>
      <object_component id="oc-116">
         <name>.debug_info</name>
         <load_address>0x657d</load_address>
         <run_address>0x657d</run_address>
         <size>0x123</size>
         <input_file_ref idref="fl-d7"/>
      </object_component>
      <object_component id="oc-11c">
         <name>.debug_info</name>
         <load_address>0x66a0</load_address>
         <run_address>0x66a0</run_address>
         <size>0x185</size>
         <input_file_ref idref="fl-d7"/>
      </object_component>
      <object_component id="oc-226">
         <name>.debug_info</name>
         <load_address>0x6825</load_address>
         <run_address>0x6825</run_address>
         <size>0x2ca</size>
         <input_file_ref idref="fl-d8"/>
      </object_component>
      <object_component id="oc-1ab">
         <name>.debug_info</name>
         <load_address>0x6aef</load_address>
         <run_address>0x6aef</run_address>
         <size>0x11f</size>
         <input_file_ref idref="fl-d8"/>
      </object_component>
      <object_component id="oc-222">
         <name>.debug_info</name>
         <load_address>0x6c0e</load_address>
         <run_address>0x6c0e</run_address>
         <size>0x12f</size>
         <input_file_ref idref="fl-d8"/>
      </object_component>
      <object_component id="oc-20e">
         <name>.debug_info</name>
         <load_address>0x6d3d</load_address>
         <run_address>0x6d3d</run_address>
         <size>0x323</size>
         <input_file_ref idref="fl-d9"/>
      </object_component>
      <object_component id="oc-194">
         <name>.debug_info</name>
         <load_address>0x7060</load_address>
         <run_address>0x7060</run_address>
         <size>0x178</size>
         <input_file_ref idref="fl-d9"/>
      </object_component>
      <object_component id="oc-278">
         <name>.debug_info</name>
         <load_address>0x71d8</load_address>
         <run_address>0x71d8</run_address>
         <size>0x145</size>
         <input_file_ref idref="fl-dc"/>
      </object_component>
      <object_component id="oc-20b">
         <name>.debug_info</name>
         <load_address>0x731d</load_address>
         <run_address>0x731d</run_address>
         <size>0x103</size>
         <input_file_ref idref="fl-dc"/>
      </object_component>
      <object_component id="oc-272">
         <name>.debug_info</name>
         <load_address>0x7420</load_address>
         <run_address>0x7420</run_address>
         <size>0x190</size>
         <input_file_ref idref="fl-dc"/>
      </object_component>
      <object_component id="oc-2a2">
         <name>.debug_info</name>
         <load_address>0x75b0</load_address>
         <run_address>0x75b0</run_address>
         <size>0x2a6</size>
         <input_file_ref idref="fl-df"/>
      </object_component>
      <object_component id="oc-260">
         <name>.debug_info</name>
         <load_address>0x7856</load_address>
         <run_address>0x7856</run_address>
         <size>0x25e</size>
         <input_file_ref idref="fl-df"/>
      </object_component>
      <object_component id="oc-7f">
         <name>.debug_info</name>
         <load_address>0x7ab4</load_address>
         <run_address>0x7ab4</run_address>
         <size>0x3b3</size>
         <input_file_ref idref="fl-e0"/>
      </object_component>
      <object_component id="oc-22">
         <name>.debug_info</name>
         <load_address>0x7e67</load_address>
         <run_address>0x7e67</run_address>
         <size>0x10d</size>
         <input_file_ref idref="fl-e0"/>
      </object_component>
      <object_component id="oc-33f">
         <name>.debug_info</name>
         <load_address>0x7f74</load_address>
         <run_address>0x7f74</run_address>
         <size>0x140</size>
         <input_file_ref idref="fl-e0"/>
      </object_component>
      <object_component id="oc-2c1">
         <name>.debug_info</name>
         <load_address>0x80b4</load_address>
         <run_address>0x80b4</run_address>
         <size>0x169</size>
         <input_file_ref idref="fl-e0"/>
      </object_component>
      <object_component id="oc-2f4">
         <name>.debug_info</name>
         <load_address>0x821d</load_address>
         <run_address>0x821d</run_address>
         <size>0x18f</size>
         <input_file_ref idref="fl-e0"/>
      </object_component>
      <object_component id="oc-2f9">
         <name>.debug_info</name>
         <load_address>0x83ac</load_address>
         <run_address>0x83ac</run_address>
         <size>0x1a0</size>
         <input_file_ref idref="fl-e0"/>
      </object_component>
      <object_component id="oc-2bd">
         <name>.debug_info</name>
         <load_address>0x854c</load_address>
         <run_address>0x854c</run_address>
         <size>0x204</size>
         <input_file_ref idref="fl-e0"/>
      </object_component>
      <object_component id="oc-345">
         <name>.debug_info</name>
         <load_address>0x8750</load_address>
         <run_address>0x8750</run_address>
         <size>0x1dc</size>
         <input_file_ref idref="fl-e0"/>
      </object_component>
      <object_component id="oc-2ff">
         <name>.debug_info</name>
         <load_address>0x892c</load_address>
         <run_address>0x892c</run_address>
         <size>0x29a</size>
         <input_file_ref idref="fl-e0"/>
      </object_component>
      <object_component id="oc-cd">
         <name>.debug_info</name>
         <load_address>0x8bc6</load_address>
         <run_address>0x8bc6</run_address>
         <size>0xb2</size>
         <input_file_ref idref="fl-e0"/>
      </object_component>
      <object_component id="oc-c8">
         <name>.debug_info</name>
         <load_address>0x8c78</load_address>
         <run_address>0x8c78</run_address>
         <size>0x2c</size>
         <input_file_ref idref="fl-e0"/>
      </object_component>
      <object_component id="oc-3c4">
         <name>.debug_info</name>
         <load_address>0x8ca4</load_address>
         <run_address>0x8ca4</run_address>
         <size>0x29b</size>
         <input_file_ref idref="fl-e1"/>
      </object_component>
      <object_component id="oc-3a4">
         <name>.debug_info</name>
         <load_address>0x8f3f</load_address>
         <run_address>0x8f3f</run_address>
         <size>0x263</size>
         <input_file_ref idref="fl-e1"/>
      </object_component>
      <object_component id="oc-2a0">
         <name>.debug_info</name>
         <load_address>0x91a2</load_address>
         <run_address>0x91a2</run_address>
         <size>0x290</size>
         <input_file_ref idref="fl-e2"/>
      </object_component>
      <object_component id="oc-258">
         <name>.debug_info</name>
         <load_address>0x9432</load_address>
         <run_address>0x9432</run_address>
         <size>0x246</size>
         <input_file_ref idref="fl-e2"/>
      </object_component>
      <object_component id="oc-2a8">
         <name>.debug_info</name>
         <load_address>0x9678</load_address>
         <run_address>0x9678</run_address>
         <size>0x398</size>
         <input_file_ref idref="fl-e4"/>
      </object_component>
      <object_component id="oc-26a">
         <name>.debug_info</name>
         <load_address>0x9a10</load_address>
         <run_address>0x9a10</run_address>
         <size>0x190</size>
         <input_file_ref idref="fl-e4"/>
      </object_component>
      <object_component id="oc-2e1">
         <name>.debug_info</name>
         <load_address>0x9ba0</load_address>
         <run_address>0x9ba0</run_address>
         <size>0x120</size>
         <input_file_ref idref="fl-e4"/>
      </object_component>
      <object_component id="oc-2e6">
         <name>.debug_info</name>
         <load_address>0x9cc0</load_address>
         <run_address>0x9cc0</run_address>
         <size>0x2c</size>
         <input_file_ref idref="fl-e4"/>
      </object_component>
      <object_component id="oc-2de">
         <name>.debug_info</name>
         <load_address>0x9cec</load_address>
         <run_address>0x9cec</run_address>
         <size>0x338</size>
         <input_file_ref idref="fl-e5"/>
      </object_component>
      <object_component id="oc-2da">
         <name>.debug_info</name>
         <load_address>0xa024</load_address>
         <run_address>0xa024</run_address>
         <size>0x10a</size>
         <input_file_ref idref="fl-e5"/>
      </object_component>
      <object_component id="oc-2a5">
         <name>.debug_info</name>
         <load_address>0xa12e</load_address>
         <run_address>0xa12e</run_address>
         <size>0x10a</size>
         <input_file_ref idref="fl-e5"/>
      </object_component>
      <object_component id="oc-25">
         <name>.debug_info</name>
         <load_address>0xa238</load_address>
         <run_address>0xa238</run_address>
         <size>0x10c</size>
         <input_file_ref idref="fl-e6"/>
      </object_component>
      <object_component id="oc-6c">
         <name>.debug_info</name>
         <load_address>0xa344</load_address>
         <run_address>0xa344</run_address>
         <size>0x1aa</size>
         <input_file_ref idref="fl-e6"/>
      </object_component>
      <object_component id="oc-275">
         <name>.debug_info</name>
         <load_address>0xa4ee</load_address>
         <run_address>0xa4ee</run_address>
         <size>0x348</size>
         <input_file_ref idref="fl-e9"/>
      </object_component>
      <object_component id="oc-266">
         <name>.debug_info</name>
         <load_address>0xa836</load_address>
         <run_address>0xa836</run_address>
         <size>0x18b</size>
         <input_file_ref idref="fl-e9"/>
      </object_component>
      <object_component id="oc-207">
         <name>.debug_info</name>
         <load_address>0xa9c1</load_address>
         <run_address>0xa9c1</run_address>
         <size>0x1c9</size>
         <input_file_ref idref="fl-e9"/>
      </object_component>
      <object_component id="oc-2c7">
         <name>.debug_info</name>
         <load_address>0xab8a</load_address>
         <run_address>0xab8a</run_address>
         <size>0x177</size>
         <input_file_ref idref="fl-ea"/>
      </object_component>
      <object_component id="oc-2b9">
         <name>.debug_info</name>
         <load_address>0xad01</load_address>
         <run_address>0xad01</run_address>
         <size>0x325</size>
         <input_file_ref idref="fl-eb"/>
      </object_component>
      <object_component id="oc-293">
         <name>.debug_info</name>
         <load_address>0xb026</load_address>
         <run_address>0xb026</run_address>
         <size>0x1ed</size>
         <input_file_ref idref="fl-eb"/>
      </object_component>
      <object_component id="oc-24c">
         <name>.debug_info</name>
         <load_address>0xb213</load_address>
         <run_address>0xb213</run_address>
         <size>0x116</size>
         <input_file_ref idref="fl-ec"/>
      </object_component>
      <object_component id="oc-1b1">
         <name>.debug_info</name>
         <load_address>0xb329</load_address>
         <run_address>0xb329</run_address>
         <size>0x4b4</size>
         <input_file_ref idref="fl-ed"/>
      </object_component>
      <object_component id="oc-123">
         <name>.debug_info</name>
         <load_address>0xb7dd</load_address>
         <run_address>0xb7dd</run_address>
         <size>0x1a7</size>
         <input_file_ref idref="fl-ed"/>
      </object_component>
      <object_component id="oc-22c">
         <name>.debug_info</name>
         <load_address>0xb984</load_address>
         <run_address>0xb984</run_address>
         <size>0x39</size>
         <input_file_ref idref="fl-ed"/>
      </object_component>
      <object_component id="oc-284">
         <name>.debug_info</name>
         <load_address>0xb9bd</load_address>
         <run_address>0xb9bd</run_address>
         <size>0x39</size>
         <input_file_ref idref="fl-ed"/>
      </object_component>
      <object_component id="oc-231">
         <name>.debug_info</name>
         <load_address>0xb9f6</load_address>
         <run_address>0xb9f6</run_address>
         <size>0x39</size>
         <input_file_ref idref="fl-ed"/>
      </object_component>
      <object_component id="oc-236">
         <name>.debug_info</name>
         <load_address>0xba2f</load_address>
         <run_address>0xba2f</run_address>
         <size>0xcd</size>
         <input_file_ref idref="fl-ed"/>
      </object_component>
      <object_component id="oc-b1">
         <name>.debug_info</name>
         <load_address>0xbafc</load_address>
         <run_address>0xbafc</run_address>
         <size>0x154</size>
         <input_file_ref idref="fl-ee"/>
      </object_component>
      <object_component id="oc-36a">
         <name>.debug_info</name>
         <load_address>0xbc50</load_address>
         <run_address>0xbc50</run_address>
         <size>0x374</size>
         <input_file_ref idref="fl-f1"/>
      </object_component>
      <object_component id="oc-315">
         <name>.debug_info</name>
         <load_address>0xbfc4</load_address>
         <run_address>0xbfc4</run_address>
         <size>0x1bd</size>
         <input_file_ref idref="fl-f1"/>
      </object_component>
      <object_component id="oc-370">
         <name>.debug_info</name>
         <load_address>0xc181</load_address>
         <run_address>0xc181</run_address>
         <size>0x379</size>
         <input_file_ref idref="fl-f2"/>
      </object_component>
      <object_component id="oc-328">
         <name>.debug_info</name>
         <load_address>0xc4fa</load_address>
         <run_address>0xc4fa</run_address>
         <size>0x211</size>
         <input_file_ref idref="fl-f2"/>
      </object_component>
      <object_component id="oc-366">
         <name>.debug_info</name>
         <load_address>0xc70b</load_address>
         <run_address>0xc70b</run_address>
         <size>0x3a4</size>
         <input_file_ref idref="fl-f3"/>
      </object_component>
      <object_component id="oc-312">
         <name>.debug_info</name>
         <load_address>0xcaaf</load_address>
         <run_address>0xcaaf</run_address>
         <size>0x20d</size>
         <input_file_ref idref="fl-f3"/>
      </object_component>
      <object_component id="oc-36c">
         <name>.debug_info</name>
         <load_address>0xccbc</load_address>
         <run_address>0xccbc</run_address>
         <size>0x378</size>
         <input_file_ref idref="fl-f4"/>
      </object_component>
      <object_component id="oc-31d">
         <name>.debug_info</name>
         <load_address>0xd034</load_address>
         <run_address>0xd034</run_address>
         <size>0x1fc</size>
         <input_file_ref idref="fl-f4"/>
      </object_component>
      <object_component id="oc-37a">
         <name>.debug_info</name>
         <load_address>0xd230</load_address>
         <run_address>0xd230</run_address>
         <size>0x3d6</size>
         <input_file_ref idref="fl-f5"/>
      </object_component>
      <object_component id="oc-333">
         <name>.debug_info</name>
         <load_address>0xd606</load_address>
         <run_address>0xd606</run_address>
         <size>0x237</size>
         <input_file_ref idref="fl-f5"/>
      </object_component>
      <object_component id="oc-372">
         <name>.debug_info</name>
         <load_address>0xd83d</load_address>
         <run_address>0xd83d</run_address>
         <size>0x397</size>
         <input_file_ref idref="fl-f6"/>
      </object_component>
      <object_component id="oc-32e">
         <name>.debug_info</name>
         <load_address>0xdbd4</load_address>
         <run_address>0xdbd4</run_address>
         <size>0x1c7</size>
         <input_file_ref idref="fl-f6"/>
      </object_component>
      <object_component id="oc-36e">
         <name>.debug_info</name>
         <load_address>0xdd9b</load_address>
         <run_address>0xdd9b</run_address>
         <size>0x379</size>
         <input_file_ref idref="fl-f7"/>
      </object_component>
      <object_component id="oc-321">
         <name>.debug_info</name>
         <load_address>0xe114</load_address>
         <run_address>0xe114</run_address>
         <size>0x201</size>
         <input_file_ref idref="fl-f7"/>
      </object_component>
      <object_component id="oc-38e">
         <name>.debug_info</name>
         <load_address>0xe315</load_address>
         <run_address>0xe315</run_address>
         <size>0x2bc</size>
         <input_file_ref idref="fl-f8"/>
      </object_component>
      <object_component id="oc-38b">
         <name>.debug_info</name>
         <load_address>0xe5d1</load_address>
         <run_address>0xe5d1</run_address>
         <size>0x109</size>
         <input_file_ref idref="fl-f8"/>
      </object_component>
      <object_component id="oc-35a">
         <name>.debug_info</name>
         <load_address>0xe6da</load_address>
         <run_address>0xe6da</run_address>
         <size>0x1e0</size>
         <input_file_ref idref="fl-f8"/>
      </object_component>
      <object_component id="oc-362">
         <name>.debug_info</name>
         <load_address>0xe8ba</load_address>
         <run_address>0xe8ba</run_address>
         <size>0x19b</size>
         <input_file_ref idref="fl-f8"/>
      </object_component>
      <object_component id="oc-2ee">
         <name>.debug_info</name>
         <load_address>0xea55</load_address>
         <run_address>0xea55</run_address>
         <size>0x398</size>
         <input_file_ref idref="fl-fa"/>
      </object_component>
      <object_component id="oc-2b6">
         <name>.debug_info</name>
         <load_address>0xeded</load_address>
         <run_address>0xeded</run_address>
         <size>0x196</size>
         <input_file_ref idref="fl-fa"/>
      </object_component>
      <object_component id="oc-358">
         <name>.debug_info</name>
         <load_address>0xef83</load_address>
         <run_address>0xef83</run_address>
         <size>0x3a6</size>
         <input_file_ref idref="fl-fc"/>
      </object_component>
      <object_component id="oc-307">
         <name>.debug_info</name>
         <load_address>0xf329</load_address>
         <run_address>0xf329</run_address>
         <size>0x1f4</size>
         <input_file_ref idref="fl-fc"/>
      </object_component>
      <object_component id="oc-3b5">
         <name>.debug_info</name>
         <load_address>0xf51d</load_address>
         <run_address>0xf51d</run_address>
         <size>0x42d</size>
         <input_file_ref idref="fl-fd"/>
[...]
            </allocated_space>
            <available_space>
               <start_address>0x20000684</start_address>
               <size>0x4</size>
            </available_space>
            <allocated_space>
               <start_address>0x20000688</start_address>
               <size>0x200</size>
               <logical_group_ref idref="lg-d"/>
            </allocated_space>
            <allocated_space>
               <start_address>0x20000888</start_address>
               <size>0x1e9</size>
               <logical_group_ref idref="lg-a"/>
            </allocated_space>
            <available_space>
               <start_address>0x20000a71</start_address>
               <size>0x7</size>
            </available_space>
            <allocated_space>
               <start_address>0x20000a78</start_address>
               <size>0x10</size>
               <logical_group_ref idref="lg-c"/>
            </allocated_space>
            <available_space>
               <start_address>0x20000a88</start_address>
               <size>0x3f578</size>
            </available_space>
         </usage_details>
      </memory_area>
   </placement_map>
   <cptbl_list>
      <cptbl>
         <name>__TI_cinit_table</name>
         <cprec>
            <name>.data</name>
            <load_address>0x1da0</load_address>
            <load_size>0x38</load_size>
            <run_address>0x20000888</run_address>
            <run_size>0x1e9</run_size>
            <compression>lzss</compression>
         </cprec>
         <cprec>
            <name>.bss</name>
            <load_address>0x1de8</load_address>
            <load_size>0x8</load_size>
            <run_address>0x20000000</run_address>
            <run_size>0x684</run_size>
            <compression>zero_init</compression>
         </cprec>
      </cptbl>
   </cptbl_list>
   <handler_table>
      <handler_table_name>__TI_handler_table</handler_table_name>
      <handler>
         <index>0x0</index>
         <name>__TI_decompress_lzss</name>
      </handler>
      <handler>
         <index>0x1</index>
         <name>__TI_decompress_none</name>
      </handler>
      <handler>
         <index>0x2</index>
         <name>__TI_zero_init</name>
      </handler>
   </handler_table>
   <symbol_table>
      <symbol id="sm-1">
         <name>__STACK_TOP</name>
         <value>0x20000888</value>
      </symbol>
      <symbol id="sm-2">
         <name>__TI_CINIT_Base</name>
         <value>0x1df0</value>
      </symbol>
      <symbol id="sm-3">
         <name>__TI_CINIT_Limit</name>
         <value>0x1e00</value>
      </symbol>
      <symbol id="sm-4">
         <name>__TI_Handler_Table_Base</name>
         <value>0x1dd8</value>
      </symbol>
      <symbol id="sm-5">
         <name>__TI_Handler_Table_Limit</name>
         <value>0x1de4</value>
      </symbol>
      <symbol id="sm-6">
         <name>binit</name>
         <value>0xffffffff</value>
      </symbol>
      <symbol id="sm-7">
         <name>__binit__</name>
         <value>0xffffffff</value>
      </symbol>
      <symbol id="sm-8">
         <name>__STACK_SIZE</name>
         <value>0x200</value>
      </symbol>
      <symbol id="sm-9">
         <name>__STACK_END</name>
         <value>0x20000888</value>
      </symbol>
      <symbol id="sm-a">
         <name>__SYSMEM_SIZE</name>
         <value>0x10</value>
      </symbol>
      <symbol id="sm-b">
         <name>__c_args__</name>
         <value>0xffffffff</value>
      </symbol>
      <symbol id="sm-c">
         <name>__TI_pprof_out_hndl</name>
         <value>0xffffffff</value>
      </symbol>
      <symbol id="sm-d">
         <name>__TI_prof_data_start</name>
         <value>0xffffffff</value>
      </symbol>
      <symbol id="sm-e">
         <name>__TI_prof_data_size</name>
         <value>0xffffffff</value>
      </symbol>
      <symbol id="sm-61">
         <name>g_ui32SysClock</name>
         <value>0x20000680</value>
      </symbol>
      <symbol id="sm-62">
         <name>main</name>
         <value>0xe65</value>
         <object_component_ref idref="oc-b4"/>
      </symbol>
      <symbol id="sm-63">
         <name>ConfigureUART</name>
         <value>0x1411</value>
         <object_component_ref idref="oc-fa"/>
      </symbol>
      <symbol id="sm-99">
         <name>ResetISR</name>
         <value>0x1b1b</value>
         <object_component_ref idref="oc-27"/>
      </symbol>
      <symbol id="sm-9a">
         <name>g_pfnVectors</name>
         <value>0x0</value>
         <object_component_ref idref="oc-f"/>
      </symbol>
      <symbol id="sm-bc">
         <name>item</name>
         <value>0x20000000</value>
      </symbol>
      <symbol id="sm-bd">
         <name>fila0</name>
         <value>0x2000067c</value>
      </symbol>
      <symbol id="sm-be">
         <name>aux</name>
         <value>0x20000678</value>
      </symbol>
      <symbol id="sm-bf">
         <name>testafila</name>
         <value>0xcf9</value>
         <object_component_ref idref="oc-106"/>
      </symbol>
      <symbol id="sm-ee">
         <name>LEDWrite</name>
         <value>0x114d</value>
         <object_component_ref idref="oc-10c"/>
      </symbol>
      <symbol id="sm-ef">
         <name>PinoutSet</name>
         <value>0x201</value>
         <object_component_ref idref="oc-f4"/>
      </symbol>
      <symbol id="sm-15d">
         <name>UARTStdioConfig</name>
         <value>0x13b1</value>
         <object_component_ref idref="oc-17f"/>
      </symbol>
      <symbol id="sm-15e">
         <name>UARTwrite</name>
         <value>0x15c5</value>
         <object_component_ref idref="oc-1f0"/>
      </symbol>
      <symbol id="sm-15f">
         <name>UARTprintf</name>
         <value>0x1a71</value>
         <object_component_ref idref="oc-100"/>
      </symbol>
      <symbol id="sm-160">
         <name>UARTvprintf</name>
         <value>0x60d</value>
         <object_component_ref idref="oc-186"/>
      </symbol>
      <symbol id="sm-193">
         <name>fputs</name>
         <value>0x92d</value>
         <object_component_ref idref="oc-1fe"/>
      </symbol>
      <symbol id="sm-1ab">
         <name>__TI_wrt_ok</name>
         <value>0x12ed</value>
         <object_component_ref idref="oc-251"/>
      </symbol>
      <symbol id="sm-1c7">
         <name>setvbuf</name>
         <value>0xc1d</value>
         <object_component_ref idref="oc-297"/>
      </symbol>
      <symbol id="sm-1d8">
         <name>__aeabi_memset</name>
         <value>0xff3</value>
         <object_component_ref idref="oc-a8"/>
      </symbol>
      <symbol id="sm-1d9">
         <name>memset</name>
         <value>0xff9</value>
         <object_component_ref idref="oc-a8"/>
      </symbol>
      <symbol id="sm-1da">
         <name>__aeabi_memset8</name>
         <value>0xff3</value>
         <object_component_ref idref="oc-a8"/>
      </symbol>
      <symbol id="sm-1db">
         <name>__aeabi_memset4</name>
         <value>0xff3</value>
         <object_component_ref idref="oc-a8"/>
      </symbol>
      <symbol id="sm-1dc">
         <name>__aeabi_memclr8</name>
         <value>0xff1</value>
         <object_component_ref idref="oc-a8"/>
      </symbol>
      <symbol id="sm-1dd">
         <name>__aeabi_memclr4</name>
         <value>0xff1</value>
         <object_component_ref idref="oc-a8"/>
      </symbol>
      <symbol id="sm-1de">
         <name>__aeabi_memclr</name>
         <value>0xff1</value>
         <object_component_ref idref="oc-a8"/>
      </symbol>
      <symbol id="sm-1ff">
         <name>memcpy</name>
         <value>0xdc9</value>
         <object_component_ref idref="oc-4d"/>
      </symbol>
      <symbol id="sm-200">
         <name>__aeabi_memcpy</name>
         <value>0xdc9</value>
         <object_component_ref idref="oc-4d"/>
      </symbol>
      <symbol id="sm-201">
         <name>__aeabi_memcpy8</name>
         <value>0xdc9</value>
         <object_component_ref idref="oc-4d"/>
      </symbol>
      <symbol id="sm-202">
         <name>__aeabi_memcpy4</name>
         <value>0xdc9</value>
         <object_component_ref idref="oc-4d"/>
      </symbol>
      <symbol id="sm-211">
         <name>__aeabi_uidivmod</name>
         <value>0x17ad</value>
         <object_component_ref idref="oc-1f6"/>
      </symbol>
      <symbol id="sm-212">
         <name>__aeabi_uidiv</name>
         <value>0x17ad</value>
         <object_component_ref idref="oc-1f6"/>
      </symbol>
      <symbol id="sm-224">
         <name>__TI_zero_init</name>
         <value>0x1b01</value>
         <object_component_ref idref="oc-5f"/>
      </symbol>
      <symbol id="sm-23b">
         <name>__TI_decompress_none</name>
         <value>0x1af3</value>
         <object_component_ref idref="oc-18"/>
      </symbol>
      <symbol id="sm-25e">
         <name>__TI_decompress_lzss</name>
         <value>0x1221</value>
         <object_component_ref idref="oc-12"/>
      </symbol>
      <symbol id="sm-284">
         <name>C$$EXIT</name>
         <value>0x1b2b</value>
         <object_component_ref idref="oc-115"/>
      </symbol>
      <symbol id="sm-285">
         <name>abort</name>
         <value>0x1b2b</value>
         <object_component_ref idref="oc-115"/>
      </symbol>
      <symbol id="sm-286">
         <name>__TI_dtors_ptr</name>
         <value>0x20000a54</value>
         <object_component_ref idref="oc-1a7"/>
      </symbol>
      <symbol id="sm-287">
         <name>__TI_cleanup_ptr</name>
         <value>0x20000a50</value>
         <object_component_ref idref="oc-1a7"/>
      </symbol>
      <symbol id="sm-288">
         <name>__TI_enable_exit_profile_output</name>
         <value>0x20000a58</value>
         <object_component_ref idref="oc-1a7"/>
      </symbol>
      <symbol id="sm-289">
         <name>exit</name>
         <value>0x1655</value>
         <object_component_ref idref="oc-11b"/>
      </symbol>
      <symbol id="sm-29e">
         <name>_nop</name>
         <value>0x197f</value>
         <object_component_ref idref="oc-21e"/>
      </symbol>
      <symbol id="sm-29f">
         <name>_lock</name>
         <value>0x20000a5c</value>
         <object_component_ref idref="oc-1aa"/>
      </symbol>
      <symbol id="sm-2a0">
         <name>_unlock</name>
         <value>0x20000a60</value>
         <object_component_ref idref="oc-1aa"/>
      </symbol>
      <symbol id="sm-2af">
         <name>_abort_msg</name>
         <value>0x1a39</value>
         <object_component_ref idref="oc-193"/>
      </symbol>
      <symbol id="sm-2c6">
         <name>__TI_tmpnams</name>
         <value>0x200005d0</value>
      </symbol>
      <symbol id="sm-2c7">
         <name>__aeabi_stdout</name>
         <value>0x20000a48</value>
         <object_component_ref idref="oc-271"/>
      </symbol>
      <symbol id="sm-2c8">
         <name>__aeabi_stderr</name>
         <value>0x20000a4c</value>
         <object_component_ref idref="oc-271"/>
      </symbol>
      <symbol id="sm-2c9">
         <name>__aeabi_stdin</name>
         <value>0x20000a44</value>
         <object_component_ref idref="oc-271"/>
      </symbol>
      <symbol id="sm-2ca">
         <name>_ftable</name>
         <value>0x20000888</value>
         <object_component_ref idref="oc-20a"/>
      </symbol>
      <symbol id="sm-2cb">
         <name>__TI_ft_end</name>
         <value>0x20000a40</value>
         <object_component_ref idref="oc-271"/>
      </symbol>
      <symbol id="sm-2dd">
         <name>memchr</name>
         <value>0x1a19</value>
         <object_component_ref idref="oc-25d"/>
      </symbol>
      <symbol id="sm-364">
         <name>_sys_memory</name>
         <value>0x20000a78</value>
         <object_component_ref idref="oc-21"/>
      </symbol>
      <symbol id="sm-365">
         <name>free</name>
         <value>0xb35</value>
         <object_component_ref idref="oc-2ba"/>
      </symbol>
      <symbol id="sm-366">
         <name>memalign</name>
         <value>0xa41</value>
         <object_component_ref idref="oc-2fe"/>
      </symbol>
      <symbol id="sm-367">
         <name>malloc</name>
         <value>0x1b0d</value>
         <object_component_ref idref="oc-2c0"/>
      </symbol>
      <symbol id="sm-368">
         <name>aligned_alloc</name>
         <value>0xa41</value>
         <object_component_ref idref="oc-2fe"/>
      </symbol>
      <symbol id="sm-378">
         <name>strchr</name>
         <value>0x1aa3</value>
         <object_component_ref idref="oc-3a2"/>
      </symbol>
      <symbol id="sm-386">
         <name>strlen</name>
         <value>0x1acd</value>
         <object_component_ref idref="oc-257"/>
      </symbol>
      <symbol id="sm-3a1">
         <name>write</name>
         <value>0x19d1</value>
         <object_component_ref idref="oc-269"/>
      </symbol>
      <symbol id="sm-3b2">
         <name>_stream</name>
         <value>0x200009f0</value>
         <object_component_ref idref="oc-2a4"/>
      </symbol>
      <symbol id="sm-3b3">
         <name>_device</name>
         <value>0x20000978</value>
         <object_component_ref idref="oc-2d9"/>
      </symbol>
      <symbol id="sm-3c6">
         <name>__stack</name>
         <value>0x20000688</value>
         <object_component_ref idref="oc-24"/>
      </symbol>
      <symbol id="sm-3c7">
         <name>_c_int00_noargs</name>
         <value>0x18c5</value>
         <object_component_ref idref="oc-6b"/>
      </symbol>
      <symbol id="sm-3ea">
         <name>__TI_doflush</name>
         <value>0x1579</value>
         <object_component_ref idref="oc-263"/>
      </symbol>
      <symbol id="sm-3eb">
         <name>fflush</name>
         <value>0xef9</value>
         <object_component_ref idref="oc-204"/>
      </symbol>
      <symbol id="sm-3fb">
         <name>__TI_cleanup</name>
         <value>0x185d</value>
         <object_component_ref idref="oc-2c6"/>
      </symbol>
      <symbol id="sm-40d">
         <name>fseek</name>
         <value>0x1289</value>
         <object_component_ref idref="oc-291"/>
      </symbol>
      <symbol id="sm-417">
         <name>__aeabi_idiv0</name>
         <value>0x1b2f</value>
         <object_component_ref idref="oc-24b"/>
      </symbol>
      <symbol id="sm-418">
         <name>__aeabi_ldiv0</name>
         <value>0x1b2f</value>
         <object_component_ref idref="oc-24b"/>
      </symbol>
      <symbol id="sm-440">
         <name>__TI_auto_init_nobinit_nopinit</name>
         <value>0x1725</value>
         <object_component_ref idref="oc-121"/>
      </symbol>
      <symbol id="sm-44a">
         <name>_system_pre_init</name>
         <value>0x1b27</value>
         <object_component_ref idref="oc-ae"/>
      </symbol>
      <symbol id="sm-45d">
         <name>HOSTclose</name>
         <value>0x169d</value>
         <object_component_ref idref="oc-314"/>
      </symbol>
      <symbol id="sm-46e">
         <name>HOSTlseek</name>
         <value>0x11b9</value>
         <object_component_ref idref="oc-326"/>
      </symbol>
      <symbol id="sm-480">
         <name>parmbuf</name>
         <value>0x20000670</value>
      </symbol>
      <symbol id="sm-481">
         <name>HOSTopen</name>
         <value>0x1351</value>
         <object_component_ref idref="oc-30e"/>
      </symbol>
      <symbol id="sm-492">
         <name>HOSTread</name>
         <value>0x14c9</value>
         <object_component_ref idref="oc-31a"/>
      </symbol>
      <symbol id="sm-4a3">
         <name>HOSTrename</name>
         <value>0x10e1</value>
         <object_component_ref idref="oc-332"/>
      </symbol>
      <symbol id="sm-4b4">
         <name>HOSTunlink</name>
         <value>0x16e1</value>
         <object_component_ref idref="oc-32c"/>
      </symbol>
      <symbol id="sm-4c5">
         <name>HOSTwrite</name>
         <value>0x1521</value>
         <object_component_ref idref="oc-320"/>
      </symbol>
      <symbol id="sm-4e9">
         <name>__TI_readmsg</name>
         <value>0x1891</value>
         <object_component_ref idref="oc-35f"/>
      </symbol>
      <symbol id="sm-4ea">
         <name>C$$IO$$</name>
         <value>0x181b</value>
         <object_component_ref idref="oc-359"/>
      </symbol>
      <symbol id="sm-4eb">
         <name>__CIOBUF_</name>
         <value>0x200004b0</value>
         <object_component_ref idref="oc-38a"/>
      </symbol>
      <symbol id="sm-4ec">
         <name>__TI_writemsg</name>
         <value>0x17ed</value>
         <object_component_ref idref="oc-359"/>
      </symbol>
      <symbol id="sm-4fd">
         <name>lseek</name>
         <value>0x19a9</value>
         <object_component_ref idref="oc-2b2"/>
      </symbol>
      <symbol id="sm-513">
         <name>__TI_closefile</name>
         <value>0x106d</value>
         <object_component_ref idref="oc-305"/>
      </symbol>
      <symbol id="sm-536">
         <name>finddevice</name>
         <value>0x18f9</value>
         <object_component_ref idref="oc-3ae"/>
      </symbol>
      <symbol id="sm-537">
         <name>getdevice</name>
         <value>0x1769</value>
         <object_component_ref idref="oc-380"/>
      </symbol>
      <symbol id="sm-546">
         <name>strcmp</name>
         <value>0x1a8b</value>
         <object_component_ref idref="oc-3c7"/>
      </symbol>
      <symbol id="sm-554">
         <name>strcpy</name>
         <value>0x1ab9</value>
         <object_component_ref idref="oc-373"/>
      </symbol>
      <symbol id="sm-564">
         <name>strncpy</name>
         <value>0x1825</value>
         <object_component_ref idref="oc-3a8"/>
      </symbol>
      <symbol id="sm-579">
         <name>close</name>
         <value>0x146d</value>
         <object_component_ref idref="oc-34a"/>
      </symbol>
      <symbol id="sm-589">
         <name>unlink</name>
         <value>0x1929</value>
         <object_component_ref idref="oc-350"/>
      </symbol>
      <symbol id="sm-5b5">
         <name>GPIODirModeSet</name>
         <value>0x1955</value>
         <object_component_ref idref="oc-1da"/>
      </symbol>
      <symbol id="sm-5b6">
         <name>GPIOPinWrite</name>
         <value>0x1b15</value>
         <object_component_ref idref="oc-19f"/>
      </symbol>
      <symbol id="sm-5b7">
         <name>GPIOPadConfigSet</name>
         <value>0x7fb</value>
         <object_component_ref idref="oc-171"/>
      </symbol>
      <symbol id="sm-5b8">
         <name>GPIOPinTypeEthernetLED</name>
         <value>0x1ae1</value>
         <object_component_ref idref="oc-177"/>
      </symbol>
      <symbol id="sm-620">
         <name>SysCtlDelay</name>
         <value>0x1b21</value>
         <object_component_ref idref="oc-112"/>
      </symbol>
      <symbol id="sm-621">
         <name>SysCtlClockFreqSet</name>
         <value>0x40d</value>
         <object_component_ref idref="oc-ee"/>
      </symbol>
      <symbol id="sm-623">
         <name>__TI_static_base__</name>
         <value>0x0</value>
      </symbol>
      <symbol id="sm-626">
         <name>__mpu_init</name>
         <value>0x0</value>
      </symbol>
      <symbol id="sm-627">
         <name>_system_post_cinit</name>
         <value>0x0</value>
      </symbol>
      <symbol id="sm-628">
         <name>remove</name>
         <value>0x1929</value>
      </symbol>
   </symbol_table>
   <title>Link errors: red sections failed placement</title>
</link_info>
