Component: ARM Compiler 6.16 Tool: armlink [5dfeaa00]

==============================================================================

Section Cross References

    gpio.o(.text) refers (Special) to utils.o(.text) for SysTick_Wait
    main.o(DATA) refers (Special) to gpio.o(.text) for No_Output
    main.o(.text) refers (Special) to gpio.o(.text) for No_Output
    main.o(.text) refers to utils.o(.text) for PLL_Init
    main.o(.text) refers to decodificador7seg.o(.text) for dec7
    main.o(.text) refers to contador.o(.text) for contador
    main.o(.text) refers to acende_led.o(.text) for nled
    main.o(.text) refers to check_primo.o(.text) for primo
    startup.o(RESET) refers to startup.o(STACK) for StackMem
    startup.o(RESET) refers to main.o(.text) for Start


==============================================================================

Removing Unused input sections from the image.

    Removing main.o(DATA), (0 bytes).
    Removing startup.o(HEAP), (0 bytes).
    Removing startup.o(.text), (28 bytes).

3 unused section(s) (total 28 bytes) removed from the image.

==============================================================================

Image Symbol Table

    Local Symbols

    Symbol Name                              Value     Ov Type        Size  Object(Section)

    Check_primo.s                            0x00000000   Number         0  check_primo.o ABSOLUTE
    Decodificador7seg.s                      0x00000000   Number         0  decodificador7seg.o ABSOLUTE
    acende_led.s                             0x00000000   Number         0  acende_led.o ABSOLUTE
    contador.s                               0x00000000   Number         0  contador.o ABSOLUTE
    gpio.s                                   0x00000000   Number         0  gpio.o ABSOLUTE
    main.s                                   0x00000000   Number         0  main.o ABSOLUTE
    startup.s                                0x00000000   Number         0  startup.o ABSOLUTE
    utils.s                                  0x00000000   Number         0  utils.o ABSOLUTE
    RESET                                    0x00000000   Section      544  startup.o(RESET)
    $v0                                      0x00000208   Number         0  startup.o(RESET)
    $v0                                      0x00000220   Number         0  gpio.o(.text)
    .text                                    0x00000220   Section      496  gpio.o(.text)
    $v0                                      0x00000410   Number         0  main.o(.text)
    .text                                    0x00000410   Section      236  main.o(.text)
    $v0                                      0x000004fc   Number         0  utils.o(.text)
    .text                                    0x000004fc   Section      464  utils.o(.text)
    $v0                                      0x000006cc   Number         0  decodificador7seg.o(.text)
    .text                                    0x000006cc   Section      164  decodificador7seg.o(.text)
    $v0                                      0x00000770   Number         0  check_primo.o(.text)
    .text                                    0x00000770   Section       68  check_primo.o(.text)
    $v0                                      0x000007b4   Number         0  contador.o(.text)
    .text                                    0x000007b4   Section       36  contador.o(.text)
    $v0                                      0x000007d8   Number         0  acende_led.o(.text)
    .text                                    0x000007d8   Section       44  acende_led.o(.text)
    StackMem                                 0x20000000   Data           0  startup.o(STACK)
    STACK                                    0x20000000   Section     1024  startup.o(STACK)

    Global Symbols

    Symbol Name                              Value     Ov Type        Size  Object(Section)

    BuildAttributes$$THM_ISAv4$E$P$D$K$B$S$7EM$VFPi3$EXTD16$VFPS$VFMA$PE$A:L22UL41UL21$X:L11$S22US41US21$IEEE1$~IW$USESV6$~STKCKD$USESV7$~SHL$OSPACE$EBA8$STANDARDLIB$EABIv2 0x00000000   Number         0  anon$$obj.o ABSOLUTE
    __Vectors                                0x00000000   Data           0  startup.o(RESET)
    Reset_Handler                            0x00000209   Thumb Code     0  startup.o(RESET)
    NMI_Handler                              0x0000020d   Thumb Code     2  startup.o(RESET)
    HardFault_Handler                        0x0000020f   Thumb Code     2  startup.o(RESET)
    MemManage_Handler                        0x00000211   Thumb Code     2  startup.o(RESET)
    BusFault_Handler                         0x00000213   Thumb Code     2  startup.o(RESET)
    UsageFault_Handler                       0x00000215   Thumb Code     2  startup.o(RESET)
    SVC_Handler                              0x00000217   Thumb Code     2  startup.o(RESET)
    DebugMon_Handler                         0x00000219   Thumb Code     2  startup.o(RESET)
    PendSV_Handler                           0x0000021b   Thumb Code     2  startup.o(RESET)
    SysTick_Handler                          0x0000021d   Thumb Code     2  startup.o(RESET)
    ADC0Seq0_Handler                         0x0000021f   Thumb Code     0  startup.o(RESET)
    ADC0Seq1_Handler                         0x0000021f   Thumb Code     0  startup.o(RESET)
    ADC0Seq2_Handler                         0x0000021f   Thumb Code     0  startup.o(RESET)
    ADC0Seq3_Handler                         0x0000021f   Thumb Code     0  startup.o(RESET)
    ADC1Seq0_Handler                         0x0000021f   Thumb Code     0  startup.o(RESET)
    ADC1Seq1_Handler                         0x0000021f   Thumb Code     0  startup.o(RESET)
    ADC1Seq2_Handler                         0x0000021f   Thumb Code     0  startup.o(RESET)
    ADC1Seq3_Handler                         0x0000021f   Thumb Code     0  startup.o(RESET)
    CAN0_Handler                             0x0000021f   Thumb Code     0  startup.o(RESET)
    CAN1_Handler                             0x0000021f   Thumb Code     0  startup.o(RESET)
    Comp0_Handler                            0x0000021f   Thumb Code     0  startup.o(RESET)
    Comp1_Handler                            0x0000021f   Thumb Code     0  startup.o(RESET)
    Comp2_Handler                            0x0000021f   Thumb Code     0  startup.o(RESET)
    Ethernet_Handler                         0x0000021f   Thumb Code     0  startup.o(RESET)
    ExtBus_Handler                           0x0000021f   Thumb Code     0  startup.o(RESET)
    FPU_Handler                              0x0000021f   Thumb Code     0  startup.o(RESET)
    FlashCtl_Handler                         0x0000021f   Thumb Code     0  startup.o(RESET)
    GPIOPortA_Handler                        0x0000021f   Thumb Code     0  startup.o(RESET)
    GPIOPortB_Handler                        0x0000021f   Thumb Code     0  startup.o(RESET)
    GPIOPortC_Handler                        0x0000021f   Thumb Code     0  startup.o(RESET)
    GPIOPortD_Handler                        0x0000021f   Thumb Code     0  startup.o(RESET)
    GPIOPortE_Handler                        0x0000021f   Thumb Code     0  startup.o(RESET)
    GPIOPortF_Handler                        0x0000021f   Thumb Code     0  startup.o(RESET)
    GPIOPortG_Handler                        0x0000021f   Thumb Code     0  startup.o(RESET)
    GPIOPortH_Handler                        0x0000021f   Thumb Code     0  startup.o(RESET)
    GPIOPortJ_Handler                        0x0000021f   Thumb Code     0  startup.o(RESET)
    GPIOPortK_Handler                        0x0000021f   Thumb Code     0  startup.o(RESET)
    GPIOPortL_Handler                        0x0000021f   Thumb Code     0  startup.o(RESET)
    GPIOPortM_Handler                        0x0000021f   Thumb Code     0  startup.o(RESET)
    GPIOPortN_Handler                        0x0000021f   Thumb Code     0  startup.o(RESET)
    GPIOPortP1_Handler                       0x0000021f   Thumb Code     0  startup.o(RESET)
    GPIOPortP2_Handler                       0x0000021f   Thumb Code     0  startup.o(RESET)
    GPIOPortP3_Handler                       0x0000021f   Thumb Code     0  startup.o(RESET)
    GPIOPortP4_Handler                       0x0000021f   Thumb Code     0  startup.o(RESET)
    GPIOPortP5_Handler                       0x0000021f   Thumb Code     0  startup.o(RESET)
    GPIOPortP6_Handler                       0x0000021f   Thumb Code     0  startup.o(RESET)
    GPIOPortP7_Handler                       0x0000021f   Thumb Code     0  startup.o(RESET)
    GPIOPortP_Handler                        0x0000021f   Thumb Code     0  startup.o(RESET)
    GPIOPortQ1_Handler                       0x0000021f   Thumb Code     0  startup.o(RESET)
    GPIOPortQ2_Handler                       0x0000021f   Thumb Code     0  startup.o(RESET)
    GPIOPortQ3_Handler                       0x0000021f   Thumb Code     0  startup.o(RESET)
    GPIOPortQ4_Handler                       0x0000021f   Thumb Code     0  startup.o(RESET)
    GPIOPortQ5_Handler                       0x0000021f   Thumb Code     0  startup.o(RESET)
    GPIOPortQ6_Handler                       0x0000021f   Thumb Code     0  startup.o(RESET)
    GPIOPortQ7_Handler                       0x0000021f   Thumb Code     0  startup.o(RESET)
    GPIOPortQ_Handler                        0x0000021f   Thumb Code     0  startup.o(RESET)
    Hibernate_Handler                        0x0000021f   Thumb Code     0  startup.o(RESET)
    I2C0_Handler                             0x0000021f   Thumb Code     0  startup.o(RESET)
    I2C1_Handler                             0x0000021f   Thumb Code     0  startup.o(RESET)
    I2C2_Handler                             0x0000021f   Thumb Code     0  startup.o(RESET)
    I2C3_Handler                             0x0000021f   Thumb Code     0  startup.o(RESET)
    I2C4_Handler                             0x0000021f   Thumb Code     0  startup.o(RESET)
    I2C5_Handler                             0x0000021f   Thumb Code     0  startup.o(RESET)
    I2C6_Handler                             0x0000021f   Thumb Code     0  startup.o(RESET)
    I2C7_Handler                             0x0000021f   Thumb Code     0  startup.o(RESET)
    I2C8_Handler                             0x0000021f   Thumb Code     0  startup.o(RESET)
    I2C9_Handler                             0x0000021f   Thumb Code     0  startup.o(RESET)
    PWM0Fault_Handler                        0x0000021f   Thumb Code     0  startup.o(RESET)
    PWM0Generator0_Handler                   0x0000021f   Thumb Code     0  startup.o(RESET)
    PWM0Generator1_Handler                   0x0000021f   Thumb Code     0  startup.o(RESET)
    PWM0Generator2_Handler                   0x0000021f   Thumb Code     0  startup.o(RESET)
    PWM0Generator3_Handler                   0x0000021f   Thumb Code     0  startup.o(RESET)
    Quadrature0_Handler                      0x0000021f   Thumb Code     0  startup.o(RESET)
    SSI0_Handler                             0x0000021f   Thumb Code     0  startup.o(RESET)
    SSI1_Handler                             0x0000021f   Thumb Code     0  startup.o(RESET)
    SSI2_Handler                             0x0000021f   Thumb Code     0  startup.o(RESET)
    SSI3_Handler                             0x0000021f   Thumb Code     0  startup.o(RESET)
    SysCtl_Handler                           0x0000021f   Thumb Code     0  startup.o(RESET)
    Tamper_Handler                           0x0000021f   Thumb Code     0  startup.o(RESET)
    Timer0A_Handler                          0x0000021f   Thumb Code     0  startup.o(RESET)
    Timer0B_Handler                          0x0000021f   Thumb Code     0  startup.o(RESET)
    Timer1A_Handler                          0x0000021f   Thumb Code     0  startup.o(RESET)
    Timer1B_Handler                          0x0000021f   Thumb Code     0  startup.o(RESET)
    Timer2A_Handler                          0x0000021f   Thumb Code     0  startup.o(RESET)
    Timer2B_Handler                          0x0000021f   Thumb Code     0  startup.o(RESET)
    Timer3A_Handler                          0x0000021f   Thumb Code     0  startup.o(RESET)
    Timer3B_Handler                          0x0000021f   Thumb Code     0  startup.o(RESET)
    Timer4A_Handler                          0x0000021f   Thumb Code     0  startup.o(RESET)
    Timer4B_Handler                          0x0000021f   Thumb Code     0  startup.o(RESET)
    Timer5A_Handler                          0x0000021f   Thumb Code     0  startup.o(RESET)
    Timer5B_Handler                          0x0000021f   Thumb Code     0  startup.o(RESET)
    Timer6A_Handler                          0x0000021f   Thumb Code     0  startup.o(RESET)
    Timer6B_Handler                          0x0000021f   Thumb Code     0  startup.o(RESET)
    Timer7A_Handler                          0x0000021f   Thumb Code     0  startup.o(RESET)
    Timer7B_Handler                          0x0000021f   Thumb Code     0  startup.o(RESET)
    UART0_Handler                            0x0000021f   Thumb Code     0  startup.o(RESET)
    UART1_Handler                            0x0000021f   Thumb Code     0  startup.o(RESET)
    UART2_Handler                            0x0000021f   Thumb Code     0  startup.o(RESET)
    UART3_Handler                            0x0000021f   Thumb Code     0  startup.o(RESET)
    UART4_Handler                            0x0000021f   Thumb Code     0  startup.o(RESET)
    UART5_Handler                            0x0000021f   Thumb Code     0  startup.o(RESET)
    UART6_Handler                            0x0000021f   Thumb Code     0  startup.o(RESET)
    UART7_Handler                            0x0000021f   Thumb Code     0  startup.o(RESET)
    USB0_Handler                             0x0000021f   Thumb Code     0  startup.o(RESET)
    WDT_Handler                              0x0000021f   Thumb Code     0  startup.o(RESET)
    uDMA_Error                               0x0000021f   Thumb Code     0  startup.o(RESET)
    uDMA_Handler                             0x0000021f   Thumb Code     0  startup.o(RESET)
    GPIO_Init                                0x00000221   Thumb Code     0  gpio.o(.text)
    PortA_Output                             0x000002f9   Thumb Code     0  gpio.o(.text)
    PortQ_Output                             0x00000309   Thumb Code     0  gpio.o(.text)
    PortJ_Input                              0x00000319   Thumb Code     0  gpio.o(.text)
    Display1_Output                          0x00000343   Thumb Code     0  gpio.o(.text)
    Display2_Output                          0x00000355   Thumb Code     0  gpio.o(.text)
    Led_Output                               0x00000367   Thumb Code     0  gpio.o(.text)
    No_Output                                0x00000379   Thumb Code     0  gpio.o(.text)
    Start                                    0x00000411   Thumb Code     0  main.o(.text)
    PLL_Init                                 0x000004fd   Thumb Code     0  utils.o(.text)
    SysTick_Init                             0x00000625   Thumb Code     0  utils.o(.text)
    SysTick_Wait                             0x00000647   Thumb Code     0  utils.o(.text)
    SysTick_Wait1ms                          0x0000065f   Thumb Code     0  utils.o(.text)
    dec7                                     0x000006cd   Thumb Code     0  decodificador7seg.o(.text)
    primo                                    0x00000771   Thumb Code     0  check_primo.o(.text)
    contador                                 0x000007b5   Thumb Code     0  contador.o(.text)
    led                                      0x000007d9   Thumb Code     0  acende_led.o(.text)
    nled                                     0x000007fb   Thumb Code     0  acende_led.o(.text)



==============================================================================

Memory Map of the image

  Image Entry point : 0x00000209

  Load Region LR_1 (Base: 0x00000000, Size: 0x00000804, Max: 0xffffffff, ABSOLUTE)

    Execution Region ER_RO (Exec base: 0x00000000, Load base: 0x00000000, Size: 0x00000804, Max: 0xffffffff, ABSOLUTE)

    Exec Addr    Load Addr    Size         Type   Attr      Idx    E Section Name        Object

    0x00000000   0x00000000   0x00000220   Code   RO           12  * RESET               startup.o
    0x00000220   0x00000220   0x000001f0   Code   RO            1    .text               gpio.o
    0x00000410   0x00000410   0x000000ec   Code   RO            7    .text               main.o
    0x000004fc   0x000004fc   0x000001d0   Code   RO           19    .text               utils.o
    0x000006cc   0x000006cc   0x000000a4   Code   RO           22    .text               decodificador7seg.o
    0x00000770   0x00000770   0x00000044   Code   RO           25    .text               check_primo.o
    0x000007b4   0x000007b4   0x00000024   Code   RO           28    .text               contador.o
    0x000007d8   0x000007d8   0x0000002c   Code   RO           31    .text               acende_led.o


    Execution Region ER_RW (Exec base: 0x20000000, Load base: 0x00000804, Size: 0x00000000, Max: 0xffffffff, ABSOLUTE)

    **** No section assigned to this execution region ****


    Execution Region ER_ZI (Exec base: 0x20000000, Load base: 0x00000804, Size: 0x00000400, Max: 0xffffffff, ABSOLUTE)

    Exec Addr    Load Addr    Size         Type   Attr      Idx    E Section Name        Object

    0x20000000        -       0x00000400   Zero   RW           10    STACK               startup.o


==============================================================================

Image component sizes


      Code (inc. data)   RO Data    RW Data    ZI Data      Debug   Object Name

        44          0          0          0          0        224   acende_led.o
        68          2          0          0          0        232   check_primo.o
        36          0          0          0          0        216   contador.o
       164          2          0          0          0        260   decodificador7seg.o
       496        134          0          0          0        372   gpio.o
       236          4          0          0          0        260   main.o
       544        520          0          0       1024        736   startup.o
       464         92          0          0          0        348   utils.o

    ----------------------------------------------------------------------
      2052        754          0          0       1024       2648   Object Totals
         0          0          0          0          0          0   (incl. Generated)
         0          0          0          0          0          0   (incl. Padding)

    ----------------------------------------------------------------------
         0          0          0          0          0          0   Library Totals
         0          0          0          0          0          0   (incl. Padding)

    ----------------------------------------------------------------------

==============================================================================


      Code (inc. data)   RO Data    RW Data    ZI Data      Debug   

      2052        754          0          0       1024       2648   Grand Totals
      2052        754          0          0       1024       2648   ELF Image Totals
      2052        754          0          0          0          0   ROM Totals

==============================================================================

    Total RO  Size (Code + RO Data)                 2052 (   2.00kB)
    Total RW  Size (RW Data + ZI Data)              1024 (   1.00kB)
    Total ROM Size (Code + RO Data + RW Data)       2052 (   2.00kB)

==============================================================================

