Component: Arm Compiler for Embedded 6.19 Tool: armlink [5e73cb00]

==============================================================================

Section Cross References

    gpio.o(.text) refers (Special) to utils.o(.text) for SysTick_Wait
    main.o(DATA) refers (Special) to lcd_controler.o(.text) for LCD_Clear
    main.o(DATA) refers (Special) to gpio.o(.text) for LCD_INI
    main.o(DATA) refers (Special) to teclado_4x4.o(.text) for Leitura_Teclado
    main.o(DATA) refers (Special) to utils.o(.text) for SysTick_Wait1ms
    main.o(.text) refers (Special) to lcd_controler.o(.text) for LCD_Clear
    main.o(.text) refers (Special) to gpio.o(.text) for LCD_INI
    main.o(.text) refers (Special) to teclado_4x4.o(.text) for Leitura_Teclado
    main.o(.text) refers (Special) to utils.o(.text) for SysTick_Wait1ms
    main.o(.text) refers to decodificador7seg.o(.text) for dec7
    main.o(.text) refers to contador.o(.text) for contador
    main.o(.text) refers to acende_led.o(.text) for nled
    main.o(.text) refers to check_primo.o(.text) for primo
    startup.o(RESET) refers to startup.o(STACK) for StackMem
    startup.o(RESET) refers to main.o(.text) for Start
    lcd_controler.o(.text) refers to gpio.o(.text) for LCD_Comand
    teclado_4x4.o(.text) refers to gpio.o(.text) for PortL_Output


==============================================================================

Removing Unused input sections from the image.

    Removing main.o(DATA), (0 bytes).
    Removing startup.o(HEAP), (0 bytes).
    Removing startup.o(.text), (28 bytes).

3 unused section(s) (total 28 bytes) removed from the image.

==============================================================================

Image Symbol Table

    Local Symbols

    Symbol Name                              Value     Ov Type        Size  Object(Section)

    Check_primo.s                            0x00000000   Number         0  check_primo.o ABSOLUTE
    Decodificador7seg.s                      0x00000000   Number         0  decodificador7seg.o ABSOLUTE
    LCD_CONTROLER.s                          0x00000000   Number         0  lcd_controler.o ABSOLUTE
    Teclado_4x4.s                            0x00000000   Number         0  teclado_4x4.o ABSOLUTE
    acende_led.s                             0x00000000   Number         0  acende_led.o ABSOLUTE
    contador.s                               0x00000000   Number         0  contador.o ABSOLUTE
    gpio.s                                   0x00000000   Number         0  gpio.o ABSOLUTE
    main.s                                   0x00000000   Number         0  main.o ABSOLUTE
    startup.s                                0x00000000   Number         0  startup.o ABSOLUTE
    utils.s                                  0x00000000   Number         0  utils.o ABSOLUTE
    RESET                                    0x00000000   Section      544  startup.o(RESET)
    $v0                                      0x00000208   Number         0  startup.o(RESET)
    $v0                                      0x00000220   Number         0  gpio.o(.text)
    .text                                    0x00000220   Section     1000  gpio.o(.text)
    $v0                                      0x00000608   Number         0  main.o(.text)
    .text                                    0x00000608   Section      188  main.o(.text)
    $v0                                      0x000006c4   Number         0  utils.o(.text)
    .text                                    0x000006c4   Section      468  utils.o(.text)
    $v0                                      0x00000898   Number         0  decodificador7seg.o(.text)
    .text                                    0x00000898   Section      144  decodificador7seg.o(.text)
    $v0                                      0x00000928   Number         0  check_primo.o(.text)
    .text                                    0x00000928   Section       68  check_primo.o(.text)
    $v0                                      0x0000096c   Number         0  contador.o(.text)
    .text                                    0x0000096c   Section       40  contador.o(.text)
    $v0                                      0x00000994   Number         0  acende_led.o(.text)
    .text                                    0x00000994   Section       44  acende_led.o(.text)
    $v0                                      0x000009c0   Number         0  lcd_controler.o(.text)
    .text                                    0x000009c0   Section      288  lcd_controler.o(.text)
    $v0                                      0x00000ae0   Number         0  teclado_4x4.o(.text)
    .text                                    0x00000ae0   Section      212  teclado_4x4.o(.text)
    StackMem                                 0x20000000   Data           0  startup.o(STACK)
    STACK                                    0x20000000   Section     1024  startup.o(STACK)

    Global Symbols

    Symbol Name                              Value     Ov Type        Size  Object(Section)

    BuildAttributes$$THM_ISAv4$E$P$D$K$B$S$7EM$VFPi3$EXTD16$VFPS$VFMA$PE$A:L22UL41UL21$X:L11$S22US41US21$IEEE1$~IW$USESV6$~STKCKD$USESV7$~SHL$OSPACE$EBA8$STANDARDLIB$EABIv2 0x00000000   Number         0  anon$$obj.o ABSOLUTE
    __Vectors                                0x00000000   Data           0  startup.o(RESET)
    Reset_Handler                            0x00000209   Thumb Code     0  startup.o(RESET)
    NMI_Handler                              0x0000020d   Thumb Code     2  startup.o(RESET)
    HardFault_Handler                        0x0000020f   Thumb Code     2  startup.o(RESET)
    MemManage_Handler                        0x00000211   Thumb Code     2  startup.o(RESET)
    BusFault_Handler                         0x00000213   Thumb Code     2  startup.o(RESET)
    UsageFault_Handler                       0x00000215   Thumb Code     2  startup.o(RESET)
    SVC_Handler                              0x00000217   Thumb Code     2  startup.o(RESET)
    DebugMon_Handler                         0x00000219   Thumb Code     2  startup.o(RESET)
    PendSV_Handler                           0x0000021b   Thumb Code     2  startup.o(RESET)
    SysTick_Handler                          0x0000021d   Thumb Code     2  startup.o(RESET)
    ADC0Seq0_Handler                         0x0000021f   Thumb Code     0  startup.o(RESET)
    ADC0Seq1_Handler                         0x0000021f   Thumb Code     0  startup.o(RESET)
    ADC0Seq2_Handler                         0x0000021f   Thumb Code     0  startup.o(RESET)
    ADC0Seq3_Handler                         0x0000021f   Thumb Code     0  startup.o(RESET)
    ADC1Seq0_Handler                         0x0000021f   Thumb Code     0  startup.o(RESET)
    ADC1Seq1_Handler                         0x0000021f   Thumb Code     0  startup.o(RESET)
    ADC1Seq2_Handler                         0x0000021f   Thumb Code     0  startup.o(RESET)
    ADC1Seq3_Handler                         0x0000021f   Thumb Code     0  startup.o(RESET)
    CAN0_Handler                             0x0000021f   Thumb Code     0  startup.o(RESET)
    CAN1_Handler                             0x0000021f   Thumb Code     0  startup.o(RESET)
    Comp0_Handler                            0x0000021f   Thumb Code     0  startup.o(RESET)
    Comp1_Handler                            0x0000021f   Thumb Code     0  startup.o(RESET)
    Comp2_Handler                            0x0000021f   Thumb Code     0  startup.o(RESET)
    Ethernet_Handler                         0x0000021f   Thumb Code     0  startup.o(RESET)
    ExtBus_Handler                           0x0000021f   Thumb Code     0  startup.o(RESET)
    FPU_Handler                              0x0000021f   Thumb Code     0  startup.o(RESET)
    FlashCtl_Handler                         0x0000021f   Thumb Code     0  startup.o(RESET)
    GPIOPortA_Handler                        0x0000021f   Thumb Code     0  startup.o(RESET)
    GPIOPortB_Handler                        0x0000021f   Thumb Code     0  startup.o(RESET)
    GPIOPortC_Handler                        0x0000021f   Thumb Code     0  startup.o(RESET)
    GPIOPortD_Handler                        0x0000021f   Thumb Code     0  startup.o(RESET)
    GPIOPortE_Handler                        0x0000021f   Thumb Code     0  startup.o(RESET)
    GPIOPortF_Handler                        0x0000021f   Thumb Code     0  startup.o(RESET)
    GPIOPortG_Handler                        0x0000021f   Thumb Code     0  startup.o(RESET)
    GPIOPortH_Handler                        0x0000021f   Thumb Code     0  startup.o(RESET)
    GPIOPortJ_Handler                        0x0000021f   Thumb Code     0  startup.o(RESET)
    GPIOPortK_Handler                        0x0000021f   Thumb Code     0  startup.o(RESET)
    GPIOPortL_Handler                        0x0000021f   Thumb Code     0  startup.o(RESET)
    GPIOPortM_Handler                        0x0000021f   Thumb Code     0  startup.o(RESET)
    GPIOPortN_Handler                        0x0000021f   Thumb Code     0  startup.o(RESET)
    GPIOPortP1_Handler                       0x0000021f   Thumb Code     0  startup.o(RESET)
    GPIOPortP2_Handler                       0x0000021f   Thumb Code     0  startup.o(RESET)
    GPIOPortP3_Handler                       0x0000021f   Thumb Code     0  startup.o(RESET)
    GPIOPortP4_Handler                       0x0000021f   Thumb Code     0  startup.o(RESET)
    GPIOPortP5_Handler                       0x0000021f   Thumb Code     0  startup.o(RESET)
    GPIOPortP6_Handler                       0x0000021f   Thumb Code     0  startup.o(RESET)
    GPIOPortP7_Handler                       0x0000021f   Thumb Code     0  startup.o(RESET)
    GPIOPortP_Handler                        0x0000021f   Thumb Code     0  startup.o(RESET)
    GPIOPortQ1_Handler                       0x0000021f   Thumb Code     0  startup.o(RESET)
    GPIOPortQ2_Handler                       0x0000021f   Thumb Code     0  startup.o(RESET)
    GPIOPortQ3_Handler                       0x0000021f   Thumb Code     0  startup.o(RESET)
    GPIOPortQ4_Handler                       0x0000021f   Thumb Code     0  startup.o(RESET)
    GPIOPortQ5_Handler                       0x0000021f   Thumb Code     0  startup.o(RESET)
    GPIOPortQ6_Handler                       0x0000021f   Thumb Code     0  startup.o(RESET)
    GPIOPortQ7_Handler                       0x0000021f   Thumb Code     0  startup.o(RESET)
    GPIOPortQ_Handler                        0x0000021f   Thumb Code     0  startup.o(RESET)
    Hibernate_Handler                        0x0000021f   Thumb Code     0  startup.o(RESET)
    I2C0_Handler                             0x0000021f   Thumb Code     0  startup.o(RESET)
    I2C1_Handler                             0x0000021f   Thumb Code     0  startup.o(RESET)
    I2C2_Handler                             0x0000021f   Thumb Code     0  startup.o(RESET)
    I2C3_Handler                             0x0000021f   Thumb Code     0  startup.o(RESET)
    I2C4_Handler                             0x0000021f   Thumb Code     0  startup.o(RESET)
    I2C5_Handler                             0x0000021f   Thumb Code     0  startup.o(RESET)
    I2C6_Handler                             0x0000021f   Thumb Code     0  startup.o(RESET)
    I2C7_Handler                             0x0000021f   Thumb Code     0  startup.o(RESET)
    I2C8_Handler                             0x0000021f   Thumb Code     0  startup.o(RESET)
    I2C9_Handler                             0x0000021f   Thumb Code     0  startup.o(RESET)
    PWM0Fault_Handler                        0x0000021f   Thumb Code     0  startup.o(RESET)
    PWM0Generator0_Handler                   0x0000021f   Thumb Code     0  startup.o(RESET)
    PWM0Generator1_Handler                   0x0000021f   Thumb Code     0  startup.o(RESET)
    PWM0Generator2_Handler                   0x0000021f   Thumb Code     0  startup.o(RESET)
    PWM0Generator3_Handler                   0x0000021f   Thumb Code     0  startup.o(RESET)
    Quadrature0_Handler                      0x0000021f   Thumb Code     0  startup.o(RESET)
    SSI0_Handler                             0x0000021f   Thumb Code     0  startup.o(RESET)
    SSI1_Handler                             0x0000021f   Thumb Code     0  startup.o(RESET)
    SSI2_Handler                             0x0000021f   Thumb Code     0  startup.o(RESET)
    SSI3_Handler                             0x0000021f   Thumb Code     0  startup.o(RESET)
    SysCtl_Handler                           0x0000021f   Thumb Code     0  startup.o(RESET)
    Tamper_Handler                           0x0000021f   Thumb Code     0  startup.o(RESET)
    Timer0A_Handler                          0x0000021f   Thumb Code     0  startup.o(RESET)
    Timer0B_Handler                          0x0000021f   Thumb Code     0  startup.o(RESET)
    Timer1A_Handler                          0x0000021f   Thumb Code     0  startup.o(RESET)
    Timer1B_Handler                          0x0000021f   Thumb Code     0  startup.o(RESET)
    Timer2A_Handler                          0x0000021f   Thumb Code     0  startup.o(RESET)
    Timer2B_Handler                          0x0000021f   Thumb Code     0  startup.o(RESET)
    Timer3A_Handler                          0x0000021f   Thumb Code     0  startup.o(RESET)
    Timer3B_Handler                          0x0000021f   Thumb Code     0  startup.o(RESET)
    Timer4A_Handler                          0x0000021f   Thumb Code     0  startup.o(RESET)
    Timer4B_Handler                          0x0000021f   Thumb Code     0  startup.o(RESET)
    Timer5A_Handler                          0x0000021f   Thumb Code     0  startup.o(RESET)
    Timer5B_Handler                          0x0000021f   Thumb Code     0  startup.o(RESET)
    Timer6A_Handler                          0x0000021f   Thumb Code     0  startup.o(RESET)
    Timer6B_Handler                          0x0000021f   Thumb Code     0  startup.o(RESET)
    Timer7A_Handler                          0x0000021f   Thumb Code     0  startup.o(RESET)
    Timer7B_Handler                          0x0000021f   Thumb Code     0  startup.o(RESET)
    UART0_Handler                            0x0000021f   Thumb Code     0  startup.o(RESET)
    UART1_Handler                            0x0000021f   Thumb Code     0  startup.o(RESET)
    UART2_Handler                            0x0000021f   Thumb Code     0  startup.o(RESET)
    UART3_Handler                            0x0000021f   Thumb Code     0  startup.o(RESET)
    UART4_Handler                            0x0000021f   Thumb Code     0  startup.o(RESET)
    UART5_Handler                            0x0000021f   Thumb Code     0  startup.o(RESET)
    UART6_Handler                            0x0000021f   Thumb Code     0  startup.o(RESET)
    UART7_Handler                            0x0000021f   Thumb Code     0  startup.o(RESET)
    USB0_Handler                             0x0000021f   Thumb Code     0  startup.o(RESET)
    WDT_Handler                              0x0000021f   Thumb Code     0  startup.o(RESET)
    uDMA_Error                               0x0000021f   Thumb Code     0  startup.o(RESET)
    uDMA_Handler                             0x0000021f   Thumb Code     0  startup.o(RESET)
    GPIO_Init                                0x00000221   Thumb Code     0  gpio.o(.text)
    PortL_Output                             0x0000036d   Thumb Code     0  gpio.o(.text)
    PortM_Input                              0x00000381   Thumb Code     0  gpio.o(.text)
    PortA_Output                             0x0000038b   Thumb Code     0  gpio.o(.text)
    PortQ_Output                             0x0000039b   Thumb Code     0  gpio.o(.text)
    PortJ_Input                              0x000003ab   Thumb Code     0  gpio.o(.text)
    Display1_Output                          0x000003d9   Thumb Code     0  gpio.o(.text)
    Display2_Output                          0x000003f7   Thumb Code     0  gpio.o(.text)
    Led_Output                               0x00000415   Thumb Code     0  gpio.o(.text)
    No_Output                                0x00000433   Thumb Code     0  gpio.o(.text)
    LCD_INI                                  0x00000445   Thumb Code     0  gpio.o(.text)
    LCD_Comand                               0x000004e9   Thumb Code     0  gpio.o(.text)
    LCD_Print                                0x00000511   Thumb Code     0  gpio.o(.text)
    Start                                    0x00000609   Thumb Code     0  main.o(.text)
    PLL_Init                                 0x000006c5   Thumb Code     0  utils.o(.text)
    SysTick_Init                             0x000007ed   Thumb Code     0  utils.o(.text)
    SysTick_Wait                             0x0000080f   Thumb Code     0  utils.o(.text)
    SysTick_Wait1ms                          0x00000827   Thumb Code     0  utils.o(.text)
    dec7                                     0x00000899   Thumb Code     0  decodificador7seg.o(.text)
    primo                                    0x00000929   Thumb Code     0  check_primo.o(.text)
    contador                                 0x0000096d   Thumb Code     0  contador.o(.text)
    led                                      0x00000995   Thumb Code     0  acende_led.o(.text)
    nled                                     0x000009b7   Thumb Code     0  acende_led.o(.text)
    LCD_Clear                                0x000009c1   Thumb Code     0  lcd_controler.o(.text)
    Segunda_Linha                            0x000009cd   Thumb Code     0  lcd_controler.o(.text)
    Tela_Inicial                             0x000009d9   Thumb Code     0  lcd_controler.o(.text)
    Leitura_Teclado                          0x00000ae1   Thumb Code     0  teclado_4x4.o(.text)



==============================================================================

Memory Map of the image

  Image Entry point : 0x00000209

  Load Region LR_1 (Base: 0x00000000, Size: 0x00000bb4, Max: 0xffffffff, ABSOLUTE)

    Execution Region ER_RO (Exec base: 0x00000000, Load base: 0x00000000, Size: 0x00000bb4, Max: 0xffffffff, ABSOLUTE)

    Exec Addr    Load Addr    Size         Type   Attr      Idx    E Section Name        Object

    0x00000000   0x00000000   0x00000220   Code   RO           12  * RESET               startup.o
    0x00000220   0x00000220   0x000003e8   Code   RO            1    .text               gpio.o
    0x00000608   0x00000608   0x000000bc   Code   RO            7    .text               main.o
    0x000006c4   0x000006c4   0x000001d4   Code   RO           19    .text               utils.o
    0x00000898   0x00000898   0x00000090   Code   RO           22    .text               decodificador7seg.o
    0x00000928   0x00000928   0x00000044   Code   RO           25    .text               check_primo.o
    0x0000096c   0x0000096c   0x00000028   Code   RO           28    .text               contador.o
    0x00000994   0x00000994   0x0000002c   Code   RO           31    .text               acende_led.o
    0x000009c0   0x000009c0   0x00000120   Code   RO           34    .text               lcd_controler.o
    0x00000ae0   0x00000ae0   0x000000d4   Code   RO           37    .text               teclado_4x4.o


    Execution Region ER_RW (Exec base: 0x20000000, Load base: 0x00000bb4, Size: 0x00000000, Max: 0xffffffff, ABSOLUTE)

    **** No section assigned to this execution region ****


    Execution Region ER_ZI (Exec base: 0x20000000, Load base: 0x00000bb4, Size: 0x00000400, Max: 0xffffffff, ABSOLUTE)

    Exec Addr    Load Addr    Size         Type   Attr      Idx    E Section Name        Object

    0x20000000        -       0x00000400   Zero   RW           10    STACK               startup.o


==============================================================================

Image component sizes


      Code (inc. data)   RO Data    RW Data    ZI Data      Debug   Object Name

        44          0          0          0          0        216   acende_led.o
        68          2          0          0          0        228   check_primo.o
        40          0          0          0          0        212   contador.o
       144          2          0          0          0        256   decodificador7seg.o
      1000        208          0          0          0        524   gpio.o
       288          0          0          0          0        284   lcd_controler.o
       188          6          0          0          0        244   main.o
       544        520          0          0       1024        732   startup.o
       212          2          0          0          0        284   teclado_4x4.o
       468         94          0          0          0        344   utils.o

    ----------------------------------------------------------------------
      2996        834          0          0       1024       3324   Object Totals
         0          0          0          0          0          0   (incl. Generated)
         0          0          0          0          0          0   (incl. Padding)

    ----------------------------------------------------------------------
         0          0          0          0          0          0   Library Totals
         0          0          0          0          0          0   (incl. Padding)

    ----------------------------------------------------------------------

==============================================================================


      Code (inc. data)   RO Data    RW Data    ZI Data      Debug   

      2996        834          0          0       1024       3324   Grand Totals
      2996        834          0          0       1024       3324   ELF Image Totals
      2996        834          0          0          0          0   ROM Totals

==============================================================================

    Total RO  Size (Code + RO Data)                 2996 (   2.93kB)
    Total RW  Size (RW Data + ZI Data)              1024 (   1.00kB)
    Total ROM Size (Code + RO Data + RW Data)       2996 (   2.93kB)

==============================================================================

