<?xml version="1.0" encoding="ISO-8859-1" ?>
<link_info>
   <banner>TI ARM Linker PC v20.2.5.LTS</banner>
   <copyright>Copyright (c) 1996-2018 Texas Instruments Incorporated</copyright>
   <link_time>0x62ad1b5e</link_time>
   <link_errors>0x0</link_errors>
   <output_file>p4_CCS.out</output_file>
   <entry_point>
      <name>_c_int00_noargs</name>
      <address>0x1a35</address>
   </entry_point>
   <input_file_list>
      <input_file id="fl-2">
         <path>.\</path>
         <kind>object</kind>
         <file>escalonador.obj</file>
         <name>escalonador.obj</name>
      </input_file>
      <input_file id="fl-3">
         <path>.\</path>
         <kind>object</kind>
         <file>hello.obj</file>
         <name>hello.obj</name>
      </input_file>
      <input_file id="fl-4">
         <path>.\</path>
         <kind>object</kind>
         <file>ppos_core.obj</file>
         <name>ppos_core.obj</name>
      </input_file>
      <input_file id="fl-5">
         <path>.\</path>
         <kind>object</kind>
         <file>queue.obj</file>
         <name>queue.obj</name>
      </input_file>
      <input_file id="fl-6">
         <path>.\</path>
         <kind>object</kind>
         <file>startup_ccs.obj</file>
         <name>startup_ccs.obj</name>
      </input_file>
      <input_file id="fl-7">
         <path>.\</path>
         <kind>object</kind>
         <file>ucontext.obj</file>
         <name>ucontext.obj</name>
      </input_file>
      <input_file id="fl-8">
         <path>.\</path>
         <kind>object</kind>
         <file>ucontext_asm.obj</file>
         <name>ucontext_asm.obj</name>
      </input_file>
      <input_file id="fl-9">
         <path>.\drivers\</path>
         <kind>object</kind>
         <file>pinout.obj</file>
         <name>pinout.obj</name>
      </input_file>
      <input_file id="fl-a">
         <path>.\utils\</path>
         <kind>object</kind>
         <file>uartstdio.obj</file>
         <name>uartstdio.obj</name>
      </input_file>
      <input_file id="fl-f">
         <kind>object</kind>
         <file>&lt;internal&gt;</file>
         <name>&lt;internal&gt;</name>
      </input_file>
      <input_file id="fl-c5">
         <path>C:\ti\ccs1040\ccs\tools\compiler\ti-cgt-arm_20.2.5.LTS\lib\</path>
         <kind>archive</kind>
         <file>rtsv7M4_T_le_v4SPD16_eabi.lib</file>
         <name>setvbuf.c.obj</name>
      </input_file>
      <input_file id="fl-c6">
         <path>C:\ti\ccs1040\ccs\tools\compiler\ti-cgt-arm_20.2.5.LTS\lib\</path>
         <kind>archive</kind>
         <file>rtsv7M4_T_le_v4SPD16_eabi.lib</file>
         <name>u_divt2.asm.obj</name>
      </input_file>
      <input_file id="fl-c7">
         <path>C:\ti\ccs1040\ccs\tools\compiler\ti-cgt-arm_20.2.5.LTS\lib\</path>
         <kind>archive</kind>
         <file>rtsv7M4_T_le_v4SPD16_eabi.lib</file>
         <name>copy_zero_init.c.obj</name>
      </input_file>
      <input_file id="fl-c8">
         <path>C:\ti\ccs1040\ccs\tools\compiler\ti-cgt-arm_20.2.5.LTS\lib\</path>
         <kind>archive</kind>
         <file>rtsv7M4_T_le_v4SPD16_eabi.lib</file>
         <name>copy_decompress_none.c.obj</name>
      </input_file>
      <input_file id="fl-c9">
         <path>C:\ti\ccs1040\ccs\tools\compiler\ti-cgt-arm_20.2.5.LTS\lib\</path>
         <kind>archive</kind>
         <file>rtsv7M4_T_le_v4SPD16_eabi.lib</file>
         <name>copy_decompress_lzss.c.obj</name>
      </input_file>
      <input_file id="fl-ca">
         <path>C:\ti\ccs1040\ccs\tools\compiler\ti-cgt-arm_20.2.5.LTS\lib\</path>
         <kind>archive</kind>
         <file>rtsv7M4_T_le_v4SPD16_eabi.lib</file>
         <name>exit.c.obj</name>
      </input_file>
      <input_file id="fl-cb">
         <path>C:\ti\ccs1040\ccs\tools\compiler\ti-cgt-arm_20.2.5.LTS\lib\</path>
         <kind>archive</kind>
         <file>rtsv7M4_T_le_v4SPD16_eabi.lib</file>
         <name>_lock.c.obj</name>
      </input_file>
      <input_file id="fl-cc">
         <path>C:\ti\ccs1040\ccs\tools\compiler\ti-cgt-arm_20.2.5.LTS\lib\</path>
         <kind>archive</kind>
         <file>rtsv7M4_T_le_v4SPD16_eabi.lib</file>
         <name>defs.c.obj</name>
      </input_file>
      <input_file id="fl-cd">
         <path>C:\ti\ccs1040\ccs\tools\compiler\ti-cgt-arm_20.2.5.LTS\lib\</path>
         <kind>archive</kind>
         <file>rtsv7M4_T_le_v4SPD16_eabi.lib</file>
         <name>memory.c.obj</name>
      </input_file>
      <input_file id="fl-ce">
         <path>C:\ti\ccs1040\ccs\tools\compiler\ti-cgt-arm_20.2.5.LTS\lib\</path>
         <kind>archive</kind>
         <file>rtsv7M4_T_le_v4SPD16_eabi.lib</file>
         <name>boot_cortex_m.c.obj</name>
      </input_file>
      <input_file id="fl-cf">
         <path>C:\ti\ccs1040\ccs\tools\compiler\ti-cgt-arm_20.2.5.LTS\lib\</path>
         <kind>archive</kind>
         <file>rtsv7M4_T_le_v4SPD16_eabi.lib</file>
         <name>fopen.c.obj</name>
      </input_file>
      <input_file id="fl-d0">
         <path>C:\ti\ccs1040\ccs\tools\compiler\ti-cgt-arm_20.2.5.LTS\lib\</path>
         <kind>archive</kind>
         <file>rtsv7M4_T_le_v4SPD16_eabi.lib</file>
         <name>div0.asm.obj</name>
      </input_file>
      <input_file id="fl-d1">
         <path>C:\ti\ccs1040\ccs\tools\compiler\ti-cgt-arm_20.2.5.LTS\lib\</path>
         <kind>archive</kind>
         <file>rtsv7M4_T_le_v4SPD16_eabi.lib</file>
         <name>memcpy_t2.asm.obj</name>
      </input_file>
      <input_file id="fl-d2">
         <path>C:\ti\ccs1040\ccs\tools\compiler\ti-cgt-arm_20.2.5.LTS\lib\</path>
         <kind>archive</kind>
         <file>rtsv7M4_T_le_v4SPD16_eabi.lib</file>
         <name>memset_t2.asm.obj</name>
      </input_file>
      <input_file id="fl-d3">
         <path>C:\ti\ccs1040\ccs\tools\compiler\ti-cgt-arm_20.2.5.LTS\lib\</path>
         <kind>archive</kind>
         <file>rtsv7M4_T_le_v4SPD16_eabi.lib</file>
         <name>autoinit.c.obj</name>
      </input_file>
      <input_file id="fl-d4">
         <path>C:\ti\ccs1040\ccs\tools\compiler\ti-cgt-arm_20.2.5.LTS\lib\</path>
         <kind>archive</kind>
         <file>rtsv7M4_T_le_v4SPD16_eabi.lib</file>
         <name>pre_init.c.obj</name>
      </input_file>
      <input_file id="fl-d5">
         <path>C:\ti\ccs1040\ccs\tools\compiler\ti-cgt-arm_20.2.5.LTS\lib\</path>
         <kind>archive</kind>
         <file>rtsv7M4_T_le_v4SPD16_eabi.lib</file>
         <name>cpy_tbl.c.obj</name>
      </input_file>
      <input_file id="fl-d6">
         <path>C:\ti\ccs1040\ccs\tools\compiler\ti-cgt-arm_20.2.5.LTS\lib\</path>
         <kind>archive</kind>
         <file>rtsv7M4_T_le_v4SPD16_eabi.lib</file>
         <name>args_main.c.obj</name>
      </input_file>
      <input_file id="fl-d7">
         <path>C:\ti\ccs1040\ccs\tools\compiler\ti-cgt-arm_20.2.5.LTS\lib\</path>
         <kind>archive</kind>
         <file>rtsv7M4_T_le_v4SPD16_eabi.lib</file>
         <name>open.c.obj</name>
      </input_file>
      <input_file id="fl-d8">
         <path>C:\ti\ccs1040\ccs\tools\compiler\ti-cgt-arm_20.2.5.LTS\lib\</path>
         <kind>archive</kind>
         <file>rtsv7M4_T_le_v4SPD16_eabi.lib</file>
         <name>fclose.c.obj</name>
      </input_file>
      <input_file id="fl-d9">
         <path>C:\ti\ccs1040\ccs\tools\compiler\ti-cgt-arm_20.2.5.LTS\lib\</path>
         <kind>archive</kind>
         <file>rtsv7M4_T_le_v4SPD16_eabi.lib</file>
         <name>fflush.c.obj</name>
      </input_file>
      <input_file id="fl-da">
         <path>C:\ti\ccs1040\ccs\tools\compiler\ti-cgt-arm_20.2.5.LTS\lib\</path>
         <kind>archive</kind>
         <file>rtsv7M4_T_le_v4SPD16_eabi.lib</file>
         <name>getdevice.c.obj</name>
      </input_file>
      <input_file id="fl-db">
         <path>C:\ti\ccs1040\ccs\tools\compiler\ti-cgt-arm_20.2.5.LTS\lib\</path>
         <kind>archive</kind>
         <file>rtsv7M4_T_le_v4SPD16_eabi.lib</file>
         <name>strchr.c.obj</name>
      </input_file>
      <input_file id="fl-dc">
         <path>C:\ti\ccs1040\ccs\tools\compiler\ti-cgt-arm_20.2.5.LTS\lib\</path>
         <kind>archive</kind>
         <file>rtsv7M4_T_le_v4SPD16_eabi.lib</file>
         <name>strcmp.c.obj</name>
      </input_file>
      <input_file id="fl-dd">
         <path>C:\ti\ccs1040\ccs\tools\compiler\ti-cgt-arm_20.2.5.LTS\lib\</path>
         <kind>archive</kind>
         <file>rtsv7M4_T_le_v4SPD16_eabi.lib</file>
         <name>strncpy.c.obj</name>
      </input_file>
      <input_file id="fl-de">
         <path>C:\ti\ccs1040\ccs\tools\compiler\ti-cgt-arm_20.2.5.LTS\lib\</path>
         <kind>archive</kind>
         <file>rtsv7M4_T_le_v4SPD16_eabi.lib</file>
         <name>write.c.obj</name>
      </input_file>
      <input_file id="fl-df">
         <path>C:\ti\ccs1040\ccs\tools\compiler\ti-cgt-arm_20.2.5.LTS\lib\</path>
         <kind>archive</kind>
         <file>rtsv7M4_T_le_v4SPD16_eabi.lib</file>
         <name>host_device.c.obj</name>
      </input_file>
      <input_file id="fl-e0">
         <path>C:\ti\ccs1040\ccs\tools\compiler\ti-cgt-arm_20.2.5.LTS\lib\</path>
         <kind>archive</kind>
         <file>rtsv7M4_T_le_v4SPD16_eabi.lib</file>
         <name>remove.c.obj</name>
      </input_file>
      <input_file id="fl-e1">
         <path>C:\ti\ccs1040\ccs\tools\compiler\ti-cgt-arm_20.2.5.LTS\lib\</path>
         <kind>archive</kind>
         <file>rtsv7M4_T_le_v4SPD16_eabi.lib</file>
         <name>close.c.obj</name>
      </input_file>
      <input_file id="fl-e2">
         <path>C:\ti\ccs1040\ccs\tools\compiler\ti-cgt-arm_20.2.5.LTS\lib\</path>
         <kind>archive</kind>
         <file>rtsv7M4_T_le_v4SPD16_eabi.lib</file>
         <name>unlink.c.obj</name>
      </input_file>
      <input_file id="fl-e3">
         <path>C:\ti\ccs1040\ccs\tools\compiler\ti-cgt-arm_20.2.5.LTS\lib\</path>
         <kind>archive</kind>
         <file>rtsv7M4_T_le_v4SPD16_eabi.lib</file>
         <name>hostclose.c.obj</name>
      </input_file>
      <input_file id="fl-e4">
         <path>C:\ti\ccs1040\ccs\tools\compiler\ti-cgt-arm_20.2.5.LTS\lib\</path>
         <kind>archive</kind>
         <file>rtsv7M4_T_le_v4SPD16_eabi.lib</file>
         <name>hostlseek.c.obj</name>
      </input_file>
      <input_file id="fl-e5">
         <path>C:\ti\ccs1040\ccs\tools\compiler\ti-cgt-arm_20.2.5.LTS\lib\</path>
         <kind>archive</kind>
         <file>rtsv7M4_T_le_v4SPD16_eabi.lib</file>
         <name>hostopen.c.obj</name>
      </input_file>
      <input_file id="fl-e6">
         <path>C:\ti\ccs1040\ccs\tools\compiler\ti-cgt-arm_20.2.5.LTS\lib\</path>
         <kind>archive</kind>
         <file>rtsv7M4_T_le_v4SPD16_eabi.lib</file>
         <name>hostread.c.obj</name>
      </input_file>
      <input_file id="fl-e7">
         <path>C:\ti\ccs1040\ccs\tools\compiler\ti-cgt-arm_20.2.5.LTS\lib\</path>
         <kind>archive</kind>
         <file>rtsv7M4_T_le_v4SPD16_eabi.lib</file>
         <name>hostrename.c.obj</name>
      </input_file>
      <input_file id="fl-e8">
         <path>C:\ti\ccs1040\ccs\tools\compiler\ti-cgt-arm_20.2.5.LTS\lib\</path>
         <kind>archive</kind>
         <file>rtsv7M4_T_le_v4SPD16_eabi.lib</file>
         <name>hostunlink.c.obj</name>
      </input_file>
      <input_file id="fl-e9">
         <path>C:\ti\ccs1040\ccs\tools\compiler\ti-cgt-arm_20.2.5.LTS\lib\</path>
         <kind>archive</kind>
         <file>rtsv7M4_T_le_v4SPD16_eabi.lib</file>
         <name>hostwrite.c.obj</name>
      </input_file>
      <input_file id="fl-ea">
         <path>C:\ti\ccs1040\ccs\tools\compiler\ti-cgt-arm_20.2.5.LTS\lib\</path>
         <kind>archive</kind>
         <file>rtsv7M4_T_le_v4SPD16_eabi.lib</file>
         <name>trgmsg.c.obj</name>
      </input_file>
      <input_file id="fl-eb">
         <path>C:\ti\ccs1040\ccs\tools\compiler\ti-cgt-arm_20.2.5.LTS\lib\</path>
         <kind>archive</kind>
         <file>rtsv7M4_T_le_v4SPD16_eabi.lib</file>
         <name>strcpy.c.obj</name>
      </input_file>
      <input_file id="fl-ec">
         <path>C:\ti\ccs1040\ccs\tools\compiler\ti-cgt-arm_20.2.5.LTS\lib\</path>
         <kind>archive</kind>
         <file>rtsv7M4_T_le_v4SPD16_eabi.lib</file>
         <name>strlen.c.obj</name>
      </input_file>
      <input_file id="fl-ed">
         <path>C:\ti\tivaware_c_series_2_1_4_178\driverlib\ccs\Debug\</path>
         <kind>archive</kind>
         <file>driverlib.lib</file>
         <name>gpio.obj</name>
      </input_file>
      <input_file id="fl-ee">
         <path>C:\ti\tivaware_c_series_2_1_4_178\driverlib\ccs\Debug\</path>
         <kind>archive</kind>
         <file>driverlib.lib</file>
         <name>interrupt.obj</name>
      </input_file>
      <input_file id="fl-ef">
         <path>C:\ti\tivaware_c_series_2_1_4_178\driverlib\ccs\Debug\</path>
         <kind>archive</kind>
         <file>driverlib.lib</file>
         <name>sysctl.obj</name>
      </input_file>
      <input_file id="fl-f0">
         <path>C:\ti\tivaware_c_series_2_1_4_178\driverlib\ccs\Debug\</path>
         <kind>archive</kind>
         <file>driverlib.lib</file>
         <name>cpu.obj</name>
      </input_file>
   </input_file_list>
   <object_component_list>
      <object_component id="oc-12">
         <name>.intvecs</name>
         <load_address>0x0</load_address>
         <run_address>0x0</run_address>
         <size>0x200</size>
         <input_file_ref idref="fl-6"/>
      </object_component>
      <object_component id="oc-f2">
         <name>.text:PinoutSet</name>
         <load_address>0x200</load_address>
         <run_address>0x200</run_address>
         <size>0x20c</size>
         <input_file_ref idref="fl-9"/>
      </object_component>
      <object_component id="oc-ec">
         <name>.text:SysCtlClockFreqSet</name>
         <load_address>0x40c</load_address>
         <run_address>0x40c</run_address>
         <size>0x200</size>
         <input_file_ref idref="fl-ef"/>
      </object_component>
      <object_component id="oc-193">
         <name>.text:UARTvprintf</name>
         <load_address>0x60c</load_address>
         <run_address>0x60c</run_address>
         <size>0x1ee</size>
         <input_file_ref idref="fl-a"/>
      </object_component>
      <object_component id="oc-17e">
         <name>.text:GPIOPadConfigSet</name>
         <load_address>0x7fa</load_address>
         <run_address>0x7fa</run_address>
         <size>0x132</size>
         <input_file_ref idref="fl-ed"/>
      </object_component>
      <object_component id="oc-22a">
         <name>.text</name>
         <load_address>0x92c</load_address>
         <run_address>0x92c</run_address>
         <size>0x120</size>
         <input_file_ref idref="fl-8"/>
      </object_component>
      <object_component id="oc-104">
         <name>.text:p4_esc</name>
         <load_address>0xa4c</load_address>
         <run_address>0xa4c</run_address>
         <size>0x11c</size>
         <input_file_ref idref="fl-2"/>
      </object_component>
      <object_component id="oc-2b0">
         <name>.text:aligned_alloc</name>
         <load_address>0xb68</load_address>
         <run_address>0xb68</run_address>
         <size>0x100</size>
         <input_file_ref idref="fl-cd"/>
      </object_component>
      <object_component id="oc-29d">
         <name>.text:free</name>
         <load_address>0xc68</load_address>
         <run_address>0xc68</run_address>
         <size>0xe4</size>
         <input_file_ref idref="fl-cd"/>
      </object_component>
      <object_component id="oc-21e">
         <name>.text:setvbuf</name>
         <load_address>0xd4c</load_address>
         <run_address>0xd4c</run_address>
         <size>0xdc</size>
         <input_file_ref idref="fl-c5"/>
      </object_component>
      <object_component id="oc-1a0">
         <name>.text:ppos_init</name>
         <load_address>0xe28</load_address>
         <run_address>0xe28</run_address>
         <size>0xbc</size>
         <input_file_ref idref="fl-4"/>
      </object_component>
      <object_component id="oc-1a6">
         <name>.text:task_create</name>
         <load_address>0xee4</load_address>
         <run_address>0xee4</run_address>
         <size>0xa0</size>
         <input_file_ref idref="fl-4"/>
      </object_component>
      <object_component id="oc-50">
         <name>.text</name>
         <load_address>0xf84</load_address>
         <run_address>0xf84</run_address>
         <size>0x9c</size>
         <input_file_ref idref="fl-d1"/>
      </object_component>
      <object_component id="oc-ab">
         <name>.text</name>
         <load_address>0x1020</load_address>
         <run_address>0x1020</run_address>
         <size>0x7a</size>
         <input_file_ref idref="fl-d2"/>
      </object_component>
      <object_component id="oc-36">
         <name>.text:FaultISR</name>
         <load_address>0x109a</load_address>
         <run_address>0x109a</run_address>
         <size>0x2</size>
         <input_file_ref idref="fl-6"/>
      </object_component>
      <object_component id="oc-2f6">
         <name>.text:__TI_closefile</name>
         <load_address>0x109c</load_address>
         <run_address>0x109c</run_address>
         <size>0x74</size>
         <input_file_ref idref="fl-d8"/>
      </object_component>
      <object_component id="oc-302">
         <name>.text:split</name>
         <load_address>0x1110</load_address>
         <run_address>0x1110</run_address>
         <size>0x70</size>
         <input_file_ref idref="fl-cd"/>
      </object_component>
      <object_component id="oc-3a3">
         <name>.text:HOSTrename</name>
         <load_address>0x1180</load_address>
         <run_address>0x1180</run_address>
         <size>0x6c</size>
         <input_file_ref idref="fl-e7"/>
      </object_component>
      <object_component id="oc-1b9">
         <name>.text:Body</name>
         <load_address>0x11ec</load_address>
         <run_address>0x11ec</run_address>
         <size>0x6a</size>
         <input_file_ref idref="fl-2"/>
      </object_component>
      <object_component id="oc-3c">
         <name>.text:IntDefaultHandler</name>
         <load_address>0x1256</load_address>
         <run_address>0x1256</run_address>
         <size>0x2</size>
         <input_file_ref idref="fl-6"/>
      </object_component>
      <object_component id="oc-397">
         <name>.text:HOSTlseek</name>
         <load_address>0x1258</load_address>
         <run_address>0x1258</run_address>
         <size>0x68</size>
         <input_file_ref idref="fl-e4"/>
      </object_component>
      <object_component id="oc-15">
         <name>.text:decompress:lzss:__TI_decompress_lzss</name>
         <load_address>0x12c0</load_address>
         <run_address>0x12c0</run_address>
         <size>0x68</size>
         <input_file_ref idref="fl-c9"/>
      </object_component>
      <object_component id="oc-2cb">
         <name>.text:queue_remove</name>
         <load_address>0x1328</load_address>
         <run_address>0x1328</run_address>
         <size>0x68</size>
         <input_file_ref idref="fl-5"/>
      </object_component>
      <object_component id="oc-37f">
         <name>.text:HOSTopen</name>
         <load_address>0x1390</load_address>
         <run_address>0x1390</run_address>
         <size>0x60</size>
         <input_file_ref idref="fl-e5"/>
      </object_component>
      <object_component id="oc-18c">
         <name>.text:UARTStdioConfig</name>
         <load_address>0x13f0</load_address>
         <run_address>0x13f0</run_address>
         <size>0x60</size>
         <input_file_ref idref="fl-a"/>
      </object_component>
      <object_component id="oc-f8">
         <name>.text:ConfigureUART</name>
         <load_address>0x1450</load_address>
         <run_address>0x1450</run_address>
         <size>0x5c</size>
         <input_file_ref idref="fl-3"/>
      </object_component>
      <object_component id="oc-321">
         <name>.text:close</name>
         <load_address>0x14ac</load_address>
         <run_address>0x14ac</run_address>
         <size>0x5c</size>
         <input_file_ref idref="fl-e1"/>
      </object_component>
      <object_component id="oc-38b">
         <name>.text:HOSTread</name>
         <load_address>0x1508</load_address>
         <run_address>0x1508</run_address>
         <size>0x58</size>
         <input_file_ref idref="fl-e6"/>
      </object_component>
      <object_component id="oc-391">
         <name>.text:HOSTwrite</name>
         <load_address>0x1560</load_address>
         <run_address>0x1560</run_address>
         <size>0x58</size>
         <input_file_ref idref="fl-e9"/>
      </object_component>
      <object_component id="oc-31b">
         <name>.text:__TI_doflush</name>
         <load_address>0x15b8</load_address>
         <run_address>0x15b8</run_address>
         <size>0x4c</size>
         <input_file_ref idref="fl-d9"/>
      </object_component>
      <object_component id="oc-b7">
         <name>.text:main</name>
         <load_address>0x1604</load_address>
         <run_address>0x1604</run_address>
         <size>0x4c</size>
         <input_file_ref idref="fl-3"/>
      </object_component>
      <object_component id="oc-210">
         <name>.text:UARTwrite</name>
         <load_address>0x1650</load_address>
         <run_address>0x1650</run_address>
         <size>0x48</size>
         <input_file_ref idref="fl-a"/>
      </object_component>
      <object_component id="oc-168">
         <name>.text:_SysCtlFrequencyGet</name>
         <load_address>0x1698</load_address>
         <run_address>0x1698</run_address>
         <size>0x48</size>
         <input_file_ref idref="fl-ef"/>
      </object_component>
      <object_component id="oc-119">
         <name>.text:exit</name>
         <load_address>0x16e0</load_address>
         <run_address>0x16e0</run_address>
         <size>0x48</size>
         <input_file_ref idref="fl-ca"/>
      </object_component>
      <object_component id="oc-385">
         <name>.text:HOSTclose</name>
         <load_address>0x1728</load_address>
         <run_address>0x1728</run_address>
         <size>0x44</size>
         <input_file_ref idref="fl-e3"/>
      </object_component>
      <object_component id="oc-39d">
         <name>.text:HOSTunlink</name>
         <load_address>0x176c</load_address>
         <run_address>0x176c</run_address>
         <size>0x44</size>
         <input_file_ref idref="fl-e8"/>
      </object_component>
      <object_component id="oc-11f">
         <name>.text:__TI_auto_init_nobinit_nopinit:__TI_auto_init_nobinit_nopinit</name>
         <load_address>0x17b0</load_address>
         <run_address>0x17b0</run_address>
         <size>0x44</size>
         <input_file_ref idref="fl-d3"/>
      </object_component>
      <object_component id="oc-342">
         <name>.text:getdevice</name>
         <load_address>0x17f4</load_address>
         <run_address>0x17f4</run_address>
         <size>0x44</size>
         <input_file_ref idref="fl-da"/>
      </object_component>
      <object_component id="oc-216">
         <name>.text</name>
         <load_address>0x1838</load_address>
         <run_address>0x1838</run_address>
         <size>0x40</size>
         <input_file_ref idref="fl-c6"/>
      </object_component>
      <object_component id="oc-2c5">
         <name>.text:scheduler</name>
         <load_address>0x1878</load_address>
         <run_address>0x1878</run_address>
         <size>0x40</size>
         <input_file_ref idref="fl-4"/>
      </object_component>
      <object_component id="oc-23e">
         <name>.text:Bodydispatcher</name>
         <load_address>0x18b8</load_address>
         <run_address>0x18b8</run_address>
         <size>0x38</size>
         <input_file_ref idref="fl-4"/>
      </object_component>
      <object_component id="oc-3c6">
         <name>.text:__TI_writemsg</name>
         <load_address>0x18f0</load_address>
         <run_address>0x18f0</run_address>
         <size>0x38</size>
         <input_file_ref idref="fl-ea"/>
      </object_component>
      <object_component id="oc-261">
         <name>.text:task_exit</name>
         <load_address>0x1928</load_address>
         <run_address>0x1928</run_address>
         <size>0x38</size>
         <input_file_ref idref="fl-4"/>
      </object_component>
      <object_component id="oc-24b">
         <name>.text:queue_append</name>
         <load_address>0x1960</load_address>
         <run_address>0x1960</run_address>
         <size>0x36</size>
         <input_file_ref idref="fl-5"/>
      </object_component>
      <object_component id="oc-368">
         <name>.text:strncpy</name>
         <load_address>0x1996</load_address>
         <run_address>0x1996</run_address>
         <size>0x36</size>
         <input_file_ref idref="fl-dd"/>
      </object_component>
      <object_component id="oc-2a3">
         <name>.text:__TI_cleanup</name>
         <load_address>0x19cc</load_address>
         <run_address>0x19cc</run_address>
         <size>0x34</size>
         <input_file_ref idref="fl-cf"/>
      </object_component>
      <object_component id="oc-3cc">
         <name>.text:__TI_readmsg</name>
         <load_address>0x1a00</load_address>
         <run_address>0x1a00</run_address>
         <size>0x34</size>
         <input_file_ref idref="fl-ea"/>
      </object_component>
      <object_component id="oc-6e">
         <name>.text:_c_int00_noargs:_c_int00_noargs</name>
         <load_address>0x1a34</load_address>
         <run_address>0x1a34</run_address>
         <size>0x34</size>
         <input_file_ref idref="fl-ce"/>
      </object_component>
      <object_component id="oc-36e">
         <name>.text:finddevice</name>
         <load_address>0x1a68</load_address>
         <run_address>0x1a68</run_address>
         <size>0x30</size>
         <input_file_ref idref="fl-da"/>
      </object_component>
      <object_component id="oc-327">
         <name>.text:unlink</name>
         <load_address>0x1a98</load_address>
         <run_address>0x1a98</run_address>
         <size>0x2c</size>
         <input_file_ref idref="fl-e2"/>
      </object_component>
      <object_component id="oc-1fa">
         <name>.text:GPIODirModeSet</name>
         <load_address>0x1ac4</load_address>
         <run_address>0x1ac4</run_address>
         <size>0x2a</size>
         <input_file_ref idref="fl-ed"/>
      </object_component>
      <object_component id="oc-30">
         <name>.text:NmiSR</name>
         <load_address>0x1aee</load_address>
         <run_address>0x1aee</run_address>
         <size>0x2</size>
         <input_file_ref idref="fl-6"/>
      </object_component>
      <object_component id="oc-2ef">
         <name>.text:free_list_insert</name>
         <load_address>0x1af0</load_address>
         <run_address>0x1af0</run_address>
         <size>0x28</size>
         <input_file_ref idref="fl-cd"/>
      </object_component>
      <object_component id="oc-1b2">
         <name>.text:task_yield</name>
         <load_address>0x1b18</load_address>
         <run_address>0x1b18</run_address>
         <size>0x28</size>
         <input_file_ref idref="fl-4"/>
      </object_component>
      <object_component id="oc-335">
         <name>.text:write</name>
         <load_address>0x1b40</load_address>
         <run_address>0x1b40</run_address>
         <size>0x28</size>
         <input_file_ref idref="fl-de"/>
      </object_component>
      <object_component id="oc-162">
         <name>.text:_SysCtlMemTimingGet</name>
         <load_address>0x1b68</load_address>
         <run_address>0x1b68</run_address>
         <size>0x20</size>
         <input_file_ref idref="fl-ef"/>
      </object_component>
      <object_component id="oc-2e9">
         <name>.text:free_list_remove</name>
         <load_address>0x1b88</load_address>
         <run_address>0x1b88</run_address>
         <size>0x1c</size>
         <input_file_ref idref="fl-cd"/>
      </object_component>
      <object_component id="oc-254">
         <name>.text:task_switch</name>
         <load_address>0x1ba4</load_address>
         <run_address>0x1ba4</run_address>
         <size>0x1c</size>
         <input_file_ref idref="fl-4"/>
      </object_component>
      <object_component id="oc-fe">
         <name>.text:UARTprintf</name>
         <load_address>0x1bc0</load_address>
         <run_address>0x1bc0</run_address>
         <size>0x1a</size>
         <input_file_ref idref="fl-a"/>
      </object_component>
      <object_component id="oc-3b2">
         <name>.text:strcmp</name>
         <load_address>0x1bda</load_address>
         <run_address>0x1bda</run_address>
         <size>0x18</size>
         <input_file_ref idref="fl-dc"/>
      </object_component>
      <object_component id="oc-362">
         <name>.text:strchr</name>
         <load_address>0x1bf2</load_address>
         <run_address>0x1bf2</run_address>
         <size>0x16</size>
         <input_file_ref idref="fl-db"/>
      </object_component>
      <object_component id="oc-3e0">
         <name>.text:strcpy</name>
         <load_address>0x1c08</load_address>
         <run_address>0x1c08</run_address>
         <size>0x14</size>
         <input_file_ref idref="fl-eb"/>
      </object_component>
      <object_component id="oc-3c0">
         <name>.text:strlen</name>
         <load_address>0x1c1c</load_address>
         <run_address>0x1c1c</run_address>
         <size>0x14</size>
         <input_file_ref idref="fl-ec"/>
      </object_component>
      <object_component id="oc-184">
         <name>.text:GPIOPinTypeEthernetLED</name>
         <load_address>0x1c30</load_address>
         <run_address>0x1c30</run_address>
         <size>0x12</size>
         <input_file_ref idref="fl-ed"/>
      </object_component>
      <object_component id="oc-26a">
         <name>.text:_nop</name>
         <load_address>0x1c42</load_address>
         <run_address>0x1c42</run_address>
         <size>0x2</size>
         <input_file_ref idref="fl-cb"/>
      </object_component>
      <object_component id="oc-25b">
         <name>.text:task_getprio</name>
         <load_address>0x1c44</load_address>
         <run_address>0x1c44</run_address>
         <size>0x10</size>
         <input_file_ref idref="fl-4"/>
      </object_component>
      <object_component id="oc-1ac">
         <name>.text:task_setprio</name>
         <load_address>0x1c54</load_address>
         <run_address>0x1c54</run_address>
         <size>0x10</size>
         <input_file_ref idref="fl-4"/>
      </object_component>
      <object_component id="oc-1b">
         <name>.text:decompress:none:__TI_decompress_none</name>
         <load_address>0x1c64</load_address>
         <run_address>0x1c64</run_address>
         <size>0xe</size>
         <input_file_ref idref="fl-c8"/>
      </object_component>
      <object_component id="oc-62">
         <name>.text:decompress:ZI:__TI_zero_init</name>
         <load_address>0x1c72</load_address>
         <run_address>0x1c72</run_address>
         <size>0xc</size>
         <input_file_ref idref="fl-c7"/>
      </object_component>
      <object_component id="oc-22f">
         <name>.text:makecontextMain</name>
         <load_address>0x1c7e</load_address>
         <run_address>0x1c7e</run_address>
         <size>0xa</size>
         <input_file_ref idref="fl-7"/>
      </object_component>
      <object_component id="oc-224">
         <name>.text:malloc</name>
         <load_address>0x1c88</load_address>
         <run_address>0x1c88</run_address>
         <size>0x8</size>
         <input_file_ref idref="fl-cd"/>
      </object_component>
      <object_component id="oc-2a">
         <name>.text:ResetISR</name>
         <load_address>0x1c90</load_address>
         <run_address>0x1c90</run_address>
         <size>0x6</size>
         <input_file_ref idref="fl-6"/>
      </object_component>
      <object_component id="oc-245">
         <name>.text:makecontext</name>
         <load_address>0x1c96</load_address>
         <run_address>0x1c96</run_address>
         <size>0x6</size>
         <input_file_ref idref="fl-7"/>
      </object_component>
      <object_component id="oc-b1">
         <name>.text:_system_pre_init</name>
         <load_address>0x1c9c</load_address>
         <run_address>0x1c9c</run_address>
         <size>0x4</size>
         <input_file_ref idref="fl-d4"/>
      </object_component>
      <object_component id="oc-113">
         <name>.text:abort:abort</name>
         <load_address>0x1ca0</load_address>
         <run_address>0x1ca0</run_address>
         <size>0x4</size>
         <input_file_ref idref="fl-ca"/>
      </object_component>
      <object_component id="oc-297">
         <name>.text</name>
         <load_address>0x1ca4</load_address>
         <run_address>0x1ca4</run_address>
         <size>0x2</size>
         <input_file_ref idref="fl-d0"/>
      </object_component>
      <object_component id="oc-171">
         <name>.const:g_pppui32XTALtoVCO</name>
         <load_address>0x1ca8</load_address>
         <run_address>0x1ca8</run_address>
         <size>0x1b0</size>
         <input_file_ref idref="fl-ef"/>
      </object_component>
      <object_component id="oc-16e">
         <name>.const:g_pui32Xtals</name>
         <load_address>0x1e58</load_address>
         <run_address>0x1e58</run_address>
         <size>0x6c</size>
         <input_file_ref idref="fl-ef"/>
      </object_component>
      <object_component id="oc-1e6">
         <name>.const:g_sXTALtoMEMTIM</name>
         <load_address>0x1ec4</load_address>
         <run_address>0x1ec4</run_address>
         <size>0x30</size>
         <input_file_ref idref="fl-ef"/>
      </object_component>
      <object_component id="oc-206">
         <name>.const:g_ui32UARTBase</name>
         <load_address>0x1ef4</load_address>
         <run_address>0x1ef4</run_address>
         <size>0xc</size>
         <input_file_ref idref="fl-a"/>
      </object_component>
      <object_component id="oc-203">
         <name>.const:g_ui32UARTPeriph</name>
         <load_address>0x1f00</load_address>
         <run_address>0x1f00</run_address>
         <size>0xc</size>
         <input_file_ref idref="fl-a"/>
      </object_component>
      <object_component id="oc-174">
         <name>.const</name>
         <load_address>0x1f0c</load_address>
         <run_address>0x1f0c</run_address>
         <size>0x8</size>
         <input_file_ref idref="fl-ef"/>
      </object_component>
      <object_component id="oc-43d">
         <name>.cinit..data.load</name>
         <load_address>0x1f18</load_address>
         <run_address>0x1f18</run_address>
         <size>0x68</size>
      </object_component>
      <object_component id="oc-43b">
         <name>__TI_handler_table</name>
         <load_address>0x1f80</load_address>
         <run_address>0x1f80</run_address>
         <size>0xc</size>
      </object_component>
      <object_component id="oc-43e">
         <name>.cinit..bss.load</name>
         <load_address>0x1f90</load_address>
         <run_address>0x1f90</run_address>
         <size>0x8</size>
      </object_component>
      <object_component id="oc-43c">
         <name>__TI_cinit_table</name>
         <load_address>0x1f98</load_address>
         <run_address>0x1f98</run_address>
         <size>0x10</size>
      </object_component>
      <object_component id="oc-209">
         <name>.data</name>
         <load_address>0x2003e6c4</load_address>
         <run_address>0x2003e6c4</run_address>
         <size>0x5</size>
         <input_file_ref idref="fl-a"/>
      </object_component>
      <object_component id="oc-1c7">
         <name>.data:$O1$$</name>
         <load_address>0x2003e6a8</load_address>
         <run_address>0x2003e6a8</run_address>
         <size>0xc</size>
         <input_file_ref idref="fl-ca"/>
      </object_component>
      <object_component id="oc-1ca">
         <name>.data:$O1$$</name>
         <load_address>0x2003e6b4</load_address>
         <run_address>0x2003e6b4</run_address>
         <size>0x8</size>
         <input_file_ref idref="fl-cb"/>
      </object_component>
      <object_component id="oc-235">
         <name>.data:_ftable</name>
         <load_address>0x2003e4e0</load_address>
         <run_address>0x2003e4e0</run_address>
         <size>0xf0</size>
         <input_file_ref idref="fl-cc"/>
      </object_component>
      <object_component id="oc-2fc">
         <name>.data</name>
         <load_address>0x2003e698</load_address>
         <run_address>0x2003e698</run_address>
         <size>0x10</size>
         <input_file_ref idref="fl-cc"/>
      </object_component>
      <object_component id="oc-308">
         <name>.data:$O1$$</name>
         <load_address>0x2003e6bc</load_address>
         <run_address>0x2003e6bc</run_address>
         <size>0x8</size>
         <input_file_ref idref="fl-cd"/>
      </object_component>
      <object_component id="oc-350">
         <name>.data:_device</name>
         <load_address>0x2003e5d0</load_address>
         <run_address>0x2003e5d0</run_address>
         <size>0x78</size>
         <input_file_ref idref="fl-df"/>
      </object_component>
      <object_component id="oc-33d">
         <name>.data:_stream</name>
         <load_address>0x2003e648</load_address>
         <run_address>0x2003e648</run_address>
         <size>0x50</size>
         <input_file_ref idref="fl-df"/>
      </object_component>
      <object_component id="oc-3f2">
         <name>.bss:_CIOBUF_</name>
         <uninitialized>true</uninitialized>
         <run_address>0x2003e000</run_address>
         <size>0x120</size>
         <input_file_ref idref="fl-ea"/>
      </object_component>
      <object_component id="oc-1b8">
         <name>.common:Pang</name>
         <uninitialized>true</uninitialized>
         <run_address>0x2003e1c0</run_address>
         <size>0x80</size>
      </object_component>
      <object_component id="oc-1bf">
         <name>.common:Peng</name>
         <uninitialized>true</uninitialized>
         <run_address>0x2003e240</run_address>
         <size>0x80</size>
      </object_component>
      <object_component id="oc-1c0">
         <name>.common:Ping</name>
         <uninitialized>true</uninitialized>
         <run_address>0x2003e2c0</run_address>
         <size>0x80</size>
      </object_component>
      <object_component id="oc-1c1">
         <name>.common:Pong</name>
         <uninitialized>true</uninitialized>
         <run_address>0x2003e340</run_address>
         <size>0x80</size>
      </object_component>
      <object_component id="oc-1c2">
         <name>.common:Pung</name>
         <uninitialized>true</uninitialized>
         <run_address>0x2003e3c0</run_address>
         <size>0x80</size>
      </object_component>
      <object_component id="oc-10a">
         <name>.common:g_ui32SysClock</name>
         <uninitialized>true</uninitialized>
         <run_address>0x2003e4c8</run_address>
         <size>0x4</size>
      </object_component>
      <object_component id="oc-23b">
         <name>.common:taskMain</name>
         <uninitialized>true</uninitialized>
         <run_address>0x2003e4d4</run_address>
         <size>0x4</size>
      </object_component>
      <object_component id="oc-23c">
         <name>.common:taskAtual</name>
         <uninitialized>true</uninitialized>
         <run_address>0x2003e4cc</run_address>
         <size>0x4</size>
      </object_component>
      <object_component id="oc-238">
         <name>.common:taskID</name>
         <uninitialized>true</uninitialized>
         <run_address>0x2003e4d0</run_address>
         <size>0x4</size>
      </object_component>
      <object_component id="oc-23d">
         <name>.common:taskdisp</name>
         <uninitialized>true</uninitialized>
         <run_address>0x2003e440</run_address>
         <size>0x80</size>
      </object_component>
      <object_component id="oc-251">
         <name>.common:taskQueue</name>
         <uninitialized>true</uninitialized>
         <run_address>0x2003e4dc</run_address>
         <size>0x4</size>
      </object_component>
      <object_component id="oc-2d1">
         <name>.common:taskNext</name>
         <uninitialized>true</uninitialized>
         <run_address>0x2003e4d8</run_address>
         <size>0x4</size>
      </object_component>
      <object_component id="oc-32d">
         <name>.common:__TI_tmpnams</name>
         <uninitialized>true</uninitialized>
         <run_address>0x2003e120</run_address>
         <size>0xa0</size>
      </object_component>
      <object_component id="oc-3d2">
         <name>.common:parmbuf</name>
         <uninitialized>true</uninitialized>
         <run_address>0x2003e4c0</run_address>
         <size>0x8</size>
      </object_component>
      <object_component id="oc-24">
         <name>.sysmem</name>
         <uninitialized>true</uninitialized>
         <run_address>0x20000000</run_address>
         <size>0x10</size>
         <input_file_ref idref="fl-cd"/>
      </object_component>
      <object_component id="oc-441">
         <name>.sysmem</name>
         <uninitialized>true</uninitialized>
         <run_address>0x20000000</run_address>
         <size>0x0</size>
      </object_component>
      <object_component id="oc-27">
         <name>.stack</name>
         <uninitialized>true</uninitialized>
         <run_address>0x2003c000</run_address>
         <size>0x4</size>
         <input_file_ref idref="fl-ce"/>
      </object_component>
      <object_component id="oc-440">
         <name>.stack</name>
         <uninitialized>true</uninitialized>
         <run_address>0x2003c000</run_address>
         <size>0x0</size>
      </object_component>
      <object_component id="oc-da">
         <name>.debug_info</name>
         <load_address>0x0</load_address>
         <run_address>0x0</run_address>
         <size>0x4bf</size>
         <input_file_ref idref="fl-2"/>
      </object_component>
      <object_component id="oc-105">
         <name>.debug_info</name>
         <load_address>0x4bf</load_address>
         <run_address>0x4bf</run_address>
         <size>0x262</size>
         <input_file_ref idref="fl-2"/>
      </object_component>
      <object_component id="oc-1ba">
         <name>.debug_info</name>
         <load_address>0x721</load_address>
         <run_address>0x721</run_address>
         <size>0x1e7</size>
         <input_file_ref idref="fl-2"/>
      </object_component>
      <object_component id="oc-158">
         <name>.debug_info</name>
         <load_address>0x908</load_address>
         <run_address>0x908</run_address>
         <size>0x158</size>
         <input_file_ref idref="fl-2"/>
      </object_component>
      <object_component id="oc-8c">
         <name>.debug_info</name>
         <load_address>0xa60</load_address>
         <run_address>0xa60</run_address>
         <size>0x26b</size>
         <input_file_ref idref="fl-2"/>
      </object_component>
      <object_component id="oc-4b">
         <name>.debug_info</name>
         <load_address>0xccb</load_address>
         <run_address>0xccb</run_address>
         <size>0x84</size>
         <input_file_ref idref="fl-2"/>
      </object_component>
      <object_component id="oc-d5">
         <name>.debug_info</name>
         <load_address>0xd4f</load_address>
         <run_address>0xd4f</run_address>
         <size>0x2a4</size>
         <input_file_ref idref="fl-2"/>
      </object_component>
      <object_component id="oc-2c0">
         <name>.debug_info</name>
         <load_address>0xff3</load_address>
         <run_address>0xff3</run_address>
         <size>0xcc</size>
         <input_file_ref idref="fl-2"/>
      </object_component>
      <object_component id="oc-19b">
         <name>.debug_info</name>
         <load_address>0x10bf</load_address>
         <run_address>0x10bf</run_address>
         <size>0x2c</size>
         <input_file_ref idref="fl-2"/>
      </object_component>
      <object_component id="oc-15d">
         <name>.debug_info</name>
         <load_address>0x10eb</load_address>
         <run_address>0x10eb</run_address>
         <size>0x28c</size>
         <input_file_ref idref="fl-2"/>
      </object_component>
      <object_component id="oc-153">
         <name>.debug_info</name>
         <load_address>0x1377</load_address>
         <run_address>0x1377</run_address>
         <size>0x62</size>
         <input_file_ref idref="fl-2"/>
      </object_component>
      <object_component id="oc-10b">
         <name>.debug_info</name>
         <load_address>0x13d9</load_address>
         <run_address>0x13d9</run_address>
         <size>0x3c2</size>
         <input_file_ref idref="fl-3"/>
      </object_component>
      <object_component id="oc-f9">
         <name>.debug_info</name>
         <load_address>0x179b</load_address>
         <run_address>0x179b</run_address>
         <size>0x190</size>
         <input_file_ref idref="fl-3"/>
      </object_component>
      <object_component id="oc-b8">
         <name>.debug_info</name>
         <load_address>0x192b</load_address>
         <run_address>0x192b</run_address>
         <size>0x1a4</size>
         <input_file_ref idref="fl-3"/>
      </object_component>
      <object_component id="oc-10e">
         <name>.debug_info</name>
         <load_address>0x1acf</load_address>
         <run_address>0x1acf</run_address>
         <size>0x8b</size>
         <input_file_ref idref="fl-3"/>
      </object_component>
      <object_component id="oc-91">
         <name>.debug_info</name>
         <load_address>0x1b5a</load_address>
         <run_address>0x1b5a</run_address>
         <size>0xbb</size>
         <input_file_ref idref="fl-3"/>
      </object_component>
      <object_component id="oc-239">
         <name>.debug_info</name>
         <load_address>0x1c15</load_address>
         <run_address>0x1c15</run_address>
         <size>0x63a</size>
         <input_file_ref idref="fl-4"/>
      </object_component>
      <object_component id="oc-255">
         <name>.debug_info</name>
         <load_address>0x224f</load_address>
         <run_address>0x224f</run_address>
         <size>0x1b3</size>
         <input_file_ref idref="fl-4"/>
      </object_component>
      <object_component id="oc-1b3">
         <name>.debug_info</name>
         <load_address>0x2402</load_address>
         <run_address>0x2402</run_address>
         <size>0x182</size>
         <input_file_ref idref="fl-4"/>
      </object_component>
      <object_component id="oc-1ad">
         <name>.debug_info</name>
         <load_address>0x2584</load_address>
         <run_address>0x2584</run_address>
         <size>0x1a5</size>
         <input_file_ref idref="fl-4"/>
      </object_component>
      <object_component id="oc-25c">
         <name>.debug_info</name>
         <load_address>0x2729</load_address>
         <run_address>0x2729</run_address>
         <size>0x198</size>
         <input_file_ref idref="fl-4"/>
      </object_component>
      <object_component id="oc-262">
         <name>.debug_info</name>
         <load_address>0x28c1</load_address>
         <run_address>0x28c1</run_address>
         <size>0x1a4</size>
         <input_file_ref idref="fl-4"/>
      </object_component>
      <object_component id="oc-1a7">
         <name>.debug_info</name>
         <load_address>0x2a65</load_address>
         <run_address>0x2a65</run_address>
         <size>0x254</size>
         <input_file_ref idref="fl-4"/>
      </object_component>
      <object_component id="oc-2c6">
         <name>.debug_info</name>
         <load_address>0x2cb9</load_address>
         <run_address>0x2cb9</run_address>
         <size>0x199</size>
         <input_file_ref idref="fl-4"/>
      </object_component>
      <object_component id="oc-1a1">
         <name>.debug_info</name>
         <load_address>0x2e52</load_address>
         <run_address>0x2e52</run_address>
         <size>0x1f0</size>
         <input_file_ref idref="fl-4"/>
      </object_component>
      <object_component id="oc-23f">
         <name>.debug_info</name>
         <load_address>0x3042</load_address>
         <run_address>0x3042</run_address>
         <size>0x1b9</size>
         <input_file_ref idref="fl-4"/>
      </object_component>
      <object_component id="oc-2d5">
         <name>.debug_info</name>
         <load_address>0x31fb</load_address>
         <run_address>0x31fb</run_address>
         <size>0x2f9</size>
         <input_file_ref idref="fl-5"/>
      </object_component>
      <object_component id="oc-2cd">
         <name>.debug_info</name>
         <load_address>0x34f4</load_address>
         <run_address>0x34f4</run_address>
         <size>0x1fc</size>
         <input_file_ref idref="fl-5"/>
      </object_component>
      <object_component id="oc-24f">
         <name>.debug_info</name>
         <load_address>0x36f0</load_address>
         <run_address>0x36f0</run_address>
         <size>0x1ac</size>
         <input_file_ref idref="fl-5"/>
      </object_component>
      <object_component id="oc-44">
         <name>.debug_info</name>
         <load_address>0x389c</load_address>
         <run_address>0x389c</run_address>
         <size>0x2f0</size>
         <input_file_ref idref="fl-6"/>
      </object_component>
      <object_component id="oc-13">
         <name>.debug_info</name>
         <load_address>0x3b8c</load_address>
         <run_address>0x3b8c</run_address>
         <size>0x12f</size>
         <input_file_ref idref="fl-6"/>
      </object_component>
      <object_component id="oc-2b">
         <name>.debug_info</name>
         <load_address>0x3cbb</load_address>
         <run_address>0x3cbb</run_address>
         <size>0x15f</size>
         <input_file_ref idref="fl-6"/>
      </object_component>
      <object_component id="oc-33">
         <name>.debug_info</name>
         <load_address>0x3e1a</load_address>
         <run_address>0x3e1a</run_address>
         <size>0x14d</size>
         <input_file_ref idref="fl-6"/>
      </object_component>
      <object_component id="oc-3f">
         <name>.debug_info</name>
         <load_address>0x3f67</load_address>
         <run_address>0x3f67</run_address>
         <size>0x168</size>
         <input_file_ref idref="fl-6"/>
      </object_component>
      <object_component id="oc-37">
         <name>.debug_info</name>
         <load_address>0x40cf</load_address>
         <run_address>0x40cf</run_address>
         <size>0x153</size>
         <input_file_ref idref="fl-6"/>
      </object_component>
      <object_component id="oc-2b9">
         <name>.debug_info</name>
         <load_address>0x4222</load_address>
         <run_address>0x4222</run_address>
         <size>0x326</size>
         <input_file_ref idref="fl-7"/>
      </object_component>
      <object_component id="oc-230">
         <name>.debug_info</name>
         <load_address>0x4548</load_address>
         <run_address>0x4548</run_address>
         <size>0x211</size>
         <input_file_ref idref="fl-7"/>
      </object_component>
      <object_component id="oc-247">
         <name>.debug_info</name>
         <load_address>0x4759</load_address>
         <run_address>0x4759</run_address>
         <size>0x209</size>
         <input_file_ref idref="fl-7"/>
      </object_component>
      <object_component id="oc-22b">
         <name>.debug_info</name>
         <load_address>0x4962</load_address>
         <run_address>0x4962</run_address>
         <size>0x186</size>
         <input_file_ref idref="fl-8"/>
      </object_component>
      <object_component id="oc-18b">
         <name>.debug_info</name>
         <load_address>0x4ae8</load_address>
         <run_address>0x4ae8</run_address>
         <size>0x3b3</size>
         <input_file_ref idref="fl-9"/>
      </object_component>
      <object_component id="oc-f4">
         <name>.debug_info</name>
         <load_address>0x4e9b</load_address>
         <run_address>0x4e9b</run_address>
         <size>0x304</size>
         <input_file_ref idref="fl-9"/>
      </object_component>
      <object_component id="oc-19a">
         <name>.debug_info</name>
         <load_address>0x519f</load_address>
         <run_address>0x519f</run_address>
         <size>0x2ed</size>
         <input_file_ref idref="fl-a"/>
      </object_component>
      <object_component id="oc-20d">
         <name>.debug_info</name>
         <load_address>0x548c</load_address>
         <run_address>0x548c</run_address>
         <size>0x12e</size>
         <input_file_ref idref="fl-a"/>
      </object_component>
      <object_component id="oc-207">
         <name>.debug_info</name>
         <load_address>0x55ba</load_address>
         <run_address>0x55ba</run_address>
         <size>0x136</size>
         <input_file_ref idref="fl-a"/>
      </object_component>
      <object_component id="oc-204">
         <name>.debug_info</name>
         <load_address>0x56f0</load_address>
         <run_address>0x56f0</run_address>
         <size>0x13a</size>
         <input_file_ref idref="fl-a"/>
      </object_component>
      <object_component id="oc-213">
         <name>.debug_info</name>
         <load_address>0x582a</load_address>
         <run_address>0x582a</run_address>
         <size>0x1e7</size>
         <input_file_ref idref="fl-a"/>
      </object_component>
      <object_component id="oc-195">
         <name>.debug_info</name>
         <load_address>0x5a11</load_address>
         <run_address>0x5a11</run_address>
         <size>0x319</size>
         <input_file_ref idref="fl-a"/>
      </object_component>
      <object_component id="oc-100">
         <name>.debug_info</name>
         <load_address>0x5d2a</load_address>
         <run_address>0x5d2a</run_address>
         <size>0x1b4</size>
         <input_file_ref idref="fl-a"/>
      </object_component>
      <object_component id="oc-20a">
         <name>.debug_info</name>
         <load_address>0x5ede</load_address>
         <run_address>0x5ede</run_address>
         <size>0x232</size>
         <input_file_ref idref="fl-a"/>
      </object_component>
      <object_component id="oc-18e">
         <name>.debug_info</name>
         <load_address>0x6110</load_address>
         <run_address>0x6110</run_address>
         <size>0x24a</size>
         <input_file_ref idref="fl-a"/>
      </object_component>
      <object_component id="oc-2aa">
         <name>.debug_info</name>
         <load_address>0x635a</load_address>
         <run_address>0x635a</run_address>
         <size>0x374</size>
         <input_file_ref idref="fl-c5"/>
      </object_component>
      <object_component id="oc-220">
         <name>.debug_info</name>
         <load_address>0x66ce</load_address>
         <run_address>0x66ce</run_address>
         <size>0x20b</size>
         <input_file_ref idref="fl-c5"/>
      </object_component>
      <object_component id="oc-2ab">
         <name>.debug_info</name>
         <load_address>0x68d9</load_address>
         <run_address>0x68d9</run_address>
         <size>0xbf</size>
         <input_file_ref idref="fl-c5"/>
      </object_component>
      <object_component id="oc-217">
         <name>.debug_info</name>
         <load_address>0x6998</load_address>
         <run_address>0x6998</run_address>
         <size>0x142</size>
         <input_file_ref idref="fl-c6"/>
      </object_component>
      <object_component id="oc-aa">
         <name>.debug_info</name>
         <load_address>0x6ada</load_address>
         <run_address>0x6ada</run_address>
         <size>0x2d4</size>
         <input_file_ref idref="fl-c7"/>
      </object_component>
      <object_component id="oc-65">
         <name>.debug_info</name>
         <load_address>0x6dae</load_address>
         <run_address>0x6dae</run_address>
         <size>0x1b5</size>
         <input_file_ref idref="fl-c7"/>
      </object_component>
      <object_component id="oc-a5">
         <name>.debug_info</name>
         <load_address>0x6f63</load_address>
         <run_address>0x6f63</run_address>
         <size>0x46</size>
         <input_file_ref idref="fl-c7"/>
      </object_component>
      <object_component id="oc-e3">
         <name>.debug_info</name>
         <load_address>0x6fa9</load_address>
         <run_address>0x6fa9</run_address>
         <size>0x2c</size>
         <input_file_ref idref="fl-c7"/>
      </object_component>
      <object_component id="oc-5b">
         <name>.debug_info</name>
         <load_address>0x6fd5</load_address>
         <run_address>0x6fd5</run_address>
         <size>0x2a8</size>
         <input_file_ref idref="fl-c8"/>
      </object_component>
      <object_component id="oc-1e">
         <name>.debug_info</name>
         <load_address>0x727d</load_address>
         <run_address>0x727d</run_address>
         <size>0x1ea</size>
         <input_file_ref idref="fl-c8"/>
      </object_component>
      <object_component id="oc-56">
         <name>.debug_info</name>
         <load_address>0x7467</load_address>
         <run_address>0x7467</run_address>
         <size>0x46</size>
         <input_file_ref idref="fl-c8"/>
      </object_component>
      <object_component id="oc-9d">
         <name>.debug_info</name>
         <load_address>0x74ad</load_address>
         <run_address>0x74ad</run_address>
         <size>0x2c</size>
         <input_file_ref idref="fl-c8"/>
      </object_component>
      <object_component id="oc-9b">
         <name>.debug_info</name>
         <load_address>0x74d9</load_address>
         <run_address>0x74d9</run_address>
         <size>0x29e</size>
         <input_file_ref idref="fl-c9"/>
      </object_component>
      <object_component id="oc-16">
         <name>.debug_info</name>
         <load_address>0x7777</load_address>
         <run_address>0x7777</run_address>
         <size>0x250</size>
         <input_file_ref idref="fl-c9"/>
      </object_component>
      <object_component id="oc-46">
         <name>.debug_info</name>
         <load_address>0x79c7</load_address>
         <run_address>0x79c7</run_address>
         <size>0x60</size>
         <input_file_ref idref="fl-c9"/>
      </object_component>
      <object_component id="oc-dc">
         <name>.debug_info</name>
         <load_address>0x7a27</load_address>
         <run_address>0x7a27</run_address>
         <size>0x46</size>
         <input_file_ref idref="fl-c9"/>
      </object_component>
      <object_component id="oc-96">
         <name>.debug_info</name>
         <load_address>0x7a6d</load_address>
         <run_address>0x7a6d</run_address>
         <size>0x39</size>
         <input_file_ref idref="fl-c9"/>
      </object_component>
      <object_component id="oc-1ce">
         <name>.debug_info</name>
         <load_address>0x7aa6</load_address>
         <run_address>0x7aa6</run_address>
         <size>0x3ad</size>
         <input_file_ref idref="fl-ca"/>
      </object_component>
      <object_component id="oc-1c8">
         <name>.debug_info</name>
         <load_address>0x7e53</load_address>
         <run_address>0x7e53</run_address>
         <size>0x190</size>
         <input_file_ref idref="fl-ca"/>
      </object_component>
      <object_component id="oc-114">
         <name>.debug_info</name>
         <load_address>0x7fe3</load_address>
         <run_address>0x7fe3</run_address>
         <size>0x122</size>
         <input_file_ref idref="fl-ca"/>
      </object_component>
      <object_component id="oc-11a">
         <name>.debug_info</name>
         <load_address>0x8105</load_address>
         <run_address>0x8105</run_address>
         <size>0x184</size>
         <input_file_ref idref="fl-ca"/>
      </object_component>
      <object_component id="oc-272">
         <name>.debug_info</name>
         <load_address>0x8289</load_address>
         <run_address>0x8289</run_address>
         <size>0x2c9</size>
         <input_file_ref idref="fl-cb"/>
      </object_component>
      <object_component id="oc-1cb">
         <name>.debug_info</name>
         <load_address>0x8552</load_address>
         <run_address>0x8552</run_address>
         <size>0x11e</size>
         <input_file_ref idref="fl-cb"/>
      </object_component>
      <object_component id="oc-26c">
         <name>.debug_info</name>
         <load_address>0x8670</load_address>
         <run_address>0x8670</run_address>
         <size>0x12e</size>
         <input_file_ref idref="fl-cb"/>
      </object_component>
      <object_component id="oc-2bc">
         <name>.debug_info</name>
         <load_address>0x879e</load_address>
         <run_address>0x879e</run_address>
         <size>0x144</size>
         <input_file_ref idref="fl-cc"/>
      </object_component>
      <object_component id="oc-236">
         <name>.debug_info</name>
         <load_address>0x88e2</load_address>
         <run_address>0x88e2</run_address>
         <size>0x102</size>
         <input_file_ref idref="fl-cc"/>
      </object_component>
      <object_component id="oc-2fd">
         <name>.debug_info</name>
         <load_address>0x89e4</load_address>
         <run_address>0x89e4</run_address>
         <size>0x18f</size>
         <input_file_ref idref="fl-cc"/>
      </object_component>
      <object_component id="oc-310">
         <name>.debug_info</name>
         <load_address>0x8b73</load_address>
         <run_address>0x8b73</run_address>
         <size>0xb2</size>
         <input_file_ref idref="fl-cc"/>
      </object_component>
      <object_component id="oc-82">
         <name>.debug_info</name>
         <load_address>0x8c25</load_address>
         <run_address>0x8c25</run_address>
         <size>0x3b2</size>
         <input_file_ref idref="fl-cd"/>
      </object_component>
      <object_component id="oc-25">
         <name>.debug_info</name>
         <load_address>0x8fd7</load_address>
         <run_address>0x8fd7</run_address>
         <size>0x10c</size>
         <input_file_ref idref="fl-cd"/>
      </object_component>
      <object_component id="oc-309">
         <name>.debug_info</name>
         <load_address>0x90e3</load_address>
         <run_address>0x90e3</run_address>
         <size>0x13f</size>
         <input_file_ref idref="fl-cd"/>
      </object_component>
      <object_component id="oc-225">
         <name>.debug_info</name>
         <load_address>0x9222</load_address>
         <run_address>0x9222</run_address>
         <size>0x168</size>
         <input_file_ref idref="fl-cd"/>
      </object_component>
      <object_component id="oc-2ea">
         <name>.debug_info</name>
         <load_address>0x938a</load_address>
         <run_address>0x938a</run_address>
         <size>0x18e</size>
         <input_file_ref idref="fl-cd"/>
      </object_component>
      <object_component id="oc-2f0">
         <name>.debug_info</name>
         <load_address>0x9518</load_address>
         <run_address>0x9518</run_address>
         <size>0x19f</size>
         <input_file_ref idref="fl-cd"/>
      </object_component>
      <object_component id="oc-29e">
         <name>.debug_info</name>
         <load_address>0x96b7</load_address>
         <run_address>0x96b7</run_address>
         <size>0x203</size>
         <input_file_ref idref="fl-cd"/>
      </object_component>
      <object_component id="oc-303">
         <name>.debug_info</name>
         <load_address>0x98ba</load_address>
         <run_address>0x98ba</run_address>
         <size>0x1db</size>
         <input_file_ref idref="fl-cd"/>
      </object_component>
      <object_component id="oc-2b1">
         <name>.debug_info</name>
         <load_address>0x9a95</load_address>
         <run_address>0x9a95</run_address>
         <size>0x299</size>
         <input_file_ref idref="fl-cd"/>
      </object_component>
      <object_component id="oc-d0">
         <name>.debug_info</name>
         <load_address>0x9d2e</load_address>
         <run_address>0x9d2e</run_address>
         <size>0xb2</size>
         <input_file_ref idref="fl-cd"/>
      </object_component>
      <object_component id="oc-cb">
         <name>.debug_info</name>
         <load_address>0x9de0</load_address>
         <run_address>0x9de0</run_address>
         <size>0x2c</size>
         <input_file_ref idref="fl-cd"/>
      </object_component>
      <object_component id="oc-28">
         <name>.debug_info</name>
         <load_address>0x9e0c</load_address>
         <run_address>0x9e0c</run_address>
         <size>0x10b</size>
         <input_file_ref idref="fl-ce"/>
      </object_component>
      <object_component id="oc-6f">
         <name>.debug_info</name>
         <load_address>0x9f17</load_address>
         <run_address>0x9f17</run_address>
         <size>0x1a9</size>
         <input_file_ref idref="fl-ce"/>
      </object_component>
      <object_component id="oc-2a4">
         <name>.debug_info</name>
         <load_address>0xa0c0</load_address>
         <run_address>0xa0c0</run_address>
         <size>0x176</size>
         <input_file_ref idref="fl-cf"/>
      </object_component>
      <object_component id="oc-298">
         <name>.debug_info</name>
         <load_address>0xa236</load_address>
         <run_address>0xa236</run_address>
         <size>0x115</size>
         <input_file_ref idref="fl-d0"/>
      </object_component>
      <object_component id="oc-52">
         <name>.debug_info</name>
         <load_address>0xa34b</load_address>
         <run_address>0xa34b</run_address>
         <size>0x119</size>
         <input_file_ref idref="fl-d1"/>
      </object_component>
      <object_component id="oc-ad">
         <name>.debug_info</name>
         <load_address>0xa464</load_address>
         <run_address>0xa464</run_address>
         <size>0x147</size>
         <input_file_ref idref="fl-d2"/>
      </object_component>
      <object_component id="oc-1d1">
         <name>.debug_info</name>
         <load_address>0xa5ab</load_address>
         <run_address>0xa5ab</run_address>
         <size>0x4b3</size>
         <input_file_ref idref="fl-d3"/>
      </object_component>
      <object_component id="oc-121">
         <name>.debug_info</name>
         <load_address>0xaa5e</load_address>
         <run_address>0xaa5e</run_address>
         <size>0x1a6</size>
         <input_file_ref idref="fl-d3"/>
      </object_component>
      <object_component id="oc-278">
         <name>.debug_info</name>
         <load_address>0xac04</load_address>
         <run_address>0xac04</run_address>
         <size>0x39</size>
         <input_file_ref idref="fl-d3"/>
      </object_component>
      <object_component id="oc-2dc">
         <name>.debug_info</name>
         <load_address>0xac3d</load_address>
         <run_address>0xac3d</run_address>
         <size>0x39</size>
         <input_file_ref idref="fl-d3"/>
      </object_component>
      <object_component id="oc-27d">
         <name>.debug_info</name>
         <load_address>0xac76</load_address>
         <run_address>0xac76</run_address>
         <size>0x39</size>
         <input_file_ref idref="fl-d3"/>
      </object_component>
      <object_component id="oc-282">
         <name>.debug_info</name>
         <load_address>0xacaf</load_address>
         <run_address>0xacaf</run_address>
         <size>0xcd</size>
         <input_file_ref idref="fl-d3"/>
      </object_component>
      <object_component id="oc-b4">
         <name>.debug_info</name>
         <load_address>0xad7c</load_address>
         <run_address>0xad7c</run_address>
         <size>0x153</size>
         <input_file_ref idref="fl-d4"/>
      </object_component>
      <object_component id="oc-3ad">
         <name>.debug_info</name>
         <load_address>0xaecf</load_address>
         <run_address>0xaecf</run_address>
         <size>0x402</size>
         <input_file_ref idref="fl-d7"/>
      </object_component>
      <object_component id="oc-358">
         <name>.debug_info</name>
         <load_address>0xb2d1</load_address>
         <run_address>0xb2d1</run_address>
         <size>0x120</size>
         <input_file_ref idref="fl-d7"/>
      </object_component>
      <object_component id="oc-35d">
         <name>.debug_info</name>
         <load_address>0xb3f1</load_address>
         <run_address>0xb3f1</run_address>
         <size>0x2c</size>
         <input_file_ref idref="fl-d7"/>
      </object_component>
      <object_component id="oc-32f">
         <name>.debug_info</name>
         <load_address>0xb41d</load_address>
         <run_address>0xb41d</run_address>
         <size>0x3a5</size>
         <input_file_ref idref="fl-d8"/>
      </object_component>
      <object_component id="oc-2f7">
         <name>.debug_info</name>
         <load_address>0xb7c2</load_address>
         <run_address>0xb7c2</run_address>
         <size>0x1f3</size>
         <input_file_ref idref="fl-d8"/>
      </object_component>
      <object_component id="oc-33c">
         <name>.debug_info</name>
         <load_address>0xb9b5</load_address>
         <run_address>0xb9b5</run_address>
         <size>0x347</size>
         <input_file_ref idref="fl-d9"/>
      </object_component>
      <object_component id="oc-31e">
         <name>.debug_info</name>
         <load_address>0xbcfc</load_address>
         <run_address>0xbcfc</run_address>
         <size>0x18a</size>
         <input_file_ref idref="fl-d9"/>
      </object_component>
      <object_component id="oc-375">
         <name>.debug_info</name>
         <load_address>0xbe86</load_address>
         <run_address>0xbe86</run_address>
         <size>0x42c</size>
         <input_file_ref idref="fl-da"/>
      </object_component>
      <object_component id="oc-36f">
         <name>.debug_info</name>
         <load_address>0xc2b2</load_address>
         <run_address>0xc2b2</run_address>
         <size>0x192</size>
         <input_file_ref idref="fl-da"/>
      </object_component>
      <object_component id="oc-343">
         <name>.debug_info</name>
         <load_address>0xc444</load_address>
         <run_address>0xc444</run_address>
         <size>0x1eb</size>
         <input_file_ref idref="fl-da"/>
      </object_component>
      <object_component id="oc-378">
         <name>.debug_info</name>
         <load_address>0xc62f</load_address>
         <run_address>0xc62f</run_address>
         <size>0xea</size>
         <input_file_ref idref="fl-da"/>
      </object_component>
      <object_component id="oc-3bb">
         <name>.debug_info</name>
         <load_address>0xc719</load_address>
         <run_address>0xc719</run_address>
         <size>0x2c</size>
         <input_file_ref idref="fl-da"/>
      </object_component>
      <object_component id="oc-3af">
         <name>.debug_info</name>
         <load_address>0xc745</load_address>
         <run_address>0xc745</run_address>
         <size>0x29a</size>
         <input_file_ref idref="fl-db"/>
      </object_component>
      <object_component id="oc-365">
         <name>.debug_info</name>
         <load_address>0xc9df</load_address>
         <run_address>0xc9df</run_address>
         <size>0x262</size>
         <input_file_ref idref="fl-db"/>
      </object_component>
      <object_component id="oc-3ef">
         <name>.debug_info</name>
         <load_address>0xcc41</load_address>
         <run_address>0xcc41</run_address>
         <size>0x28a</size>
         <input_file_ref idref="fl-dc"/>
      </object_component>
      <object_component id="oc-3b4">
         <name>.debug_info</name>
         <load_address>0xcecb</load_address>
         <run_address>0xcecb</run_address>
         <size>0x273</size>
         <input_file_ref idref="fl-dc"/>
      </object_component>
      <object_component id="oc-3b1">
         <name>.debug_info</name>
         <load_address>0xd13e</load_address>
         <run_address>0xd13e</run_address>
         <size>0x2af</size>
         <input_file_ref idref="fl-dd"/>
      </object_component>
      <object_component id="oc-36b">
         <name>.debug_info</name>
         <load_address>0xd3ed</load_address>
         <run_address>0xd3ed</run_address>
         <size>0x277</size>
         <input_file_ref idref="fl-dd"/>
      </object_component>
      <object_component id="oc-34d">
         <name>.debug_info</name>
         <load_address>0xd664</load_address>
         <run_address>0xd664</run_address>
         <size>0x397</size>
         <input_file_ref idref="fl-de"/>
      </object_component>
      <object_component id="oc-336">
         <name>.debug_info</name>
         <load_address>0xd9fb</load_address>
         <run_address>0xd9fb</run_address>
         <size>0x18f</size>
         <input_file_ref idref="fl-de"/>
      </object_component>
      <object_component id="oc-355">
         <name>.debug_info</name>
         <load_address>0xdb8a</load_address>
         <run_address>0xdb8a</run_address>
         <size>0x337</size>
         <input_file_ref idref="fl-df"/>
      </object_component>
      <object_component id="oc-351">
         <name>.debug_info</name>
         <load_address>0xdec1</load_address>
         <run_address>0xdec1</run_address>
         <size>0x109</size>
         <input_file_ref idref="fl-df"/>
      </object_component>
      <object_component id="oc-33e">
         <name>.debug_info</name>
         <load_address>0xdfca</load_address>
         <run_address>0xdfca</run_address>
         <size>0x109</size>
         <input_file_ref idref="fl-df"/>
      </object_component>
      <object_component id="oc-341">
         <name>.debug_info</name>
         <load_address>0xe0d3</load_address>
         <run_address>0xe0d3</run_address>
         <size>0x3cf</size>
         <input_file_ref idref="fl-e1"/>
      </object_component>
      <object_component id="oc-322">
         <name>.debug_info</name>
         <load_address>0xe4a2</load_address>
         <run_address>0xe4a2</run_address>
         <size>0x195</size>
         <input_file_ref idref="fl-e1"/>
      </object_component>
      <object_component id="oc-349">
         <name>.debug_info</name>
         <load_address>0xe637</load_address>
         <run_address>0xe637</run_address>
         <size>0x3d1</size>
         <input_file_ref idref="fl-e2"/>
      </object_component>
      <object_component id="oc-328">
         <name>.debug_info</name>
         <load_address>0xea08</load_address>
         <run_address>0xea08</run_address>
         <size>0x1a5</size>
         <input_file_ref idref="fl-e2"/>
      </object_component>
      <object_component id="oc-3d7">
         <name>.debug_info</name>
         <load_address>0xebad</load_address>
         <run_address>0xebad</run_address>
         <size>0x373</size>
         <input_file_ref idref="fl-e3"/>
      </object_component>
      <object_component id="oc-389">
         <name>.debug_info</name>
         <load_address>0xef20</load_address>
         <run_address>0xef20</run_address>
         <size>0x1bc</size>
         <input_file_ref idref="fl-e3"/>
      </object_component>
      <object_component id="oc-3dd">
         <name>.debug_info</name>
         <load_address>0xf0dc</load_address>
         <run_address>0xf0dc</run_address>
         <size>0x378</size>
         <input_file_ref idref="fl-e4"/>
      </object_component>
      <object_component id="oc-399">
         <name>.debug_info</name>
         <load_address>0xf454</load_address>
         <run_address>0xf454</run_address>
         <size>0x210</size>
         <input_file_ref idref="fl-e4"/>
      </object_component>
      <object_component id="oc-3d3">
         <name>.debug_info</name>
         <load_address>0xf664</load_address>
         <run_address>0xf664</run_address>
         <size>0x3a3</size>
         <input_file_ref idref="fl-e5"/>
      </object_component>
      <object_component id="oc-383">
         <name>.debug_info</name>
         <load_address>0xfa07</load_address>
         <run_address>0xfa07</run_address>
         <size>0x20c</size>
         <input_file_ref idref="fl-e5"/>
      </object_component>
      <object_component id="oc-3d9">
         <name>.debug_info</name>
         <load_address>0xfc13</load_address>
         <run_address>0xfc13</run_address>
         <size>0x377</size>
         <input_file_ref idref="fl-e6"/>
      </object_component>
      <object_component id="oc-38c">
         <name>.debug_info</name>
         <load_address>0xff8a</load_address>
         <run_address>0xff8a</run_address>
         <size>0x1fb</size>
         <input_file_ref idref="fl-e6"/>
      </object_component>
      <object_component id="oc-3e7">
         <name>.debug_info</name>
         <load_address>0x10185</load_address>
         <run_address>0x10185</run_address>
         <size>0x3d5</size>
         <input_file_ref idref="fl-e7"/>
      </object_component>
      <object_component id="oc-3a5">
         <name>.debug_info</name>
         <load_address>0x1055a</load_address>
         <run_address>0x1055a</run_address>
         <size>0x236</size>
         <input_file_ref idref="fl-e7"/>
      </object_component>
      <object_component id="oc-3df">
         <name>.debug_info</name>
         <load_address>0x10790</load_address>
         <run_address>0x10790</run_address>
         <size>0x396</size>
         <input_file_ref idref="fl-e8"/>
      </object_component>
      <object_component id="oc-39e">
         <name>.debug_info</name>
         <load_address>0x10b26</load_address>
         <run_address>0x10b26</run_address>
         <size>0x1c6</size>
         <input_file_ref idref="fl-e8"/>
      </object_component>
      <object_component id="oc-3db">
         <name>.debug_info</name>
         <load_address>0x10cec</load_address>
         <run_address>0x10cec</run_address>
         <size>0x378</size>
         <input_file_ref idref="fl-e9"/>
      </object_component>
      <object_component id="oc-392">
         <name>.debug_info</name>
         <load_address>0x11064</load_address>
         <run_address>0x11064</run_address>
         <size>0x200</size>
         <input_file_ref idref="fl-e9"/>
      </object_component>
      <object_component id="oc-3f6">
         <name>.debug_info</name>
         <load_address>0x11264</load_address>
[...]
      </handler>
   </handler_table>
   <symbol_table>
      <symbol id="sm-1">
         <name>__STACK_TOP</name>
         <value>0x2003c200</value>
      </symbol>
      <symbol id="sm-2">
         <name>__start___llvm_prf_cnts</name>
         <value>0x20000000</value>
      </symbol>
      <symbol id="sm-3">
         <name>__stop___llvm_prf_cnts</name>
         <value>0x20000000</value>
      </symbol>
      <symbol id="sm-4">
         <name>__TI_CINIT_Base</name>
         <value>0x1f98</value>
      </symbol>
      <symbol id="sm-5">
         <name>__TI_CINIT_Limit</name>
         <value>0x1fa8</value>
      </symbol>
      <symbol id="sm-6">
         <name>__TI_Handler_Table_Base</name>
         <value>0x1f80</value>
      </symbol>
      <symbol id="sm-7">
         <name>__TI_Handler_Table_Limit</name>
         <value>0x1f8c</value>
      </symbol>
      <symbol id="sm-8">
         <name>binit</name>
         <value>0xffffffff</value>
      </symbol>
      <symbol id="sm-9">
         <name>__binit__</name>
         <value>0xffffffff</value>
      </symbol>
      <symbol id="sm-a">
         <name>__STACK_SIZE</name>
         <value>0x2000</value>
      </symbol>
      <symbol id="sm-b">
         <name>__STACK_END</name>
         <value>0x2003e000</value>
      </symbol>
      <symbol id="sm-c">
         <name>__SYSMEM_SIZE</name>
         <value>0x3c000</value>
      </symbol>
      <symbol id="sm-d">
         <name>__c_args__</name>
         <value>0xffffffff</value>
      </symbol>
      <symbol id="sm-e">
         <name>__TI_pprof_out_hndl</name>
         <value>0xffffffff</value>
      </symbol>
      <symbol id="sm-f">
         <name>__TI_prof_data_start</name>
         <value>0xffffffff</value>
      </symbol>
      <symbol id="sm-10">
         <name>__TI_prof_data_size</name>
         <value>0xffffffff</value>
      </symbol>
      <symbol id="sm-79">
         <name>Pang</name>
         <value>0x2003e1c0</value>
      </symbol>
      <symbol id="sm-7a">
         <name>Peng</name>
         <value>0x2003e240</value>
      </symbol>
      <symbol id="sm-7b">
         <name>Ping</name>
         <value>0x2003e2c0</value>
      </symbol>
      <symbol id="sm-7c">
         <name>Pong</name>
         <value>0x2003e340</value>
      </symbol>
      <symbol id="sm-7d">
         <name>Pung</name>
         <value>0x2003e3c0</value>
      </symbol>
      <symbol id="sm-7e">
         <name>p4_esc</name>
         <value>0xa4d</value>
         <object_component_ref idref="oc-104"/>
      </symbol>
      <symbol id="sm-7f">
         <name>Body</name>
         <value>0x11ed</value>
         <object_component_ref idref="oc-1b9"/>
      </symbol>
      <symbol id="sm-a9">
         <name>g_ui32SysClock</name>
         <value>0x2003e4c8</value>
      </symbol>
      <symbol id="sm-aa">
         <name>main</name>
         <value>0x1605</value>
         <object_component_ref idref="oc-b7"/>
      </symbol>
      <symbol id="sm-ab">
         <name>ConfigureUART</name>
         <value>0x1451</value>
         <object_component_ref idref="oc-f8"/>
      </symbol>
      <symbol id="sm-12c">
         <name>taskMain</name>
         <value>0x2003e4d4</value>
      </symbol>
      <symbol id="sm-12d">
         <name>taskAtual</name>
         <value>0x2003e4cc</value>
      </symbol>
      <symbol id="sm-12e">
         <name>taskID</name>
         <value>0x2003e4d0</value>
      </symbol>
      <symbol id="sm-12f">
         <name>taskdisp</name>
         <value>0x2003e440</value>
      </symbol>
      <symbol id="sm-130">
         <name>taskQueue</name>
         <value>0x2003e4dc</value>
      </symbol>
      <symbol id="sm-131">
         <name>taskNext</name>
         <value>0x2003e4d8</value>
      </symbol>
      <symbol id="sm-132">
         <name>Bodydispatcher</name>
         <value>0x18b9</value>
         <object_component_ref idref="oc-23e"/>
      </symbol>
      <symbol id="sm-133">
         <name>scheduler</name>
         <value>0x1879</value>
         <object_component_ref idref="oc-2c5"/>
      </symbol>
      <symbol id="sm-134">
         <name>ppos_init</name>
         <value>0xe29</value>
         <object_component_ref idref="oc-1a0"/>
      </symbol>
      <symbol id="sm-135">
         <name>task_setprio</name>
         <value>0x1c55</value>
         <object_component_ref idref="oc-1ac"/>
      </symbol>
      <symbol id="sm-136">
         <name>task_exit</name>
         <value>0x1929</value>
         <object_component_ref idref="oc-261"/>
      </symbol>
      <symbol id="sm-137">
         <name>task_yield</name>
         <value>0x1b19</value>
         <object_component_ref idref="oc-1b2"/>
      </symbol>
      <symbol id="sm-138">
         <name>task_switch</name>
         <value>0x1ba5</value>
         <object_component_ref idref="oc-254"/>
      </symbol>
      <symbol id="sm-139">
         <name>task_getprio</name>
         <value>0x1c45</value>
         <object_component_ref idref="oc-25b"/>
      </symbol>
      <symbol id="sm-13a">
         <name>task_create</name>
         <value>0xee5</value>
         <object_component_ref idref="oc-1a6"/>
      </symbol>
      <symbol id="sm-15a">
         <name>queue_append</name>
         <value>0x1961</value>
         <object_component_ref idref="oc-24b"/>
      </symbol>
      <symbol id="sm-15b">
         <name>queue_remove</name>
         <value>0x1329</value>
         <object_component_ref idref="oc-2cb"/>
      </symbol>
      <symbol id="sm-18c">
         <name>ResetISR</name>
         <value>0x1c91</value>
         <object_component_ref idref="oc-2a"/>
      </symbol>
      <symbol id="sm-18d">
         <name>g_pfnVectors</name>
         <value>0x0</value>
         <object_component_ref idref="oc-12"/>
      </symbol>
      <symbol id="sm-1a2">
         <name>makecontext</name>
         <value>0x1c97</value>
         <object_component_ref idref="oc-245"/>
      </symbol>
      <symbol id="sm-1a3">
         <name>makecontextMain</name>
         <value>0x1c7f</value>
         <object_component_ref idref="oc-22f"/>
      </symbol>
      <symbol id="sm-1af">
         <name>swap_context_asm</name>
         <value>0x9bf</value>
         <object_component_ref idref="oc-22a"/>
      </symbol>
      <symbol id="sm-1b0">
         <name>get_context_asm</name>
         <value>0x92d</value>
         <object_component_ref idref="oc-22a"/>
      </symbol>
      <symbol id="sm-1b1">
         <name>set_context_asm</name>
         <value>0x975</value>
         <object_component_ref idref="oc-22a"/>
      </symbol>
      <symbol id="sm-1cf">
         <name>PinoutSet</name>
         <value>0x201</value>
         <object_component_ref idref="oc-f2"/>
      </symbol>
      <symbol id="sm-23d">
         <name>UARTStdioConfig</name>
         <value>0x13f1</value>
         <object_component_ref idref="oc-18c"/>
      </symbol>
      <symbol id="sm-23e">
         <name>UARTwrite</name>
         <value>0x1651</value>
         <object_component_ref idref="oc-210"/>
      </symbol>
      <symbol id="sm-23f">
         <name>UARTprintf</name>
         <value>0x1bc1</value>
         <object_component_ref idref="oc-fe"/>
      </symbol>
      <symbol id="sm-240">
         <name>UARTvprintf</name>
         <value>0x60d</value>
         <object_component_ref idref="oc-193"/>
      </symbol>
      <symbol id="sm-261">
         <name>setvbuf</name>
         <value>0xd4d</value>
         <object_component_ref idref="oc-21e"/>
      </symbol>
      <symbol id="sm-270">
         <name>__aeabi_uidivmod</name>
         <value>0x1839</value>
         <object_component_ref idref="oc-216"/>
      </symbol>
      <symbol id="sm-271">
         <name>__aeabi_uidiv</name>
         <value>0x1839</value>
         <object_component_ref idref="oc-216"/>
      </symbol>
      <symbol id="sm-288">
         <name>__TI_zero_init</name>
         <value>0x1c73</value>
         <object_component_ref idref="oc-62"/>
      </symbol>
      <symbol id="sm-29f">
         <name>__TI_decompress_none</name>
         <value>0x1c65</value>
         <object_component_ref idref="oc-1b"/>
      </symbol>
      <symbol id="sm-2c2">
         <name>__TI_decompress_lzss</name>
         <value>0x12c1</value>
         <object_component_ref idref="oc-15"/>
      </symbol>
      <symbol id="sm-2e8">
         <name>C$$EXIT</name>
         <value>0x1ca1</value>
         <object_component_ref idref="oc-113"/>
      </symbol>
      <symbol id="sm-2e9">
         <name>abort</name>
         <value>0x1ca1</value>
         <object_component_ref idref="oc-113"/>
      </symbol>
      <symbol id="sm-2ea">
         <name>__TI_dtors_ptr</name>
         <value>0x2003e6ac</value>
         <object_component_ref idref="oc-1c7"/>
      </symbol>
      <symbol id="sm-2eb">
         <name>__TI_cleanup_ptr</name>
         <value>0x2003e6a8</value>
         <object_component_ref idref="oc-1c7"/>
      </symbol>
      <symbol id="sm-2ec">
         <name>__TI_enable_exit_profile_output</name>
         <value>0x2003e6b0</value>
         <object_component_ref idref="oc-1c7"/>
      </symbol>
      <symbol id="sm-2ed">
         <name>exit</name>
         <value>0x16e1</value>
         <object_component_ref idref="oc-119"/>
      </symbol>
      <symbol id="sm-302">
         <name>_nop</name>
         <value>0x1c43</value>
         <object_component_ref idref="oc-26a"/>
      </symbol>
      <symbol id="sm-303">
         <name>_lock</name>
         <value>0x2003e6b4</value>
         <object_component_ref idref="oc-1ca"/>
      </symbol>
      <symbol id="sm-304">
         <name>_unlock</name>
         <value>0x2003e6b8</value>
         <object_component_ref idref="oc-1ca"/>
      </symbol>
      <symbol id="sm-31e">
         <name>__TI_tmpnams</name>
         <value>0x2003e120</value>
      </symbol>
      <symbol id="sm-31f">
         <name>__aeabi_stdout</name>
         <value>0x2003e6a0</value>
         <object_component_ref idref="oc-2fc"/>
      </symbol>
      <symbol id="sm-320">
         <name>__aeabi_stderr</name>
         <value>0x2003e6a4</value>
         <object_component_ref idref="oc-2fc"/>
      </symbol>
      <symbol id="sm-321">
         <name>__aeabi_stdin</name>
         <value>0x2003e69c</value>
         <object_component_ref idref="oc-2fc"/>
      </symbol>
      <symbol id="sm-322">
         <name>_ftable</name>
         <value>0x2003e4e0</value>
         <object_component_ref idref="oc-235"/>
      </symbol>
      <symbol id="sm-323">
         <name>__TI_ft_end</name>
         <value>0x2003e698</value>
         <object_component_ref idref="oc-2fc"/>
      </symbol>
      <symbol id="sm-3ac">
         <name>_sys_memory</name>
         <value>0x20000000</value>
         <object_component_ref idref="oc-24"/>
      </symbol>
      <symbol id="sm-3ad">
         <name>free</name>
         <value>0xc69</value>
         <object_component_ref idref="oc-29d"/>
      </symbol>
      <symbol id="sm-3ae">
         <name>memalign</name>
         <value>0xb69</value>
         <object_component_ref idref="oc-2b0"/>
      </symbol>
      <symbol id="sm-3af">
         <name>malloc</name>
         <value>0x1c89</value>
         <object_component_ref idref="oc-224"/>
      </symbol>
      <symbol id="sm-3b0">
         <name>aligned_alloc</name>
         <value>0xb69</value>
         <object_component_ref idref="oc-2b0"/>
      </symbol>
      <symbol id="sm-3c3">
         <name>__stack</name>
         <value>0x2003c000</value>
         <object_component_ref idref="oc-27"/>
      </symbol>
      <symbol id="sm-3c4">
         <name>_c_int00_noargs</name>
         <value>0x1a35</value>
         <object_component_ref idref="oc-6e"/>
      </symbol>
      <symbol id="sm-3d4">
         <name>__TI_cleanup</name>
         <value>0x19cd</value>
         <object_component_ref idref="oc-2a3"/>
      </symbol>
      <symbol id="sm-3de">
         <name>__aeabi_idiv0</name>
         <value>0x1ca5</value>
         <object_component_ref idref="oc-297"/>
      </symbol>
      <symbol id="sm-3df">
         <name>__aeabi_ldiv0</name>
         <value>0x1ca5</value>
         <object_component_ref idref="oc-297"/>
      </symbol>
      <symbol id="sm-3fa">
         <name>memcpy</name>
         <value>0xf85</value>
         <object_component_ref idref="oc-50"/>
      </symbol>
      <symbol id="sm-3fb">
         <name>__aeabi_memcpy</name>
         <value>0xf85</value>
         <object_component_ref idref="oc-50"/>
      </symbol>
      <symbol id="sm-3fc">
         <name>__aeabi_memcpy8</name>
         <value>0xf85</value>
         <object_component_ref idref="oc-50"/>
      </symbol>
      <symbol id="sm-3fd">
         <name>__aeabi_memcpy4</name>
         <value>0xf85</value>
         <object_component_ref idref="oc-50"/>
      </symbol>
      <symbol id="sm-40c">
         <name>__aeabi_memset</name>
         <value>0x1023</value>
         <object_component_ref idref="oc-ab"/>
      </symbol>
      <symbol id="sm-40d">
         <name>memset</name>
         <value>0x1029</value>
         <object_component_ref idref="oc-ab"/>
      </symbol>
      <symbol id="sm-40e">
         <name>__aeabi_memset8</name>
         <value>0x1023</value>
         <object_component_ref idref="oc-ab"/>
      </symbol>
      <symbol id="sm-40f">
         <name>__aeabi_memset4</name>
         <value>0x1023</value>
         <object_component_ref idref="oc-ab"/>
      </symbol>
      <symbol id="sm-410">
         <name>__aeabi_memclr8</name>
         <value>0x1021</value>
         <object_component_ref idref="oc-ab"/>
      </symbol>
      <symbol id="sm-411">
         <name>__aeabi_memclr4</name>
         <value>0x1021</value>
         <object_component_ref idref="oc-ab"/>
      </symbol>
      <symbol id="sm-412">
         <name>__aeabi_memclr</name>
         <value>0x1021</value>
         <object_component_ref idref="oc-ab"/>
      </symbol>
      <symbol id="sm-43a">
         <name>__TI_auto_init_nobinit_nopinit</name>
         <value>0x17b1</value>
         <object_component_ref idref="oc-11f"/>
      </symbol>
      <symbol id="sm-444">
         <name>_system_pre_init</name>
         <value>0x1c9d</value>
         <object_component_ref idref="oc-b1"/>
      </symbol>
      <symbol id="sm-469">
         <name>__TI_closefile</name>
         <value>0x109d</value>
         <object_component_ref idref="oc-2f6"/>
      </symbol>
      <symbol id="sm-479">
         <name>__TI_doflush</name>
         <value>0x15b9</value>
         <object_component_ref idref="oc-31b"/>
      </symbol>
      <symbol id="sm-4a1">
         <name>finddevice</name>
         <value>0x1a69</value>
         <object_component_ref idref="oc-36e"/>
      </symbol>
      <symbol id="sm-4a2">
         <name>getdevice</name>
         <value>0x17f5</value>
         <object_component_ref idref="oc-342"/>
      </symbol>
      <symbol id="sm-4b2">
         <name>strchr</name>
         <value>0x1bf3</value>
         <object_component_ref idref="oc-362"/>
      </symbol>
      <symbol id="sm-4c1">
         <name>strcmp</name>
         <value>0x1bdb</value>
         <object_component_ref idref="oc-3b2"/>
      </symbol>
      <symbol id="sm-4d1">
         <name>strncpy</name>
         <value>0x1997</value>
         <object_component_ref idref="oc-368"/>
      </symbol>
      <symbol id="sm-4e1">
         <name>write</name>
         <value>0x1b41</value>
         <object_component_ref idref="oc-335"/>
      </symbol>
      <symbol id="sm-4f2">
         <name>_stream</name>
         <value>0x2003e648</value>
         <object_component_ref idref="oc-33d"/>
      </symbol>
      <symbol id="sm-4f3">
         <name>_device</name>
         <value>0x2003e5d0</value>
         <object_component_ref idref="oc-350"/>
      </symbol>
      <symbol id="sm-508">
         <name>close</name>
         <value>0x14ad</value>
         <object_component_ref idref="oc-321"/>
      </symbol>
      <symbol id="sm-518">
         <name>unlink</name>
         <value>0x1a99</value>
         <object_component_ref idref="oc-327"/>
      </symbol>
      <symbol id="sm-529">
         <name>HOSTclose</name>
         <value>0x1729</value>
         <object_component_ref idref="oc-385"/>
      </symbol>
      <symbol id="sm-53a">
         <name>HOSTlseek</name>
         <value>0x1259</value>
         <object_component_ref idref="oc-397"/>
      </symbol>
      <symbol id="sm-54c">
         <name>parmbuf</name>
         <value>0x2003e4c0</value>
      </symbol>
      <symbol id="sm-54d">
         <name>HOSTopen</name>
         <value>0x1391</value>
         <object_component_ref idref="oc-37f"/>
      </symbol>
      <symbol id="sm-55e">
         <name>HOSTread</name>
         <value>0x1509</value>
         <object_component_ref idref="oc-38b"/>
      </symbol>
      <symbol id="sm-56f">
         <name>HOSTrename</name>
         <value>0x1181</value>
         <object_component_ref idref="oc-3a3"/>
      </symbol>
      <symbol id="sm-580">
         <name>HOSTunlink</name>
         <value>0x176d</value>
         <object_component_ref idref="oc-39d"/>
      </symbol>
      <symbol id="sm-591">
         <name>HOSTwrite</name>
         <value>0x1561</value>
         <object_component_ref idref="oc-391"/>
      </symbol>
      <symbol id="sm-5b5">
         <name>__TI_readmsg</name>
         <value>0x1a01</value>
         <object_component_ref idref="oc-3cc"/>
      </symbol>
      <symbol id="sm-5b6">
         <name>C$$IO$$</name>
         <value>0x191f</value>
         <object_component_ref idref="oc-3c6"/>
      </symbol>
      <symbol id="sm-5b7">
         <name>__CIOBUF_</name>
         <value>0x2003e000</value>
         <object_component_ref idref="oc-3f2"/>
      </symbol>
      <symbol id="sm-5b8">
         <name>__TI_writemsg</name>
         <value>0x18f1</value>
         <object_component_ref idref="oc-3c6"/>
      </symbol>
      <symbol id="sm-5c6">
         <name>strcpy</name>
         <value>0x1c09</value>
         <object_component_ref idref="oc-3e0"/>
      </symbol>
      <symbol id="sm-5d4">
         <name>strlen</name>
         <value>0x1c1d</value>
         <object_component_ref idref="oc-3c0"/>
      </symbol>
      <symbol id="sm-5f8">
         <name>GPIODirModeSet</name>
         <value>0x1ac5</value>
         <object_component_ref idref="oc-1fa"/>
      </symbol>
      <symbol id="sm-5f9">
         <name>GPIOPadConfigSet</name>
         <value>0x7fb</value>
         <object_component_ref idref="oc-17e"/>
      </symbol>
      <symbol id="sm-5fa">
         <name>GPIOPinTypeEthernetLED</name>
         <value>0x1c31</value>
         <object_component_ref idref="oc-184"/>
      </symbol>
      <symbol id="sm-660">
         <name>SysCtlClockFreqSet</name>
         <value>0x40d</value>
         <object_component_ref idref="oc-ec"/>
      </symbol>
      <symbol id="sm-662">
         <name>__TI_static_base__</name>
         <value>0x0</value>
      </symbol>
      <symbol id="sm-665">
         <name>__mpu_init</name>
         <value>0x0</value>
      </symbol>
      <symbol id="sm-666">
         <name>_system_post_cinit</name>
         <value>0x0</value>
      </symbol>
      <symbol id="sm-667">
         <name>remove</name>
         <value>0x1a99</value>
      </symbol>
   </symbol_table>
   <title>Link successful</title>
</link_info>
