<?xml version="1.0" encoding="ISO-8859-1" ?>
<link_info>
   <banner>TI ARM Linker PC v20.2.5.LTS</banner>
   <copyright>Copyright (c) 1996-2018 Texas Instruments Incorporated</copyright>
   <link_time>0x62c48c19</link_time>
   <link_errors>0x0</link_errors>
   <output_file>p1_CCS.out</output_file>
   <entry_point>
      <name>_c_int00_noargs</name>
      <address>0x36fd</address>
   </entry_point>
   <input_file_list>
      <input_file id="fl-2">
         <path>.\</path>
         <kind>object</kind>
         <file>contexts.obj</file>
         <name>contexts.obj</name>
      </input_file>
      <input_file id="fl-3">
         <path>.\</path>
         <kind>object</kind>
         <file>hello.obj</file>
         <name>hello.obj</name>
      </input_file>
      <input_file id="fl-4">
         <path>.\</path>
         <kind>object</kind>
         <file>startup_ccs.obj</file>
         <name>startup_ccs.obj</name>
      </input_file>
      <input_file id="fl-5">
         <path>.\</path>
         <kind>object</kind>
         <file>ucontext.obj</file>
         <name>ucontext.obj</name>
      </input_file>
      <input_file id="fl-6">
         <path>.\</path>
         <kind>object</kind>
         <file>ucontext_asm.obj</file>
         <name>ucontext_asm.obj</name>
      </input_file>
      <input_file id="fl-7">
         <path>.\drivers\</path>
         <kind>object</kind>
         <file>pinout.obj</file>
         <name>pinout.obj</name>
      </input_file>
      <input_file id="fl-8">
         <path>.\utils\</path>
         <kind>object</kind>
         <file>uartstdio.obj</file>
         <name>uartstdio.obj</name>
      </input_file>
      <input_file id="fl-d">
         <kind>object</kind>
         <file>&lt;internal&gt;</file>
         <name>&lt;internal&gt;</name>
      </input_file>
      <input_file id="fl-c3">
         <path>C:\ti\ccs1120\ccs\tools\compiler\ti-cgt-arm_20.2.5.LTS\lib\</path>
         <kind>archive</kind>
         <file>rtsv7M4_T_le_v4SPD16_eabi.lib</file>
         <name>printf.c.obj</name>
      </input_file>
      <input_file id="fl-c4">
         <path>C:\ti\ccs1120\ccs\tools\compiler\ti-cgt-arm_20.2.5.LTS\lib\</path>
         <kind>archive</kind>
         <file>rtsv7M4_T_le_v4SPD16_eabi.lib</file>
         <name>_printfi.c.obj</name>
      </input_file>
      <input_file id="fl-c5">
         <path>C:\ti\ccs1120\ccs\tools\compiler\ti-cgt-arm_20.2.5.LTS\lib\</path>
         <kind>archive</kind>
         <file>rtsv7M4_T_le_v4SPD16_eabi.lib</file>
         <name>fputc.c.obj</name>
      </input_file>
      <input_file id="fl-c6">
         <path>C:\ti\ccs1120\ccs\tools\compiler\ti-cgt-arm_20.2.5.LTS\lib\</path>
         <kind>archive</kind>
         <file>rtsv7M4_T_le_v4SPD16_eabi.lib</file>
         <name>fputs.c.obj</name>
      </input_file>
      <input_file id="fl-c7">
         <path>C:\ti\ccs1120\ccs\tools\compiler\ti-cgt-arm_20.2.5.LTS\lib\</path>
         <kind>archive</kind>
         <file>rtsv7M4_T_le_v4SPD16_eabi.lib</file>
         <name>_io_perm.c.obj</name>
      </input_file>
      <input_file id="fl-c8">
         <path>C:\ti\ccs1120\ccs\tools\compiler\ti-cgt-arm_20.2.5.LTS\lib\</path>
         <kind>archive</kind>
         <file>rtsv7M4_T_le_v4SPD16_eabi.lib</file>
         <name>setvbuf.c.obj</name>
      </input_file>
      <input_file id="fl-c9">
         <path>C:\ti\ccs1120\ccs\tools\compiler\ti-cgt-arm_20.2.5.LTS\lib\</path>
         <kind>archive</kind>
         <file>rtsv7M4_T_le_v4SPD16_eabi.lib</file>
         <name>s_frexp.c.obj</name>
      </input_file>
      <input_file id="fl-ca">
         <path>C:\ti\ccs1120\ccs\tools\compiler\ti-cgt-arm_20.2.5.LTS\lib\</path>
         <kind>archive</kind>
         <file>rtsv7M4_T_le_v4SPD16_eabi.lib</file>
         <name>s_scalbn.c.obj</name>
      </input_file>
      <input_file id="fl-cb">
         <path>C:\ti\ccs1120\ccs\tools\compiler\ti-cgt-arm_20.2.5.LTS\lib\</path>
         <kind>archive</kind>
         <file>rtsv7M4_T_le_v4SPD16_eabi.lib</file>
         <name>wcslen.c.obj</name>
      </input_file>
      <input_file id="fl-cc">
         <path>C:\ti\ccs1120\ccs\tools\compiler\ti-cgt-arm_20.2.5.LTS\lib\</path>
         <kind>archive</kind>
         <file>rtsv7M4_T_le_v4SPD16_eabi.lib</file>
         <name>fd_add_t2.asm.obj</name>
      </input_file>
      <input_file id="fl-cd">
         <path>C:\ti\ccs1120\ccs\tools\compiler\ti-cgt-arm_20.2.5.LTS\lib\</path>
         <kind>archive</kind>
         <file>rtsv7M4_T_le_v4SPD16_eabi.lib</file>
         <name>fd_cmp_t2.asm.obj</name>
      </input_file>
      <input_file id="fl-ce">
         <path>C:\ti\ccs1120\ccs\tools\compiler\ti-cgt-arm_20.2.5.LTS\lib\</path>
         <kind>archive</kind>
         <file>rtsv7M4_T_le_v4SPD16_eabi.lib</file>
         <name>fd_div_t2.asm.obj</name>
      </input_file>
      <input_file id="fl-cf">
         <path>C:\ti\ccs1120\ccs\tools\compiler\ti-cgt-arm_20.2.5.LTS\lib\</path>
         <kind>archive</kind>
         <file>rtsv7M4_T_le_v4SPD16_eabi.lib</file>
         <name>fd_mul_t2.asm.obj</name>
      </input_file>
      <input_file id="fl-d0">
         <path>C:\ti\ccs1120\ccs\tools\compiler\ti-cgt-arm_20.2.5.LTS\lib\</path>
         <kind>archive</kind>
         <file>rtsv7M4_T_le_v4SPD16_eabi.lib</file>
         <name>fd_toi_t2.asm.obj</name>
      </input_file>
      <input_file id="fl-d1">
         <path>C:\ti\ccs1120\ccs\tools\compiler\ti-cgt-arm_20.2.5.LTS\lib\</path>
         <kind>archive</kind>
         <file>rtsv7M4_T_le_v4SPD16_eabi.lib</file>
         <name>i_tofd_t2.asm.obj</name>
      </input_file>
      <input_file id="fl-d2">
         <path>C:\ti\ccs1120\ccs\tools\compiler\ti-cgt-arm_20.2.5.LTS\lib\</path>
         <kind>archive</kind>
         <file>rtsv7M4_T_le_v4SPD16_eabi.lib</file>
         <name>memcpy_t2.asm.obj</name>
      </input_file>
      <input_file id="fl-d3">
         <path>C:\ti\ccs1120\ccs\tools\compiler\ti-cgt-arm_20.2.5.LTS\lib\</path>
         <kind>archive</kind>
         <file>rtsv7M4_T_le_v4SPD16_eabi.lib</file>
         <name>u_divt2.asm.obj</name>
      </input_file>
      <input_file id="fl-d4">
         <path>C:\ti\ccs1120\ccs\tools\compiler\ti-cgt-arm_20.2.5.LTS\lib\</path>
         <kind>archive</kind>
         <file>rtsv7M4_T_le_v4SPD16_eabi.lib</file>
         <name>ull_div_t2.asm.obj</name>
      </input_file>
      <input_file id="fl-d5">
         <path>C:\ti\ccs1120\ccs\tools\compiler\ti-cgt-arm_20.2.5.LTS\lib\</path>
         <kind>archive</kind>
         <file>rtsv7M4_T_le_v4SPD16_eabi.lib</file>
         <name>memset_t2.asm.obj</name>
      </input_file>
      <input_file id="fl-d6">
         <path>C:\ti\ccs1120\ccs\tools\compiler\ti-cgt-arm_20.2.5.LTS\lib\</path>
         <kind>archive</kind>
         <file>rtsv7M4_T_le_v4SPD16_eabi.lib</file>
         <name>copy_zero_init.c.obj</name>
      </input_file>
      <input_file id="fl-d7">
         <path>C:\ti\ccs1120\ccs\tools\compiler\ti-cgt-arm_20.2.5.LTS\lib\</path>
         <kind>archive</kind>
         <file>rtsv7M4_T_le_v4SPD16_eabi.lib</file>
         <name>copy_decompress_none.c.obj</name>
      </input_file>
      <input_file id="fl-d8">
         <path>C:\ti\ccs1120\ccs\tools\compiler\ti-cgt-arm_20.2.5.LTS\lib\</path>
         <kind>archive</kind>
         <file>rtsv7M4_T_le_v4SPD16_eabi.lib</file>
         <name>copy_decompress_lzss.c.obj</name>
      </input_file>
      <input_file id="fl-d9">
         <path>C:\ti\ccs1120\ccs\tools\compiler\ti-cgt-arm_20.2.5.LTS\lib\</path>
         <kind>archive</kind>
         <file>rtsv7M4_T_le_v4SPD16_eabi.lib</file>
         <name>exit.c.obj</name>
      </input_file>
      <input_file id="fl-da">
         <path>C:\ti\ccs1120\ccs\tools\compiler\ti-cgt-arm_20.2.5.LTS\lib\</path>
         <kind>archive</kind>
         <file>rtsv7M4_T_le_v4SPD16_eabi.lib</file>
         <name>_lock.c.obj</name>
      </input_file>
      <input_file id="fl-db">
         <path>C:\ti\ccs1120\ccs\tools\compiler\ti-cgt-arm_20.2.5.LTS\lib\</path>
         <kind>archive</kind>
         <file>rtsv7M4_T_le_v4SPD16_eabi.lib</file>
         <name>_ltoa.c.obj</name>
      </input_file>
      <input_file id="fl-dc">
         <path>C:\ti\ccs1120\ccs\tools\compiler\ti-cgt-arm_20.2.5.LTS\lib\</path>
         <kind>archive</kind>
         <file>rtsv7M4_T_le_v4SPD16_eabi.lib</file>
         <name>atoi.c.obj</name>
      </input_file>
      <input_file id="fl-dd">
         <path>C:\ti\ccs1120\ccs\tools\compiler\ti-cgt-arm_20.2.5.LTS\lib\</path>
         <kind>archive</kind>
         <file>rtsv7M4_T_le_v4SPD16_eabi.lib</file>
         <name>ctype.c.obj</name>
      </input_file>
      <input_file id="fl-de">
         <path>C:\ti\ccs1120\ccs\tools\compiler\ti-cgt-arm_20.2.5.LTS\lib\</path>
         <kind>archive</kind>
         <file>rtsv7M4_T_le_v4SPD16_eabi.lib</file>
         <name>defs.c.obj</name>
      </input_file>
      <input_file id="fl-df">
         <path>C:\ti\ccs1120\ccs\tools\compiler\ti-cgt-arm_20.2.5.LTS\lib\</path>
         <kind>archive</kind>
         <file>rtsv7M4_T_le_v4SPD16_eabi.lib</file>
         <name>memccpy.c.obj</name>
      </input_file>
      <input_file id="fl-e0">
         <path>C:\ti\ccs1120\ccs\tools\compiler\ti-cgt-arm_20.2.5.LTS\lib\</path>
         <kind>archive</kind>
         <file>rtsv7M4_T_le_v4SPD16_eabi.lib</file>
         <name>memchr.c.obj</name>
      </input_file>
      <input_file id="fl-e1">
         <path>C:\ti\ccs1120\ccs\tools\compiler\ti-cgt-arm_20.2.5.LTS\lib\</path>
         <kind>archive</kind>
         <file>rtsv7M4_T_le_v4SPD16_eabi.lib</file>
         <name>memory.c.obj</name>
      </input_file>
      <input_file id="fl-e2">
         <path>C:\ti\ccs1120\ccs\tools\compiler\ti-cgt-arm_20.2.5.LTS\lib\</path>
         <kind>archive</kind>
         <file>rtsv7M4_T_le_v4SPD16_eabi.lib</file>
         <name>perror.c.obj</name>
      </input_file>
      <input_file id="fl-e3">
         <path>C:\ti\ccs1120\ccs\tools\compiler\ti-cgt-arm_20.2.5.LTS\lib\</path>
         <kind>archive</kind>
         <file>rtsv7M4_T_le_v4SPD16_eabi.lib</file>
         <name>strchr.c.obj</name>
      </input_file>
      <input_file id="fl-e4">
         <path>C:\ti\ccs1120\ccs\tools\compiler\ti-cgt-arm_20.2.5.LTS\lib\</path>
         <kind>archive</kind>
         <file>rtsv7M4_T_le_v4SPD16_eabi.lib</file>
         <name>strlen.c.obj</name>
      </input_file>
      <input_file id="fl-e5">
         <path>C:\ti\ccs1120\ccs\tools\compiler\ti-cgt-arm_20.2.5.LTS\lib\</path>
         <kind>archive</kind>
         <file>rtsv7M4_T_le_v4SPD16_eabi.lib</file>
         <name>errno.c.obj</name>
      </input_file>
      <input_file id="fl-e6">
         <path>C:\ti\ccs1120\ccs\tools\compiler\ti-cgt-arm_20.2.5.LTS\lib\</path>
         <kind>archive</kind>
         <file>rtsv7M4_T_le_v4SPD16_eabi.lib</file>
         <name>boot_cortex_m.c.obj</name>
      </input_file>
      <input_file id="fl-e7">
         <path>C:\ti\ccs1120\ccs\tools\compiler\ti-cgt-arm_20.2.5.LTS\lib\</path>
         <kind>archive</kind>
         <file>rtsv7M4_T_le_v4SPD16_eabi.lib</file>
         <name>write.c.obj</name>
      </input_file>
      <input_file id="fl-e8">
         <path>C:\ti\ccs1120\ccs\tools\compiler\ti-cgt-arm_20.2.5.LTS\lib\</path>
         <kind>archive</kind>
         <file>rtsv7M4_T_le_v4SPD16_eabi.lib</file>
         <name>host_device.c.obj</name>
      </input_file>
      <input_file id="fl-e9">
         <path>C:\ti\ccs1120\ccs\tools\compiler\ti-cgt-arm_20.2.5.LTS\lib\</path>
         <kind>archive</kind>
         <file>rtsv7M4_T_le_v4SPD16_eabi.lib</file>
         <name>fflush.c.obj</name>
      </input_file>
      <input_file id="fl-ea">
         <path>C:\ti\ccs1120\ccs\tools\compiler\ti-cgt-arm_20.2.5.LTS\lib\</path>
         <kind>archive</kind>
         <file>rtsv7M4_T_le_v4SPD16_eabi.lib</file>
         <name>fopen.c.obj</name>
      </input_file>
      <input_file id="fl-eb">
         <path>C:\ti\ccs1120\ccs\tools\compiler\ti-cgt-arm_20.2.5.LTS\lib\</path>
         <kind>archive</kind>
         <file>rtsv7M4_T_le_v4SPD16_eabi.lib</file>
         <name>fseek.c.obj</name>
      </input_file>
      <input_file id="fl-ec">
         <path>C:\ti\ccs1120\ccs\tools\compiler\ti-cgt-arm_20.2.5.LTS\lib\</path>
         <kind>archive</kind>
         <file>rtsv7M4_T_le_v4SPD16_eabi.lib</file>
         <name>s_copysign.c.obj</name>
      </input_file>
      <input_file id="fl-ed">
         <path>C:\ti\ccs1120\ccs\tools\compiler\ti-cgt-arm_20.2.5.LTS\lib\</path>
         <kind>archive</kind>
         <file>rtsv7M4_T_le_v4SPD16_eabi.lib</file>
         <name>div0.asm.obj</name>
      </input_file>
      <input_file id="fl-ee">
         <path>C:\ti\ccs1120\ccs\tools\compiler\ti-cgt-arm_20.2.5.LTS\lib\</path>
         <kind>archive</kind>
         <file>rtsv7M4_T_le_v4SPD16_eabi.lib</file>
         <name>autoinit.c.obj</name>
      </input_file>
      <input_file id="fl-ef">
         <path>C:\ti\ccs1120\ccs\tools\compiler\ti-cgt-arm_20.2.5.LTS\lib\</path>
         <kind>archive</kind>
         <file>rtsv7M4_T_le_v4SPD16_eabi.lib</file>
         <name>pre_init.c.obj</name>
      </input_file>
      <input_file id="fl-f0">
         <path>C:\ti\ccs1120\ccs\tools\compiler\ti-cgt-arm_20.2.5.LTS\lib\</path>
         <kind>archive</kind>
         <file>rtsv7M4_T_le_v4SPD16_eabi.lib</file>
         <name>cpy_tbl.c.obj</name>
      </input_file>
      <input_file id="fl-f1">
         <path>C:\ti\ccs1120\ccs\tools\compiler\ti-cgt-arm_20.2.5.LTS\lib\</path>
         <kind>archive</kind>
         <file>rtsv7M4_T_le_v4SPD16_eabi.lib</file>
         <name>args_main.c.obj</name>
      </input_file>
      <input_file id="fl-f2">
         <path>C:\ti\ccs1120\ccs\tools\compiler\ti-cgt-arm_20.2.5.LTS\lib\</path>
         <kind>archive</kind>
         <file>rtsv7M4_T_le_v4SPD16_eabi.lib</file>
         <name>hostclose.c.obj</name>
      </input_file>
      <input_file id="fl-f3">
         <path>C:\ti\ccs1120\ccs\tools\compiler\ti-cgt-arm_20.2.5.LTS\lib\</path>
         <kind>archive</kind>
         <file>rtsv7M4_T_le_v4SPD16_eabi.lib</file>
         <name>hostlseek.c.obj</name>
      </input_file>
      <input_file id="fl-f4">
         <path>C:\ti\ccs1120\ccs\tools\compiler\ti-cgt-arm_20.2.5.LTS\lib\</path>
         <kind>archive</kind>
         <file>rtsv7M4_T_le_v4SPD16_eabi.lib</file>
         <name>hostopen.c.obj</name>
      </input_file>
      <input_file id="fl-f5">
         <path>C:\ti\ccs1120\ccs\tools\compiler\ti-cgt-arm_20.2.5.LTS\lib\</path>
         <kind>archive</kind>
         <file>rtsv7M4_T_le_v4SPD16_eabi.lib</file>
         <name>hostread.c.obj</name>
      </input_file>
      <input_file id="fl-f6">
         <path>C:\ti\ccs1120\ccs\tools\compiler\ti-cgt-arm_20.2.5.LTS\lib\</path>
         <kind>archive</kind>
         <file>rtsv7M4_T_le_v4SPD16_eabi.lib</file>
         <name>hostrename.c.obj</name>
      </input_file>
      <input_file id="fl-f7">
         <path>C:\ti\ccs1120\ccs\tools\compiler\ti-cgt-arm_20.2.5.LTS\lib\</path>
         <kind>archive</kind>
         <file>rtsv7M4_T_le_v4SPD16_eabi.lib</file>
         <name>hostunlink.c.obj</name>
      </input_file>
      <input_file id="fl-f8">
         <path>C:\ti\ccs1120\ccs\tools\compiler\ti-cgt-arm_20.2.5.LTS\lib\</path>
         <kind>archive</kind>
         <file>rtsv7M4_T_le_v4SPD16_eabi.lib</file>
         <name>hostwrite.c.obj</name>
      </input_file>
      <input_file id="fl-f9">
         <path>C:\ti\ccs1120\ccs\tools\compiler\ti-cgt-arm_20.2.5.LTS\lib\</path>
         <kind>archive</kind>
         <file>rtsv7M4_T_le_v4SPD16_eabi.lib</file>
         <name>trgmsg.c.obj</name>
      </input_file>
      <input_file id="fl-fa">
         <path>C:\ti\ccs1120\ccs\tools\compiler\ti-cgt-arm_20.2.5.LTS\lib\</path>
         <kind>archive</kind>
         <file>rtsv7M4_T_le_v4SPD16_eabi.lib</file>
         <name>open.c.obj</name>
      </input_file>
      <input_file id="fl-fb">
         <path>C:\ti\ccs1120\ccs\tools\compiler\ti-cgt-arm_20.2.5.LTS\lib\</path>
         <kind>archive</kind>
         <file>rtsv7M4_T_le_v4SPD16_eabi.lib</file>
         <name>lseek.c.obj</name>
      </input_file>
      <input_file id="fl-fc">
         <path>C:\ti\ccs1120\ccs\tools\compiler\ti-cgt-arm_20.2.5.LTS\lib\</path>
         <kind>archive</kind>
         <file>rtsv7M4_T_le_v4SPD16_eabi.lib</file>
         <name>fclose.c.obj</name>
      </input_file>
      <input_file id="fl-fd">
         <path>C:\ti\ccs1120\ccs\tools\compiler\ti-cgt-arm_20.2.5.LTS\lib\</path>
         <kind>archive</kind>
         <file>rtsv7M4_T_le_v4SPD16_eabi.lib</file>
         <name>getdevice.c.obj</name>
      </input_file>
      <input_file id="fl-fe">
         <path>C:\ti\ccs1120\ccs\tools\compiler\ti-cgt-arm_20.2.5.LTS\lib\</path>
         <kind>archive</kind>
         <file>rtsv7M4_T_le_v4SPD16_eabi.lib</file>
         <name>strcmp.c.obj</name>
      </input_file>
      <input_file id="fl-ff">
         <path>C:\ti\ccs1120\ccs\tools\compiler\ti-cgt-arm_20.2.5.LTS\lib\</path>
         <kind>archive</kind>
         <file>rtsv7M4_T_le_v4SPD16_eabi.lib</file>
         <name>strcpy.c.obj</name>
      </input_file>
      <input_file id="fl-100">
         <path>C:\ti\ccs1120\ccs\tools\compiler\ti-cgt-arm_20.2.5.LTS\lib\</path>
         <kind>archive</kind>
         <file>rtsv7M4_T_le_v4SPD16_eabi.lib</file>
         <name>strncpy.c.obj</name>
      </input_file>
      <input_file id="fl-101">
         <path>C:\ti\ccs1120\ccs\tools\compiler\ti-cgt-arm_20.2.5.LTS\lib\</path>
         <kind>archive</kind>
         <file>rtsv7M4_T_le_v4SPD16_eabi.lib</file>
         <name>remove.c.obj</name>
      </input_file>
      <input_file id="fl-102">
         <path>C:\ti\ccs1120\ccs\tools\compiler\ti-cgt-arm_20.2.5.LTS\lib\</path>
         <kind>archive</kind>
         <file>rtsv7M4_T_le_v4SPD16_eabi.lib</file>
         <name>close.c.obj</name>
      </input_file>
      <input_file id="fl-103">
         <path>C:\ti\ccs1120\ccs\tools\compiler\ti-cgt-arm_20.2.5.LTS\lib\</path>
         <kind>archive</kind>
         <file>rtsv7M4_T_le_v4SPD16_eabi.lib</file>
         <name>unlink.c.obj</name>
      </input_file>
      <input_file id="fl-104">
         <path>C:\ti\tivaware_c_series_2_1_4_178\driverlib\ccs\Debug\</path>
         <kind>archive</kind>
         <file>driverlib.lib</file>
         <name>gpio.obj</name>
      </input_file>
      <input_file id="fl-105">
         <path>C:\ti\tivaware_c_series_2_1_4_178\driverlib\ccs\Debug\</path>
         <kind>archive</kind>
         <file>driverlib.lib</file>
         <name>interrupt.obj</name>
      </input_file>
      <input_file id="fl-106">
         <path>C:\ti\tivaware_c_series_2_1_4_178\driverlib\ccs\Debug\</path>
         <kind>archive</kind>
         <file>driverlib.lib</file>
         <name>sysctl.obj</name>
      </input_file>
      <input_file id="fl-107">
         <path>C:\ti\tivaware_c_series_2_1_4_178\driverlib\ccs\Debug\</path>
         <kind>archive</kind>
         <file>driverlib.lib</file>
         <name>cpu.obj</name>
      </input_file>
   </input_file_list>
   <object_component_list>
      <object_component id="oc-12">
         <name>.intvecs</name>
         <load_address>0x0</load_address>
         <run_address>0x0</run_address>
         <size>0x200</size>
         <input_file_ref idref="fl-4"/>
      </object_component>
      <object_component id="oc-228">
         <name>.text:__TI_printfi</name>
         <load_address>0x200</load_address>
         <run_address>0x200</run_address>
         <size>0xa4e</size>
         <input_file_ref idref="fl-c4"/>
      </object_component>
      <object_component id="oc-36">
         <name>.text:FaultISR</name>
         <load_address>0xc4e</load_address>
         <run_address>0xc4e</run_address>
         <size>0x2</size>
         <input_file_ref idref="fl-4"/>
      </object_component>
      <object_component id="oc-2be">
         <name>.text:_pconv_a</name>
         <load_address>0xc50</load_address>
         <run_address>0xc50</run_address>
         <size>0x270</size>
         <input_file_ref idref="fl-c4"/>
      </object_component>
      <object_component id="oc-f2">
         <name>.text:PinoutSet</name>
         <load_address>0xec0</load_address>
         <run_address>0xec0</run_address>
         <size>0x20c</size>
         <input_file_ref idref="fl-7"/>
      </object_component>
      <object_component id="oc-ec">
         <name>.text:SysCtlClockFreqSet</name>
         <load_address>0x10cc</load_address>
         <run_address>0x10cc</run_address>
         <size>0x200</size>
         <input_file_ref idref="fl-106"/>
      </object_component>
      <object_component id="oc-18e">
         <name>.text:UARTvprintf</name>
         <load_address>0x12cc</load_address>
         <run_address>0x12cc</run_address>
         <size>0x1ee</size>
         <input_file_ref idref="fl-8"/>
      </object_component>
      <object_component id="oc-3c">
         <name>.text:IntDefaultHandler</name>
         <load_address>0x14ba</load_address>
         <run_address>0x14ba</run_address>
         <size>0x2</size>
         <input_file_ref idref="fl-4"/>
      </object_component>
      <object_component id="oc-2ac">
         <name>.text:_pconv_g</name>
         <load_address>0x14bc</load_address>
         <run_address>0x14bc</run_address>
         <size>0x1d0</size>
         <input_file_ref idref="fl-c4"/>
      </object_component>
      <object_component id="oc-361">
         <name>.text</name>
         <load_address>0x168c</load_address>
         <run_address>0x168c</run_address>
         <size>0x1b6</size>
         <input_file_ref idref="fl-cc"/>
      </object_component>
      <object_component id="oc-30">
         <name>.text:NmiSR</name>
         <load_address>0x1842</load_address>
         <run_address>0x1842</run_address>
         <size>0x2</size>
         <input_file_ref idref="fl-4"/>
      </object_component>
      <object_component id="oc-104">
         <name>.text:teste1</name>
         <load_address>0x1844</load_address>
         <run_address>0x1844</run_address>
         <size>0x14c</size>
         <input_file_ref idref="fl-2"/>
      </object_component>
      <object_component id="oc-2b8">
         <name>.text:_pconv_e</name>
         <load_address>0x1990</load_address>
         <run_address>0x1990</run_address>
         <size>0x13c</size>
         <input_file_ref idref="fl-c4"/>
      </object_component>
      <object_component id="oc-347">
         <name>.text</name>
         <load_address>0x1acc</load_address>
         <run_address>0x1acc</run_address>
         <size>0x136</size>
         <input_file_ref idref="fl-ce"/>
      </object_component>
      <object_component id="oc-179">
         <name>.text:GPIOPadConfigSet</name>
         <load_address>0x1c02</load_address>
         <run_address>0x1c02</run_address>
         <size>0x132</size>
         <input_file_ref idref="fl-104"/>
      </object_component>
      <object_component id="oc-373">
         <name>.text:fcvt</name>
         <load_address>0x1d34</load_address>
         <run_address>0x1d34</run_address>
         <size>0x124</size>
         <input_file_ref idref="fl-c4"/>
      </object_component>
      <object_component id="oc-1a1">
         <name>.text</name>
         <load_address>0x1e58</load_address>
         <run_address>0x1e58</run_address>
         <size>0x11e</size>
         <input_file_ref idref="fl-6"/>
      </object_component>
      <object_component id="oc-262">
         <name>.text:_nop</name>
         <load_address>0x1f76</load_address>
         <run_address>0x1f76</run_address>
         <size>0x2</size>
         <input_file_ref idref="fl-da"/>
      </object_component>
      <object_component id="oc-249">
         <name>.text:fputs</name>
         <load_address>0x1f78</load_address>
         <run_address>0x1f78</run_address>
         <size>0x114</size>
         <input_file_ref idref="fl-c6"/>
      </object_component>
      <object_component id="oc-387">
         <name>.text:scalbn</name>
         <load_address>0x208c</load_address>
         <run_address>0x208c</run_address>
         <size>0x110</size>
         <input_file_ref idref="fl-ca"/>
      </object_component>
      <object_component id="oc-242">
         <name>.text:aligned_alloc</name>
         <load_address>0x219c</load_address>
         <run_address>0x219c</run_address>
         <size>0x100</size>
         <input_file_ref idref="fl-e1"/>
      </object_component>
      <object_component id="oc-342">
         <name>.text</name>
         <load_address>0x229c</load_address>
         <run_address>0x229c</run_address>
         <size>0xfc</size>
         <input_file_ref idref="fl-cf"/>
      </object_component>
      <object_component id="oc-40f">
         <name>.text:free</name>
         <load_address>0x2398</load_address>
         <run_address>0x2398</run_address>
         <size>0xe4</size>
         <input_file_ref idref="fl-e1"/>
      </object_component>
      <object_component id="oc-3bb">
         <name>.text:setvbuf</name>
         <load_address>0x247c</load_address>
         <run_address>0x247c</run_address>
         <size>0xdc</size>
         <input_file_ref idref="fl-c8"/>
      </object_component>
      <object_component id="oc-1b2">
         <name>.text:perror</name>
         <load_address>0x2558</load_address>
         <run_address>0x2558</run_address>
         <size>0xc8</size>
         <input_file_ref idref="fl-e2"/>
      </object_component>
      <object_component id="oc-2a1">
         <name>.text:_ltostr</name>
         <load_address>0x2620</load_address>
         <run_address>0x2620</run_address>
         <size>0xb1</size>
         <input_file_ref idref="fl-c4"/>
      </object_component>
      <object_component id="oc-28f">
         <name>.text</name>
         <load_address>0x26d2</load_address>
         <run_address>0x26d2</run_address>
         <size>0x2</size>
         <input_file_ref idref="fl-ed"/>
      </object_component>
      <object_component id="oc-1c7">
         <name>.text:BodyPong</name>
         <load_address>0x26d4</load_address>
         <run_address>0x26d4</run_address>
         <size>0xa8</size>
         <input_file_ref idref="fl-2"/>
      </object_component>
      <object_component id="oc-50">
         <name>.text</name>
         <load_address>0x277c</load_address>
         <run_address>0x277c</run_address>
         <size>0x9c</size>
         <input_file_ref idref="fl-d2"/>
      </object_component>
      <object_component id="oc-33b">
         <name>.text</name>
         <load_address>0x2818</load_address>
         <run_address>0x2818</run_address>
         <size>0x96</size>
         <input_file_ref idref="fl-d4"/>
      </object_component>
      <object_component id="oc-255">
         <name>.text:fputc</name>
         <load_address>0x28b0</load_address>
         <run_address>0x28b0</run_address>
         <size>0x8c</size>
         <input_file_ref idref="fl-c5"/>
      </object_component>
      <object_component id="oc-2a7">
         <name>.text:__aeabi_cdcmple</name>
         <load_address>0x293c</load_address>
         <run_address>0x293c</run_address>
         <size>0x86</size>
         <input_file_ref idref="fl-cd"/>
      </object_component>
      <object_component id="oc-34c">
         <name>.text:__aeabi_cdrcmple</name>
         <load_address>0x29c2</load_address>
         <run_address>0x29c2</run_address>
         <size>0x86</size>
         <input_file_ref idref="fl-cd"/>
      </object_component>
      <object_component id="oc-ab">
         <name>.text</name>
         <load_address>0x2a48</load_address>
         <run_address>0x2a48</run_address>
         <size>0x7a</size>
         <input_file_ref idref="fl-d5"/>
      </object_component>
      <object_component id="oc-1c0">
         <name>.text:BodyPing</name>
         <load_address>0x2ac4</load_address>
         <run_address>0x2ac4</run_address>
         <size>0x74</size>
         <input_file_ref idref="fl-2"/>
      </object_component>
      <object_component id="oc-44f">
         <name>.text:__TI_closefile</name>
         <load_address>0x2b38</load_address>
         <run_address>0x2b38</run_address>
         <size>0x74</size>
         <input_file_ref idref="fl-fc"/>
      </object_component>
      <object_component id="oc-2f7">
         <name>.text:split</name>
         <load_address>0x2bac</load_address>
         <run_address>0x2bac</run_address>
         <size>0x70</size>
         <input_file_ref idref="fl-e1"/>
      </object_component>
      <object_component id="oc-36c">
         <name>.text:_mcpy</name>
         <load_address>0x2c1c</load_address>
         <run_address>0x2c1c</run_address>
         <size>0x6e</size>
         <input_file_ref idref="fl-c4"/>
      </object_component>
      <object_component id="oc-47f">
         <name>.text:HOSTrename</name>
         <load_address>0x2c8c</load_address>
         <run_address>0x2c8c</run_address>
         <size>0x6c</size>
         <input_file_ref idref="fl-f6"/>
      </object_component>
      <object_component id="oc-473">
         <name>.text:HOSTlseek</name>
         <load_address>0x2cf8</load_address>
         <run_address>0x2cf8</run_address>
         <size>0x68</size>
         <input_file_ref idref="fl-f3"/>
      </object_component>
      <object_component id="oc-15">
         <name>.text:decompress:lzss:__TI_decompress_lzss</name>
         <load_address>0x2d60</load_address>
         <run_address>0x2d60</run_address>
         <size>0x68</size>
         <input_file_ref idref="fl-d8"/>
      </object_component>
      <object_component id="oc-19b">
         <name>.text:printf</name>
         <load_address>0x2dc8</load_address>
         <run_address>0x2dc8</run_address>
         <size>0x68</size>
         <input_file_ref idref="fl-c3"/>
      </object_component>
      <object_component id="oc-381">
         <name>.text:frexp</name>
         <load_address>0x2e30</load_address>
         <run_address>0x2e30</run_address>
         <size>0x64</size>
         <input_file_ref idref="fl-c9"/>
      </object_component>
      <object_component id="oc-3b5">
         <name>.text:fseek</name>
         <load_address>0x2e94</load_address>
         <run_address>0x2e94</run_address>
         <size>0x64</size>
         <input_file_ref idref="fl-eb"/>
      </object_component>
      <object_component id="oc-301">
         <name>.text:__TI_wrt_ok</name>
         <load_address>0x2ef8</load_address>
         <run_address>0x2ef8</run_address>
         <size>0x62</size>
         <input_file_ref idref="fl-c7"/>
      </object_component>
      <object_component id="oc-45b">
         <name>.text:HOSTopen</name>
         <load_address>0x2f5c</load_address>
         <run_address>0x2f5c</run_address>
         <size>0x60</size>
         <input_file_ref idref="fl-f4"/>
      </object_component>
      <object_component id="oc-187">
         <name>.text:UARTStdioConfig</name>
         <load_address>0x2fbc</load_address>
         <run_address>0x2fbc</run_address>
         <size>0x60</size>
         <input_file_ref idref="fl-8"/>
      </object_component>
      <object_component id="oc-f8">
         <name>.text:ConfigureUART</name>
         <load_address>0x301c</load_address>
         <run_address>0x301c</run_address>
         <size>0x5c</size>
         <input_file_ref idref="fl-3"/>
      </object_component>
      <object_component id="oc-48b">
         <name>.text:close</name>
         <load_address>0x3078</load_address>
         <run_address>0x3078</run_address>
         <size>0x5c</size>
         <input_file_ref idref="fl-102"/>
      </object_component>
      <object_component id="oc-b7">
         <name>.text:main</name>
         <load_address>0x30d4</load_address>
         <run_address>0x30d4</run_address>
         <size>0x5c</size>
         <input_file_ref idref="fl-3"/>
      </object_component>
      <object_component id="oc-467">
         <name>.text:HOSTread</name>
         <load_address>0x3130</load_address>
         <run_address>0x3130</run_address>
         <size>0x58</size>
         <input_file_ref idref="fl-f5"/>
      </object_component>
      <object_component id="oc-46d">
         <name>.text:HOSTwrite</name>
         <load_address>0x3188</load_address>
         <run_address>0x3188</run_address>
         <size>0x58</size>
         <input_file_ref idref="fl-f8"/>
      </object_component>
      <object_component id="oc-2b2">
         <name>.text:_pconv_f</name>
         <load_address>0x31e0</load_address>
         <run_address>0x31e0</run_address>
         <size>0x56</size>
         <input_file_ref idref="fl-c4"/>
      </object_component>
      <object_component id="oc-356">
         <name>.text:__TI_ltoa</name>
         <load_address>0x3236</load_address>
         <run_address>0x3236</run_address>
         <size>0x54</size>
         <input_file_ref idref="fl-db"/>
      </object_component>
      <object_component id="oc-366">
         <name>.text:_ecpy</name>
         <load_address>0x328a</load_address>
         <run_address>0x328a</run_address>
         <size>0x52</size>
         <input_file_ref idref="fl-c4"/>
      </object_component>
      <object_component id="oc-30d">
         <name>.text:__TI_doflush</name>
         <load_address>0x32dc</load_address>
         <run_address>0x32dc</run_address>
         <size>0x4c</size>
         <input_file_ref idref="fl-e9"/>
      </object_component>
      <object_component id="oc-29b">
         <name>.text:atoi</name>
         <load_address>0x3328</load_address>
         <run_address>0x3328</run_address>
         <size>0x4c</size>
         <input_file_ref idref="fl-dc"/>
      </object_component>
      <object_component id="oc-21a">
         <name>.text:UARTwrite</name>
         <load_address>0x3374</load_address>
         <run_address>0x3374</run_address>
         <size>0x48</size>
         <input_file_ref idref="fl-8"/>
      </object_component>
      <object_component id="oc-163">
         <name>.text:_SysCtlFrequencyGet</name>
         <load_address>0x33bc</load_address>
         <run_address>0x33bc</run_address>
         <size>0x48</size>
         <input_file_ref idref="fl-106"/>
      </object_component>
      <object_component id="oc-119">
         <name>.text:exit</name>
         <load_address>0x3404</load_address>
         <run_address>0x3404</run_address>
         <size>0x48</size>
         <input_file_ref idref="fl-d9"/>
      </object_component>
      <object_component id="oc-351">
         <name>.text</name>
         <load_address>0x344c</load_address>
         <run_address>0x344c</run_address>
         <size>0x48</size>
         <input_file_ref idref="fl-d0"/>
      </object_component>
      <object_component id="oc-461">
         <name>.text:HOSTclose</name>
         <load_address>0x3494</load_address>
         <run_address>0x3494</run_address>
         <size>0x44</size>
         <input_file_ref idref="fl-f2"/>
      </object_component>
      <object_component id="oc-479">
         <name>.text:HOSTunlink</name>
         <load_address>0x34d8</load_address>
         <run_address>0x34d8</run_address>
         <size>0x44</size>
         <input_file_ref idref="fl-f7"/>
      </object_component>
      <object_component id="oc-11f">
         <name>.text:__TI_auto_init_nobinit_nopinit:__TI_auto_init_nobinit_nopinit</name>
         <load_address>0x351c</load_address>
         <run_address>0x351c</run_address>
         <size>0x44</size>
         <input_file_ref idref="fl-ee"/>
      </object_component>
      <object_component id="oc-4c0">
         <name>.text:getdevice</name>
         <load_address>0x3560</load_address>
         <run_address>0x3560</run_address>
         <size>0x44</size>
         <input_file_ref idref="fl-fd"/>
      </object_component>
      <object_component id="oc-220">
         <name>.text</name>
         <load_address>0x35a4</load_address>
         <run_address>0x35a4</run_address>
         <size>0x40</size>
         <input_file_ref idref="fl-d3"/>
      </object_component>
      <object_component id="oc-379">
         <name>.text:_fcpy</name>
         <load_address>0x35e4</load_address>
         <run_address>0x35e4</run_address>
         <size>0x3e</size>
         <input_file_ref idref="fl-c4"/>
      </object_component>
      <object_component id="oc-49c">
         <name>.text:__TI_writemsg</name>
         <load_address>0x3624</load_address>
         <run_address>0x3624</run_address>
         <size>0x38</size>
         <input_file_ref idref="fl-f9"/>
      </object_component>
      <object_component id="oc-4e2">
         <name>.text:strncpy</name>
         <load_address>0x365c</load_address>
         <run_address>0x365c</run_address>
         <size>0x36</size>
         <input_file_ref idref="fl-100"/>
      </object_component>
      <object_component id="oc-415">
         <name>.text:__TI_cleanup</name>
         <load_address>0x3694</load_address>
         <run_address>0x3694</run_address>
         <size>0x34</size>
         <input_file_ref idref="fl-ea"/>
      </object_component>
      <object_component id="oc-4a2">
         <name>.text:__TI_readmsg</name>
         <load_address>0x36c8</load_address>
         <run_address>0x36c8</run_address>
         <size>0x34</size>
         <input_file_ref idref="fl-f9"/>
      </object_component>
      <object_component id="oc-6e">
         <name>.text:_c_int00_noargs:_c_int00_noargs</name>
         <load_address>0x36fc</load_address>
         <run_address>0x36fc</run_address>
         <size>0x34</size>
         <input_file_ref idref="fl-e6"/>
      </object_component>
      <object_component id="oc-4e8">
         <name>.text:finddevice</name>
         <load_address>0x3730</load_address>
         <run_address>0x3730</run_address>
         <size>0x30</size>
         <input_file_ref idref="fl-fd"/>
      </object_component>
      <object_component id="oc-35c">
         <name>.text</name>
         <load_address>0x3760</load_address>
         <run_address>0x3760</run_address>
         <size>0x2e</size>
         <input_file_ref idref="fl-d1"/>
      </object_component>
      <object_component id="oc-491">
         <name>.text:unlink</name>
         <load_address>0x3790</load_address>
         <run_address>0x3790</run_address>
         <size>0x2c</size>
         <input_file_ref idref="fl-103"/>
      </object_component>
      <object_component id="oc-204">
         <name>.text:GPIODirModeSet</name>
         <load_address>0x37bc</load_address>
         <run_address>0x37bc</run_address>
         <size>0x2a</size>
         <input_file_ref idref="fl-104"/>
      </object_component>
      <object_component id="oc-2f1">
         <name>.text:free_list_insert</name>
         <load_address>0x37e8</load_address>
         <run_address>0x37e8</run_address>
         <size>0x28</size>
         <input_file_ref idref="fl-e1"/>
      </object_component>
      <object_component id="oc-407">
         <name>.text:lseek</name>
         <load_address>0x3810</load_address>
         <run_address>0x3810</run_address>
         <size>0x28</size>
         <input_file_ref idref="fl-fb"/>
      </object_component>
      <object_component id="oc-313">
         <name>.text:write</name>
         <load_address>0x3838</load_address>
         <run_address>0x3838</run_address>
         <size>0x28</size>
         <input_file_ref idref="fl-e7"/>
      </object_component>
      <object_component id="oc-15d">
         <name>.text:_SysCtlMemTimingGet</name>
         <load_address>0x3860</load_address>
         <run_address>0x3860</run_address>
         <size>0x20</size>
         <input_file_ref idref="fl-106"/>
      </object_component>
      <object_component id="oc-307">
         <name>.text:memchr</name>
         <load_address>0x3880</load_address>
         <run_address>0x3880</run_address>
         <size>0x20</size>
         <input_file_ref idref="fl-e0"/>
      </object_component>
      <object_component id="oc-5c">
         <name>.text:decompress:ZI:__TI_zero_init_nomemset:__TI_zero_init_nomemset</name>
         <load_address>0x38a0</load_address>
         <run_address>0x38a0</run_address>
         <size>0x1c</size>
         <input_file_ref idref="fl-d6"/>
      </object_component>
      <object_component id="oc-2eb">
         <name>.text:free_list_remove</name>
         <load_address>0x38bc</load_address>
         <run_address>0x38bc</run_address>
         <size>0x1c</size>
         <input_file_ref idref="fl-e1"/>
      </object_component>
      <object_component id="oc-2c4">
         <name>.text:memccpy</name>
         <load_address>0x38d8</load_address>
         <run_address>0x38d8</run_address>
         <size>0x1c</size>
         <input_file_ref idref="fl-df"/>
      </object_component>
      <object_component id="oc-fe">
         <name>.text:UARTprintf</name>
         <load_address>0x38f4</load_address>
         <run_address>0x38f4</run_address>
         <size>0x1a</size>
         <input_file_ref idref="fl-8"/>
      </object_component>
      <object_component id="oc-3ef">
         <name>.text:copysign</name>
         <load_address>0x390e</load_address>
         <run_address>0x390e</run_address>
         <size>0x1a</size>
         <input_file_ref idref="fl-ec"/>
      </object_component>
      <object_component id="oc-4ff">
         <name>.text:strcmp</name>
         <load_address>0x3928</load_address>
         <run_address>0x3928</run_address>
         <size>0x18</size>
         <input_file_ref idref="fl-fe"/>
      </object_component>
      <object_component id="oc-38d">
         <name>.text:strchr</name>
         <load_address>0x3940</load_address>
         <run_address>0x3940</run_address>
         <size>0x16</size>
         <input_file_ref idref="fl-e3"/>
      </object_component>
      <object_component id="oc-4b6">
         <name>.text:strcpy</name>
         <load_address>0x3956</load_address>
         <run_address>0x3956</run_address>
         <size>0x14</size>
         <input_file_ref idref="fl-ff"/>
      </object_component>
      <object_component id="oc-295">
         <name>.text:strlen</name>
         <load_address>0x396a</load_address>
         <run_address>0x396a</run_address>
         <size>0x14</size>
         <input_file_ref idref="fl-e4"/>
      </object_component>
      <object_component id="oc-17f">
         <name>.text:GPIOPinTypeEthernetLED</name>
         <load_address>0x397e</load_address>
         <run_address>0x397e</run_address>
         <size>0x12</size>
         <input_file_ref idref="fl-104"/>
      </object_component>
      <object_component id="oc-2ca">
         <name>.text:wcslen</name>
         <load_address>0x3990</load_address>
         <run_address>0x3990</run_address>
         <size>0x12</size>
         <input_file_ref idref="fl-cb"/>
      </object_component>
      <object_component id="oc-1b">
         <name>.text:decompress:none:__TI_decompress_none</name>
         <load_address>0x39a2</load_address>
         <run_address>0x39a2</run_address>
         <size>0xe</size>
         <input_file_ref idref="fl-d7"/>
      </object_component>
      <object_component id="oc-1a6">
         <name>.text:makecontextMain</name>
         <load_address>0x39b0</load_address>
         <run_address>0x39b0</run_address>
         <size>0xa</size>
         <input_file_ref idref="fl-5"/>
      </object_component>
      <object_component id="oc-24f">
         <name>.text:__aeabi_errno_addr</name>
         <load_address>0x39bc</load_address>
         <run_address>0x39bc</run_address>
         <size>0x8</size>
         <input_file_ref idref="fl-e5"/>
      </object_component>
      <object_component id="oc-1ac">
         <name>.text:malloc</name>
         <load_address>0x39c4</load_address>
         <run_address>0x39c4</run_address>
         <size>0x8</size>
         <input_file_ref idref="fl-e1"/>
      </object_component>
      <object_component id="oc-2a">
         <name>.text:ResetISR</name>
         <load_address>0x39cc</load_address>
         <run_address>0x39cc</run_address>
         <size>0x6</size>
         <input_file_ref idref="fl-4"/>
      </object_component>
      <object_component id="oc-1b8">
         <name>.text:makecontext</name>
         <load_address>0x39d2</load_address>
         <run_address>0x39d2</run_address>
         <size>0x6</size>
         <input_file_ref idref="fl-5"/>
      </object_component>
      <object_component id="oc-237">
         <name>.text:_outc</name>
         <load_address>0x39d8</load_address>
         <run_address>0x39d8</run_address>
         <size>0x4</size>
         <input_file_ref idref="fl-c3"/>
      </object_component>
      <object_component id="oc-231">
         <name>.text:_outs</name>
         <load_address>0x39dc</load_address>
         <run_address>0x39dc</run_address>
         <size>0x4</size>
         <input_file_ref idref="fl-c3"/>
      </object_component>
      <object_component id="oc-b1">
         <name>.text:_system_pre_init</name>
         <load_address>0x39e0</load_address>
         <run_address>0x39e0</run_address>
         <size>0x4</size>
         <input_file_ref idref="fl-ef"/>
      </object_component>
      <object_component id="oc-113">
         <name>.text:abort:abort</name>
         <load_address>0x39e4</load_address>
         <run_address>0x39e4</run_address>
         <size>0x4</size>
         <input_file_ref idref="fl-d9"/>
      </object_component>
      <object_component id="oc-16c">
         <name>.const:g_pppui32XTALtoVCO</name>
         <load_address>0x39e8</load_address>
         <run_address>0x39e8</run_address>
         <size>0x1b0</size>
         <input_file_ref idref="fl-106"/>
      </object_component>
      <object_component id="oc-336">
         <name>.const:.string:_ctypes_</name>
         <load_address>0x3b98</load_address>
         <run_address>0x3b98</run_address>
         <size>0x101</size>
         <input_file_ref idref="fl-dd"/>
      </object_component>
      <object_component id="oc-169">
         <name>.const:g_pui32Xtals</name>
         <load_address>0x3c9c</load_address>
         <run_address>0x3c9c</run_address>
         <size>0x6c</size>
         <input_file_ref idref="fl-106"/>
      </object_component>
      <object_component id="oc-1f0">
         <name>.const:g_sXTALtoMEMTIM</name>
         <load_address>0x3d08</load_address>
         <run_address>0x3d08</run_address>
         <size>0x30</size>
         <input_file_ref idref="fl-106"/>
      </object_component>
      <object_component id="oc-210">
         <name>.const:g_ui32UARTBase</name>
         <load_address>0x3d38</load_address>
         <run_address>0x3d38</run_address>
         <size>0xc</size>
         <input_file_ref idref="fl-8"/>
      </object_component>
      <object_component id="oc-20d">
         <name>.const:g_ui32UARTPeriph</name>
         <load_address>0x3d44</load_address>
         <run_address>0x3d44</run_address>
         <size>0xc</size>
         <input_file_ref idref="fl-8"/>
      </object_component>
      <object_component id="oc-16f">
         <name>.const</name>
         <load_address>0x3d50</load_address>
         <run_address>0x3d50</run_address>
         <size>0x8</size>
         <input_file_ref idref="fl-106"/>
      </object_component>
      <object_component id="oc-539">
         <name>.cinit..data.load</name>
         <load_address>0x3d58</load_address>
         <run_address>0x3d58</run_address>
         <size>0x6b</size>
      </object_component>
      <object_component id="oc-537">
         <name>__TI_handler_table</name>
         <load_address>0x3dc4</load_address>
         <run_address>0x3dc4</run_address>
         <size>0xc</size>
      </object_component>
      <object_component id="oc-53a">
         <name>.cinit..bss.load</name>
         <load_address>0x3dd0</load_address>
         <run_address>0x3dd0</run_address>
         <size>0x8</size>
      </object_component>
      <object_component id="oc-538">
         <name>__TI_cinit_table</name>
         <load_address>0x3dd8</load_address>
         <run_address>0x3dd8</run_address>
         <size>0x10</size>
      </object_component>
      <object_component id="oc-213">
         <name>.data</name>
         <load_address>0x2003e4dc</load_address>
         <run_address>0x2003e4dc</run_address>
         <size>0x5</size>
         <input_file_ref idref="fl-8"/>
      </object_component>
      <object_component id="oc-1d1">
         <name>.data:$O1$$</name>
         <load_address>0x2003e4c0</load_address>
         <run_address>0x2003e4c0</run_address>
         <size>0xc</size>
         <input_file_ref idref="fl-d9"/>
      </object_component>
      <object_component id="oc-1d4">
         <name>.data:$O1$$</name>
         <load_address>0x2003e4cc</load_address>
         <run_address>0x2003e4cc</run_address>
         <size>0x8</size>
         <input_file_ref idref="fl-da"/>
      </object_component>
      <object_component id="oc-22e">
         <name>.data:_ftable</name>
         <load_address>0x2003e2f8</load_address>
         <run_address>0x2003e2f8</run_address>
         <size>0xf0</size>
         <input_file_ref idref="fl-de"/>
      </object_component>
      <object_component id="oc-455">
         <name>.data</name>
         <load_address>0x2003e4b0</load_address>
         <run_address>0x2003e4b0</run_address>
         <size>0x10</size>
         <input_file_ref idref="fl-de"/>
      </object_component>
      <object_component id="oc-2fd">
         <name>.data:$O1$$</name>
         <load_address>0x2003e4d4</load_address>
         <run_address>0x2003e4d4</run_address>
         <size>0x8</size>
         <input_file_ref idref="fl-e1"/>
      </object_component>
      <object_component id="oc-31b">
         <name>.data</name>
         <load_address>0x2003e4e4</load_address>
         <run_address>0x2003e4e4</run_address>
         <size>0x4</size>
         <input_file_ref idref="fl-e5"/>
      </object_component>
      <object_component id="oc-428">
         <name>.data:_device</name>
         <load_address>0x2003e3e8</load_address>
         <run_address>0x2003e3e8</run_address>
         <size>0x78</size>
         <input_file_ref idref="fl-e8"/>
      </object_component>
      <object_component id="oc-3c7">
         <name>.data:_stream</name>
         <load_address>0x2003e460</load_address>
         <run_address>0x2003e460</run_address>
         <size>0x50</size>
         <input_file_ref idref="fl-e8"/>
      </object_component>
      <object_component id="oc-4ca">
         <name>.bss:_CIOBUF_</name>
         <uninitialized>true</uninitialized>
         <run_address>0x2003e000</run_address>
         <size>0x120</size>
         <input_file_ref idref="fl-f9"/>
      </object_component>
      <object_component id="oc-1bf">
         <name>.common:ContextPing</name>
         <uninitialized>true</uninitialized>
         <run_address>0x2003e224</run_address>
         <size>0x64</size>
      </object_component>
      <object_component id="oc-1c6">
         <name>.common:ContextPong</name>
         <uninitialized>true</uninitialized>
         <run_address>0x2003e288</run_address>
         <size>0x64</size>
      </object_component>
      <object_component id="oc-1be">
         <name>.common:ContextMain</name>
         <uninitialized>true</uninitialized>
         <run_address>0x2003e1c0</run_address>
         <size>0x64</size>
      </object_component>
      <object_component id="oc-10a">
         <name>.common:g_ui32SysClock</name>
         <uninitialized>true</uninitialized>
         <run_address>0x2003e2f4</run_address>
         <size>0x4</size>
      </object_component>
      <object_component id="oc-497">
         <name>.common:__TI_tmpnams</name>
         <uninitialized>true</uninitialized>
         <run_address>0x2003e120</run_address>
         <size>0xa0</size>
      </object_component>
      <object_component id="oc-4a8">
         <name>.common:parmbuf</name>
         <uninitialized>true</uninitialized>
         <run_address>0x2003e2ec</run_address>
         <size>0x8</size>
      </object_component>
      <object_component id="oc-24">
         <name>.sysmem</name>
         <uninitialized>true</uninitialized>
         <run_address>0x20000000</run_address>
         <size>0x10</size>
         <input_file_ref idref="fl-e1"/>
      </object_component>
      <object_component id="oc-53d">
         <name>.sysmem</name>
         <uninitialized>true</uninitialized>
         <run_address>0x20000000</run_address>
         <size>0x0</size>
      </object_component>
      <object_component id="oc-27">
         <name>.stack</name>
         <uninitialized>true</uninitialized>
         <run_address>0x2003c000</run_address>
         <size>0x4</size>
         <input_file_ref idref="fl-e6"/>
      </object_component>
      <object_component id="oc-53c">
         <name>.stack</name>
         <uninitialized>true</uninitialized>
         <run_address>0x2003c000</run_address>
         <size>0x0</size>
      </object_component>
      <object_component id="oc-da">
         <name>.debug_info</name>
         <load_address>0x0</load_address>
         <run_address>0x0</run_address>
         <size>0x4a4</size>
         <input_file_ref idref="fl-2"/>
      </object_component>
      <object_component id="oc-107">
         <name>.debug_info</name>
         <load_address>0x4a4</load_address>
         <run_address>0x4a4</run_address>
         <size>0x235</size>
         <input_file_ref idref="fl-2"/>
      </object_component>
      <object_component id="oc-1c9">
         <name>.debug_info</name>
         <load_address>0x6d9</load_address>
         <run_address>0x6d9</run_address>
         <size>0x1a9</size>
         <input_file_ref idref="fl-2"/>
      </object_component>
      <object_component id="oc-1c1">
         <name>.debug_info</name>
         <load_address>0x882</load_address>
         <run_address>0x882</run_address>
         <size>0x198</size>
         <input_file_ref idref="fl-2"/>
      </object_component>
      <object_component id="oc-8c">
         <name>.debug_info</name>
         <load_address>0xa1a</load_address>
         <run_address>0xa1a</run_address>
         <size>0x26b</size>
         <input_file_ref idref="fl-2"/>
      </object_component>
      <object_component id="oc-4b">
         <name>.debug_info</name>
         <load_address>0xc85</load_address>
         <run_address>0xc85</run_address>
         <size>0x84</size>
         <input_file_ref idref="fl-2"/>
      </object_component>
      <object_component id="oc-d5">
         <name>.debug_info</name>
         <load_address>0xd09</load_address>
         <run_address>0xd09</run_address>
         <size>0x2a4</size>
         <input_file_ref idref="fl-2"/>
      </object_component>
      <object_component id="oc-158">
         <name>.debug_info</name>
         <load_address>0xfad</load_address>
         <run_address>0xfad</run_address>
         <size>0xcc</size>
         <input_file_ref idref="fl-2"/>
      </object_component>
      <object_component id="oc-196">
         <name>.debug_info</name>
         <load_address>0x1079</load_address>
         <run_address>0x1079</run_address>
         <size>0x2c</size>
         <input_file_ref idref="fl-2"/>
      </object_component>
      <object_component id="oc-153">
         <name>.debug_info</name>
         <load_address>0x10a5</load_address>
         <run_address>0x10a5</run_address>
         <size>0x28c</size>
         <input_file_ref idref="fl-2"/>
      </object_component>
      <object_component id="oc-10b">
         <name>.debug_info</name>
         <load_address>0x1331</load_address>
         <run_address>0x1331</run_address>
         <size>0x38a</size>
         <input_file_ref idref="fl-3"/>
      </object_component>
      <object_component id="oc-fa">
         <name>.debug_info</name>
         <load_address>0x16bb</load_address>
         <run_address>0x16bb</run_address>
         <size>0x148</size>
         <input_file_ref idref="fl-3"/>
      </object_component>
      <object_component id="oc-bb">
         <name>.debug_info</name>
         <load_address>0x1803</load_address>
         <run_address>0x1803</run_address>
         <size>0x163</size>
         <input_file_ref idref="fl-3"/>
      </object_component>
      <object_component id="oc-10e">
         <name>.debug_info</name>
         <load_address>0x1966</load_address>
         <run_address>0x1966</run_address>
         <size>0x8b</size>
         <input_file_ref idref="fl-3"/>
      </object_component>
      <object_component id="oc-91">
         <name>.debug_info</name>
         <load_address>0x19f1</load_address>
         <run_address>0x19f1</run_address>
         <size>0xbb</size>
         <input_file_ref idref="fl-3"/>
      </object_component>
      <object_component id="oc-44">
         <name>.debug_info</name>
         <load_address>0x1aac</load_address>
         <run_address>0x1aac</run_address>
         <size>0x2a8</size>
         <input_file_ref idref="fl-4"/>
      </object_component>
      <object_component id="oc-13">
         <name>.debug_info</name>
         <load_address>0x1d54</load_address>
         <run_address>0x1d54</run_address>
         <size>0xe7</size>
         <input_file_ref idref="fl-4"/>
      </object_component>
      <object_component id="oc-2b">
         <name>.debug_info</name>
         <load_address>0x1e3b</load_address>
         <run_address>0x1e3b</run_address>
         <size>0x117</size>
         <input_file_ref idref="fl-4"/>
      </object_component>
      <object_component id="oc-31">
         <name>.debug_info</name>
         <load_address>0x1f52</load_address>
         <run_address>0x1f52</run_address>
         <size>0x105</size>
         <input_file_ref idref="fl-4"/>
      </object_component>
      <object_component id="oc-3d">
         <name>.debug_info</name>
         <load_address>0x2057</load_address>
         <run_address>0x2057</run_address>
         <size>0x120</size>
         <input_file_ref idref="fl-4"/>
      </object_component>
      <object_component id="oc-37">
         <name>.debug_info</name>
         <load_address>0x2177</load_address>
         <run_address>0x2177</run_address>
         <size>0x10b</size>
         <input_file_ref idref="fl-4"/>
      </object_component>
      <object_component id="oc-241">
         <name>.debug_info</name>
         <load_address>0x2282</load_address>
         <run_address>0x2282</run_address>
         <size>0x2ca</size>
         <input_file_ref idref="fl-5"/>
      </object_component>
      <object_component id="oc-1a8">
         <name>.debug_info</name>
         <load_address>0x254c</load_address>
         <run_address>0x254c</run_address>
         <size>0x1c9</size>
         <input_file_ref idref="fl-5"/>
      </object_component>
      <object_component id="oc-1ba">
         <name>.debug_info</name>
         <load_address>0x2715</load_address>
         <run_address>0x2715</run_address>
         <size>0x1c1</size>
         <input_file_ref idref="fl-5"/>
      </object_component>
      <object_component id="oc-1a2">
         <name>.debug_info</name>
         <load_address>0x28d6</load_address>
         <run_address>0x28d6</run_address>
         <size>0x13e</size>
         <input_file_ref idref="fl-6"/>
      </object_component>
      <object_component id="oc-186">
         <name>.debug_info</name>
         <load_address>0x2a14</load_address>
         <run_address>0x2a14</run_address>
         <size>0x36b</size>
         <input_file_ref idref="fl-7"/>
      </object_component>
      <object_component id="oc-f4">
         <name>.debug_info</name>
         <load_address>0x2d7f</load_address>
         <run_address>0x2d7f</run_address>
         <size>0x2bc</size>
         <input_file_ref idref="fl-7"/>
      </object_component>
      <object_component id="oc-195">
         <name>.debug_info</name>
         <load_address>0x303b</load_address>
         <run_address>0x303b</run_address>
         <size>0x2a5</size>
         <input_file_ref idref="fl-8"/>
      </object_component>
      <object_component id="oc-214">
         <name>.debug_info</name>
         <load_address>0x32e0</load_address>
         <run_address>0x32e0</run_address>
         <size>0xe6</size>
         <input_file_ref idref="fl-8"/>
      </object_component>
      <object_component id="oc-211">
         <name>.debug_info</name>
         <load_address>0x33c6</load_address>
         <run_address>0x33c6</run_address>
         <size>0xee</size>
         <input_file_ref idref="fl-8"/>
      </object_component>
      <object_component id="oc-20e">
         <name>.debug_info</name>
         <load_address>0x34b4</load_address>
         <run_address>0x34b4</run_address>
         <size>0xf2</size>
         <input_file_ref idref="fl-8"/>
      </object_component>
      <object_component id="oc-21b">
         <name>.debug_info</name>
         <load_address>0x35a6</load_address>
         <run_address>0x35a6</run_address>
         <size>0x19f</size>
         <input_file_ref idref="fl-8"/>
      </object_component>
      <object_component id="oc-191">
         <name>.debug_info</name>
         <load_address>0x3745</load_address>
         <run_address>0x3745</run_address>
         <size>0x2d1</size>
         <input_file_ref idref="fl-8"/>
      </object_component>
      <object_component id="oc-100">
         <name>.debug_info</name>
         <load_address>0x3a16</load_address>
         <run_address>0x3a16</run_address>
         <size>0x16c</size>
         <input_file_ref idref="fl-8"/>
      </object_component>
      <object_component id="oc-216">
         <name>.debug_info</name>
         <load_address>0x3b82</load_address>
         <run_address>0x3b82</run_address>
         <size>0x1ea</size>
         <input_file_ref idref="fl-8"/>
      </object_component>
      <object_component id="oc-188">
         <name>.debug_info</name>
         <load_address>0x3d6c</load_address>
         <run_address>0x3d6c</run_address>
         <size>0x202</size>
         <input_file_ref idref="fl-8"/>
      </object_component>
      <object_component id="oc-23e">
         <name>.debug_info</name>
         <load_address>0x3f6e</load_address>
         <run_address>0x3f6e</run_address>
         <size>0x3e5</size>
         <input_file_ref idref="fl-c3"/>
      </object_component>
      <object_component id="oc-239">
         <name>.debug_info</name>
         <load_address>0x4353</load_address>
         <run_address>0x4353</run_address>
         <size>0x157</size>
         <input_file_ref idref="fl-c3"/>
      </object_component>
      <object_component id="oc-234">
         <name>.debug_info</name>
         <load_address>0x44aa</load_address>
         <run_address>0x44aa</run_address>
         <size>0x166</size>
         <input_file_ref idref="fl-c3"/>
      </object_component>
      <object_component id="oc-19f">
         <name>.debug_info</name>
         <load_address>0x4610</load_address>
         <run_address>0x4610</run_address>
         <size>0x1ac</size>
         <input_file_ref idref="fl-c3"/>
      </object_component>
      <object_component id="oc-2e4">
         <name>.debug_info</name>
         <load_address>0x47bc</load_address>
         <run_address>0x47bc</run_address>
         <size>0xb2</size>
         <input_file_ref idref="fl-c3"/>
      </object_component>
      <object_component id="oc-2d1">
         <name>.debug_info</name>
         <load_address>0x486e</load_address>
         <run_address>0x486e</run_address>
         <size>0x590</size>
         <input_file_ref idref="fl-c4"/>
      </object_component>
      <object_component id="oc-2a2">
         <name>.debug_info</name>
         <load_address>0x4dfe</load_address>
         <run_address>0x4dfe</run_address>
         <size>0x21e</size>
         <input_file_ref idref="fl-c4"/>
      </object_component>
      <object_component id="oc-367">
         <name>.debug_info</name>
         <load_address>0x501c</load_address>
         <run_address>0x501c</run_address>
         <size>0x1b3</size>
         <input_file_ref idref="fl-c4"/>
      </object_component>
      <object_component id="oc-36d">
         <name>.debug_info</name>
         <load_address>0x51cf</load_address>
         <run_address>0x51cf</run_address>
         <size>0x21b</size>
         <input_file_ref idref="fl-c4"/>
      </object_component>
      <object_component id="oc-2ad">
         <name>.debug_info</name>
         <load_address>0x53ea</load_address>
         <run_address>0x53ea</run_address>
         <size>0x3c0</size>
         <input_file_ref idref="fl-c4"/>
      </object_component>
      <object_component id="oc-374">
         <name>.debug_info</name>
         <load_address>0x57aa</load_address>
         <run_address>0x57aa</run_address>
         <size>0x30a</size>
         <input_file_ref idref="fl-c4"/>
      </object_component>
      <object_component id="oc-37a">
         <name>.debug_info</name>
         <load_address>0x5ab4</load_address>
         <run_address>0x5ab4</run_address>
         <size>0x215</size>
         <input_file_ref idref="fl-c4"/>
      </object_component>
      <object_component id="oc-2b3">
         <name>.debug_info</name>
         <load_address>0x5cc9</load_address>
         <run_address>0x5cc9</run_address>
         <size>0x215</size>
         <input_file_ref idref="fl-c4"/>
      </object_component>
      <object_component id="oc-2b9">
         <name>.debug_info</name>
         <load_address>0x5ede</load_address>
         <run_address>0x5ede</run_address>
         <size>0x304</size>
         <input_file_ref idref="fl-c4"/>
      </object_component>
      <object_component id="oc-2bf">
         <name>.debug_info</name>
         <load_address>0x61e2</load_address>
         <run_address>0x61e2</run_address>
         <size>0x4b5</size>
         <input_file_ref idref="fl-c4"/>
      </object_component>
      <object_component id="oc-229">
         <name>.debug_info</name>
         <load_address>0x6697</load_address>
         <run_address>0x6697</run_address>
         <size>0x5f4</size>
         <input_file_ref idref="fl-c4"/>
      </object_component>
      <object_component id="oc-2d2">
         <name>.debug_info</name>
         <load_address>0x6c8b</load_address>
         <run_address>0x6c8b</run_address>
         <size>0x86</size>
         <input_file_ref idref="fl-c4"/>
      </object_component>
      <object_component id="oc-3a4">
         <name>.debug_info</name>
         <load_address>0x6d11</load_address>
         <run_address>0x6d11</run_address>
         <size>0x39</size>
         <input_file_ref idref="fl-c4"/>
      </object_component>
      <object_component id="oc-402">
         <name>.debug_info</name>
         <load_address>0x6d4a</load_address>
         <run_address>0x6d4a</run_address>
         <size>0xb6</size>
         <input_file_ref idref="fl-c4"/>
      </object_component>
      <object_component id="oc-3a9">
         <name>.debug_info</name>
         <load_address>0x6e00</load_address>
         <run_address>0x6e00</run_address>
         <size>0x46</size>
         <input_file_ref idref="fl-c4"/>
      </object_component>
      <object_component id="oc-2d7">
         <name>.debug_info</name>
         <load_address>0x6e46</load_address>
         <run_address>0x6e46</run_address>
         <size>0x46</size>
         <input_file_ref idref="fl-c4"/>
      </object_component>
      <object_component id="oc-39f">
         <name>.debug_info</name>
         <load_address>0x6e8c</load_address>
         <run_address>0x6e8c</run_address>
         <size>0x2c</size>
         <input_file_ref idref="fl-c4"/>
      </object_component>
      <object_component id="oc-321">
         <name>.debug_info</name>
         <load_address>0x6eb8</load_address>
         <run_address>0x6eb8</run_address>
         <size>0x383</size>
         <input_file_ref idref="fl-c5"/>
      </object_component>
      <object_component id="oc-257">
         <name>.debug_info</name>
         <load_address>0x723b</load_address>
         <run_address>0x723b</run_address>
         <size>0x1ea</size>
         <input_file_ref idref="fl-c5"/>
      </object_component>
      <object_component id="oc-31a">
         <name>.debug_info</name>
         <load_address>0x7425</load_address>
         <run_address>0x7425</run_address>
         <size>0x3fc</size>
         <input_file_ref idref="fl-c6"/>
      </object_component>
      <object_component id="oc-24d">
         <name>.debug_info</name>
         <load_address>0x7821</load_address>
         <run_address>0x7821</run_address>
         <size>0x2e2</size>
         <input_file_ref idref="fl-c6"/>
      </object_component>
      <object_component id="oc-e3">
         <name>.debug_info</name>
         <load_address>0x7b03</load_address>
         <run_address>0x7b03</run_address>
         <size>0x2c</size>
         <input_file_ref idref="fl-c6"/>
      </object_component>
      <object_component id="oc-3c2">
         <name>.debug_info</name>
         <load_address>0x7b2f</load_address>
         <run_address>0x7b2f</run_address>
         <size>0x300</size>
         <input_file_ref idref="fl-c7"/>
      </object_component>
      <object_component id="oc-304">
         <name>.debug_info</name>
         <load_address>0x7e2f</load_address>
         <run_address>0x7e2f</run_address>
         <size>0x19c</size>
         <input_file_ref idref="fl-c7"/>
      </object_component>
      <object_component id="oc-41d">
         <name>.debug_info</name>
         <load_address>0x7fcb</load_address>
         <run_address>0x7fcb</run_address>
         <size>0xbf</size>
         <input_file_ref idref="fl-c7"/>
      </object_component>
      <object_component id="oc-41c">
         <name>.debug_info</name>
         <load_address>0x808a</load_address>
         <run_address>0x808a</run_address>
         <size>0x374</size>
         <input_file_ref idref="fl-c8"/>
      </object_component>
      <object_component id="oc-3bc">
         <name>.debug_info</name>
         <load_address>0x83fe</load_address>
         <run_address>0x83fe</run_address>
         <size>0x20b</size>
         <input_file_ref idref="fl-c8"/>
      </object_component>
      <object_component id="oc-3e9">
         <name>.debug_info</name>
         <load_address>0x8609</load_address>
         <run_address>0x8609</run_address>
         <size>0x295</size>
         <input_file_ref idref="fl-c9"/>
      </object_component>
      <object_component id="oc-383">
         <name>.debug_info</name>
         <load_address>0x889e</load_address>
         <run_address>0x889e</run_address>
         <size>0x195</size>
         <input_file_ref idref="fl-c9"/>
      </object_component>
      <object_component id="oc-440">
         <name>.debug_info</name>
         <load_address>0x8a33</load_address>
         <run_address>0x8a33</run_address>
         <size>0x39</size>
         <input_file_ref idref="fl-c9"/>
      </object_component>
      <object_component id="oc-3ea">
         <name>.debug_info</name>
         <load_address>0x8a6c</load_address>
         <run_address>0x8a6c</run_address>
         <size>0x2c</size>
         <input_file_ref idref="fl-c9"/>
      </object_component>
      <object_component id="oc-3f6">
         <name>.debug_info</name>
         <load_address>0x8a98</load_address>
         <run_address>0x8a98</run_address>
         <size>0x2f8</size>
         <input_file_ref idref="fl-ca"/>
      </object_component>
      <object_component id="oc-388">
         <name>.debug_info</name>
         <load_address>0x8d90</load_address>
         <run_address>0x8d90</run_address>
         <size>0x225</size>
         <input_file_ref idref="fl-ca"/>
      </object_component>
      <object_component id="oc-39c">
         <name>.debug_info</name>
         <load_address>0x8fb5</load_address>
         <run_address>0x8fb5</run_address>
         <size>0x28f</size>
         <input_file_ref idref="fl-cb"/>
      </object_component>
      <object_component id="oc-2cc">
         <name>.debug_info</name>
         <load_address>0x9244</load_address>
         <run_address>0x9244</run_address>
         <size>0x15a</size>
         <input_file_ref idref="fl-cb"/>
      </object_component>
      <object_component id="oc-3fb">
         <name>.debug_info</name>
         <load_address>0x939e</load_address>
         <run_address>0x939e</run_address>
         <size>0x46</size>
         <input_file_ref idref="fl-cb"/>
      </object_component>
      <object_component id="oc-397">
         <name>.debug_info</name>
         <load_address>0x93e4</load_address>
         <run_address>0x93e4</run_address>
         <size>0x39</size>
         <input_file_ref idref="fl-cb"/>
      </object_component>
      <object_component id="oc-364">
         <name>.debug_info</name>
         <load_address>0x941d</load_address>
         <run_address>0x941d</run_address>
         <size>0x14c</size>
         <input_file_ref idref="fl-cc"/>
      </object_component>
      <object_component id="oc-2a9">
         <name>.debug_info</name>
         <load_address>0x9569</load_address>
         <run_address>0x9569</run_address>
         <size>0x128</size>
         <input_file_ref idref="fl-cd"/>
      </object_component>
      <object_component id="oc-34d">
         <name>.debug_info</name>
         <load_address>0x9691</load_address>
         <run_address>0x9691</run_address>
         <size>0x12a</size>
         <input_file_ref idref="fl-cd"/>
      </object_component>
      <object_component id="oc-348">
         <name>.debug_info</name>
         <load_address>0x97bb</load_address>
         <run_address>0x97bb</run_address>
         <size>0x13a</size>
         <input_file_ref idref="fl-ce"/>
      </object_component>
      <object_component id="oc-344">
         <name>.debug_info</name>
         <load_address>0x98f5</load_address>
         <run_address>0x98f5</run_address>
         <size>0x13a</size>
         <input_file_ref idref="fl-cf"/>
      </object_component>
      <object_component id="oc-352">
         <name>.debug_info</name>
         <load_address>0x9a2f</load_address>
         <run_address>0x9a2f</run_address>
         <size>0x12e</size>
         <input_file_ref idref="fl-d0"/>
      </object_component>
      <object_component id="oc-35e">
         <name>.debug_info</name>
         <load_address>0x9b5d</load_address>
         <run_address>0x9b5d</run_address>
         <size>0x12c</size>
         <input_file_ref idref="fl-d1"/>
      </object_component>
      <object_component id="oc-53">
         <name>.debug_info</name>
         <load_address>0x9c89</load_address>
         <run_address>0x9c89</run_address>
         <size>0x119</size>
         <input_file_ref idref="fl-d2"/>
      </object_component>
      <object_component id="oc-222">
         <name>.debug_info</name>
         <load_address>0x9da2</load_address>
         <run_address>0x9da2</run_address>
         <size>0x142</size>
         <input_file_ref idref="fl-d3"/>
      </object_component>
      <object_component id="oc-33e">
         <name>.debug_info</name>
         <load_address>0x9ee4</load_address>
         <run_address>0x9ee4</run_address>
         <size>0x134</size>
         <input_file_ref idref="fl-d4"/>
      </object_component>
      <object_component id="oc-ad">
         <name>.debug_info</name>
         <load_address>0xa018</load_address>
         <run_address>0xa018</run_address>
         <size>0x147</size>
         <input_file_ref idref="fl-d5"/>
      </object_component>
      <object_component id="oc-aa">
         <name>.debug_info</name>
         <load_address>0xa15f</load_address>
         <run_address>0xa15f</run_address>
         <size>0x2d4</size>
         <input_file_ref idref="fl-d6"/>
      </object_component>
      <object_component id="oc-5e">
         <name>.debug_info</name>
         <load_address>0xa433</load_address>
         <run_address>0xa433</run_address>
         <size>0x1d2</size>
         <input_file_ref idref="fl-d6"/>
      </object_component>
      <object_component id="oc-a5">
         <name>.debug_info</name>
         <load_address>0xa605</load_address>
         <run_address>0xa605</run_address>
         <size>0x46</size>
         <input_file_ref idref="fl-d6"/>
      </object_component>
      <object_component id="oc-5b">
         <name>.debug_info</name>
         <load_address>0xa64b</load_address>
         <run_address>0xa64b</run_address>
         <size>0x2a8</size>
         <input_file_ref idref="fl-d7"/>
      </object_component>
      <object_component id="oc-1c">
         <name>.debug_info</name>
         <load_address>0xa8f3</load_address>
         <run_address>0xa8f3</run_address>
         <size>0x1ea</size>
         <input_file_ref idref="fl-d7"/>
      </object_component>
      <object_component id="oc-56">
         <name>.debug_info</name>
         <load_address>0xaadd</load_address>
         <run_address>0xaadd</run_address>
         <size>0x46</size>
         <input_file_ref idref="fl-d7"/>
      </object_component>
      <object_component id="oc-9d">
         <name>.debug_info</name>
         <load_address>0xab23</load_address>
         <run_address>0xab23</run_address>
         <size>0x2c</size>
         <input_file_ref idref="fl-d7"/>
      </object_component>
      <object_component id="oc-9b">
         <name>.debug_info</name>
         <load_address>0xab4f</load_address>
         <run_address>0xab4f</run_address>
         <size>0x29e</size>
         <input_file_ref idref="fl-d8"/>
      </object_component>
      <object_component id="oc-16">
         <name>.debug_info</name>
         <load_address>0xaded</load_address>
         <run_address>0xaded</run_address>
         <size>0x250</size>
         <input_file_ref idref="fl-d8"/>
      </object_component>
      <object_component id="oc-46">
         <name>.debug_info</name>
         <load_address>0xb03d</load_address>
         <run_address>0xb03d</run_address>
         <size>0x60</size>
         <input_file_ref idref="fl-d8"/>
[...]
         <object_component_ref idref="oc-f8"/>
      </symbol>
      <symbol id="sm-ed">
         <name>ResetISR</name>
         <value>0x39cd</value>
         <object_component_ref idref="oc-2a"/>
      </symbol>
      <symbol id="sm-ee">
         <name>g_pfnVectors</name>
         <value>0x0</value>
         <object_component_ref idref="oc-12"/>
      </symbol>
      <symbol id="sm-103">
         <name>makecontext</name>
         <value>0x39d3</value>
         <object_component_ref idref="oc-1b8"/>
      </symbol>
      <symbol id="sm-104">
         <name>makecontextMain</name>
         <value>0x39b1</value>
         <object_component_ref idref="oc-1a6"/>
      </symbol>
      <symbol id="sm-110">
         <name>swap_context_asm</name>
         <value>0x1ee9</value>
         <object_component_ref idref="oc-1a1"/>
      </symbol>
      <symbol id="sm-111">
         <name>get_context_asm</name>
         <value>0x1e59</value>
         <object_component_ref idref="oc-1a1"/>
      </symbol>
      <symbol id="sm-112">
         <name>set_context_asm</name>
         <value>0x1e9f</value>
         <object_component_ref idref="oc-1a1"/>
      </symbol>
      <symbol id="sm-130">
         <name>PinoutSet</name>
         <value>0xec1</value>
         <object_component_ref idref="oc-f2"/>
      </symbol>
      <symbol id="sm-19e">
         <name>UARTStdioConfig</name>
         <value>0x2fbd</value>
         <object_component_ref idref="oc-187"/>
      </symbol>
      <symbol id="sm-19f">
         <name>UARTwrite</name>
         <value>0x3375</value>
         <object_component_ref idref="oc-21a"/>
      </symbol>
      <symbol id="sm-1a0">
         <name>UARTprintf</name>
         <value>0x38f5</value>
         <object_component_ref idref="oc-fe"/>
      </symbol>
      <symbol id="sm-1a1">
         <name>UARTvprintf</name>
         <value>0x12cd</value>
         <object_component_ref idref="oc-18e"/>
      </symbol>
      <symbol id="sm-1cd">
         <name>printf</name>
         <value>0x2dc9</value>
         <object_component_ref idref="oc-19b"/>
      </symbol>
      <symbol id="sm-337">
         <name>__TI_printfi</name>
         <value>0x201</value>
         <object_component_ref idref="oc-228"/>
      </symbol>
      <symbol id="sm-34c">
         <name>putc</name>
         <value>0x28b1</value>
         <object_component_ref idref="oc-255"/>
      </symbol>
      <symbol id="sm-34d">
         <name>fputc</name>
         <value>0x28b1</value>
         <object_component_ref idref="oc-255"/>
      </symbol>
      <symbol id="sm-370">
         <name>fputs</name>
         <value>0x1f79</value>
         <object_component_ref idref="oc-249"/>
      </symbol>
      <symbol id="sm-388">
         <name>__TI_wrt_ok</name>
         <value>0x2ef9</value>
         <object_component_ref idref="oc-301"/>
      </symbol>
      <symbol id="sm-3a4">
         <name>setvbuf</name>
         <value>0x247d</value>
         <object_component_ref idref="oc-3bb"/>
      </symbol>
      <symbol id="sm-3c4">
         <name>frexpl</name>
         <value>0x2e31</value>
         <object_component_ref idref="oc-381"/>
      </symbol>
      <symbol id="sm-3c5">
         <name>frexp</name>
         <value>0x2e31</value>
         <object_component_ref idref="oc-381"/>
      </symbol>
      <symbol id="sm-3e2">
         <name>scalbn</name>
         <value>0x208d</value>
         <object_component_ref idref="oc-387"/>
      </symbol>
      <symbol id="sm-3e3">
         <name>scalbnl</name>
         <value>0x208d</value>
         <object_component_ref idref="oc-387"/>
      </symbol>
      <symbol id="sm-3e4">
         <name>ldexpl</name>
         <value>0x208d</value>
         <object_component_ref idref="oc-387"/>
      </symbol>
      <symbol id="sm-3e5">
         <name>ldexp</name>
         <value>0x208d</value>
         <object_component_ref idref="oc-387"/>
      </symbol>
      <symbol id="sm-3fe">
         <name>wcslen</name>
         <value>0x3991</value>
         <object_component_ref idref="oc-2ca"/>
      </symbol>
      <symbol id="sm-415">
         <name>__aeabi_dsub</name>
         <value>0x168d</value>
         <object_component_ref idref="oc-361"/>
      </symbol>
      <symbol id="sm-416">
         <name>__aeabi_dadd</name>
         <value>0x1697</value>
         <object_component_ref idref="oc-361"/>
      </symbol>
      <symbol id="sm-438">
         <name>__aeabi_cdcmpeq</name>
         <value>0x293d</value>
         <object_component_ref idref="oc-2a7"/>
      </symbol>
      <symbol id="sm-439">
         <name>__aeabi_cdcmple</name>
         <value>0x293d</value>
         <object_component_ref idref="oc-2a7"/>
      </symbol>
      <symbol id="sm-43a">
         <name>__aeabi_cdrcmple</name>
         <value>0x29c3</value>
         <object_component_ref idref="oc-34c"/>
      </symbol>
      <symbol id="sm-44e">
         <name>__aeabi_ddiv</name>
         <value>0x1acd</value>
         <object_component_ref idref="oc-347"/>
      </symbol>
      <symbol id="sm-459">
         <name>__aeabi_dmul</name>
         <value>0x229d</value>
         <object_component_ref idref="oc-342"/>
      </symbol>
      <symbol id="sm-463">
         <name>__aeabi_d2iz</name>
         <value>0x344d</value>
         <object_component_ref idref="oc-351"/>
      </symbol>
      <symbol id="sm-46d">
         <name>__aeabi_i2d</name>
         <value>0x3761</value>
         <object_component_ref idref="oc-35c"/>
      </symbol>
      <symbol id="sm-488">
         <name>memcpy</name>
         <value>0x277d</value>
         <object_component_ref idref="oc-50"/>
      </symbol>
      <symbol id="sm-489">
         <name>__aeabi_memcpy</name>
         <value>0x277d</value>
         <object_component_ref idref="oc-50"/>
      </symbol>
      <symbol id="sm-48a">
         <name>__aeabi_memcpy8</name>
         <value>0x277d</value>
         <object_component_ref idref="oc-50"/>
      </symbol>
      <symbol id="sm-48b">
         <name>__aeabi_memcpy4</name>
         <value>0x277d</value>
         <object_component_ref idref="oc-50"/>
      </symbol>
      <symbol id="sm-49a">
         <name>__aeabi_uidivmod</name>
         <value>0x35a5</value>
         <object_component_ref idref="oc-220"/>
      </symbol>
      <symbol id="sm-49b">
         <name>__aeabi_uidiv</name>
         <value>0x35a5</value>
         <object_component_ref idref="oc-220"/>
      </symbol>
      <symbol id="sm-4a8">
         <name>__aeabi_uldivmod</name>
         <value>0x2819</value>
         <object_component_ref idref="oc-33b"/>
      </symbol>
      <symbol id="sm-4b7">
         <name>__aeabi_memset</name>
         <value>0x2a4b</value>
         <object_component_ref idref="oc-ab"/>
      </symbol>
      <symbol id="sm-4b8">
         <name>memset</name>
         <value>0x2a51</value>
         <object_component_ref idref="oc-ab"/>
      </symbol>
      <symbol id="sm-4b9">
         <name>__aeabi_memset8</name>
         <value>0x2a4b</value>
         <object_component_ref idref="oc-ab"/>
      </symbol>
      <symbol id="sm-4ba">
         <name>__aeabi_memset4</name>
         <value>0x2a4b</value>
         <object_component_ref idref="oc-ab"/>
      </symbol>
      <symbol id="sm-4bb">
         <name>__aeabi_memclr8</name>
         <value>0x2a49</value>
         <object_component_ref idref="oc-ab"/>
      </symbol>
      <symbol id="sm-4bc">
         <name>__aeabi_memclr4</name>
         <value>0x2a49</value>
         <object_component_ref idref="oc-ab"/>
      </symbol>
      <symbol id="sm-4bd">
         <name>__aeabi_memclr</name>
         <value>0x2a49</value>
         <object_component_ref idref="oc-ab"/>
      </symbol>
      <symbol id="sm-4d1">
         <name>__TI_zero_init_nomemset</name>
         <value>0x38a1</value>
         <object_component_ref idref="oc-5c"/>
      </symbol>
      <symbol id="sm-4e8">
         <name>__TI_decompress_none</name>
         <value>0x39a3</value>
         <object_component_ref idref="oc-1b"/>
      </symbol>
      <symbol id="sm-50b">
         <name>__TI_decompress_lzss</name>
         <value>0x2d61</value>
         <object_component_ref idref="oc-15"/>
      </symbol>
      <symbol id="sm-531">
         <name>C$$EXIT</name>
         <value>0x39e5</value>
         <object_component_ref idref="oc-113"/>
      </symbol>
      <symbol id="sm-532">
         <name>abort</name>
         <value>0x39e5</value>
         <object_component_ref idref="oc-113"/>
      </symbol>
      <symbol id="sm-533">
         <name>__TI_dtors_ptr</name>
         <value>0x2003e4c4</value>
         <object_component_ref idref="oc-1d1"/>
      </symbol>
      <symbol id="sm-534">
         <name>__TI_cleanup_ptr</name>
         <value>0x2003e4c0</value>
         <object_component_ref idref="oc-1d1"/>
      </symbol>
      <symbol id="sm-535">
         <name>__TI_enable_exit_profile_output</name>
         <value>0x2003e4c8</value>
         <object_component_ref idref="oc-1d1"/>
      </symbol>
      <symbol id="sm-536">
         <name>exit</name>
         <value>0x3405</value>
         <object_component_ref idref="oc-119"/>
      </symbol>
      <symbol id="sm-54b">
         <name>_nop</name>
         <value>0x1f77</value>
         <object_component_ref idref="oc-262"/>
      </symbol>
      <symbol id="sm-54c">
         <name>_lock</name>
         <value>0x2003e4cc</value>
         <object_component_ref idref="oc-1d4"/>
      </symbol>
      <symbol id="sm-54d">
         <name>_unlock</name>
         <value>0x2003e4d0</value>
         <object_component_ref idref="oc-1d4"/>
      </symbol>
      <symbol id="sm-55c">
         <name>__TI_ltoa</name>
         <value>0x3237</value>
         <object_component_ref idref="oc-356"/>
      </symbol>
      <symbol id="sm-572">
         <name>atoi</name>
         <value>0x3329</value>
         <object_component_ref idref="oc-29b"/>
      </symbol>
      <symbol id="sm-57d">
         <name>_ctypes_</name>
         <value>0x3b98</value>
         <object_component_ref idref="oc-336"/>
      </symbol>
      <symbol id="sm-592">
         <name>__TI_tmpnams</name>
         <value>0x2003e120</value>
      </symbol>
      <symbol id="sm-593">
         <name>__aeabi_stdout</name>
         <value>0x2003e4b8</value>
         <object_component_ref idref="oc-455"/>
      </symbol>
      <symbol id="sm-594">
         <name>__aeabi_stderr</name>
         <value>0x2003e4bc</value>
         <object_component_ref idref="oc-455"/>
      </symbol>
      <symbol id="sm-595">
         <name>__aeabi_stdin</name>
         <value>0x2003e4b4</value>
         <object_component_ref idref="oc-455"/>
      </symbol>
      <symbol id="sm-596">
         <name>_ftable</name>
         <value>0x2003e2f8</value>
         <object_component_ref idref="oc-22e"/>
      </symbol>
      <symbol id="sm-597">
         <name>__TI_ft_end</name>
         <value>0x2003e4b0</value>
         <object_component_ref idref="oc-455"/>
      </symbol>
      <symbol id="sm-5a7">
         <name>memccpy</name>
         <value>0x38d9</value>
         <object_component_ref idref="oc-2c4"/>
      </symbol>
      <symbol id="sm-5b7">
         <name>memchr</name>
         <value>0x3881</value>
         <object_component_ref idref="oc-307"/>
      </symbol>
      <symbol id="sm-640">
         <name>_sys_memory</name>
         <value>0x20000000</value>
         <object_component_ref idref="oc-24"/>
      </symbol>
      <symbol id="sm-641">
         <name>free</name>
         <value>0x2399</value>
         <object_component_ref idref="oc-40f"/>
      </symbol>
      <symbol id="sm-642">
         <name>memalign</name>
         <value>0x219d</value>
         <object_component_ref idref="oc-242"/>
      </symbol>
      <symbol id="sm-643">
         <name>malloc</name>
         <value>0x39c5</value>
         <object_component_ref idref="oc-1ac"/>
      </symbol>
      <symbol id="sm-644">
         <name>aligned_alloc</name>
         <value>0x219d</value>
         <object_component_ref idref="oc-242"/>
      </symbol>
      <symbol id="sm-661">
         <name>perror</name>
         <value>0x2559</value>
         <object_component_ref idref="oc-1b2"/>
      </symbol>
      <symbol id="sm-671">
         <name>strchr</name>
         <value>0x3941</value>
         <object_component_ref idref="oc-38d"/>
      </symbol>
      <symbol id="sm-67f">
         <name>strlen</name>
         <value>0x396b</value>
         <object_component_ref idref="oc-295"/>
      </symbol>
      <symbol id="sm-695">
         <name>__aeabi_errno_addr</name>
         <value>0x39bd</value>
         <object_component_ref idref="oc-24f"/>
      </symbol>
      <symbol id="sm-696">
         <name>errno</name>
         <value>0x2003e4e4</value>
         <object_component_ref idref="oc-31b"/>
      </symbol>
      <symbol id="sm-6a9">
         <name>__stack</name>
         <value>0x2003c000</value>
         <object_component_ref idref="oc-27"/>
      </symbol>
      <symbol id="sm-6aa">
         <name>_c_int00_noargs</name>
         <value>0x36fd</value>
         <object_component_ref idref="oc-6e"/>
      </symbol>
      <symbol id="sm-6c4">
         <name>write</name>
         <value>0x3839</value>
         <object_component_ref idref="oc-313"/>
      </symbol>
      <symbol id="sm-6d5">
         <name>_stream</name>
         <value>0x2003e460</value>
         <object_component_ref idref="oc-3c7"/>
      </symbol>
      <symbol id="sm-6d6">
         <name>_device</name>
         <value>0x2003e3e8</value>
         <object_component_ref idref="oc-428"/>
      </symbol>
      <symbol id="sm-6e6">
         <name>__TI_doflush</name>
         <value>0x32dd</value>
         <object_component_ref idref="oc-30d"/>
      </symbol>
      <symbol id="sm-6f6">
         <name>__TI_cleanup</name>
         <value>0x3695</value>
         <object_component_ref idref="oc-415"/>
      </symbol>
      <symbol id="sm-708">
         <name>fseek</name>
         <value>0x2e95</value>
         <object_component_ref idref="oc-3b5"/>
      </symbol>
      <symbol id="sm-712">
         <name>copysign</name>
         <value>0x390f</value>
         <object_component_ref idref="oc-3ef"/>
      </symbol>
      <symbol id="sm-713">
         <name>copysignl</name>
         <value>0x390f</value>
         <object_component_ref idref="oc-3ef"/>
      </symbol>
      <symbol id="sm-71d">
         <name>__aeabi_idiv0</name>
         <value>0x26d3</value>
         <object_component_ref idref="oc-28f"/>
      </symbol>
      <symbol id="sm-71e">
         <name>__aeabi_ldiv0</name>
         <value>0x26d3</value>
         <object_component_ref idref="oc-28f"/>
      </symbol>
      <symbol id="sm-746">
         <name>__TI_auto_init_nobinit_nopinit</name>
         <value>0x351d</value>
         <object_component_ref idref="oc-11f"/>
      </symbol>
      <symbol id="sm-750">
         <name>_system_pre_init</name>
         <value>0x39e1</value>
         <object_component_ref idref="oc-b1"/>
      </symbol>
      <symbol id="sm-763">
         <name>HOSTclose</name>
         <value>0x3495</value>
         <object_component_ref idref="oc-461"/>
      </symbol>
      <symbol id="sm-774">
         <name>HOSTlseek</name>
         <value>0x2cf9</value>
         <object_component_ref idref="oc-473"/>
      </symbol>
      <symbol id="sm-786">
         <name>parmbuf</name>
         <value>0x2003e2ec</value>
      </symbol>
      <symbol id="sm-787">
         <name>HOSTopen</name>
         <value>0x2f5d</value>
         <object_component_ref idref="oc-45b"/>
      </symbol>
      <symbol id="sm-798">
         <name>HOSTread</name>
         <value>0x3131</value>
         <object_component_ref idref="oc-467"/>
      </symbol>
      <symbol id="sm-7a9">
         <name>HOSTrename</name>
         <value>0x2c8d</value>
         <object_component_ref idref="oc-47f"/>
      </symbol>
      <symbol id="sm-7ba">
         <name>HOSTunlink</name>
         <value>0x34d9</value>
         <object_component_ref idref="oc-479"/>
      </symbol>
      <symbol id="sm-7cb">
         <name>HOSTwrite</name>
         <value>0x3189</value>
         <object_component_ref idref="oc-46d"/>
      </symbol>
      <symbol id="sm-7ef">
         <name>__TI_readmsg</name>
         <value>0x36c9</value>
         <object_component_ref idref="oc-4a2"/>
      </symbol>
      <symbol id="sm-7f0">
         <name>C$$IO$$</name>
         <value>0x3653</value>
         <object_component_ref idref="oc-49c"/>
      </symbol>
      <symbol id="sm-7f1">
         <name>__CIOBUF_</name>
         <value>0x2003e000</value>
         <object_component_ref idref="oc-4ca"/>
      </symbol>
      <symbol id="sm-7f2">
         <name>__TI_writemsg</name>
         <value>0x3625</value>
         <object_component_ref idref="oc-49c"/>
      </symbol>
      <symbol id="sm-803">
         <name>lseek</name>
         <value>0x3811</value>
         <object_component_ref idref="oc-407"/>
      </symbol>
      <symbol id="sm-818">
         <name>__TI_closefile</name>
         <value>0x2b39</value>
         <object_component_ref idref="oc-44f"/>
      </symbol>
      <symbol id="sm-83b">
         <name>finddevice</name>
         <value>0x3731</value>
         <object_component_ref idref="oc-4e8"/>
      </symbol>
      <symbol id="sm-83c">
         <name>getdevice</name>
         <value>0x3561</value>
         <object_component_ref idref="oc-4c0"/>
      </symbol>
      <symbol id="sm-84b">
         <name>strcmp</name>
         <value>0x3929</value>
         <object_component_ref idref="oc-4ff"/>
      </symbol>
      <symbol id="sm-859">
         <name>strcpy</name>
         <value>0x3957</value>
         <object_component_ref idref="oc-4b6"/>
      </symbol>
      <symbol id="sm-869">
         <name>strncpy</name>
         <value>0x365d</value>
         <object_component_ref idref="oc-4e2"/>
      </symbol>
      <symbol id="sm-87e">
         <name>close</name>
         <value>0x3079</value>
         <object_component_ref idref="oc-48b"/>
      </symbol>
      <symbol id="sm-88e">
         <name>unlink</name>
         <value>0x3791</value>
         <object_component_ref idref="oc-491"/>
      </symbol>
      <symbol id="sm-8b2">
         <name>GPIODirModeSet</name>
         <value>0x37bd</value>
         <object_component_ref idref="oc-204"/>
      </symbol>
      <symbol id="sm-8b3">
         <name>GPIOPadConfigSet</name>
         <value>0x1c03</value>
         <object_component_ref idref="oc-179"/>
      </symbol>
      <symbol id="sm-8b4">
         <name>GPIOPinTypeEthernetLED</name>
         <value>0x397f</value>
         <object_component_ref idref="oc-17f"/>
      </symbol>
      <symbol id="sm-91a">
         <name>SysCtlClockFreqSet</name>
         <value>0x10cd</value>
         <object_component_ref idref="oc-ec"/>
      </symbol>
      <symbol id="sm-91c">
         <name>__TI_static_base__</name>
         <value>0x0</value>
      </symbol>
      <symbol id="sm-91f">
         <name>__mpu_init</name>
         <value>0x0</value>
      </symbol>
      <symbol id="sm-920">
         <name>_system_post_cinit</name>
         <value>0x0</value>
      </symbol>
      <symbol id="sm-921">
         <name>remove</name>
         <value>0x3791</value>
      </symbol>
   </symbol_table>
   <title>Link successful</title>
</link_info>
