<html>
<body>
<pre>
<h1>µVision Build Log</h1>
<h2>Tool Versions:</h2>
IDE-Version: µVision V5.36.0.0
Copyright (C) 2021 ARM Ltd and ARM Germany GmbH. All rights reserved.
License Information: Jose Albuquerque, UTFPR, LIC=----
 
Tool Versions:
Toolchain:       MDK-Lite  Version: 5.36.0.0
Toolchain Path:  C:\Keil_v5\ARM\ARMCC\Bin
C Compiler:      Armcc.exe V5.06 update 7 (build 960)
Assembler:       Armasm.exe V5.06 update 7 (build 960)
Linker/Locator:  ArmLink.exe V5.06 update 7 (build 960)
Library Manager: ArmAr.exe V5.06 update 7 (build 960)
Hex Converter:   FromElf.exe V5.06 update 7 (build 960)
CPU DLL:         SARMCM3.DLL V5.36.0.0
Dialog DLL:      DCM.DLL V1.17.3.0
Target DLL:      UL2CM3.DLL V1.164.0.0
Dialog DLL:      TCM.DLL V1.53.0.0
 
<h2>Project:</h2>
C:\Users\Jose\Documents\Embarcados\Lab5\Lab5.uvprojx
Project File Date:  09/26/2023

<h2>Output:</h2>
*** Using Compiler 'V5.06 update 7 (build 960)', folder: 'C:\Keil_v5\ARM\ARMCC\Bin'
Rebuild target 'EK-TM4C1294XL'
assembling startup_rvmdk.S...
compiling teclado.c...
compiling ssd1306.c...
compiling main.c...
bitmap.h(71): warning:  #1-D: last line of file ends without a newline
  };
main.c(263): warning:  #167-D: argument of type "uint8_t *" is incompatible with parameter of type "char *restrict"
  									sprintf(reles,"@TS%c",combined);								
main.c(308): warning:  #167-D: argument of type "uint8_t *" is incompatible with parameter of type "char *restrict"
  									sprintf(LCD_msg,"PWM=%c%c",LCDBuffer[0],LCDBuffer[1]);
main.c(310): warning:  #167-D: argument of type "uint8_t *" is incompatible with parameter of type "char *"
  									OLED7_sendStrXYI(LCD_msg, 0, 0);
main.c(318): warning:  #167-D: argument of type "uint8_t *" is incompatible with parameter of type "char *restrict"
  									sprintf(LCD_msg,"PWM=%c%c",LCDBuffer[0],LCDBuffer[1]);
main.c(320): warning:  #167-D: argument of type "uint8_t *" is incompatible with parameter of type "char *"
  									OLED7_sendStrXYI(LCD_msg, 0, 0);
main.c(327): warning:  #167-D: argument of type "uint8_t *" is incompatible with parameter of type "char *restrict"
  									sprintf(LCD_msg,"PWM=%c%c",LCDBuffer[0],LCDBuffer[1]);
main.c(329): warning:  #167-D: argument of type "uint8_t *" is incompatible with parameter of type "char *"
  									OLED7_sendStrXYI(LCD_msg, 0, 0);
main.c(335): warning:  #167-D: argument of type "uint8_t *" is incompatible with parameter of type "char *restrict"
  										sprintf(LCD_msg,"PWM=%c%c",LCDBuffer[0],LCDBuffer[1]);
main.c(337): warning:  #167-D: argument of type "uint8_t *" is incompatible with parameter of type "char *"
  										OLED7_sendStrXYI(LCD_msg, 0, 0);
main.c(71): warning:  #550-D: variable "oled0time"  was set but never used
  unsigned int oled0time=0, oled7time=0, tecladotime=0;
main.c(71): warning:  #177-D: variable "oled7time"  was declared but never referenced
  unsigned int oled0time=0, oled7time=0, tecladotime=0;
main.c(71): warning:  #177-D: variable "tecladotime"  was declared but never referenced
  unsigned int oled0time=0, oled7time=0, tecladotime=0;
main.c(73): warning:  #177-D: variable "oled0state"  was declared but never referenced
  unsigned char oled0state=0, keyc=21, Teclado;
main.c(73): warning:  #177-D: variable "keyc"  was declared but never referenced
  unsigned char oled0state=0, keyc=21, Teclado;
main.c(170): warning:  #177-D: variable "xbuffer"  was declared but never referenced
  unsigned int	xbuffer[4];
main.c: 16 warnings, 0 errors
linking...
Program Size: Code=8014 RO-data=2858 RW-data=1644 ZI-data=1636  
FromELF: creating hex file...
After Build - User command #1: fromelf.exe --bin Objects\OLED_EKTM4C1294XL_TW.axf --output Objects\OLED_EKTM4C1294XL_TW.bin
".\Objects\OLED_EKTM4C1294XL_TW.axf" - 0 Error(s), 16 Warning(s).

<h2>Software Packages used:</h2>

Package Vendor: ARM
                https://www.keil.com/pack/ARM.CMSIS.6.0.0.pack
                ARM.CMSIS.6.0.0
                CMSIS (Common Microcontroller Software Interface Standard)
   * Component: CORE Version: 6.0.0

Package Vendor: Keil
                http://www.keil.com/pack/Keil.TM4C_DFP.1.1.0.pack
                Keil.TM4C_DFP.1.1.0
                Texas Instruments Tiva C Series Device Support and Examples

<h2>Collection of Component include folders:</h2>
  .\RTE\_EK-TM4C1294XL
  C:\Users\Jose\AppData\Local\Arm\Packs\ARM\CMSIS\6.0.0\CMSIS\Core\Include
  C:\Users\Jose\AppData\Local\Arm\Packs\Keil\TM4C_DFP\1.1.0\Device\Include\TM4C129

<h2>Collection of Component Files used:</h2>

   * Component: ARM::CMSIS:CORE:6.0.0
Build Time Elapsed:  00:00:01
</pre>
</body>
</html>
