------------------------------------------------------------
Timing Analyzer Summary
------------------------------------------------------------

Type  : Slow 1200mV 85C Model Setup 'Clock'
Slack : -4.588
TNS   : -71.607

Type  : Slow 1200mV 85C Model Setup 'Cont_proj:inst|Contador_proj:inst|sx8'
Slack : -3.712
TNS   : -35.343

Type  : Slow 1200mV 85C Model Setup 'Cont_proj:inst|Contador_proj:inst|sx1'
Slack : -2.921
TNS   : -46.165

Type  : Slow 1200mV 85C Model Setup 'Timing_Reference:inst14|tmp'
Slack : -1.482
TNS   : -21.244

Type  : Slow 1200mV 85C Model Setup 'Pause'
Slack : -0.346
TNS   : -0.346

Type  : Slow 1200mV 85C Model Hold 'Cont_proj:inst|Contador_proj:inst|sx1'
Slack : 0.363
TNS   : 0.000

Type  : Slow 1200mV 85C Model Hold 'Cont_proj:inst|Contador_proj:inst|sx8'
Slack : 0.415
TNS   : 0.000

Type  : Slow 1200mV 85C Model Hold 'Timing_Reference:inst14|tmp'
Slack : 0.420
TNS   : 0.000

Type  : Slow 1200mV 85C Model Hold 'Clock'
Slack : 0.646
TNS   : 0.000

Type  : Slow 1200mV 85C Model Hold 'Pause'
Slack : 0.713
TNS   : 0.000

Type  : Slow 1200mV 85C Model Minimum Pulse Width 'Clock'
Slack : -3.000
TNS   : -49.299

Type  : Slow 1200mV 85C Model Minimum Pulse Width 'Pause'
Slack : -3.000
TNS   : -4.403

Type  : Slow 1200mV 85C Model Minimum Pulse Width 'Cont_proj:inst|Contador_proj:inst|sx1'
Slack : -2.422
TNS   : -36.094

Type  : Slow 1200mV 85C Model Minimum Pulse Width 'Cont_proj:inst|Contador_proj:inst|sx8'
Slack : -1.403
TNS   : -33.672

Type  : Slow 1200mV 85C Model Minimum Pulse Width 'Timing_Reference:inst14|tmp'
Slack : -1.403
TNS   : -25.254

Type  : Slow 1200mV 0C Model Setup 'Clock'
Slack : -4.169
TNS   : -61.633

Type  : Slow 1200mV 0C Model Setup 'Cont_proj:inst|Contador_proj:inst|sx8'
Slack : -3.402
TNS   : -31.407

Type  : Slow 1200mV 0C Model Setup 'Cont_proj:inst|Contador_proj:inst|sx1'
Slack : -2.620
TNS   : -41.903

Type  : Slow 1200mV 0C Model Setup 'Timing_Reference:inst14|tmp'
Slack : -1.402
TNS   : -20.346

Type  : Slow 1200mV 0C Model Setup 'Pause'
Slack : -0.241
TNS   : -0.241

Type  : Slow 1200mV 0C Model Hold 'Cont_proj:inst|Contador_proj:inst|sx1'
Slack : 0.329
TNS   : 0.000

Type  : Slow 1200mV 0C Model Hold 'Cont_proj:inst|Contador_proj:inst|sx8'
Slack : 0.382
TNS   : 0.000

Type  : Slow 1200mV 0C Model Hold 'Timing_Reference:inst14|tmp'
Slack : 0.384
TNS   : 0.000

Type  : Slow 1200mV 0C Model Hold 'Clock'
Slack : 0.598
TNS   : 0.000

Type  : Slow 1200mV 0C Model Hold 'Pause'
Slack : 0.641
TNS   : 0.000

Type  : Slow 1200mV 0C Model Minimum Pulse Width 'Clock'
Slack : -3.000
TNS   : -49.299

Type  : Slow 1200mV 0C Model Minimum Pulse Width 'Pause'
Slack : -3.000
TNS   : -4.403

Type  : Slow 1200mV 0C Model Minimum Pulse Width 'Cont_proj:inst|Contador_proj:inst|sx1'
Slack : -2.333
TNS   : -36.005

Type  : Slow 1200mV 0C Model Minimum Pulse Width 'Cont_proj:inst|Contador_proj:inst|sx8'
Slack : -1.403
TNS   : -33.672

Type  : Slow 1200mV 0C Model Minimum Pulse Width 'Timing_Reference:inst14|tmp'
Slack : -1.403
TNS   : -25.254

Type  : Fast 1200mV 0C Model Setup 'Clock'
Slack : -1.518
TNS   : -11.404

Type  : Fast 1200mV 0C Model Setup 'Cont_proj:inst|Contador_proj:inst|sx8'
Slack : -1.295
TNS   : -9.991

Type  : Fast 1200mV 0C Model Setup 'Cont_proj:inst|Contador_proj:inst|sx1'
Slack : -0.760
TNS   : -7.661

Type  : Fast 1200mV 0C Model Setup 'Timing_Reference:inst14|tmp'
Slack : 0.163
TNS   : 0.000

Type  : Fast 1200mV 0C Model Setup 'Pause'
Slack : 0.455
TNS   : 0.000

Type  : Fast 1200mV 0C Model Hold 'Cont_proj:inst|Contador_proj:inst|sx8'
Slack : 0.059
TNS   : 0.000

Type  : Fast 1200mV 0C Model Hold 'Cont_proj:inst|Contador_proj:inst|sx1'
Slack : 0.156
TNS   : 0.000

Type  : Fast 1200mV 0C Model Hold 'Timing_Reference:inst14|tmp'
Slack : 0.164
TNS   : 0.000

Type  : Fast 1200mV 0C Model Hold 'Clock'
Slack : 0.250
TNS   : 0.000

Type  : Fast 1200mV 0C Model Hold 'Pause'
Slack : 0.292
TNS   : 0.000

Type  : Fast 1200mV 0C Model Minimum Pulse Width 'Clock'
Slack : -3.000
TNS   : -37.122

Type  : Fast 1200mV 0C Model Minimum Pulse Width 'Pause'
Slack : -3.000
TNS   : -4.183

Type  : Fast 1200mV 0C Model Minimum Pulse Width 'Cont_proj:inst|Contador_proj:inst|sx1'
Slack : -1.000
TNS   : -25.000

Type  : Fast 1200mV 0C Model Minimum Pulse Width 'Cont_proj:inst|Contador_proj:inst|sx8'
Slack : -1.000
TNS   : -24.000

Type  : Fast 1200mV 0C Model Minimum Pulse Width 'Timing_Reference:inst14|tmp'
Slack : -1.000
TNS   : -18.000

------------------------------------------------------------
