<html>
<body>
<pre>
<h1>µVision Build Log</h1>
<h2>Tool Versions:</h2>
IDE-Version: µVision V5.36.0.0
Copyright (C) 2021 ARM Ltd and ARM Germany GmbH. All rights reserved.
License Information: Jose Albuquerque, UTFPR, LIC=----
 
Tool Versions:
Toolchain:       MDK-Lite  Version: 5.36.0.0
Toolchain Path:  C:\Keil_v5\ARM\ARMCC\Bin
C Compiler:      Armcc.exe V5.06 update 7 (build 960)
Assembler:       Armasm.exe V5.06 update 7 (build 960)
Linker/Locator:  ArmLink.exe V5.06 update 7 (build 960)
Library Manager: ArmAr.exe V5.06 update 7 (build 960)
Hex Converter:   FromElf.exe V5.06 update 7 (build 960)
CPU DLL:         SARMCM3.DLL V5.36.0.0
Dialog DLL:      DCM.DLL V1.17.3.0
Target DLL:      lmidk-agdi.dll V???
Dialog DLL:      TCM.DLL V1.53.0.0
 
<h2>Project:</h2>
C:\Users\Jose\Documents\Embarcados\Lab3\Lab3.uvprojx
Project File Date:  05/10/2024

<h2>Output:</h2>
*** Using Compiler 'V5.06 update 7 (build 960)', folder: 'C:\Keil_v5\ARM\ARMCC\Bin'
Rebuild target 'EK-TM4C1294XL'
assembling startup_rvmdk.S...
compiling main.c...
main.c(41): warning:  #1295-D: Deprecated declaration linhas - give arg types
  uint8_t linhas();
main.c(42): warning:  #1295-D: Deprecated declaration Leitura_Teclado - give arg types
  uint8_t Leitura_Teclado();
main.c(44): warning:  #1295-D: Deprecated declaration LCD_INIT - give arg types
  void LCD_INIT ();
main.c(47): warning:  #1295-D: Deprecated declaration LCD_Clear - give arg types
  void LCD_Clear();
main.c(48): warning:  #1295-D: Deprecated declaration Segunda_Linha - give arg types
  void Segunda_Linha();
main.c(148): warning:  #167-D: argument of type "uint8_t *" is incompatible with parameter of type "char *restrict"
  										Caracteres = sprintf(string,"%c",Teclado);
main.c(150): warning:  #167-D: argument of type "uint8_t *" is incompatible with parameter of type "char *restrict"
  										sprintf(LCD_msg,"Botao pressionado = %c              ",Teclado);
main.c: 7 warnings, 0 errors
linking...
Program Size: Code=4448 RO-data=1576 RW-data=1644 ZI-data=612  
FromELF: creating hex file...
After Build - User command #1: fromelf.exe --bin Objects\Lab3.axf --output Objects\Lab3.bin
".\Objects\Lab3.axf" - 0 Error(s), 7 Warning(s).

<h2>Software Packages used:</h2>

Package Vendor: ARM
                https://www.keil.com/pack/ARM.CMSIS.6.0.0.pack
                ARM.CMSIS.6.0.0
                CMSIS (Common Microcontroller Software Interface Standard)
   * Component: CORE Version: 6.0.0

Package Vendor: Keil
                http://www.keil.com/pack/Keil.TM4C_DFP.1.1.0.pack
                Keil.TM4C_DFP.1.1.0
                Texas Instruments Tiva C Series Device Support and Examples

<h2>Collection of Component include folders:</h2>
  .\RTE\_EK-TM4C1294XL
  C:\Users\Jose\AppData\Local\Arm\Packs\ARM\CMSIS\6.0.0\CMSIS\Core\Include
  C:\Users\Jose\AppData\Local\Arm\Packs\Keil\TM4C_DFP\1.1.0\Device\Include\TM4C129

<h2>Collection of Component Files used:</h2>

   * Component: ARM::CMSIS:CORE:6.0.0
Build Time Elapsed:  00:00:00
</pre>
</body>
</html>
